WARNING: A terminally deprecated method in sun.misc.Unsafe has been called
WARNING: sun.misc.Unsafe::staticFieldBase has been called by com.google.inject.internal.aop.HiddenClassDefiner (file:/opt/homebrew/Cellar/maven/3.9.11/libexec/lib/guice-5.1.0-classes.jar)
WARNING: Please consider reporting this to the maintainers of class com.google.inject.internal.aop.HiddenClassDefiner
WARNING: sun.misc.Unsafe::staticFieldBase will be removed in a future release
[INFO] Scanning for projects...
[INFO] 
[INFO] --------------------< com.stellarburgers:diplom_2 >---------------------
[INFO] Building diplom_2 1.0-SNAPSHOT
[INFO]   from pom.xml
[INFO] --------------------------------[ jar ]---------------------------------
[INFO] 
[INFO] --- clean:3.2.0:clean (default-clean) @ diplom_2 ---
[INFO] Deleting /Users/vsevolodnaumkin/Desktop/Diplom_Vsevolod_Naumkin_34/diplom-2-api-tests-main/target
[INFO] 
[INFO] --- resources:3.3.1:resources (default-resources) @ diplom_2 ---
[INFO] skip non existing resourceDirectory /Users/vsevolodnaumkin/Desktop/Diplom_Vsevolod_Naumkin_34/diplom-2-api-tests-main/src/main/resources
[INFO] 
[INFO] --- compiler:3.13.0:compile (default-compile) @ diplom_2 ---
[INFO] No sources to compile
[INFO] 
[INFO] --- resources:3.3.1:testResources (default-testResources) @ diplom_2 ---
[INFO] skip non existing resourceDirectory /Users/vsevolodnaumkin/Desktop/Diplom_Vsevolod_Naumkin_34/diplom-2-api-tests-main/src/test/resources
[INFO] 
[INFO] --- compiler:3.13.0:testCompile (default-testCompile) @ diplom_2 ---
[INFO] Recompiling the module because of changed source code.
[INFO] Compiling 10 source files with javac [debug target 11] to target/test-classes
[WARNING] location of system modules is not set in conjunction with -source 11
  not setting the location of system modules may lead to class files that cannot run on JDK 11
    --release 11 is recommended instead of -source 11 -target 11 because it sets the location of system modules automatically
[INFO] 
[INFO] --- surefire:3.0.0-M7:test (default-test) @ diplom_2 ---
[WARNING]  Parameter 'systemProperties' is deprecated: Use systemPropertyVariables instead.
[INFO] Using auto detected provider org.apache.maven.surefire.junit4.JUnit4Provider
[INFO] 
[INFO] -------------------------------------------------------
[INFO]  T E S T S
[INFO] -------------------------------------------------------
[INFO] Running com.stellarburgers.api.UserLoginTest
SLF4J: Failed to load class "org.slf4j.impl.StaticLoggerBinder".
SLF4J: Defaulting to no-operation (NOP) logger implementation
SLF4J: See http://www.slf4j.org/codes.html#StaticLoggerBinder for further details.
Request method:	POST
Request URI:	https://stellarburgers.education-services.ru/api/auth/register
Proxy:			<none>
Request params:	<none>
Query params:	<none>
Form params:	<none>
Path params:	<none>
Headers:		Accept=*/*
				Content-Type=application/json
Cookies:		<none>
Multiparts:		<none>
Body:
{
    "email": "login_test_1770062580771@yandex.ru",
    "password": "password123",
    "name": "Login Test User"
}
Request method:	POST
Request URI:	https://stellarburgers.education-services.ru/api/auth/register
Proxy:			<none>
Request params:	<none>
Query params:	<none>
Form params:	<none>
Path params:	<none>
Headers:		Accept=*/*
				Content-Type=application/json
Cookies:		<none>
Multiparts:		<none>
Body:
{
    "email": "login_test_1770062580771@yandex.ru",
    "password": "password123",
    "name": "Login Test User"
}
HTTP/1.1 200 OK
Server: nginx/1.24.0 (Ubuntu)
Date: Mon, 02 Feb 2026 20:03:01 GMT
Content-Type: application/json; charset=utf-8
Content-Length: 388
Connection: keep-alive
X-Powered-By: Express
Access-Control-Allow-Origin: *
authorization: Bearer eyJhbGciOiJIUzI1NiIsInR5cCI6IkpXVCJ9.eyJpZCI6IjY5ODEwMmY1OTg0MjcwMDAxYmU0MmQ2MCIsImlhdCI6MTc3MDA2MjU4MSwiZXhwIjoxNzcwMDYzNzgxfQ.gHeUMSJZyfDgxycKGeYk0wlLCTi-InNPiXtoC1otTgA
ETag: W/"184-Kl2295aXIrUV4C+sZcQS0nwHZ5E"

{
    "success": true,
    "user": {
        "email": "login_test_1770062580771@yandex.ru",
        "name": "Login Test User"
    },
    "accessToken": "Bearer eyJhbGciOiJIUzI1NiIsInR5cCI6IkpXVCJ9.eyJpZCI6IjY5ODEwMmY1OTg0MjcwMDAxYmU0MmQ2MCIsImlhdCI6MTc3MDA2MjU4MSwiZXhwIjoxNzcwMDYzNzgxfQ.gHeUMSJZyfDgxycKGeYk0wlLCTi-InNPiXtoC1otTgA",
    "refreshToken": "8c11e052213be6b133ca2e3021dbb810375380f6af6c85f1a34dd8cdf71a137d782621e8c5ead817"
}
HTTP/1.1 200 OK
Server: nginx/1.24.0 (Ubuntu)
Date: Mon, 02 Feb 2026 20:03:01 GMT
Content-Type: application/json; charset=utf-8
Content-Length: 388
Connection: keep-alive
X-Powered-By: Express
Access-Control-Allow-Origin: *
authorization: Bearer eyJhbGciOiJIUzI1NiIsInR5cCI6IkpXVCJ9.eyJpZCI6IjY5ODEwMmY1OTg0MjcwMDAxYmU0MmQ2MCIsImlhdCI6MTc3MDA2MjU4MSwiZXhwIjoxNzcwMDYzNzgxfQ.gHeUMSJZyfDgxycKGeYk0wlLCTi-InNPiXtoC1otTgA
ETag: W/"184-Kl2295aXIrUV4C+sZcQS0nwHZ5E"

{
    "success": true,
    "user": {
        "email": "login_test_1770062580771@yandex.ru",
        "name": "Login Test User"
    },
    "accessToken": "Bearer eyJhbGciOiJIUzI1NiIsInR5cCI6IkpXVCJ9.eyJpZCI6IjY5ODEwMmY1OTg0MjcwMDAxYmU0MmQ2MCIsImlhdCI6MTc3MDA2MjU4MSwiZXhwIjoxNzcwMDYzNzgxfQ.gHeUMSJZyfDgxycKGeYk0wlLCTi-InNPiXtoC1otTgA",
    "refreshToken": "8c11e052213be6b133ca2e3021dbb810375380f6af6c85f1a34dd8cdf71a137d782621e8c5ead817"
}
Request method:	POST
Request URI:	https://stellarburgers.education-services.ru/api/auth/login
Proxy:			<none>
Request params:	<none>
Query params:	<none>
Form params:	<none>
Path params:	<none>
Headers:		Accept=*/*
				Content-Type=application/json
Cookies:		<none>
Multiparts:		<none>
Body:
{
    "email": "login_test_1770062580771@yandex.ru",
    "password": "wrongpassword"
}
Request method:	POST
Request URI:	https://stellarburgers.education-services.ru/api/auth/login
Proxy:			<none>
Request params:	<none>
Query params:	<none>
Form params:	<none>
Path params:	<none>
Headers:		Accept=*/*
				Content-Type=application/json
Cookies:		<none>
Multiparts:		<none>
Body:
{
    "email": "login_test_1770062580771@yandex.ru",
    "password": "wrongpassword"
}
HTTP/1.1 401 Unauthorized
Server: nginx/1.24.0 (Ubuntu)
Date: Mon, 02 Feb 2026 20:03:02 GMT
Content-Type: application/json; charset=utf-8
Content-Length: 61
Connection: keep-alive
X-Powered-By: Express
Access-Control-Allow-Origin: *
ETag: W/"3d-ad9nrqlzQBuoZ0AId1U3rIgKU84"

{
    "success": false,
    "message": "email or password are incorrect"
}
HTTP/1.1 401 Unauthorized
Server: nginx/1.24.0 (Ubuntu)
Date: Mon, 02 Feb 2026 20:03:02 GMT
Content-Type: application/json; charset=utf-8
Content-Length: 61
Connection: keep-alive
X-Powered-By: Express
Access-Control-Allow-Origin: *
ETag: W/"3d-ad9nrqlzQBuoZ0AId1U3rIgKU84"

{
    "success": false,
    "message": "email or password are incorrect"
}
Request method:	DELETE
Request URI:	https://stellarburgers.education-services.ru/api/auth/user
Proxy:			<none>
Request params:	<none>
Query params:	<none>
Form params:	<none>
Path params:	<none>
Headers:		Authorization=Bearer eyJhbGciOiJIUzI1NiIsInR5cCI6IkpXVCJ9.eyJpZCI6IjY5ODEwMmY1OTg0MjcwMDAxYmU0MmQ2MCIsImlhdCI6MTc3MDA2MjU4MSwiZXhwIjoxNzcwMDYzNzgxfQ.gHeUMSJZyfDgxycKGeYk0wlLCTi-InNPiXtoC1otTgA
				Accept=*/*
Cookies:		<none>
Multiparts:		<none>
Body:			<none>
Request method:	DELETE
Request URI:	https://stellarburgers.education-services.ru/api/auth/user
Proxy:			<none>
Request params:	<none>
Query params:	<none>
Form params:	<none>
Path params:	<none>
Headers:		Authorization=Bearer eyJhbGciOiJIUzI1NiIsInR5cCI6IkpXVCJ9.eyJpZCI6IjY5ODEwMmY1OTg0MjcwMDAxYmU0MmQ2MCIsImlhdCI6MTc3MDA2MjU4MSwiZXhwIjoxNzcwMDYzNzgxfQ.gHeUMSJZyfDgxycKGeYk0wlLCTi-InNPiXtoC1otTgA
				Accept=*/*
Cookies:		<none>
Multiparts:		<none>
Body:			<none>
HTTP/1.1 202 Accepted
Server: nginx/1.24.0 (Ubuntu)
Date: Mon, 02 Feb 2026 20:03:02 GMT
Content-Type: application/json; charset=utf-8
Content-Length: 54
Connection: keep-alive
X-Powered-By: Express
Access-Control-Allow-Origin: *
ETag: W/"36-hDmZnQ3Ou/ynnqAeC6TYmyseuzY"

{
    "success": true,
    "message": "User successfully removed"
}
HTTP/1.1 202 Accepted
Server: nginx/1.24.0 (Ubuntu)
Date: Mon, 02 Feb 2026 20:03:02 GMT
Content-Type: application/json; charset=utf-8
Content-Length: 54
Connection: keep-alive
X-Powered-By: Express
Access-Control-Allow-Origin: *
ETag: W/"36-hDmZnQ3Ou/ynnqAeC6TYmyseuzY"

{
    "success": true,
    "message": "User successfully removed"
}
Request method:	POST
Request URI:	https://stellarburgers.education-services.ru/api/auth/register
Proxy:			<none>
Request params:	<none>
Query params:	<none>
Form params:	<none>
Path params:	<none>
Headers:		Accept=*/*
				Content-Type=application/json
Cookies:		<none>
Multiparts:		<none>
Body:
{
    "email": "login_test_1770062582712@yandex.ru",
    "password": "password123",
    "name": "Login Test User"
}
Request method:	POST
Request URI:	https://stellarburgers.education-services.ru/api/auth/register
Proxy:			<none>
Request params:	<none>
Query params:	<none>
Form params:	<none>
Path params:	<none>
Headers:		Accept=*/*
				Content-Type=application/json
Cookies:		<none>
Multiparts:		<none>
Body:
{
    "email": "login_test_1770062582712@yandex.ru",
    "password": "password123",
    "name": "Login Test User"
}
Request method:	POST
Request URI:	https://stellarburgers.education-services.ru/api/auth/register
Proxy:			<none>
Request params:	<none>
Query params:	<none>
Form params:	<none>
Path params:	<none>
Headers:		Accept=*/*
				Content-Type=application/json
Cookies:		<none>
Multiparts:		<none>
Body:
{
    "email": "login_test_1770062582712@yandex.ru",
    "password": "password123",
    "name": "Login Test User"
}
Request method:	POST
Request URI:	https://stellarburgers.education-services.ru/api/auth/register
Proxy:			<none>
Request params:	<none>
Query params:	<none>
Form params:	<none>
Path params:	<none>
Headers:		Accept=*/*
				Content-Type=application/json
Cookies:		<none>
Multiparts:		<none>
Body:
{
    "email": "login_test_1770062582712@yandex.ru",
    "password": "password123",
    "name": "Login Test User"
}
HTTP/1.1 200 OK
Server: nginx/1.24.0 (Ubuntu)
Date: Mon, 02 Feb 2026 20:03:02 GMT
Content-Type: application/json; charset=utf-8
Content-Length: 388
Connection: keep-alive
X-Powered-By: Express
Access-Control-Allow-Origin: *
authorization: Bearer eyJhbGciOiJIUzI1NiIsInR5cCI6IkpXVCJ9.eyJpZCI6IjY5ODEwMmY2OTg0MjcwMDAxYmU0MmQ2MiIsImlhdCI6MTc3MDA2MjU4MiwiZXhwIjoxNzcwMDYzNzgyfQ.agFllWCGCiEr7fZlTwRzC7IVFfq-jvRGFJH7izS-6zE
ETag: W/"184-ze3if/gR5fcKTiRSbE0JQAcsiU4"

{
    "success": true,
    "user": {
        "email": "login_test_1770062582712@yandex.ru",
        "name": "Login Test User"
    },
    "accessToken": "Bearer eyJhbGciOiJIUzI1NiIsInR5cCI6IkpXVCJ9.eyJpZCI6IjY5ODEwMmY2OTg0MjcwMDAxYmU0MmQ2MiIsImlhdCI6MTc3MDA2MjU4MiwiZXhwIjoxNzcwMDYzNzgyfQ.agFllWCGCiEr7fZlTwRzC7IVFfq-jvRGFJH7izS-6zE",
    "refreshToken": "ad1552b672ac86ccb81b265846f4524dd11123556aa1593c76e49af58d04dfdbcdcc630cd5b0343b"
}
HTTP/1.1 200 OK
Server: nginx/1.24.0 (Ubuntu)
Date: Mon, 02 Feb 2026 20:03:02 GMT
Content-Type: application/json; charset=utf-8
Content-Length: 388
Connection: keep-alive
X-Powered-By: Express
Access-Control-Allow-Origin: *
authorization: Bearer eyJhbGciOiJIUzI1NiIsInR5cCI6IkpXVCJ9.eyJpZCI6IjY5ODEwMmY2OTg0MjcwMDAxYmU0MmQ2MiIsImlhdCI6MTc3MDA2MjU4MiwiZXhwIjoxNzcwMDYzNzgyfQ.agFllWCGCiEr7fZlTwRzC7IVFfq-jvRGFJH7izS-6zE
ETag: W/"184-ze3if/gR5fcKTiRSbE0JQAcsiU4"

{
    "success": true,
    "user": {
        "email": "login_test_1770062582712@yandex.ru",
        "name": "Login Test User"
    },
    "accessToken": "Bearer eyJhbGciOiJIUzI1NiIsInR5cCI6IkpXVCJ9.eyJpZCI6IjY5ODEwMmY2OTg0MjcwMDAxYmU0MmQ2MiIsImlhdCI6MTc3MDA2MjU4MiwiZXhwIjoxNzcwMDYzNzgyfQ.agFllWCGCiEr7fZlTwRzC7IVFfq-jvRGFJH7izS-6zE",
    "refreshToken": "ad1552b672ac86ccb81b265846f4524dd11123556aa1593c76e49af58d04dfdbcdcc630cd5b0343b"
}
HTTP/1.1 200 OK
Server: nginx/1.24.0 (Ubuntu)
Date: Mon, 02 Feb 2026 20:03:02 GMT
Content-Type: application/json; charset=utf-8
Content-Length: 388
Connection: keep-alive
X-Powered-By: Express
Access-Control-Allow-Origin: *
authorization: Bearer eyJhbGciOiJIUzI1NiIsInR5cCI6IkpXVCJ9.eyJpZCI6IjY5ODEwMmY2OTg0MjcwMDAxYmU0MmQ2MiIsImlhdCI6MTc3MDA2MjU4MiwiZXhwIjoxNzcwMDYzNzgyfQ.agFllWCGCiEr7fZlTwRzC7IVFfq-jvRGFJH7izS-6zE
ETag: W/"184-ze3if/gR5fcKTiRSbE0JQAcsiU4"

{
    "success": true,
    "user": {
        "email": "login_test_1770062582712@yandex.ru",
        "name": "Login Test User"
    },
    "accessToken": "Bearer eyJhbGciOiJIUzI1NiIsInR5cCI6IkpXVCJ9.eyJpZCI6IjY5ODEwMmY2OTg0MjcwMDAxYmU0MmQ2MiIsImlhdCI6MTc3MDA2MjU4MiwiZXhwIjoxNzcwMDYzNzgyfQ.agFllWCGCiEr7fZlTwRzC7IVFfq-jvRGFJH7izS-6zE",
    "refreshToken": "ad1552b672ac86ccb81b265846f4524dd11123556aa1593c76e49af58d04dfdbcdcc630cd5b0343b"
}
HTTP/1.1 200 OK
Server: nginx/1.24.0 (Ubuntu)
Date: Mon, 02 Feb 2026 20:03:02 GMT
Content-Type: application/json; charset=utf-8
Content-Length: 388
Connection: keep-alive
X-Powered-By: Express
Access-Control-Allow-Origin: *
authorization: Bearer eyJhbGciOiJIUzI1NiIsInR5cCI6IkpXVCJ9.eyJpZCI6IjY5ODEwMmY2OTg0MjcwMDAxYmU0MmQ2MiIsImlhdCI6MTc3MDA2MjU4MiwiZXhwIjoxNzcwMDYzNzgyfQ.agFllWCGCiEr7fZlTwRzC7IVFfq-jvRGFJH7izS-6zE
ETag: W/"184-ze3if/gR5fcKTiRSbE0JQAcsiU4"

{
    "success": true,
    "user": {
        "email": "login_test_1770062582712@yandex.ru",
        "name": "Login Test User"
    },
    "accessToken": "Bearer eyJhbGciOiJIUzI1NiIsInR5cCI6IkpXVCJ9.eyJpZCI6IjY5ODEwMmY2OTg0MjcwMDAxYmU0MmQ2MiIsImlhdCI6MTc3MDA2MjU4MiwiZXhwIjoxNzcwMDYzNzgyfQ.agFllWCGCiEr7fZlTwRzC7IVFfq-jvRGFJH7izS-6zE",
    "refreshToken": "ad1552b672ac86ccb81b265846f4524dd11123556aa1593c76e49af58d04dfdbcdcc630cd5b0343b"
}
Request method:	POST
Request URI:	https://stellarburgers.education-services.ru/api/auth/login
Proxy:			<none>
Request params:	<none>
Query params:	<none>
Form params:	<none>
Path params:	<none>
Headers:		Accept=*/*
				Content-Type=application/json
Cookies:		<none>
Multiparts:		<none>
Body:
{
    "email": "login_test_1770062582712@yandex.ru",
    "password": "password123"
}
Request method:	POST
Request URI:	https://stellarburgers.education-services.ru/api/auth/login
Proxy:			<none>
Request params:	<none>
Query params:	<none>
Form params:	<none>
Path params:	<none>
Headers:		Accept=*/*
				Content-Type=application/json
Cookies:		<none>
Multiparts:		<none>
Body:
{
    "email": "login_test_1770062582712@yandex.ru",
    "password": "password123"
}
Request method:	POST
Request URI:	https://stellarburgers.education-services.ru/api/auth/login
Proxy:			<none>
Request params:	<none>
Query params:	<none>
Form params:	<none>
Path params:	<none>
Headers:		Accept=*/*
				Content-Type=application/json
Cookies:		<none>
Multiparts:		<none>
Body:
{
    "email": "login_test_1770062582712@yandex.ru",
    "password": "password123"
}
Request method:	POST
Request URI:	https://stellarburgers.education-services.ru/api/auth/login
Proxy:			<none>
Request params:	<none>
Query params:	<none>
Form params:	<none>
Path params:	<none>
Headers:		Accept=*/*
				Content-Type=application/json
Cookies:		<none>
Multiparts:		<none>
Body:
{
    "email": "login_test_1770062582712@yandex.ru",
    "password": "password123"
}
HTTP/1.1 200 OK
Server: nginx/1.24.0 (Ubuntu)
Date: Mon, 02 Feb 2026 20:03:03 GMT
Content-Type: application/json; charset=utf-8
Content-Length: 388
Connection: keep-alive
X-Powered-By: Express
Access-Control-Allow-Origin: *
ETag: W/"184-6IMLz1khFtID7UOQ6GH6mOe2lKA"

{
    "success": true,
    "accessToken": "Bearer eyJhbGciOiJIUzI1NiIsInR5cCI6IkpXVCJ9.eyJpZCI6IjY5ODEwMmY2OTg0MjcwMDAxYmU0MmQ2MiIsImlhdCI6MTc3MDA2MjU4MywiZXhwIjoxNzcwMDYzNzgzfQ.8oKR6laSnUmbwFg5SNH9eVGMYUPpr2FX2pgSaYHjf_I",
    "refreshToken": "ebe2cd4a5a305bae90c8c722bbc5bef1f01a9c0f1fbb301e3ac3ae65a726f2573a8504498a8d443c",
    "user": {
        "email": "login_test_1770062582712@yandex.ru",
        "name": "Login Test User"
    }
}
HTTP/1.1 200 OK
Server: nginx/1.24.0 (Ubuntu)
Date: Mon, 02 Feb 2026 20:03:03 GMT
Content-Type: application/json; charset=utf-8
Content-Length: 388
Connection: keep-alive
X-Powered-By: Express
Access-Control-Allow-Origin: *
ETag: W/"184-6IMLz1khFtID7UOQ6GH6mOe2lKA"

{
    "success": true,
    "accessToken": "Bearer eyJhbGciOiJIUzI1NiIsInR5cCI6IkpXVCJ9.eyJpZCI6IjY5ODEwMmY2OTg0MjcwMDAxYmU0MmQ2MiIsImlhdCI6MTc3MDA2MjU4MywiZXhwIjoxNzcwMDYzNzgzfQ.8oKR6laSnUmbwFg5SNH9eVGMYUPpr2FX2pgSaYHjf_I",
    "refreshToken": "ebe2cd4a5a305bae90c8c722bbc5bef1f01a9c0f1fbb301e3ac3ae65a726f2573a8504498a8d443c",
    "user": {
        "email": "login_test_1770062582712@yandex.ru",
        "name": "Login Test User"
    }
}
HTTP/1.1 200 OK
Server: nginx/1.24.0 (Ubuntu)
Date: Mon, 02 Feb 2026 20:03:03 GMT
Content-Type: application/json; charset=utf-8
Content-Length: 388
Connection: keep-alive
X-Powered-By: Express
Access-Control-Allow-Origin: *
ETag: W/"184-6IMLz1khFtID7UOQ6GH6mOe2lKA"

{
    "success": true,
    "accessToken": "Bearer eyJhbGciOiJIUzI1NiIsInR5cCI6IkpXVCJ9.eyJpZCI6IjY5ODEwMmY2OTg0MjcwMDAxYmU0MmQ2MiIsImlhdCI6MTc3MDA2MjU4MywiZXhwIjoxNzcwMDYzNzgzfQ.8oKR6laSnUmbwFg5SNH9eVGMYUPpr2FX2pgSaYHjf_I",
    "refreshToken": "ebe2cd4a5a305bae90c8c722bbc5bef1f01a9c0f1fbb301e3ac3ae65a726f2573a8504498a8d443c",
    "user": {
        "email": "login_test_1770062582712@yandex.ru",
        "name": "Login Test User"
    }
}
HTTP/1.1 200 OK
Server: nginx/1.24.0 (Ubuntu)
Date: Mon, 02 Feb 2026 20:03:03 GMT
Content-Type: application/json; charset=utf-8
Content-Length: 388
Connection: keep-alive
X-Powered-By: Express
Access-Control-Allow-Origin: *
ETag: W/"184-6IMLz1khFtID7UOQ6GH6mOe2lKA"

{
    "success": true,
    "accessToken": "Bearer eyJhbGciOiJIUzI1NiIsInR5cCI6IkpXVCJ9.eyJpZCI6IjY5ODEwMmY2OTg0MjcwMDAxYmU0MmQ2MiIsImlhdCI6MTc3MDA2MjU4MywiZXhwIjoxNzcwMDYzNzgzfQ.8oKR6laSnUmbwFg5SNH9eVGMYUPpr2FX2pgSaYHjf_I",
    "refreshToken": "ebe2cd4a5a305bae90c8c722bbc5bef1f01a9c0f1fbb301e3ac3ae65a726f2573a8504498a8d443c",
    "user": {
        "email": "login_test_1770062582712@yandex.ru",
        "name": "Login Test User"
    }
}
Request method:	DELETE
Request URI:	https://stellarburgers.education-services.ru/api/auth/user
Proxy:			<none>
Request params:	<none>
Query params:	<none>
Form params:	<none>
Path params:	<none>
Headers:		Authorization=Bearer eyJhbGciOiJIUzI1NiIsInR5cCI6IkpXVCJ9.eyJpZCI6IjY5ODEwMmY2OTg0MjcwMDAxYmU0MmQ2MiIsImlhdCI6MTc3MDA2MjU4MiwiZXhwIjoxNzcwMDYzNzgyfQ.agFllWCGCiEr7fZlTwRzC7IVFfq-jvRGFJH7izS-6zE
				Accept=*/*
Cookies:		<none>
Multiparts:		<none>
Body:			<none>
Request method:	DELETE
Request URI:	https://stellarburgers.education-services.ru/api/auth/user
Proxy:			<none>
Request params:	<none>
Query params:	<none>
Form params:	<none>
Path params:	<none>
Headers:		Authorization=Bearer eyJhbGciOiJIUzI1NiIsInR5cCI6IkpXVCJ9.eyJpZCI6IjY5ODEwMmY2OTg0MjcwMDAxYmU0MmQ2MiIsImlhdCI6MTc3MDA2MjU4MiwiZXhwIjoxNzcwMDYzNzgyfQ.agFllWCGCiEr7fZlTwRzC7IVFfq-jvRGFJH7izS-6zE
				Accept=*/*
Cookies:		<none>
Multiparts:		<none>
Body:			<none>
Request method:	DELETE
Request URI:	https://stellarburgers.education-services.ru/api/auth/user
Proxy:			<none>
Request params:	<none>
Query params:	<none>
Form params:	<none>
Path params:	<none>
Headers:		Authorization=Bearer eyJhbGciOiJIUzI1NiIsInR5cCI6IkpXVCJ9.eyJpZCI6IjY5ODEwMmY2OTg0MjcwMDAxYmU0MmQ2MiIsImlhdCI6MTc3MDA2MjU4MiwiZXhwIjoxNzcwMDYzNzgyfQ.agFllWCGCiEr7fZlTwRzC7IVFfq-jvRGFJH7izS-6zE
				Accept=*/*
Cookies:		<none>
Multiparts:		<none>
Body:			<none>
Request method:	DELETE
Request URI:	https://stellarburgers.education-services.ru/api/auth/user
Proxy:			<none>
Request params:	<none>
Query params:	<none>
Form params:	<none>
Path params:	<none>
Headers:		Authorization=Bearer eyJhbGciOiJIUzI1NiIsInR5cCI6IkpXVCJ9.eyJpZCI6IjY5ODEwMmY2OTg0MjcwMDAxYmU0MmQ2MiIsImlhdCI6MTc3MDA2MjU4MiwiZXhwIjoxNzcwMDYzNzgyfQ.agFllWCGCiEr7fZlTwRzC7IVFfq-jvRGFJH7izS-6zE
				Accept=*/*
Cookies:		<none>
Multiparts:		<none>
Body:			<none>
HTTP/1.1 202 Accepted
Server: nginx/1.24.0 (Ubuntu)
Date: Mon, 02 Feb 2026 20:03:03 GMT
Content-Type: application/json; charset=utf-8
Content-Length: 54
Connection: keep-alive
X-Powered-By: Express
Access-Control-Allow-Origin: *
ETag: W/"36-hDmZnQ3Ou/ynnqAeC6TYmyseuzY"

{
    "success": true,
    "message": "User successfully removed"
}
HTTP/1.1 202 Accepted
Server: nginx/1.24.0 (Ubuntu)
Date: Mon, 02 Feb 2026 20:03:03 GMT
Content-Type: application/json; charset=utf-8
Content-Length: 54
Connection: keep-alive
X-Powered-By: Express
Access-Control-Allow-Origin: *
ETag: W/"36-hDmZnQ3Ou/ynnqAeC6TYmyseuzY"

{
    "success": true,
    "message": "User successfully removed"
}
HTTP/1.1 202 Accepted
Server: nginx/1.24.0 (Ubuntu)
Date: Mon, 02 Feb 2026 20:03:03 GMT
Content-Type: application/json; charset=utf-8
Content-Length: 54
Connection: keep-alive
X-Powered-By: Express
Access-Control-Allow-Origin: *
ETag: W/"36-hDmZnQ3Ou/ynnqAeC6TYmyseuzY"

{
    "success": true,
    "message": "User successfully removed"
}
HTTP/1.1 202 Accepted
Server: nginx/1.24.0 (Ubuntu)
Date: Mon, 02 Feb 2026 20:03:03 GMT
Content-Type: application/json; charset=utf-8
Content-Length: 54
Connection: keep-alive
X-Powered-By: Express
Access-Control-Allow-Origin: *
ETag: W/"36-hDmZnQ3Ou/ynnqAeC6TYmyseuzY"

{
    "success": true,
    "message": "User successfully removed"
}
Request method:	POST
Request URI:	https://stellarburgers.education-services.ru/api/auth/register
Proxy:			<none>
Request params:	<none>
Query params:	<none>
Form params:	<none>
Path params:	<none>
Headers:		Accept=*/*
				Content-Type=application/json
Cookies:		<none>
Multiparts:		<none>
Body:
{
    "email": "login_test_1770062583791@yandex.ru",
    "password": "password123",
    "name": "Login Test User"
}
Request method:	POST
Request URI:	https://stellarburgers.education-services.ru/api/auth/register
Proxy:			<none>
Request params:	<none>
Query params:	<none>
Form params:	<none>
Path params:	<none>
Headers:		Accept=*/*
				Content-Type=application/json
Cookies:		<none>
Multiparts:		<none>
Body:
{
    "email": "login_test_1770062583791@yandex.ru",
    "password": "password123",
    "name": "Login Test User"
}
Request method:	POST
Request URI:	https://stellarburgers.education-services.ru/api/auth/register
Proxy:			<none>
Request params:	<none>
Query params:	<none>
Form params:	<none>
Path params:	<none>
Headers:		Accept=*/*
				Content-Type=application/json
Cookies:		<none>
Multiparts:		<none>
Body:
{
    "email": "login_test_1770062583791@yandex.ru",
    "password": "password123",
    "name": "Login Test User"
}
Request method:	POST
Request URI:	https://stellarburgers.education-services.ru/api/auth/register
Proxy:			<none>
Request params:	<none>
Query params:	<none>
Form params:	<none>
Path params:	<none>
Headers:		Accept=*/*
				Content-Type=application/json
Cookies:		<none>
Multiparts:		<none>
Body:
{
    "email": "login_test_1770062583791@yandex.ru",
    "password": "password123",
    "name": "Login Test User"
}
Request method:	POST
Request URI:	https://stellarburgers.education-services.ru/api/auth/register
Proxy:			<none>
Request params:	<none>
Query params:	<none>
Form params:	<none>
Path params:	<none>
Headers:		Accept=*/*
				Content-Type=application/json
Cookies:		<none>
Multiparts:		<none>
Body:
{
    "email": "login_test_1770062583791@yandex.ru",
    "password": "password123",
    "name": "Login Test User"
}
Request method:	POST
Request URI:	https://stellarburgers.education-services.ru/api/auth/register
Proxy:			<none>
Request params:	<none>
Query params:	<none>
Form params:	<none>
Path params:	<none>
Headers:		Accept=*/*
				Content-Type=application/json
Cookies:		<none>
Multiparts:		<none>
Body:
{
    "email": "login_test_1770062583791@yandex.ru",
    "password": "password123",
    "name": "Login Test User"
}
HTTP/1.1 200 OK
Server: nginx/1.24.0 (Ubuntu)
Date: Mon, 02 Feb 2026 20:03:03 GMT
Content-Type: application/json; charset=utf-8
Content-Length: 388
Connection: keep-alive
X-Powered-By: Express
Access-Control-Allow-Origin: *
authorization: Bearer eyJhbGciOiJIUzI1NiIsInR5cCI6IkpXVCJ9.eyJpZCI6IjY5ODEwMmY3OTg0MjcwMDAxYmU0MmQ2NSIsImlhdCI6MTc3MDA2MjU4MywiZXhwIjoxNzcwMDYzNzgzfQ.xAiV3unDlld1Wp4RO9CrVAvH6KaG_6AATa_zHhdyTOw
ETag: W/"184-9ebBcoBRbBDifvCbnzSpFTvDHjI"

{
    "success": true,
    "user": {
        "email": "login_test_1770062583791@yandex.ru",
        "name": "Login Test User"
    },
    "accessToken": "Bearer eyJhbGciOiJIUzI1NiIsInR5cCI6IkpXVCJ9.eyJpZCI6IjY5ODEwMmY3OTg0MjcwMDAxYmU0MmQ2NSIsImlhdCI6MTc3MDA2MjU4MywiZXhwIjoxNzcwMDYzNzgzfQ.xAiV3unDlld1Wp4RO9CrVAvH6KaG_6AATa_zHhdyTOw",
    "refreshToken": "440df84f9b73fda6da04f0efcd4befaef73d5450ded32024319c5af6594ed89de6af5befe381eeda"
}
HTTP/1.1 200 OK
Server: nginx/1.24.0 (Ubuntu)
Date: Mon, 02 Feb 2026 20:03:03 GMT
Content-Type: application/json; charset=utf-8
Content-Length: 388
Connection: keep-alive
X-Powered-By: Express
Access-Control-Allow-Origin: *
authorization: Bearer eyJhbGciOiJIUzI1NiIsInR5cCI6IkpXVCJ9.eyJpZCI6IjY5ODEwMmY3OTg0MjcwMDAxYmU0MmQ2NSIsImlhdCI6MTc3MDA2MjU4MywiZXhwIjoxNzcwMDYzNzgzfQ.xAiV3unDlld1Wp4RO9CrVAvH6KaG_6AATa_zHhdyTOw
ETag: W/"184-9ebBcoBRbBDifvCbnzSpFTvDHjI"

{
    "success": true,
    "user": {
        "email": "login_test_1770062583791@yandex.ru",
        "name": "Login Test User"
    },
    "accessToken": "Bearer eyJhbGciOiJIUzI1NiIsInR5cCI6IkpXVCJ9.eyJpZCI6IjY5ODEwMmY3OTg0MjcwMDAxYmU0MmQ2NSIsImlhdCI6MTc3MDA2MjU4MywiZXhwIjoxNzcwMDYzNzgzfQ.xAiV3unDlld1Wp4RO9CrVAvH6KaG_6AATa_zHhdyTOw",
    "refreshToken": "440df84f9b73fda6da04f0efcd4befaef73d5450ded32024319c5af6594ed89de6af5befe381eeda"
}
HTTP/1.1 200 OK
Server: nginx/1.24.0 (Ubuntu)
Date: Mon, 02 Feb 2026 20:03:03 GMT
Content-Type: application/json; charset=utf-8
Content-Length: 388
Connection: keep-alive
X-Powered-By: Express
Access-Control-Allow-Origin: *
authorization: Bearer eyJhbGciOiJIUzI1NiIsInR5cCI6IkpXVCJ9.eyJpZCI6IjY5ODEwMmY3OTg0MjcwMDAxYmU0MmQ2NSIsImlhdCI6MTc3MDA2MjU4MywiZXhwIjoxNzcwMDYzNzgzfQ.xAiV3unDlld1Wp4RO9CrVAvH6KaG_6AATa_zHhdyTOw
ETag: W/"184-9ebBcoBRbBDifvCbnzSpFTvDHjI"

{
    "success": true,
    "user": {
        "email": "login_test_1770062583791@yandex.ru",
        "name": "Login Test User"
    },
    "accessToken": "Bearer eyJhbGciOiJIUzI1NiIsInR5cCI6IkpXVCJ9.eyJpZCI6IjY5ODEwMmY3OTg0MjcwMDAxYmU0MmQ2NSIsImlhdCI6MTc3MDA2MjU4MywiZXhwIjoxNzcwMDYzNzgzfQ.xAiV3unDlld1Wp4RO9CrVAvH6KaG_6AATa_zHhdyTOw",
    "refreshToken": "440df84f9b73fda6da04f0efcd4befaef73d5450ded32024319c5af6594ed89de6af5befe381eeda"
}
HTTP/1.1 200 OK
Server: nginx/1.24.0 (Ubuntu)
Date: Mon, 02 Feb 2026 20:03:03 GMT
Content-Type: application/json; charset=utf-8
Content-Length: 388
Connection: keep-alive
X-Powered-By: Express
Access-Control-Allow-Origin: *
authorization: Bearer eyJhbGciOiJIUzI1NiIsInR5cCI6IkpXVCJ9.eyJpZCI6IjY5ODEwMmY3OTg0MjcwMDAxYmU0MmQ2NSIsImlhdCI6MTc3MDA2MjU4MywiZXhwIjoxNzcwMDYzNzgzfQ.xAiV3unDlld1Wp4RO9CrVAvH6KaG_6AATa_zHhdyTOw
ETag: W/"184-9ebBcoBRbBDifvCbnzSpFTvDHjI"

{
    "success": true,
    "user": {
        "email": "login_test_1770062583791@yandex.ru",
        "name": "Login Test User"
    },
    "accessToken": "Bearer eyJhbGciOiJIUzI1NiIsInR5cCI6IkpXVCJ9.eyJpZCI6IjY5ODEwMmY3OTg0MjcwMDAxYmU0MmQ2NSIsImlhdCI6MTc3MDA2MjU4MywiZXhwIjoxNzcwMDYzNzgzfQ.xAiV3unDlld1Wp4RO9CrVAvH6KaG_6AATa_zHhdyTOw",
    "refreshToken": "440df84f9b73fda6da04f0efcd4befaef73d5450ded32024319c5af6594ed89de6af5befe381eeda"
}
HTTP/1.1 200 OK
Server: nginx/1.24.0 (Ubuntu)
Date: Mon, 02 Feb 2026 20:03:03 GMT
Content-Type: application/json; charset=utf-8
Content-Length: 388
Connection: keep-alive
X-Powered-By: Express
Access-Control-Allow-Origin: *
authorization: Bearer eyJhbGciOiJIUzI1NiIsInR5cCI6IkpXVCJ9.eyJpZCI6IjY5ODEwMmY3OTg0MjcwMDAxYmU0MmQ2NSIsImlhdCI6MTc3MDA2MjU4MywiZXhwIjoxNzcwMDYzNzgzfQ.xAiV3unDlld1Wp4RO9CrVAvH6KaG_6AATa_zHhdyTOw
ETag: W/"184-9ebBcoBRbBDifvCbnzSpFTvDHjI"

{
    "success": true,
    "user": {
        "email": "login_test_1770062583791@yandex.ru",
        "name": "Login Test User"
    },
    "accessToken": "Bearer eyJhbGciOiJIUzI1NiIsInR5cCI6IkpXVCJ9.eyJpZCI6IjY5ODEwMmY3OTg0MjcwMDAxYmU0MmQ2NSIsImlhdCI6MTc3MDA2MjU4MywiZXhwIjoxNzcwMDYzNzgzfQ.xAiV3unDlld1Wp4RO9CrVAvH6KaG_6AATa_zHhdyTOw",
    "refreshToken": "440df84f9b73fda6da04f0efcd4befaef73d5450ded32024319c5af6594ed89de6af5befe381eeda"
}
HTTP/1.1 200 OK
Server: nginx/1.24.0 (Ubuntu)
Date: Mon, 02 Feb 2026 20:03:03 GMT
Content-Type: application/json; charset=utf-8
Content-Length: 388
Connection: keep-alive
X-Powered-By: Express
Access-Control-Allow-Origin: *
authorization: Bearer eyJhbGciOiJIUzI1NiIsInR5cCI6IkpXVCJ9.eyJpZCI6IjY5ODEwMmY3OTg0MjcwMDAxYmU0MmQ2NSIsImlhdCI6MTc3MDA2MjU4MywiZXhwIjoxNzcwMDYzNzgzfQ.xAiV3unDlld1Wp4RO9CrVAvH6KaG_6AATa_zHhdyTOw
ETag: W/"184-9ebBcoBRbBDifvCbnzSpFTvDHjI"

{
    "success": true,
    "user": {
        "email": "login_test_1770062583791@yandex.ru",
        "name": "Login Test User"
    },
    "accessToken": "Bearer eyJhbGciOiJIUzI1NiIsInR5cCI6IkpXVCJ9.eyJpZCI6IjY5ODEwMmY3OTg0MjcwMDAxYmU0MmQ2NSIsImlhdCI6MTc3MDA2MjU4MywiZXhwIjoxNzcwMDYzNzgzfQ.xAiV3unDlld1Wp4RO9CrVAvH6KaG_6AATa_zHhdyTOw",
    "refreshToken": "440df84f9b73fda6da04f0efcd4befaef73d5450ded32024319c5af6594ed89de6af5befe381eeda"
}
Request method:	POST
Request URI:	https://stellarburgers.education-services.ru/api/auth/login
Proxy:			<none>
Request params:	<none>
Query params:	<none>
Form params:	<none>
Path params:	<none>
Headers:		Accept=*/*
				Content-Type=application/json
Cookies:		<none>
Multiparts:		<none>
Body:
{
    "email": "nonexistent@email.com",
    "password": "password123"
}
Request method:	POST
Request URI:	https://stellarburgers.education-services.ru/api/auth/login
Proxy:			<none>
Request params:	<none>
Query params:	<none>
Form params:	<none>
Path params:	<none>
Headers:		Accept=*/*
				Content-Type=application/json
Cookies:		<none>
Multiparts:		<none>
Body:
{
    "email": "nonexistent@email.com",
    "password": "password123"
}
Request method:	POST
Request URI:	https://stellarburgers.education-services.ru/api/auth/login
Proxy:			<none>
Request params:	<none>
Query params:	<none>
Form params:	<none>
Path params:	<none>
Headers:		Accept=*/*
				Content-Type=application/json
Cookies:		<none>
Multiparts:		<none>
Body:
{
    "email": "nonexistent@email.com",
    "password": "password123"
}
Request method:	POST
Request URI:	https://stellarburgers.education-services.ru/api/auth/login
Proxy:			<none>
Request params:	<none>
Query params:	<none>
Form params:	<none>
Path params:	<none>
Headers:		Accept=*/*
				Content-Type=application/json
Cookies:		<none>
Multiparts:		<none>
Body:
{
    "email": "nonexistent@email.com",
    "password": "password123"
}
Request method:	POST
Request URI:	https://stellarburgers.education-services.ru/api/auth/login
Proxy:			<none>
Request params:	<none>
Query params:	<none>
Form params:	<none>
Path params:	<none>
Headers:		Accept=*/*
				Content-Type=application/json
Cookies:		<none>
Multiparts:		<none>
Body:
{
    "email": "nonexistent@email.com",
    "password": "password123"
}
Request method:	POST
Request URI:	https://stellarburgers.education-services.ru/api/auth/login
Proxy:			<none>
Request params:	<none>
Query params:	<none>
Form params:	<none>
Path params:	<none>
Headers:		Accept=*/*
				Content-Type=application/json
Cookies:		<none>
Multiparts:		<none>
Body:
{
    "email": "nonexistent@email.com",
    "password": "password123"
}
HTTP/1.1 401 Unauthorized
Server: nginx/1.24.0 (Ubuntu)
Date: Mon, 02 Feb 2026 20:03:04 GMT
Content-Type: application/json; charset=utf-8
Content-Length: 61
Connection: keep-alive
X-Powered-By: Express
Access-Control-Allow-Origin: *
ETag: W/"3d-ad9nrqlzQBuoZ0AId1U3rIgKU84"

{
    "success": false,
    "message": "email or password are incorrect"
}
HTTP/1.1 401 Unauthorized
Server: nginx/1.24.0 (Ubuntu)
Date: Mon, 02 Feb 2026 20:03:04 GMT
Content-Type: application/json; charset=utf-8
Content-Length: 61
Connection: keep-alive
X-Powered-By: Express
Access-Control-Allow-Origin: *
ETag: W/"3d-ad9nrqlzQBuoZ0AId1U3rIgKU84"

{
    "success": false,
    "message": "email or password are incorrect"
}
HTTP/1.1 401 Unauthorized
Server: nginx/1.24.0 (Ubuntu)
Date: Mon, 02 Feb 2026 20:03:04 GMT
Content-Type: application/json; charset=utf-8
Content-Length: 61
Connection: keep-alive
X-Powered-By: Express
Access-Control-Allow-Origin: *
ETag: W/"3d-ad9nrqlzQBuoZ0AId1U3rIgKU84"

{
    "success": false,
    "message": "email or password are incorrect"
}
HTTP/1.1 401 Unauthorized
Server: nginx/1.24.0 (Ubuntu)
Date: Mon, 02 Feb 2026 20:03:04 GMT
Content-Type: application/json; charset=utf-8
Content-Length: 61
Connection: keep-alive
X-Powered-By: Express
Access-Control-Allow-Origin: *
ETag: W/"3d-ad9nrqlzQBuoZ0AId1U3rIgKU84"

{
    "success": false,
    "message": "email or password are incorrect"
}
HTTP/1.1 401 Unauthorized
Server: nginx/1.24.0 (Ubuntu)
Date: Mon, 02 Feb 2026 20:03:04 GMT
Content-Type: application/json; charset=utf-8
Content-Length: 61
Connection: keep-alive
X-Powered-By: Express
Access-Control-Allow-Origin: *
ETag: W/"3d-ad9nrqlzQBuoZ0AId1U3rIgKU84"

{
    "success": false,
    "message": "email or password are incorrect"
}
HTTP/1.1 401 Unauthorized
Server: nginx/1.24.0 (Ubuntu)
Date: Mon, 02 Feb 2026 20:03:04 GMT
Content-Type: application/json; charset=utf-8
Content-Length: 61
Connection: keep-alive
X-Powered-By: Express
Access-Control-Allow-Origin: *
ETag: W/"3d-ad9nrqlzQBuoZ0AId1U3rIgKU84"

{
    "success": false,
    "message": "email or password are incorrect"
}
Request method:	DELETE
Request URI:	https://stellarburgers.education-services.ru/api/auth/user
Proxy:			<none>
Request params:	<none>
Query params:	<none>
Form params:	<none>
Path params:	<none>
Headers:		Authorization=Bearer eyJhbGciOiJIUzI1NiIsInR5cCI6IkpXVCJ9.eyJpZCI6IjY5ODEwMmY3OTg0MjcwMDAxYmU0MmQ2NSIsImlhdCI6MTc3MDA2MjU4MywiZXhwIjoxNzcwMDYzNzgzfQ.xAiV3unDlld1Wp4RO9CrVAvH6KaG_6AATa_zHhdyTOw
				Accept=*/*
Cookies:		<none>
Multiparts:		<none>
Body:			<none>
Request method:	DELETE
Request URI:	https://stellarburgers.education-services.ru/api/auth/user
Proxy:			<none>
Request params:	<none>
Query params:	<none>
Form params:	<none>
Path params:	<none>
Headers:		Authorization=Bearer eyJhbGciOiJIUzI1NiIsInR5cCI6IkpXVCJ9.eyJpZCI6IjY5ODEwMmY3OTg0MjcwMDAxYmU0MmQ2NSIsImlhdCI6MTc3MDA2MjU4MywiZXhwIjoxNzcwMDYzNzgzfQ.xAiV3unDlld1Wp4RO9CrVAvH6KaG_6AATa_zHhdyTOw
				Accept=*/*
Cookies:		<none>
Multiparts:		<none>
Body:			<none>
Request method:	DELETE
Request URI:	https://stellarburgers.education-services.ru/api/auth/user
Proxy:			<none>
Request params:	<none>
Query params:	<none>
Form params:	<none>
Path params:	<none>
Headers:		Authorization=Bearer eyJhbGciOiJIUzI1NiIsInR5cCI6IkpXVCJ9.eyJpZCI6IjY5ODEwMmY3OTg0MjcwMDAxYmU0MmQ2NSIsImlhdCI6MTc3MDA2MjU4MywiZXhwIjoxNzcwMDYzNzgzfQ.xAiV3unDlld1Wp4RO9CrVAvH6KaG_6AATa_zHhdyTOw
				Accept=*/*
Cookies:		<none>
Multiparts:		<none>
Body:			<none>
Request method:	DELETE
Request URI:	https://stellarburgers.education-services.ru/api/auth/user
Proxy:			<none>
Request params:	<none>
Query params:	<none>
Form params:	<none>
Path params:	<none>
Headers:		Authorization=Bearer eyJhbGciOiJIUzI1NiIsInR5cCI6IkpXVCJ9.eyJpZCI6IjY5ODEwMmY3OTg0MjcwMDAxYmU0MmQ2NSIsImlhdCI6MTc3MDA2MjU4MywiZXhwIjoxNzcwMDYzNzgzfQ.xAiV3unDlld1Wp4RO9CrVAvH6KaG_6AATa_zHhdyTOw
				Accept=*/*
Cookies:		<none>
Multiparts:		<none>
Body:			<none>
Request method:	DELETE
Request URI:	https://stellarburgers.education-services.ru/api/auth/user
Proxy:			<none>
Request params:	<none>
Query params:	<none>
Form params:	<none>
Path params:	<none>
Headers:		Authorization=Bearer eyJhbGciOiJIUzI1NiIsInR5cCI6IkpXVCJ9.eyJpZCI6IjY5ODEwMmY3OTg0MjcwMDAxYmU0MmQ2NSIsImlhdCI6MTc3MDA2MjU4MywiZXhwIjoxNzcwMDYzNzgzfQ.xAiV3unDlld1Wp4RO9CrVAvH6KaG_6AATa_zHhdyTOw
				Accept=*/*
Cookies:		<none>
Multiparts:		<none>
Body:			<none>
Request method:	DELETE
Request URI:	https://stellarburgers.education-services.ru/api/auth/user
Proxy:			<none>
Request params:	<none>
Query params:	<none>
Form params:	<none>
Path params:	<none>
Headers:		Authorization=Bearer eyJhbGciOiJIUzI1NiIsInR5cCI6IkpXVCJ9.eyJpZCI6IjY5ODEwMmY3OTg0MjcwMDAxYmU0MmQ2NSIsImlhdCI6MTc3MDA2MjU4MywiZXhwIjoxNzcwMDYzNzgzfQ.xAiV3unDlld1Wp4RO9CrVAvH6KaG_6AATa_zHhdyTOw
				Accept=*/*
Cookies:		<none>
Multiparts:		<none>
Body:			<none>
HTTP/1.1 202 Accepted
Server: nginx/1.24.0 (Ubuntu)
Date: Mon, 02 Feb 2026 20:03:04 GMT
Content-Type: application/json; charset=utf-8
Content-Length: 54
Connection: keep-alive
X-Powered-By: Express
Access-Control-Allow-Origin: *
ETag: W/"36-hDmZnQ3Ou/ynnqAeC6TYmyseuzY"

{
    "success": true,
    "message": "User successfully removed"
}
HTTP/1.1 202 Accepted
Server: nginx/1.24.0 (Ubuntu)
Date: Mon, 02 Feb 2026 20:03:04 GMT
Content-Type: application/json; charset=utf-8
Content-Length: 54
Connection: keep-alive
X-Powered-By: Express
Access-Control-Allow-Origin: *
ETag: W/"36-hDmZnQ3Ou/ynnqAeC6TYmyseuzY"

{
    "success": true,
    "message": "User successfully removed"
}
HTTP/1.1 202 Accepted
Server: nginx/1.24.0 (Ubuntu)
Date: Mon, 02 Feb 2026 20:03:04 GMT
Content-Type: application/json; charset=utf-8
Content-Length: 54
Connection: keep-alive
X-Powered-By: Express
Access-Control-Allow-Origin: *
ETag: W/"36-hDmZnQ3Ou/ynnqAeC6TYmyseuzY"

{
    "success": true,
    "message": "User successfully removed"
}
HTTP/1.1 202 Accepted
Server: nginx/1.24.0 (Ubuntu)
Date: Mon, 02 Feb 2026 20:03:04 GMT
Content-Type: application/json; charset=utf-8
Content-Length: 54
Connection: keep-alive
X-Powered-By: Express
Access-Control-Allow-Origin: *
ETag: W/"36-hDmZnQ3Ou/ynnqAeC6TYmyseuzY"

{
    "success": true,
    "message": "User successfully removed"
}
HTTP/1.1 202 Accepted
Server: nginx/1.24.0 (Ubuntu)
Date: Mon, 02 Feb 2026 20:03:04 GMT
Content-Type: application/json; charset=utf-8
Content-Length: 54
Connection: keep-alive
X-Powered-By: Express
Access-Control-Allow-Origin: *
ETag: W/"36-hDmZnQ3Ou/ynnqAeC6TYmyseuzY"

{
    "success": true,
    "message": "User successfully removed"
}
HTTP/1.1 202 Accepted
Server: nginx/1.24.0 (Ubuntu)
Date: Mon, 02 Feb 2026 20:03:04 GMT
Content-Type: application/json; charset=utf-8
Content-Length: 54
Connection: keep-alive
X-Powered-By: Express
Access-Control-Allow-Origin: *
ETag: W/"36-hDmZnQ3Ou/ynnqAeC6TYmyseuzY"

{
    "success": true,
    "message": "User successfully removed"
}
[INFO] Tests run: 3, Failures: 0, Errors: 0, Skipped: 0, Time elapsed: 4.386 s - in com.stellarburgers.api.UserLoginTest
[INFO] Running com.stellarburgers.api.UserOrdersTest
Request method:	POST
Request URI:	https://stellarburgers.education-services.ru/api/auth/register
Proxy:			<none>
Request params:	<none>
Query params:	<none>
Form params:	<none>
Path params:	<none>
Headers:		Accept=*/*
				Content-Type=application/json
Cookies:		<none>
Multiparts:		<none>
Body:
{
    "email": "orders_test_1770062584720@yandex.ru",
    "password": "password123",
    "name": "Orders Test User"
}
Request method:	POST
Request URI:	https://stellarburgers.education-services.ru/api/auth/register
Proxy:			<none>
Request params:	<none>
Query params:	<none>
Form params:	<none>
Path params:	<none>
Headers:		Accept=*/*
				Content-Type=application/json
Cookies:		<none>
Multiparts:		<none>
Body:
{
    "email": "orders_test_1770062584720@yandex.ru",
    "password": "password123",
    "name": "Orders Test User"
}
Request method:	POST
Request URI:	https://stellarburgers.education-services.ru/api/auth/register
Proxy:			<none>
Request params:	<none>
Query params:	<none>
Form params:	<none>
Path params:	<none>
Headers:		Accept=*/*
				Content-Type=application/json
Cookies:		<none>
Multiparts:		<none>
Body:
{
    "email": "orders_test_1770062584720@yandex.ru",
    "password": "password123",
    "name": "Orders Test User"
}
Request method:	POST
Request URI:	https://stellarburgers.education-services.ru/api/auth/register
Proxy:			<none>
Request params:	<none>
Query params:	<none>
Form params:	<none>
Path params:	<none>
Headers:		Accept=*/*
				Content-Type=application/json
Cookies:		<none>
Multiparts:		<none>
Body:
{
    "email": "orders_test_1770062584720@yandex.ru",
    "password": "password123",
    "name": "Orders Test User"
}
Request method:	POST
Request URI:	https://stellarburgers.education-services.ru/api/auth/register
Proxy:			<none>
Request params:	<none>
Query params:	<none>
Form params:	<none>
Path params:	<none>
Headers:		Accept=*/*
				Content-Type=application/json
Cookies:		<none>
Multiparts:		<none>
Body:
{
    "email": "orders_test_1770062584720@yandex.ru",
    "password": "password123",
    "name": "Orders Test User"
}
Request method:	POST
Request URI:	https://stellarburgers.education-services.ru/api/auth/register
Proxy:			<none>
Request params:	<none>
Query params:	<none>
Form params:	<none>
Path params:	<none>
Headers:		Accept=*/*
				Content-Type=application/json
Cookies:		<none>
Multiparts:		<none>
Body:
{
    "email": "orders_test_1770062584720@yandex.ru",
    "password": "password123",
    "name": "Orders Test User"
}
Request method:	POST
Request URI:	https://stellarburgers.education-services.ru/api/auth/register
Proxy:			<none>
Request params:	<none>
Query params:	<none>
Form params:	<none>
Path params:	<none>
Headers:		Accept=*/*
				Content-Type=application/json
Cookies:		<none>
Multiparts:		<none>
Body:
{
    "email": "orders_test_1770062584720@yandex.ru",
    "password": "password123",
    "name": "Orders Test User"
}
Request method:	POST
Request URI:	https://stellarburgers.education-services.ru/api/auth/register
Proxy:			<none>
Request params:	<none>
Query params:	<none>
Form params:	<none>
Path params:	<none>
Headers:		Accept=*/*
				Content-Type=application/json
Cookies:		<none>
Multiparts:		<none>
Body:
{
    "email": "orders_test_1770062584720@yandex.ru",
    "password": "password123",
    "name": "Orders Test User"
}
HTTP/1.1 200 OK
Server: nginx/1.24.0 (Ubuntu)
Date: Mon, 02 Feb 2026 20:03:04 GMT
Content-Type: application/json; charset=utf-8
Content-Length: 390
Connection: keep-alive
X-Powered-By: Express
Access-Control-Allow-Origin: *
authorization: Bearer eyJhbGciOiJIUzI1NiIsInR5cCI6IkpXVCJ9.eyJpZCI6IjY5ODEwMmY4OTg0MjcwMDAxYmU0MmQ2NyIsImlhdCI6MTc3MDA2MjU4NCwiZXhwIjoxNzcwMDYzNzg0fQ.Ll1f9IXu5f0qSZxVAExgPW3_lK7PqrH_Y3BgXDvoCZ0
ETag: W/"186-bOz7ohXTUoU41pQzQI4YHCuzO9E"

{
    "success": true,
    "user": {
        "email": "orders_test_1770062584720@yandex.ru",
        "name": "Orders Test User"
    },
    "accessToken": "Bearer eyJhbGciOiJIUzI1NiIsInR5cCI6IkpXVCJ9.eyJpZCI6IjY5ODEwMmY4OTg0MjcwMDAxYmU0MmQ2NyIsImlhdCI6MTc3MDA2MjU4NCwiZXhwIjoxNzcwMDYzNzg0fQ.Ll1f9IXu5f0qSZxVAExgPW3_lK7PqrH_Y3BgXDvoCZ0",
    "refreshToken": "f53e366b645bdb0fe5c85908b920bea297c6f67f976343ad52fa65780ad4944ded8955d46dd7755d"
}
HTTP/1.1 200 OK
Server: nginx/1.24.0 (Ubuntu)
Date: Mon, 02 Feb 2026 20:03:04 GMT
Content-Type: application/json; charset=utf-8
Content-Length: 390
Connection: keep-alive
X-Powered-By: Express
Access-Control-Allow-Origin: *
authorization: Bearer eyJhbGciOiJIUzI1NiIsInR5cCI6IkpXVCJ9.eyJpZCI6IjY5ODEwMmY4OTg0MjcwMDAxYmU0MmQ2NyIsImlhdCI6MTc3MDA2MjU4NCwiZXhwIjoxNzcwMDYzNzg0fQ.Ll1f9IXu5f0qSZxVAExgPW3_lK7PqrH_Y3BgXDvoCZ0
ETag: W/"186-bOz7ohXTUoU41pQzQI4YHCuzO9E"

{
    "success": true,
    "user": {
        "email": "orders_test_1770062584720@yandex.ru",
        "name": "Orders Test User"
    },
    "accessToken": "Bearer eyJhbGciOiJIUzI1NiIsInR5cCI6IkpXVCJ9.eyJpZCI6IjY5ODEwMmY4OTg0MjcwMDAxYmU0MmQ2NyIsImlhdCI6MTc3MDA2MjU4NCwiZXhwIjoxNzcwMDYzNzg0fQ.Ll1f9IXu5f0qSZxVAExgPW3_lK7PqrH_Y3BgXDvoCZ0",
    "refreshToken": "f53e366b645bdb0fe5c85908b920bea297c6f67f976343ad52fa65780ad4944ded8955d46dd7755d"
}
HTTP/1.1 200 OK
Server: nginx/1.24.0 (Ubuntu)
Date: Mon, 02 Feb 2026 20:03:04 GMT
Content-Type: application/json; charset=utf-8
Content-Length: 390
Connection: keep-alive
X-Powered-By: Express
Access-Control-Allow-Origin: *
authorization: Bearer eyJhbGciOiJIUzI1NiIsInR5cCI6IkpXVCJ9.eyJpZCI6IjY5ODEwMmY4OTg0MjcwMDAxYmU0MmQ2NyIsImlhdCI6MTc3MDA2MjU4NCwiZXhwIjoxNzcwMDYzNzg0fQ.Ll1f9IXu5f0qSZxVAExgPW3_lK7PqrH_Y3BgXDvoCZ0
ETag: W/"186-bOz7ohXTUoU41pQzQI4YHCuzO9E"

{
    "success": true,
    "user": {
        "email": "orders_test_1770062584720@yandex.ru",
        "name": "Orders Test User"
    },
    "accessToken": "Bearer eyJhbGciOiJIUzI1NiIsInR5cCI6IkpXVCJ9.eyJpZCI6IjY5ODEwMmY4OTg0MjcwMDAxYmU0MmQ2NyIsImlhdCI6MTc3MDA2MjU4NCwiZXhwIjoxNzcwMDYzNzg0fQ.Ll1f9IXu5f0qSZxVAExgPW3_lK7PqrH_Y3BgXDvoCZ0",
    "refreshToken": "f53e366b645bdb0fe5c85908b920bea297c6f67f976343ad52fa65780ad4944ded8955d46dd7755d"
}
HTTP/1.1 200 OK
Server: nginx/1.24.0 (Ubuntu)
Date: Mon, 02 Feb 2026 20:03:04 GMT
Content-Type: application/json; charset=utf-8
Content-Length: 390
Connection: keep-alive
X-Powered-By: Express
Access-Control-Allow-Origin: *
authorization: Bearer eyJhbGciOiJIUzI1NiIsInR5cCI6IkpXVCJ9.eyJpZCI6IjY5ODEwMmY4OTg0MjcwMDAxYmU0MmQ2NyIsImlhdCI6MTc3MDA2MjU4NCwiZXhwIjoxNzcwMDYzNzg0fQ.Ll1f9IXu5f0qSZxVAExgPW3_lK7PqrH_Y3BgXDvoCZ0
ETag: W/"186-bOz7ohXTUoU41pQzQI4YHCuzO9E"

{
    "success": true,
    "user": {
        "email": "orders_test_1770062584720@yandex.ru",
        "name": "Orders Test User"
    },
    "accessToken": "Bearer eyJhbGciOiJIUzI1NiIsInR5cCI6IkpXVCJ9.eyJpZCI6IjY5ODEwMmY4OTg0MjcwMDAxYmU0MmQ2NyIsImlhdCI6MTc3MDA2MjU4NCwiZXhwIjoxNzcwMDYzNzg0fQ.Ll1f9IXu5f0qSZxVAExgPW3_lK7PqrH_Y3BgXDvoCZ0",
    "refreshToken": "f53e366b645bdb0fe5c85908b920bea297c6f67f976343ad52fa65780ad4944ded8955d46dd7755d"
}
HTTP/1.1 200 OK
Server: nginx/1.24.0 (Ubuntu)
Date: Mon, 02 Feb 2026 20:03:04 GMT
Content-Type: application/json; charset=utf-8
Content-Length: 390
Connection: keep-alive
X-Powered-By: Express
Access-Control-Allow-Origin: *
authorization: Bearer eyJhbGciOiJIUzI1NiIsInR5cCI6IkpXVCJ9.eyJpZCI6IjY5ODEwMmY4OTg0MjcwMDAxYmU0MmQ2NyIsImlhdCI6MTc3MDA2MjU4NCwiZXhwIjoxNzcwMDYzNzg0fQ.Ll1f9IXu5f0qSZxVAExgPW3_lK7PqrH_Y3BgXDvoCZ0
ETag: W/"186-bOz7ohXTUoU41pQzQI4YHCuzO9E"

{
    "success": true,
    "user": {
        "email": "orders_test_1770062584720@yandex.ru",
        "name": "Orders Test User"
    },
    "accessToken": "Bearer eyJhbGciOiJIUzI1NiIsInR5cCI6IkpXVCJ9.eyJpZCI6IjY5ODEwMmY4OTg0MjcwMDAxYmU0MmQ2NyIsImlhdCI6MTc3MDA2MjU4NCwiZXhwIjoxNzcwMDYzNzg0fQ.Ll1f9IXu5f0qSZxVAExgPW3_lK7PqrH_Y3BgXDvoCZ0",
    "refreshToken": "f53e366b645bdb0fe5c85908b920bea297c6f67f976343ad52fa65780ad4944ded8955d46dd7755d"
}
HTTP/1.1 200 OK
Server: nginx/1.24.0 (Ubuntu)
Date: Mon, 02 Feb 2026 20:03:04 GMT
Content-Type: application/json; charset=utf-8
Content-Length: 390
Connection: keep-alive
X-Powered-By: Express
Access-Control-Allow-Origin: *
authorization: Bearer eyJhbGciOiJIUzI1NiIsInR5cCI6IkpXVCJ9.eyJpZCI6IjY5ODEwMmY4OTg0MjcwMDAxYmU0MmQ2NyIsImlhdCI6MTc3MDA2MjU4NCwiZXhwIjoxNzcwMDYzNzg0fQ.Ll1f9IXu5f0qSZxVAExgPW3_lK7PqrH_Y3BgXDvoCZ0
ETag: W/"186-bOz7ohXTUoU41pQzQI4YHCuzO9E"

{
    "success": true,
    "user": {
        "email": "orders_test_1770062584720@yandex.ru",
        "name": "Orders Test User"
    },
    "accessToken": "Bearer eyJhbGciOiJIUzI1NiIsInR5cCI6IkpXVCJ9.eyJpZCI6IjY5ODEwMmY4OTg0MjcwMDAxYmU0MmQ2NyIsImlhdCI6MTc3MDA2MjU4NCwiZXhwIjoxNzcwMDYzNzg0fQ.Ll1f9IXu5f0qSZxVAExgPW3_lK7PqrH_Y3BgXDvoCZ0",
    "refreshToken": "f53e366b645bdb0fe5c85908b920bea297c6f67f976343ad52fa65780ad4944ded8955d46dd7755d"
}
HTTP/1.1 200 OK
Server: nginx/1.24.0 (Ubuntu)
Date: Mon, 02 Feb 2026 20:03:04 GMT
Content-Type: application/json; charset=utf-8
Content-Length: 390
Connection: keep-alive
X-Powered-By: Express
Access-Control-Allow-Origin: *
authorization: Bearer eyJhbGciOiJIUzI1NiIsInR5cCI6IkpXVCJ9.eyJpZCI6IjY5ODEwMmY4OTg0MjcwMDAxYmU0MmQ2NyIsImlhdCI6MTc3MDA2MjU4NCwiZXhwIjoxNzcwMDYzNzg0fQ.Ll1f9IXu5f0qSZxVAExgPW3_lK7PqrH_Y3BgXDvoCZ0
ETag: W/"186-bOz7ohXTUoU41pQzQI4YHCuzO9E"

{
    "success": true,
    "user": {
        "email": "orders_test_1770062584720@yandex.ru",
        "name": "Orders Test User"
    },
    "accessToken": "Bearer eyJhbGciOiJIUzI1NiIsInR5cCI6IkpXVCJ9.eyJpZCI6IjY5ODEwMmY4OTg0MjcwMDAxYmU0MmQ2NyIsImlhdCI6MTc3MDA2MjU4NCwiZXhwIjoxNzcwMDYzNzg0fQ.Ll1f9IXu5f0qSZxVAExgPW3_lK7PqrH_Y3BgXDvoCZ0",
    "refreshToken": "f53e366b645bdb0fe5c85908b920bea297c6f67f976343ad52fa65780ad4944ded8955d46dd7755d"
}
HTTP/1.1 200 OK
Server: nginx/1.24.0 (Ubuntu)
Date: Mon, 02 Feb 2026 20:03:04 GMT
Content-Type: application/json; charset=utf-8
Content-Length: 390
Connection: keep-alive
X-Powered-By: Express
Access-Control-Allow-Origin: *
authorization: Bearer eyJhbGciOiJIUzI1NiIsInR5cCI6IkpXVCJ9.eyJpZCI6IjY5ODEwMmY4OTg0MjcwMDAxYmU0MmQ2NyIsImlhdCI6MTc3MDA2MjU4NCwiZXhwIjoxNzcwMDYzNzg0fQ.Ll1f9IXu5f0qSZxVAExgPW3_lK7PqrH_Y3BgXDvoCZ0
ETag: W/"186-bOz7ohXTUoU41pQzQI4YHCuzO9E"

{
    "success": true,
    "user": {
        "email": "orders_test_1770062584720@yandex.ru",
        "name": "Orders Test User"
    },
    "accessToken": "Bearer eyJhbGciOiJIUzI1NiIsInR5cCI6IkpXVCJ9.eyJpZCI6IjY5ODEwMmY4OTg0MjcwMDAxYmU0MmQ2NyIsImlhdCI6MTc3MDA2MjU4NCwiZXhwIjoxNzcwMDYzNzg0fQ.Ll1f9IXu5f0qSZxVAExgPW3_lK7PqrH_Y3BgXDvoCZ0",
    "refreshToken": "f53e366b645bdb0fe5c85908b920bea297c6f67f976343ad52fa65780ad4944ded8955d46dd7755d"
}
Request method:	GET
Request URI:	https://stellarburgers.education-services.ru/api/ingredients
Proxy:			<none>
Request params:	<none>
Query params:	<none>
Form params:	<none>
Path params:	<none>
Headers:		Accept=*/*
Cookies:		<none>
Multiparts:		<none>
Body:			<none>
Request method:	GET
Request URI:	https://stellarburgers.education-services.ru/api/ingredients
Proxy:			<none>
Request params:	<none>
Query params:	<none>
Form params:	<none>
Path params:	<none>
Headers:		Accept=*/*
Cookies:		<none>
Multiparts:		<none>
Body:			<none>
Request method:	GET
Request URI:	https://stellarburgers.education-services.ru/api/ingredients
Proxy:			<none>
Request params:	<none>
Query params:	<none>
Form params:	<none>
Path params:	<none>
Headers:		Accept=*/*
Cookies:		<none>
Multiparts:		<none>
Body:			<none>
Request method:	GET
Request URI:	https://stellarburgers.education-services.ru/api/ingredients
Proxy:			<none>
Request params:	<none>
Query params:	<none>
Form params:	<none>
Path params:	<none>
Headers:		Accept=*/*
Cookies:		<none>
Multiparts:		<none>
Body:			<none>
Request method:	GET
Request URI:	https://stellarburgers.education-services.ru/api/ingredients
Proxy:			<none>
Request params:	<none>
Query params:	<none>
Form params:	<none>
Path params:	<none>
Headers:		Accept=*/*
Cookies:		<none>
Multiparts:		<none>
Body:			<none>
Request method:	GET
Request URI:	https://stellarburgers.education-services.ru/api/ingredients
Proxy:			<none>
Request params:	<none>
Query params:	<none>
Form params:	<none>
Path params:	<none>
Headers:		Accept=*/*
Cookies:		<none>
Multiparts:		<none>
Body:			<none>
Request method:	GET
Request URI:	https://stellarburgers.education-services.ru/api/ingredients
Proxy:			<none>
Request params:	<none>
Query params:	<none>
Form params:	<none>
Path params:	<none>
Headers:		Accept=*/*
Cookies:		<none>
Multiparts:		<none>
Body:			<none>
Request method:	GET
Request URI:	https://stellarburgers.education-services.ru/api/ingredients
Proxy:			<none>
Request params:	<none>
Query params:	<none>
Form params:	<none>
Path params:	<none>
Headers:		Accept=*/*
Cookies:		<none>
Multiparts:		<none>
Body:			<none>
HTTP/1.1 200 OK
Server: nginx/1.24.0 (Ubuntu)
Date: Mon, 02 Feb 2026 20:03:04 GMT
Content-Type: application/json; charset=utf-8
Content-Length: 5957
Connection: keep-alive
X-Powered-By: Express
Access-Control-Allow-Origin: *
ETag: W/"1745-LHZ7D8kBZWcbCGljCoPXtjB5CeA"

{
    "success": true,
    "data": [
        {
            "_id": "61c0c5a71d1f82001bdaaa6d",
            "name": "Флюоресцентная булка R2-D3",
            "type": "bun",
            "proteins": 44,
            "fat": 26,
            "carbohydrates": 85,
            "calories": 643,
            "price": 988,
            "image": "https://code.s3.yandex.net/react/code/bun-01.png",
            "image_mobile": "https://code.s3.yandex.net/react/code/bun-01-mobile.png",
            "image_large": "https://code.s3.yandex.net/react/code/bun-01-large.png",
            "__v": 0
        },
        {
            "_id": "61c0c5a71d1f82001bdaaa6f",
            "name": "Мясо бессмертных моллюсков Protostomia",
            "type": "main",
            "proteins": 433,
            "fat": 244,
            "carbohydrates": 33,
            "calories": 420,
            "price": 1337,
            "image": "https://code.s3.yandex.net/react/code/meat-02.png",
            "image_mobile": "https://code.s3.yandex.net/react/code/meat-02-mobile.png",
            "image_large": "https://code.s3.yandex.net/react/code/meat-02-large.png",
            "__v": 0
        },
        {
            "_id": "61c0c5a71d1f82001bdaaa70",
            "name": "Говяжий метеорит (отбивная)",
            "type": "main",
            "proteins": 800,
            "fat": 800,
            "carbohydrates": 300,
            "calories": 2674,
            "price": 3000,
            "image": "https://code.s3.yandex.net/react/code/meat-04.png",
            "image_mobile": "https://code.s3.yandex.net/react/code/meat-04-mobile.png",
            "image_large": "https://code.s3.yandex.net/react/code/meat-04-large.png",
            "__v": 0
        },
        {
            "_id": "61c0c5a71d1f82001bdaaa71",
            "name": "Биокотлета из марсианской Магнолии",
            "type": "main",
            "proteins": 420,
            "fat": 142,
            "carbohydrates": 242,
            "calories": 4242,
            "price": 424,
            "image": "https://code.s3.yandex.net/react/code/meat-01.png",
            "image_mobile": "https://code.s3.yandex.net/react/code/meat-01-mobile.png",
            "image_large": "https://code.s3.yandex.net/react/code/meat-01-large.png",
            "__v": 0
        },
        {
            "_id": "61c0c5a71d1f82001bdaaa72",
            "name": "Соус Spicy-X",
            "type": "sauce",
            "proteins": 30,
            "fat": 20,
            "carbohydrates": 40,
            "calories": 30,
            "price": 90,
            "image": "https://code.s3.yandex.net/react/code/sauce-02.png",
            "image_mobile": "https://code.s3.yandex.net/react/code/sauce-02-mobile.png",
            "image_large": "https://code.s3.yandex.net/react/code/sauce-02-large.png",
            "__v": 0
        },
        {
            "_id": "61c0c5a71d1f82001bdaaa6e",
            "name": "Филе Люминесцентного тетраодонтимформа",
            "type": "main",
            "proteins": 44,
            "fat": 26,
            "carbohydrates": 85,
            "calories": 643,
            "price": 988,
            "image": "https://code.s3.yandex.net/react/code/meat-03.png",
            "image_mobile": "https://code.s3.yandex.net/react/code/meat-03-mobile.png",
            "image_large": "https://code.s3.yandex.net/react/code/meat-03-large.png",
            "__v": 0
        },
        {
            "_id": "61c0c5a71d1f82001bdaaa73",
            "name": "Соус фирменный Space Sauce",
            "type": "sauce",
            "proteins": 50,
            "fat": 22,
            "carbohydrates": 11,
            "calories": 14,
            "price": 80,
            "image": "https://code.s3.yandex.net/react/code/sauce-04.png",
            "image_mobile": "https://code.s3.yandex.net/react/code/sauce-04-mobile.png",
            "image_large": "https://code.s3.yandex.net/react/code/sauce-04-large.png",
            "__v": 0
        },
        {
            "_id": "61c0c5a71d1f82001bdaaa74",
            "name": "Соус традиционный галактический",
            "type": "sauce",
            "proteins": 42,
            "fat": 24,
            "carbohydrates": 42,
            "calories": 99,
            "price": 15,
            "image": "https://code.s3.yandex.net/react/code/sauce-03.png",
            "image_mobile": "https://code.s3.yandex.net/react/code/sauce-03-mobile.png",
            "image_large": "https://code.s3.yandex.net/react/code/sauce-03-large.png",
            "__v": 0
        },
        {
            "_id": "61c0c5a71d1f82001bdaaa6c",
            "name": "Краторная булка N-200i",
            "type": "bun",
            "proteins": 80,
            "fat": 24,
            "carbohydrates": 53,
            "calories": 420,
            "price": 1255,
            "image": "https://code.s3.yandex.net/react/code/bun-02.png",
            "image_mobile": "https://code.s3.yandex.net/react/code/bun-02-mobile.png",
            "image_large": "https://code.s3.yandex.net/react/code/bun-02-large.png",
            "__v": 0
        },
        {
            "_id": "61c0c5a71d1f82001bdaaa75",
            "name": "Соус с шипами Антарианского плоскоходца",
            "type": "sauce",
            "proteins": 101,
            "fat": 99,
            "carbohydrates": 100,
            "calories": 100,
            "price": 88,
            "image": "https://code.s3.yandex.net/react/code/sauce-01.png",
            "image_mobile": "https://code.s3.yandex.net/react/code/sauce-01-mobile.png",
            "image_large": "https://code.s3.yandex.net/react/code/sauce-01-large.png",
            "__v": 0
        },
        {
            "_id": "61c0c5a71d1f82001bdaaa76",
            "name": "Хрустящие минеральные кольца",
            "type": "main",
            "proteins": 808,
            "fat": 689,
            "carbohydrates": 609,
            "calories": 986,
            "price": 300,
            "image": "https://code.s3.yandex.net/react/code/mineral_rings.png",
            "image_mobile": "https://code.s3.yandex.net/react/code/mineral_rings-mobile.png",
            "image_large": "https://code.s3.yandex.net/react/code/mineral_rings-large.png",
            "__v": 0
        },
        {
            "_id": "61c0c5a71d1f82001bdaaa77",
            "name": "Плоды Фалленианского дерева",
            "type": "main",
            "proteins": 20,
            "fat": 5,
            "carbohydrates": 55,
            "calories": 77,
            "price": 874,
            "image": "https://code.s3.yandex.net/react/code/sp_1.png",
            "image_mobile": "https://code.s3.yandex.net/react/code/sp_1-mobile.png",
            "image_large": "https://code.s3.yandex.net/react/code/sp_1-large.png",
            "__v": 0
        },
        {
            "_id": "61c0c5a71d1f82001bdaaa78",
            "name": "Кристаллы марсианских альфа-сахаридов",
            "type": "main",
            "proteins": 234,
            "fat": 432,
            "carbohydrates": 111,
            "calories": 189,
            "price": 762,
            "image": "https://code.s3.yandex.net/react/code/core.png",
            "image_mobile": "https://code.s3.yandex.net/react/code/core-mobile.png",
            "image_large": "https://code.s3.yandex.net/react/code/core-large.png",
            "__v": 0
        },
        {
            "_id": "61c0c5a71d1f82001bdaaa79",
            "name": "Мини-салат Экзо-Плантаго",
            "type": "main",
            "proteins": 1,
            "fat": 2,
            "carbohydrates": 3,
            "calories": 6,
            "price": 4400,
            "image": "https://code.s3.yandex.net/react/code/salad.png",
            "image_mobile": "https://code.s3.yandex.net/react/code/salad-mobile.png",
            "image_large": "https://code.s3.yandex.net/react/code/salad-large.png",
            "__v": 0
        },
        {
            "_id": "61c0c5a71d1f82001bdaaa7a",
            "name": "Сыр с астероидной плесенью",
            "type": "main",
            "proteins": 84,
            "fat": 48,
            "carbohydrates": 420,
            "calories": 3377,
            "price": 4142,
            "image": "https://code.s3.yandex.net/react/code/cheese.png",
            "image_mobile": "https://code.s3.yandex.net/react/code/cheese-mobile.png",
            "image_large": "https://code.s3.yandex.net/react/code/cheese-large.png",
            "__v": 0
        }
    ]
}
HTTP/1.1 200 OK
Server: nginx/1.24.0 (Ubuntu)
Date: Mon, 02 Feb 2026 20:03:04 GMT
Content-Type: application/json; charset=utf-8
Content-Length: 5957
Connection: keep-alive
X-Powered-By: Express
Access-Control-Allow-Origin: *
ETag: W/"1745-LHZ7D8kBZWcbCGljCoPXtjB5CeA"

{
    "success": true,
    "data": [
        {
            "_id": "61c0c5a71d1f82001bdaaa6d",
            "name": "Флюоресцентная булка R2-D3",
            "type": "bun",
            "proteins": 44,
            "fat": 26,
            "carbohydrates": 85,
            "calories": 643,
            "price": 988,
            "image": "https://code.s3.yandex.net/react/code/bun-01.png",
            "image_mobile": "https://code.s3.yandex.net/react/code/bun-01-mobile.png",
            "image_large": "https://code.s3.yandex.net/react/code/bun-01-large.png",
            "__v": 0
        },
        {
            "_id": "61c0c5a71d1f82001bdaaa6f",
            "name": "Мясо бессмертных моллюсков Protostomia",
            "type": "main",
            "proteins": 433,
            "fat": 244,
            "carbohydrates": 33,
            "calories": 420,
            "price": 1337,
            "image": "https://code.s3.yandex.net/react/code/meat-02.png",
            "image_mobile": "https://code.s3.yandex.net/react/code/meat-02-mobile.png",
            "image_large": "https://code.s3.yandex.net/react/code/meat-02-large.png",
            "__v": 0
        },
        {
            "_id": "61c0c5a71d1f82001bdaaa70",
            "name": "Говяжий метеорит (отбивная)",
            "type": "main",
            "proteins": 800,
            "fat": 800,
            "carbohydrates": 300,
            "calories": 2674,
            "price": 3000,
            "image": "https://code.s3.yandex.net/react/code/meat-04.png",
            "image_mobile": "https://code.s3.yandex.net/react/code/meat-04-mobile.png",
            "image_large": "https://code.s3.yandex.net/react/code/meat-04-large.png",
            "__v": 0
        },
        {
            "_id": "61c0c5a71d1f82001bdaaa71",
            "name": "Биокотлета из марсианской Магнолии",
            "type": "main",
            "proteins": 420,
            "fat": 142,
            "carbohydrates": 242,
            "calories": 4242,
            "price": 424,
            "image": "https://code.s3.yandex.net/react/code/meat-01.png",
            "image_mobile": "https://code.s3.yandex.net/react/code/meat-01-mobile.png",
            "image_large": "https://code.s3.yandex.net/react/code/meat-01-large.png",
            "__v": 0
        },
        {
            "_id": "61c0c5a71d1f82001bdaaa72",
            "name": "Соус Spicy-X",
            "type": "sauce",
            "proteins": 30,
            "fat": 20,
            "carbohydrates": 40,
            "calories": 30,
            "price": 90,
            "image": "https://code.s3.yandex.net/react/code/sauce-02.png",
            "image_mobile": "https://code.s3.yandex.net/react/code/sauce-02-mobile.png",
            "image_large": "https://code.s3.yandex.net/react/code/sauce-02-large.png",
            "__v": 0
        },
        {
            "_id": "61c0c5a71d1f82001bdaaa6e",
            "name": "Филе Люминесцентного тетраодонтимформа",
            "type": "main",
            "proteins": 44,
            "fat": 26,
            "carbohydrates": 85,
            "calories": 643,
            "price": 988,
            "image": "https://code.s3.yandex.net/react/code/meat-03.png",
            "image_mobile": "https://code.s3.yandex.net/react/code/meat-03-mobile.png",
            "image_large": "https://code.s3.yandex.net/react/code/meat-03-large.png",
            "__v": 0
        },
        {
            "_id": "61c0c5a71d1f82001bdaaa73",
            "name": "Соус фирменный Space Sauce",
            "type": "sauce",
            "proteins": 50,
            "fat": 22,
            "carbohydrates": 11,
            "calories": 14,
            "price": 80,
            "image": "https://code.s3.yandex.net/react/code/sauce-04.png",
            "image_mobile": "https://code.s3.yandex.net/react/code/sauce-04-mobile.png",
            "image_large": "https://code.s3.yandex.net/react/code/sauce-04-large.png",
            "__v": 0
        },
        {
            "_id": "61c0c5a71d1f82001bdaaa74",
            "name": "Соус традиционный галактический",
            "type": "sauce",
            "proteins": 42,
            "fat": 24,
            "carbohydrates": 42,
            "calories": 99,
            "price": 15,
            "image": "https://code.s3.yandex.net/react/code/sauce-03.png",
            "image_mobile": "https://code.s3.yandex.net/react/code/sauce-03-mobile.png",
            "image_large": "https://code.s3.yandex.net/react/code/sauce-03-large.png",
            "__v": 0
        },
        {
            "_id": "61c0c5a71d1f82001bdaaa6c",
            "name": "Краторная булка N-200i",
            "type": "bun",
            "proteins": 80,
            "fat": 24,
            "carbohydrates": 53,
            "calories": 420,
            "price": 1255,
            "image": "https://code.s3.yandex.net/react/code/bun-02.png",
            "image_mobile": "https://code.s3.yandex.net/react/code/bun-02-mobile.png",
            "image_large": "https://code.s3.yandex.net/react/code/bun-02-large.png",
            "__v": 0
        },
        {
            "_id": "61c0c5a71d1f82001bdaaa75",
            "name": "Соус с шипами Антарианского плоскоходца",
            "type": "sauce",
            "proteins": 101,
            "fat": 99,
            "carbohydrates": 100,
            "calories": 100,
            "price": 88,
            "image": "https://code.s3.yandex.net/react/code/sauce-01.png",
            "image_mobile": "https://code.s3.yandex.net/react/code/sauce-01-mobile.png",
            "image_large": "https://code.s3.yandex.net/react/code/sauce-01-large.png",
            "__v": 0
        },
        {
            "_id": "61c0c5a71d1f82001bdaaa76",
            "name": "Хрустящие минеральные кольца",
            "type": "main",
            "proteins": 808,
            "fat": 689,
            "carbohydrates": 609,
            "calories": 986,
            "price": 300,
            "image": "https://code.s3.yandex.net/react/code/mineral_rings.png",
            "image_mobile": "https://code.s3.yandex.net/react/code/mineral_rings-mobile.png",
            "image_large": "https://code.s3.yandex.net/react/code/mineral_rings-large.png",
            "__v": 0
        },
        {
            "_id": "61c0c5a71d1f82001bdaaa77",
            "name": "Плоды Фалленианского дерева",
            "type": "main",
            "proteins": 20,
            "fat": 5,
            "carbohydrates": 55,
            "calories": 77,
            "price": 874,
            "image": "https://code.s3.yandex.net/react/code/sp_1.png",
            "image_mobile": "https://code.s3.yandex.net/react/code/sp_1-mobile.png",
            "image_large": "https://code.s3.yandex.net/react/code/sp_1-large.png",
            "__v": 0
        },
        {
            "_id": "61c0c5a71d1f82001bdaaa78",
            "name": "Кристаллы марсианских альфа-сахаридов",
            "type": "main",
            "proteins": 234,
            "fat": 432,
            "carbohydrates": 111,
            "calories": 189,
            "price": 762,
            "image": "https://code.s3.yandex.net/react/code/core.png",
            "image_mobile": "https://code.s3.yandex.net/react/code/core-mobile.png",
            "image_large": "https://code.s3.yandex.net/react/code/core-large.png",
            "__v": 0
        },
        {
            "_id": "61c0c5a71d1f82001bdaaa79",
            "name": "Мини-салат Экзо-Плантаго",
            "type": "main",
            "proteins": 1,
            "fat": 2,
            "carbohydrates": 3,
            "calories": 6,
            "price": 4400,
            "image": "https://code.s3.yandex.net/react/code/salad.png",
            "image_mobile": "https://code.s3.yandex.net/react/code/salad-mobile.png",
            "image_large": "https://code.s3.yandex.net/react/code/salad-large.png",
            "__v": 0
        },
        {
            "_id": "61c0c5a71d1f82001bdaaa7a",
            "name": "Сыр с астероидной плесенью",
            "type": "main",
            "proteins": 84,
            "fat": 48,
            "carbohydrates": 420,
            "calories": 3377,
            "price": 4142,
            "image": "https://code.s3.yandex.net/react/code/cheese.png",
            "image_mobile": "https://code.s3.yandex.net/react/code/cheese-mobile.png",
            "image_large": "https://code.s3.yandex.net/react/code/cheese-large.png",
            "__v": 0
        }
    ]
}
HTTP/1.1 200 OK
Server: nginx/1.24.0 (Ubuntu)
Date: Mon, 02 Feb 2026 20:03:04 GMT
Content-Type: application/json; charset=utf-8
Content-Length: 5957
Connection: keep-alive
X-Powered-By: Express
Access-Control-Allow-Origin: *
ETag: W/"1745-LHZ7D8kBZWcbCGljCoPXtjB5CeA"

{
    "success": true,
    "data": [
        {
            "_id": "61c0c5a71d1f82001bdaaa6d",
            "name": "Флюоресцентная булка R2-D3",
            "type": "bun",
            "proteins": 44,
            "fat": 26,
            "carbohydrates": 85,
            "calories": 643,
            "price": 988,
            "image": "https://code.s3.yandex.net/react/code/bun-01.png",
            "image_mobile": "https://code.s3.yandex.net/react/code/bun-01-mobile.png",
            "image_large": "https://code.s3.yandex.net/react/code/bun-01-large.png",
            "__v": 0
        },
        {
            "_id": "61c0c5a71d1f82001bdaaa6f",
            "name": "Мясо бессмертных моллюсков Protostomia",
            "type": "main",
            "proteins": 433,
            "fat": 244,
            "carbohydrates": 33,
            "calories": 420,
            "price": 1337,
            "image": "https://code.s3.yandex.net/react/code/meat-02.png",
            "image_mobile": "https://code.s3.yandex.net/react/code/meat-02-mobile.png",
            "image_large": "https://code.s3.yandex.net/react/code/meat-02-large.png",
            "__v": 0
        },
        {
            "_id": "61c0c5a71d1f82001bdaaa70",
            "name": "Говяжий метеорит (отбивная)",
            "type": "main",
            "proteins": 800,
            "fat": 800,
            "carbohydrates": 300,
            "calories": 2674,
            "price": 3000,
            "image": "https://code.s3.yandex.net/react/code/meat-04.png",
            "image_mobile": "https://code.s3.yandex.net/react/code/meat-04-mobile.png",
            "image_large": "https://code.s3.yandex.net/react/code/meat-04-large.png",
            "__v": 0
        },
        {
            "_id": "61c0c5a71d1f82001bdaaa71",
            "name": "Биокотлета из марсианской Магнолии",
            "type": "main",
            "proteins": 420,
            "fat": 142,
            "carbohydrates": 242,
            "calories": 4242,
            "price": 424,
            "image": "https://code.s3.yandex.net/react/code/meat-01.png",
            "image_mobile": "https://code.s3.yandex.net/react/code/meat-01-mobile.png",
            "image_large": "https://code.s3.yandex.net/react/code/meat-01-large.png",
            "__v": 0
        },
        {
            "_id": "61c0c5a71d1f82001bdaaa72",
            "name": "Соус Spicy-X",
            "type": "sauce",
            "proteins": 30,
            "fat": 20,
            "carbohydrates": 40,
            "calories": 30,
            "price": 90,
            "image": "https://code.s3.yandex.net/react/code/sauce-02.png",
            "image_mobile": "https://code.s3.yandex.net/react/code/sauce-02-mobile.png",
            "image_large": "https://code.s3.yandex.net/react/code/sauce-02-large.png",
            "__v": 0
        },
        {
            "_id": "61c0c5a71d1f82001bdaaa6e",
            "name": "Филе Люминесцентного тетраодонтимформа",
            "type": "main",
            "proteins": 44,
            "fat": 26,
            "carbohydrates": 85,
            "calories": 643,
            "price": 988,
            "image": "https://code.s3.yandex.net/react/code/meat-03.png",
            "image_mobile": "https://code.s3.yandex.net/react/code/meat-03-mobile.png",
            "image_large": "https://code.s3.yandex.net/react/code/meat-03-large.png",
            "__v": 0
        },
        {
            "_id": "61c0c5a71d1f82001bdaaa73",
            "name": "Соус фирменный Space Sauce",
            "type": "sauce",
            "proteins": 50,
            "fat": 22,
            "carbohydrates": 11,
            "calories": 14,
            "price": 80,
            "image": "https://code.s3.yandex.net/react/code/sauce-04.png",
            "image_mobile": "https://code.s3.yandex.net/react/code/sauce-04-mobile.png",
            "image_large": "https://code.s3.yandex.net/react/code/sauce-04-large.png",
            "__v": 0
        },
        {
            "_id": "61c0c5a71d1f82001bdaaa74",
            "name": "Соус традиционный галактический",
            "type": "sauce",
            "proteins": 42,
            "fat": 24,
            "carbohydrates": 42,
            "calories": 99,
            "price": 15,
            "image": "https://code.s3.yandex.net/react/code/sauce-03.png",
            "image_mobile": "https://code.s3.yandex.net/react/code/sauce-03-mobile.png",
            "image_large": "https://code.s3.yandex.net/react/code/sauce-03-large.png",
            "__v": 0
        },
        {
            "_id": "61c0c5a71d1f82001bdaaa6c",
            "name": "Краторная булка N-200i",
            "type": "bun",
            "proteins": 80,
            "fat": 24,
            "carbohydrates": 53,
            "calories": 420,
            "price": 1255,
            "image": "https://code.s3.yandex.net/react/code/bun-02.png",
            "image_mobile": "https://code.s3.yandex.net/react/code/bun-02-mobile.png",
            "image_large": "https://code.s3.yandex.net/react/code/bun-02-large.png",
            "__v": 0
        },
        {
            "_id": "61c0c5a71d1f82001bdaaa75",
            "name": "Соус с шипами Антарианского плоскоходца",
            "type": "sauce",
            "proteins": 101,
            "fat": 99,
            "carbohydrates": 100,
            "calories": 100,
            "price": 88,
            "image": "https://code.s3.yandex.net/react/code/sauce-01.png",
            "image_mobile": "https://code.s3.yandex.net/react/code/sauce-01-mobile.png",
            "image_large": "https://code.s3.yandex.net/react/code/sauce-01-large.png",
            "__v": 0
        },
        {
            "_id": "61c0c5a71d1f82001bdaaa76",
            "name": "Хрустящие минеральные кольца",
            "type": "main",
            "proteins": 808,
            "fat": 689,
            "carbohydrates": 609,
            "calories": 986,
            "price": 300,
            "image": "https://code.s3.yandex.net/react/code/mineral_rings.png",
            "image_mobile": "https://code.s3.yandex.net/react/code/mineral_rings-mobile.png",
            "image_large": "https://code.s3.yandex.net/react/code/mineral_rings-large.png",
            "__v": 0
        },
        {
            "_id": "61c0c5a71d1f82001bdaaa77",
            "name": "Плоды Фалленианского дерева",
            "type": "main",
            "proteins": 20,
            "fat": 5,
            "carbohydrates": 55,
            "calories": 77,
            "price": 874,
            "image": "https://code.s3.yandex.net/react/code/sp_1.png",
            "image_mobile": "https://code.s3.yandex.net/react/code/sp_1-mobile.png",
            "image_large": "https://code.s3.yandex.net/react/code/sp_1-large.png",
            "__v": 0
        },
        {
            "_id": "61c0c5a71d1f82001bdaaa78",
            "name": "Кристаллы марсианских альфа-сахаридов",
            "type": "main",
            "proteins": 234,
            "fat": 432,
            "carbohydrates": 111,
            "calories": 189,
            "price": 762,
            "image": "https://code.s3.yandex.net/react/code/core.png",
            "image_mobile": "https://code.s3.yandex.net/react/code/core-mobile.png",
            "image_large": "https://code.s3.yandex.net/react/code/core-large.png",
            "__v": 0
        },
        {
            "_id": "61c0c5a71d1f82001bdaaa79",
            "name": "Мини-салат Экзо-Плантаго",
            "type": "main",
            "proteins": 1,
            "fat": 2,
            "carbohydrates": 3,
            "calories": 6,
            "price": 4400,
            "image": "https://code.s3.yandex.net/react/code/salad.png",
            "image_mobile": "https://code.s3.yandex.net/react/code/salad-mobile.png",
            "image_large": "https://code.s3.yandex.net/react/code/salad-large.png",
            "__v": 0
        },
        {
            "_id": "61c0c5a71d1f82001bdaaa7a",
            "name": "Сыр с астероидной плесенью",
            "type": "main",
            "proteins": 84,
            "fat": 48,
            "carbohydrates": 420,
            "calories": 3377,
            "price": 4142,
            "image": "https://code.s3.yandex.net/react/code/cheese.png",
            "image_mobile": "https://code.s3.yandex.net/react/code/cheese-mobile.png",
            "image_large": "https://code.s3.yandex.net/react/code/cheese-large.png",
            "__v": 0
        }
    ]
}
HTTP/1.1 200 OK
Server: nginx/1.24.0 (Ubuntu)
Date: Mon, 02 Feb 2026 20:03:04 GMT
Content-Type: application/json; charset=utf-8
Content-Length: 5957
Connection: keep-alive
X-Powered-By: Express
Access-Control-Allow-Origin: *
ETag: W/"1745-LHZ7D8kBZWcbCGljCoPXtjB5CeA"

{
    "success": true,
    "data": [
        {
            "_id": "61c0c5a71d1f82001bdaaa6d",
            "name": "Флюоресцентная булка R2-D3",
            "type": "bun",
            "proteins": 44,
            "fat": 26,
            "carbohydrates": 85,
            "calories": 643,
            "price": 988,
            "image": "https://code.s3.yandex.net/react/code/bun-01.png",
            "image_mobile": "https://code.s3.yandex.net/react/code/bun-01-mobile.png",
            "image_large": "https://code.s3.yandex.net/react/code/bun-01-large.png",
            "__v": 0
        },
        {
            "_id": "61c0c5a71d1f82001bdaaa6f",
            "name": "Мясо бессмертных моллюсков Protostomia",
            "type": "main",
            "proteins": 433,
            "fat": 244,
            "carbohydrates": 33,
            "calories": 420,
            "price": 1337,
            "image": "https://code.s3.yandex.net/react/code/meat-02.png",
            "image_mobile": "https://code.s3.yandex.net/react/code/meat-02-mobile.png",
            "image_large": "https://code.s3.yandex.net/react/code/meat-02-large.png",
            "__v": 0
        },
        {
            "_id": "61c0c5a71d1f82001bdaaa70",
            "name": "Говяжий метеорит (отбивная)",
            "type": "main",
            "proteins": 800,
            "fat": 800,
            "carbohydrates": 300,
            "calories": 2674,
            "price": 3000,
            "image": "https://code.s3.yandex.net/react/code/meat-04.png",
            "image_mobile": "https://code.s3.yandex.net/react/code/meat-04-mobile.png",
            "image_large": "https://code.s3.yandex.net/react/code/meat-04-large.png",
            "__v": 0
        },
        {
            "_id": "61c0c5a71d1f82001bdaaa71",
            "name": "Биокотлета из марсианской Магнолии",
            "type": "main",
            "proteins": 420,
            "fat": 142,
            "carbohydrates": 242,
            "calories": 4242,
            "price": 424,
            "image": "https://code.s3.yandex.net/react/code/meat-01.png",
            "image_mobile": "https://code.s3.yandex.net/react/code/meat-01-mobile.png",
            "image_large": "https://code.s3.yandex.net/react/code/meat-01-large.png",
            "__v": 0
        },
        {
            "_id": "61c0c5a71d1f82001bdaaa72",
            "name": "Соус Spicy-X",
            "type": "sauce",
            "proteins": 30,
            "fat": 20,
            "carbohydrates": 40,
            "calories": 30,
            "price": 90,
            "image": "https://code.s3.yandex.net/react/code/sauce-02.png",
            "image_mobile": "https://code.s3.yandex.net/react/code/sauce-02-mobile.png",
            "image_large": "https://code.s3.yandex.net/react/code/sauce-02-large.png",
            "__v": 0
        },
        {
            "_id": "61c0c5a71d1f82001bdaaa6e",
            "name": "Филе Люминесцентного тетраодонтимформа",
            "type": "main",
            "proteins": 44,
            "fat": 26,
            "carbohydrates": 85,
            "calories": 643,
            "price": 988,
            "image": "https://code.s3.yandex.net/react/code/meat-03.png",
            "image_mobile": "https://code.s3.yandex.net/react/code/meat-03-mobile.png",
            "image_large": "https://code.s3.yandex.net/react/code/meat-03-large.png",
            "__v": 0
        },
        {
            "_id": "61c0c5a71d1f82001bdaaa73",
            "name": "Соус фирменный Space Sauce",
            "type": "sauce",
            "proteins": 50,
            "fat": 22,
            "carbohydrates": 11,
            "calories": 14,
            "price": 80,
            "image": "https://code.s3.yandex.net/react/code/sauce-04.png",
            "image_mobile": "https://code.s3.yandex.net/react/code/sauce-04-mobile.png",
            "image_large": "https://code.s3.yandex.net/react/code/sauce-04-large.png",
            "__v": 0
        },
        {
            "_id": "61c0c5a71d1f82001bdaaa74",
            "name": "Соус традиционный галактический",
            "type": "sauce",
            "proteins": 42,
            "fat": 24,
            "carbohydrates": 42,
            "calories": 99,
            "price": 15,
            "image": "https://code.s3.yandex.net/react/code/sauce-03.png",
            "image_mobile": "https://code.s3.yandex.net/react/code/sauce-03-mobile.png",
            "image_large": "https://code.s3.yandex.net/react/code/sauce-03-large.png",
            "__v": 0
        },
        {
            "_id": "61c0c5a71d1f82001bdaaa6c",
            "name": "Краторная булка N-200i",
            "type": "bun",
            "proteins": 80,
            "fat": 24,
            "carbohydrates": 53,
            "calories": 420,
            "price": 1255,
            "image": "https://code.s3.yandex.net/react/code/bun-02.png",
            "image_mobile": "https://code.s3.yandex.net/react/code/bun-02-mobile.png",
            "image_large": "https://code.s3.yandex.net/react/code/bun-02-large.png",
            "__v": 0
        },
        {
            "_id": "61c0c5a71d1f82001bdaaa75",
            "name": "Соус с шипами Антарианского плоскоходца",
            "type": "sauce",
            "proteins": 101,
            "fat": 99,
            "carbohydrates": 100,
            "calories": 100,
            "price": 88,
            "image": "https://code.s3.yandex.net/react/code/sauce-01.png",
            "image_mobile": "https://code.s3.yandex.net/react/code/sauce-01-mobile.png",
            "image_large": "https://code.s3.yandex.net/react/code/sauce-01-large.png",
            "__v": 0
        },
        {
            "_id": "61c0c5a71d1f82001bdaaa76",
            "name": "Хрустящие минеральные кольца",
            "type": "main",
            "proteins": 808,
            "fat": 689,
            "carbohydrates": 609,
            "calories": 986,
            "price": 300,
            "image": "https://code.s3.yandex.net/react/code/mineral_rings.png",
            "image_mobile": "https://code.s3.yandex.net/react/code/mineral_rings-mobile.png",
            "image_large": "https://code.s3.yandex.net/react/code/mineral_rings-large.png",
            "__v": 0
        },
        {
            "_id": "61c0c5a71d1f82001bdaaa77",
            "name": "Плоды Фалленианского дерева",
            "type": "main",
            "proteins": 20,
            "fat": 5,
            "carbohydrates": 55,
            "calories": 77,
            "price": 874,
            "image": "https://code.s3.yandex.net/react/code/sp_1.png",
            "image_mobile": "https://code.s3.yandex.net/react/code/sp_1-mobile.png",
            "image_large": "https://code.s3.yandex.net/react/code/sp_1-large.png",
            "__v": 0
        },
        {
            "_id": "61c0c5a71d1f82001bdaaa78",
            "name": "Кристаллы марсианских альфа-сахаридов",
            "type": "main",
            "proteins": 234,
            "fat": 432,
            "carbohydrates": 111,
            "calories": 189,
            "price": 762,
            "image": "https://code.s3.yandex.net/react/code/core.png",
            "image_mobile": "https://code.s3.yandex.net/react/code/core-mobile.png",
            "image_large": "https://code.s3.yandex.net/react/code/core-large.png",
            "__v": 0
        },
        {
            "_id": "61c0c5a71d1f82001bdaaa79",
            "name": "Мини-салат Экзо-Плантаго",
            "type": "main",
            "proteins": 1,
            "fat": 2,
            "carbohydrates": 3,
            "calories": 6,
            "price": 4400,
            "image": "https://code.s3.yandex.net/react/code/salad.png",
            "image_mobile": "https://code.s3.yandex.net/react/code/salad-mobile.png",
            "image_large": "https://code.s3.yandex.net/react/code/salad-large.png",
            "__v": 0
        },
        {
            "_id": "61c0c5a71d1f82001bdaaa7a",
            "name": "Сыр с астероидной плесенью",
            "type": "main",
            "proteins": 84,
            "fat": 48,
            "carbohydrates": 420,
            "calories": 3377,
            "price": 4142,
            "image": "https://code.s3.yandex.net/react/code/cheese.png",
            "image_mobile": "https://code.s3.yandex.net/react/code/cheese-mobile.png",
            "image_large": "https://code.s3.yandex.net/react/code/cheese-large.png",
            "__v": 0
        }
    ]
}
HTTP/1.1 200 OK
Server: nginx/1.24.0 (Ubuntu)
Date: Mon, 02 Feb 2026 20:03:04 GMT
Content-Type: application/json; charset=utf-8
Content-Length: 5957
Connection: keep-alive
X-Powered-By: Express
Access-Control-Allow-Origin: *
ETag: W/"1745-LHZ7D8kBZWcbCGljCoPXtjB5CeA"

{
    "success": true,
    "data": [
        {
            "_id": "61c0c5a71d1f82001bdaaa6d",
            "name": "Флюоресцентная булка R2-D3",
            "type": "bun",
            "proteins": 44,
            "fat": 26,
            "carbohydrates": 85,
            "calories": 643,
            "price": 988,
            "image": "https://code.s3.yandex.net/react/code/bun-01.png",
            "image_mobile": "https://code.s3.yandex.net/react/code/bun-01-mobile.png",
            "image_large": "https://code.s3.yandex.net/react/code/bun-01-large.png",
            "__v": 0
        },
        {
            "_id": "61c0c5a71d1f82001bdaaa6f",
            "name": "Мясо бессмертных моллюсков Protostomia",
            "type": "main",
            "proteins": 433,
            "fat": 244,
            "carbohydrates": 33,
            "calories": 420,
            "price": 1337,
            "image": "https://code.s3.yandex.net/react/code/meat-02.png",
            "image_mobile": "https://code.s3.yandex.net/react/code/meat-02-mobile.png",
            "image_large": "https://code.s3.yandex.net/react/code/meat-02-large.png",
            "__v": 0
        },
        {
            "_id": "61c0c5a71d1f82001bdaaa70",
            "name": "Говяжий метеорит (отбивная)",
            "type": "main",
            "proteins": 800,
            "fat": 800,
            "carbohydrates": 300,
            "calories": 2674,
            "price": 3000,
            "image": "https://code.s3.yandex.net/react/code/meat-04.png",
            "image_mobile": "https://code.s3.yandex.net/react/code/meat-04-mobile.png",
            "image_large": "https://code.s3.yandex.net/react/code/meat-04-large.png",
            "__v": 0
        },
        {
            "_id": "61c0c5a71d1f82001bdaaa71",
            "name": "Биокотлета из марсианской Магнолии",
            "type": "main",
            "proteins": 420,
            "fat": 142,
            "carbohydrates": 242,
            "calories": 4242,
            "price": 424,
            "image": "https://code.s3.yandex.net/react/code/meat-01.png",
            "image_mobile": "https://code.s3.yandex.net/react/code/meat-01-mobile.png",
            "image_large": "https://code.s3.yandex.net/react/code/meat-01-large.png",
            "__v": 0
        },
        {
            "_id": "61c0c5a71d1f82001bdaaa72",
            "name": "Соус Spicy-X",
            "type": "sauce",
            "proteins": 30,
            "fat": 20,
            "carbohydrates": 40,
            "calories": 30,
            "price": 90,
            "image": "https://code.s3.yandex.net/react/code/sauce-02.png",
            "image_mobile": "https://code.s3.yandex.net/react/code/sauce-02-mobile.png",
            "image_large": "https://code.s3.yandex.net/react/code/sauce-02-large.png",
            "__v": 0
        },
        {
            "_id": "61c0c5a71d1f82001bdaaa6e",
            "name": "Филе Люминесцентного тетраодонтимформа",
            "type": "main",
            "proteins": 44,
            "fat": 26,
            "carbohydrates": 85,
            "calories": 643,
            "price": 988,
            "image": "https://code.s3.yandex.net/react/code/meat-03.png",
            "image_mobile": "https://code.s3.yandex.net/react/code/meat-03-mobile.png",
            "image_large": "https://code.s3.yandex.net/react/code/meat-03-large.png",
            "__v": 0
        },
        {
            "_id": "61c0c5a71d1f82001bdaaa73",
            "name": "Соус фирменный Space Sauce",
            "type": "sauce",
            "proteins": 50,
            "fat": 22,
            "carbohydrates": 11,
            "calories": 14,
            "price": 80,
            "image": "https://code.s3.yandex.net/react/code/sauce-04.png",
            "image_mobile": "https://code.s3.yandex.net/react/code/sauce-04-mobile.png",
            "image_large": "https://code.s3.yandex.net/react/code/sauce-04-large.png",
            "__v": 0
        },
        {
            "_id": "61c0c5a71d1f82001bdaaa74",
            "name": "Соус традиционный галактический",
            "type": "sauce",
            "proteins": 42,
            "fat": 24,
            "carbohydrates": 42,
            "calories": 99,
            "price": 15,
            "image": "https://code.s3.yandex.net/react/code/sauce-03.png",
            "image_mobile": "https://code.s3.yandex.net/react/code/sauce-03-mobile.png",
            "image_large": "https://code.s3.yandex.net/react/code/sauce-03-large.png",
            "__v": 0
        },
        {
            "_id": "61c0c5a71d1f82001bdaaa6c",
            "name": "Краторная булка N-200i",
            "type": "bun",
            "proteins": 80,
            "fat": 24,
            "carbohydrates": 53,
            "calories": 420,
            "price": 1255,
            "image": "https://code.s3.yandex.net/react/code/bun-02.png",
            "image_mobile": "https://code.s3.yandex.net/react/code/bun-02-mobile.png",
            "image_large": "https://code.s3.yandex.net/react/code/bun-02-large.png",
            "__v": 0
        },
        {
            "_id": "61c0c5a71d1f82001bdaaa75",
            "name": "Соус с шипами Антарианского плоскоходца",
            "type": "sauce",
            "proteins": 101,
            "fat": 99,
            "carbohydrates": 100,
            "calories": 100,
            "price": 88,
            "image": "https://code.s3.yandex.net/react/code/sauce-01.png",
            "image_mobile": "https://code.s3.yandex.net/react/code/sauce-01-mobile.png",
            "image_large": "https://code.s3.yandex.net/react/code/sauce-01-large.png",
            "__v": 0
        },
        {
            "_id": "61c0c5a71d1f82001bdaaa76",
            "name": "Хрустящие минеральные кольца",
            "type": "main",
            "proteins": 808,
            "fat": 689,
            "carbohydrates": 609,
            "calories": 986,
            "price": 300,
            "image": "https://code.s3.yandex.net/react/code/mineral_rings.png",
            "image_mobile": "https://code.s3.yandex.net/react/code/mineral_rings-mobile.png",
            "image_large": "https://code.s3.yandex.net/react/code/mineral_rings-large.png",
            "__v": 0
        },
        {
            "_id": "61c0c5a71d1f82001bdaaa77",
            "name": "Плоды Фалленианского дерева",
            "type": "main",
            "proteins": 20,
            "fat": 5,
            "carbohydrates": 55,
            "calories": 77,
            "price": 874,
            "image": "https://code.s3.yandex.net/react/code/sp_1.png",
            "image_mobile": "https://code.s3.yandex.net/react/code/sp_1-mobile.png",
            "image_large": "https://code.s3.yandex.net/react/code/sp_1-large.png",
            "__v": 0
        },
        {
            "_id": "61c0c5a71d1f82001bdaaa78",
            "name": "Кристаллы марсианских альфа-сахаридов",
            "type": "main",
            "proteins": 234,
            "fat": 432,
            "carbohydrates": 111,
            "calories": 189,
            "price": 762,
            "image": "https://code.s3.yandex.net/react/code/core.png",
            "image_mobile": "https://code.s3.yandex.net/react/code/core-mobile.png",
            "image_large": "https://code.s3.yandex.net/react/code/core-large.png",
            "__v": 0
        },
        {
            "_id": "61c0c5a71d1f82001bdaaa79",
            "name": "Мини-салат Экзо-Плантаго",
            "type": "main",
            "proteins": 1,
            "fat": 2,
            "carbohydrates": 3,
            "calories": 6,
            "price": 4400,
            "image": "https://code.s3.yandex.net/react/code/salad.png",
            "image_mobile": "https://code.s3.yandex.net/react/code/salad-mobile.png",
            "image_large": "https://code.s3.yandex.net/react/code/salad-large.png",
            "__v": 0
        },
        {
            "_id": "61c0c5a71d1f82001bdaaa7a",
            "name": "Сыр с астероидной плесенью",
            "type": "main",
            "proteins": 84,
            "fat": 48,
            "carbohydrates": 420,
            "calories": 3377,
            "price": 4142,
            "image": "https://code.s3.yandex.net/react/code/cheese.png",
            "image_mobile": "https://code.s3.yandex.net/react/code/cheese-mobile.png",
            "image_large": "https://code.s3.yandex.net/react/code/cheese-large.png",
            "__v": 0
        }
    ]
}
HTTP/1.1 200 OK
Server: nginx/1.24.0 (Ubuntu)
Date: Mon, 02 Feb 2026 20:03:04 GMT
Content-Type: application/json; charset=utf-8
Content-Length: 5957
Connection: keep-alive
X-Powered-By: Express
Access-Control-Allow-Origin: *
ETag: W/"1745-LHZ7D8kBZWcbCGljCoPXtjB5CeA"

{
    "success": true,
    "data": [
        {
            "_id": "61c0c5a71d1f82001bdaaa6d",
            "name": "Флюоресцентная булка R2-D3",
            "type": "bun",
            "proteins": 44,
            "fat": 26,
            "carbohydrates": 85,
            "calories": 643,
            "price": 988,
            "image": "https://code.s3.yandex.net/react/code/bun-01.png",
            "image_mobile": "https://code.s3.yandex.net/react/code/bun-01-mobile.png",
            "image_large": "https://code.s3.yandex.net/react/code/bun-01-large.png",
            "__v": 0
        },
        {
            "_id": "61c0c5a71d1f82001bdaaa6f",
            "name": "Мясо бессмертных моллюсков Protostomia",
            "type": "main",
            "proteins": 433,
            "fat": 244,
            "carbohydrates": 33,
            "calories": 420,
            "price": 1337,
            "image": "https://code.s3.yandex.net/react/code/meat-02.png",
            "image_mobile": "https://code.s3.yandex.net/react/code/meat-02-mobile.png",
            "image_large": "https://code.s3.yandex.net/react/code/meat-02-large.png",
            "__v": 0
        },
        {
            "_id": "61c0c5a71d1f82001bdaaa70",
            "name": "Говяжий метеорит (отбивная)",
            "type": "main",
            "proteins": 800,
            "fat": 800,
            "carbohydrates": 300,
            "calories": 2674,
            "price": 3000,
            "image": "https://code.s3.yandex.net/react/code/meat-04.png",
            "image_mobile": "https://code.s3.yandex.net/react/code/meat-04-mobile.png",
            "image_large": "https://code.s3.yandex.net/react/code/meat-04-large.png",
            "__v": 0
        },
        {
            "_id": "61c0c5a71d1f82001bdaaa71",
            "name": "Биокотлета из марсианской Магнолии",
            "type": "main",
            "proteins": 420,
            "fat": 142,
            "carbohydrates": 242,
            "calories": 4242,
            "price": 424,
            "image": "https://code.s3.yandex.net/react/code/meat-01.png",
            "image_mobile": "https://code.s3.yandex.net/react/code/meat-01-mobile.png",
            "image_large": "https://code.s3.yandex.net/react/code/meat-01-large.png",
            "__v": 0
        },
        {
            "_id": "61c0c5a71d1f82001bdaaa72",
            "name": "Соус Spicy-X",
            "type": "sauce",
            "proteins": 30,
            "fat": 20,
            "carbohydrates": 40,
            "calories": 30,
            "price": 90,
            "image": "https://code.s3.yandex.net/react/code/sauce-02.png",
            "image_mobile": "https://code.s3.yandex.net/react/code/sauce-02-mobile.png",
            "image_large": "https://code.s3.yandex.net/react/code/sauce-02-large.png",
            "__v": 0
        },
        {
            "_id": "61c0c5a71d1f82001bdaaa6e",
            "name": "Филе Люминесцентного тетраодонтимформа",
            "type": "main",
            "proteins": 44,
            "fat": 26,
            "carbohydrates": 85,
            "calories": 643,
            "price": 988,
            "image": "https://code.s3.yandex.net/react/code/meat-03.png",
            "image_mobile": "https://code.s3.yandex.net/react/code/meat-03-mobile.png",
            "image_large": "https://code.s3.yandex.net/react/code/meat-03-large.png",
            "__v": 0
        },
        {
            "_id": "61c0c5a71d1f82001bdaaa73",
            "name": "Соус фирменный Space Sauce",
            "type": "sauce",
            "proteins": 50,
            "fat": 22,
            "carbohydrates": 11,
            "calories": 14,
            "price": 80,
            "image": "https://code.s3.yandex.net/react/code/sauce-04.png",
            "image_mobile": "https://code.s3.yandex.net/react/code/sauce-04-mobile.png",
            "image_large": "https://code.s3.yandex.net/react/code/sauce-04-large.png",
            "__v": 0
        },
        {
            "_id": "61c0c5a71d1f82001bdaaa74",
            "name": "Соус традиционный галактический",
            "type": "sauce",
            "proteins": 42,
            "fat": 24,
            "carbohydrates": 42,
            "calories": 99,
            "price": 15,
            "image": "https://code.s3.yandex.net/react/code/sauce-03.png",
            "image_mobile": "https://code.s3.yandex.net/react/code/sauce-03-mobile.png",
            "image_large": "https://code.s3.yandex.net/react/code/sauce-03-large.png",
            "__v": 0
        },
        {
            "_id": "61c0c5a71d1f82001bdaaa6c",
            "name": "Краторная булка N-200i",
            "type": "bun",
            "proteins": 80,
            "fat": 24,
            "carbohydrates": 53,
            "calories": 420,
            "price": 1255,
            "image": "https://code.s3.yandex.net/react/code/bun-02.png",
            "image_mobile": "https://code.s3.yandex.net/react/code/bun-02-mobile.png",
            "image_large": "https://code.s3.yandex.net/react/code/bun-02-large.png",
            "__v": 0
        },
        {
            "_id": "61c0c5a71d1f82001bdaaa75",
            "name": "Соус с шипами Антарианского плоскоходца",
            "type": "sauce",
            "proteins": 101,
            "fat": 99,
            "carbohydrates": 100,
            "calories": 100,
            "price": 88,
            "image": "https://code.s3.yandex.net/react/code/sauce-01.png",
            "image_mobile": "https://code.s3.yandex.net/react/code/sauce-01-mobile.png",
            "image_large": "https://code.s3.yandex.net/react/code/sauce-01-large.png",
            "__v": 0
        },
        {
            "_id": "61c0c5a71d1f82001bdaaa76",
            "name": "Хрустящие минеральные кольца",
            "type": "main",
            "proteins": 808,
            "fat": 689,
            "carbohydrates": 609,
            "calories": 986,
            "price": 300,
            "image": "https://code.s3.yandex.net/react/code/mineral_rings.png",
            "image_mobile": "https://code.s3.yandex.net/react/code/mineral_rings-mobile.png",
            "image_large": "https://code.s3.yandex.net/react/code/mineral_rings-large.png",
            "__v": 0
        },
        {
            "_id": "61c0c5a71d1f82001bdaaa77",
            "name": "Плоды Фалленианского дерева",
            "type": "main",
            "proteins": 20,
            "fat": 5,
            "carbohydrates": 55,
            "calories": 77,
            "price": 874,
            "image": "https://code.s3.yandex.net/react/code/sp_1.png",
            "image_mobile": "https://code.s3.yandex.net/react/code/sp_1-mobile.png",
            "image_large": "https://code.s3.yandex.net/react/code/sp_1-large.png",
            "__v": 0
        },
        {
            "_id": "61c0c5a71d1f82001bdaaa78",
            "name": "Кристаллы марсианских альфа-сахаридов",
            "type": "main",
            "proteins": 234,
            "fat": 432,
            "carbohydrates": 111,
            "calories": 189,
            "price": 762,
            "image": "https://code.s3.yandex.net/react/code/core.png",
            "image_mobile": "https://code.s3.yandex.net/react/code/core-mobile.png",
            "image_large": "https://code.s3.yandex.net/react/code/core-large.png",
            "__v": 0
        },
        {
            "_id": "61c0c5a71d1f82001bdaaa79",
            "name": "Мини-салат Экзо-Плантаго",
            "type": "main",
            "proteins": 1,
            "fat": 2,
            "carbohydrates": 3,
            "calories": 6,
            "price": 4400,
            "image": "https://code.s3.yandex.net/react/code/salad.png",
            "image_mobile": "https://code.s3.yandex.net/react/code/salad-mobile.png",
            "image_large": "https://code.s3.yandex.net/react/code/salad-large.png",
            "__v": 0
        },
        {
            "_id": "61c0c5a71d1f82001bdaaa7a",
            "name": "Сыр с астероидной плесенью",
            "type": "main",
            "proteins": 84,
            "fat": 48,
            "carbohydrates": 420,
            "calories": 3377,
            "price": 4142,
            "image": "https://code.s3.yandex.net/react/code/cheese.png",
            "image_mobile": "https://code.s3.yandex.net/react/code/cheese-mobile.png",
            "image_large": "https://code.s3.yandex.net/react/code/cheese-large.png",
            "__v": 0
        }
    ]
}
HTTP/1.1 200 OK
Server: nginx/1.24.0 (Ubuntu)
Date: Mon, 02 Feb 2026 20:03:04 GMT
Content-Type: application/json; charset=utf-8
Content-Length: 5957
Connection: keep-alive
X-Powered-By: Express
Access-Control-Allow-Origin: *
ETag: W/"1745-LHZ7D8kBZWcbCGljCoPXtjB5CeA"

{
    "success": true,
    "data": [
        {
            "_id": "61c0c5a71d1f82001bdaaa6d",
            "name": "Флюоресцентная булка R2-D3",
            "type": "bun",
            "proteins": 44,
            "fat": 26,
            "carbohydrates": 85,
            "calories": 643,
            "price": 988,
            "image": "https://code.s3.yandex.net/react/code/bun-01.png",
            "image_mobile": "https://code.s3.yandex.net/react/code/bun-01-mobile.png",
            "image_large": "https://code.s3.yandex.net/react/code/bun-01-large.png",
            "__v": 0
        },
        {
            "_id": "61c0c5a71d1f82001bdaaa6f",
            "name": "Мясо бессмертных моллюсков Protostomia",
            "type": "main",
            "proteins": 433,
            "fat": 244,
            "carbohydrates": 33,
            "calories": 420,
            "price": 1337,
            "image": "https://code.s3.yandex.net/react/code/meat-02.png",
            "image_mobile": "https://code.s3.yandex.net/react/code/meat-02-mobile.png",
            "image_large": "https://code.s3.yandex.net/react/code/meat-02-large.png",
            "__v": 0
        },
        {
            "_id": "61c0c5a71d1f82001bdaaa70",
            "name": "Говяжий метеорит (отбивная)",
            "type": "main",
            "proteins": 800,
            "fat": 800,
            "carbohydrates": 300,
            "calories": 2674,
            "price": 3000,
            "image": "https://code.s3.yandex.net/react/code/meat-04.png",
            "image_mobile": "https://code.s3.yandex.net/react/code/meat-04-mobile.png",
            "image_large": "https://code.s3.yandex.net/react/code/meat-04-large.png",
            "__v": 0
        },
        {
            "_id": "61c0c5a71d1f82001bdaaa71",
            "name": "Биокотлета из марсианской Магнолии",
            "type": "main",
            "proteins": 420,
            "fat": 142,
            "carbohydrates": 242,
            "calories": 4242,
            "price": 424,
            "image": "https://code.s3.yandex.net/react/code/meat-01.png",
            "image_mobile": "https://code.s3.yandex.net/react/code/meat-01-mobile.png",
            "image_large": "https://code.s3.yandex.net/react/code/meat-01-large.png",
            "__v": 0
        },
        {
            "_id": "61c0c5a71d1f82001bdaaa72",
            "name": "Соус Spicy-X",
            "type": "sauce",
            "proteins": 30,
            "fat": 20,
            "carbohydrates": 40,
            "calories": 30,
            "price": 90,
            "image": "https://code.s3.yandex.net/react/code/sauce-02.png",
            "image_mobile": "https://code.s3.yandex.net/react/code/sauce-02-mobile.png",
            "image_large": "https://code.s3.yandex.net/react/code/sauce-02-large.png",
            "__v": 0
        },
        {
            "_id": "61c0c5a71d1f82001bdaaa6e",
            "name": "Филе Люминесцентного тетраодонтимформа",
            "type": "main",
            "proteins": 44,
            "fat": 26,
            "carbohydrates": 85,
            "calories": 643,
            "price": 988,
            "image": "https://code.s3.yandex.net/react/code/meat-03.png",
            "image_mobile": "https://code.s3.yandex.net/react/code/meat-03-mobile.png",
            "image_large": "https://code.s3.yandex.net/react/code/meat-03-large.png",
            "__v": 0
        },
        {
            "_id": "61c0c5a71d1f82001bdaaa73",
            "name": "Соус фирменный Space Sauce",
            "type": "sauce",
            "proteins": 50,
            "fat": 22,
            "carbohydrates": 11,
            "calories": 14,
            "price": 80,
            "image": "https://code.s3.yandex.net/react/code/sauce-04.png",
            "image_mobile": "https://code.s3.yandex.net/react/code/sauce-04-mobile.png",
            "image_large": "https://code.s3.yandex.net/react/code/sauce-04-large.png",
            "__v": 0
        },
        {
            "_id": "61c0c5a71d1f82001bdaaa74",
            "name": "Соус традиционный галактический",
            "type": "sauce",
            "proteins": 42,
            "fat": 24,
            "carbohydrates": 42,
            "calories": 99,
            "price": 15,
            "image": "https://code.s3.yandex.net/react/code/sauce-03.png",
            "image_mobile": "https://code.s3.yandex.net/react/code/sauce-03-mobile.png",
            "image_large": "https://code.s3.yandex.net/react/code/sauce-03-large.png",
            "__v": 0
        },
        {
            "_id": "61c0c5a71d1f82001bdaaa6c",
            "name": "Краторная булка N-200i",
            "type": "bun",
            "proteins": 80,
            "fat": 24,
            "carbohydrates": 53,
            "calories": 420,
            "price": 1255,
            "image": "https://code.s3.yandex.net/react/code/bun-02.png",
            "image_mobile": "https://code.s3.yandex.net/react/code/bun-02-mobile.png",
            "image_large": "https://code.s3.yandex.net/react/code/bun-02-large.png",
            "__v": 0
        },
        {
            "_id": "61c0c5a71d1f82001bdaaa75",
            "name": "Соус с шипами Антарианского плоскоходца",
            "type": "sauce",
            "proteins": 101,
            "fat": 99,
            "carbohydrates": 100,
            "calories": 100,
            "price": 88,
            "image": "https://code.s3.yandex.net/react/code/sauce-01.png",
            "image_mobile": "https://code.s3.yandex.net/react/code/sauce-01-mobile.png",
            "image_large": "https://code.s3.yandex.net/react/code/sauce-01-large.png",
            "__v": 0
        },
        {
            "_id": "61c0c5a71d1f82001bdaaa76",
            "name": "Хрустящие минеральные кольца",
            "type": "main",
            "proteins": 808,
            "fat": 689,
            "carbohydrates": 609,
            "calories": 986,
            "price": 300,
            "image": "https://code.s3.yandex.net/react/code/mineral_rings.png",
            "image_mobile": "https://code.s3.yandex.net/react/code/mineral_rings-mobile.png",
            "image_large": "https://code.s3.yandex.net/react/code/mineral_rings-large.png",
            "__v": 0
        },
        {
            "_id": "61c0c5a71d1f82001bdaaa77",
            "name": "Плоды Фалленианского дерева",
            "type": "main",
            "proteins": 20,
            "fat": 5,
            "carbohydrates": 55,
            "calories": 77,
            "price": 874,
            "image": "https://code.s3.yandex.net/react/code/sp_1.png",
            "image_mobile": "https://code.s3.yandex.net/react/code/sp_1-mobile.png",
            "image_large": "https://code.s3.yandex.net/react/code/sp_1-large.png",
            "__v": 0
        },
        {
            "_id": "61c0c5a71d1f82001bdaaa78",
            "name": "Кристаллы марсианских альфа-сахаридов",
            "type": "main",
            "proteins": 234,
            "fat": 432,
            "carbohydrates": 111,
            "calories": 189,
            "price": 762,
            "image": "https://code.s3.yandex.net/react/code/core.png",
            "image_mobile": "https://code.s3.yandex.net/react/code/core-mobile.png",
            "image_large": "https://code.s3.yandex.net/react/code/core-large.png",
            "__v": 0
        },
        {
            "_id": "61c0c5a71d1f82001bdaaa79",
            "name": "Мини-салат Экзо-Плантаго",
            "type": "main",
            "proteins": 1,
            "fat": 2,
            "carbohydrates": 3,
            "calories": 6,
            "price": 4400,
            "image": "https://code.s3.yandex.net/react/code/salad.png",
            "image_mobile": "https://code.s3.yandex.net/react/code/salad-mobile.png",
            "image_large": "https://code.s3.yandex.net/react/code/salad-large.png",
            "__v": 0
        },
        {
            "_id": "61c0c5a71d1f82001bdaaa7a",
            "name": "Сыр с астероидной плесенью",
            "type": "main",
            "proteins": 84,
            "fat": 48,
            "carbohydrates": 420,
            "calories": 3377,
            "price": 4142,
            "image": "https://code.s3.yandex.net/react/code/cheese.png",
            "image_mobile": "https://code.s3.yandex.net/react/code/cheese-mobile.png",
            "image_large": "https://code.s3.yandex.net/react/code/cheese-large.png",
            "__v": 0
        }
    ]
}
HTTP/1.1 200 OK
Server: nginx/1.24.0 (Ubuntu)
Date: Mon, 02 Feb 2026 20:03:04 GMT
Content-Type: application/json; charset=utf-8
Content-Length: 5957
Connection: keep-alive
X-Powered-By: Express
Access-Control-Allow-Origin: *
ETag: W/"1745-LHZ7D8kBZWcbCGljCoPXtjB5CeA"

{
    "success": true,
    "data": [
        {
            "_id": "61c0c5a71d1f82001bdaaa6d",
            "name": "Флюоресцентная булка R2-D3",
            "type": "bun",
            "proteins": 44,
            "fat": 26,
            "carbohydrates": 85,
            "calories": 643,
            "price": 988,
            "image": "https://code.s3.yandex.net/react/code/bun-01.png",
            "image_mobile": "https://code.s3.yandex.net/react/code/bun-01-mobile.png",
            "image_large": "https://code.s3.yandex.net/react/code/bun-01-large.png",
            "__v": 0
        },
        {
            "_id": "61c0c5a71d1f82001bdaaa6f",
            "name": "Мясо бессмертных моллюсков Protostomia",
            "type": "main",
            "proteins": 433,
            "fat": 244,
            "carbohydrates": 33,
            "calories": 420,
            "price": 1337,
            "image": "https://code.s3.yandex.net/react/code/meat-02.png",
            "image_mobile": "https://code.s3.yandex.net/react/code/meat-02-mobile.png",
            "image_large": "https://code.s3.yandex.net/react/code/meat-02-large.png",
            "__v": 0
        },
        {
            "_id": "61c0c5a71d1f82001bdaaa70",
            "name": "Говяжий метеорит (отбивная)",
            "type": "main",
            "proteins": 800,
            "fat": 800,
            "carbohydrates": 300,
            "calories": 2674,
            "price": 3000,
            "image": "https://code.s3.yandex.net/react/code/meat-04.png",
            "image_mobile": "https://code.s3.yandex.net/react/code/meat-04-mobile.png",
            "image_large": "https://code.s3.yandex.net/react/code/meat-04-large.png",
            "__v": 0
        },
        {
            "_id": "61c0c5a71d1f82001bdaaa71",
            "name": "Биокотлета из марсианской Магнолии",
            "type": "main",
            "proteins": 420,
            "fat": 142,
            "carbohydrates": 242,
            "calories": 4242,
            "price": 424,
            "image": "https://code.s3.yandex.net/react/code/meat-01.png",
            "image_mobile": "https://code.s3.yandex.net/react/code/meat-01-mobile.png",
            "image_large": "https://code.s3.yandex.net/react/code/meat-01-large.png",
            "__v": 0
        },
        {
            "_id": "61c0c5a71d1f82001bdaaa72",
            "name": "Соус Spicy-X",
            "type": "sauce",
            "proteins": 30,
            "fat": 20,
            "carbohydrates": 40,
            "calories": 30,
            "price": 90,
            "image": "https://code.s3.yandex.net/react/code/sauce-02.png",
            "image_mobile": "https://code.s3.yandex.net/react/code/sauce-02-mobile.png",
            "image_large": "https://code.s3.yandex.net/react/code/sauce-02-large.png",
            "__v": 0
        },
        {
            "_id": "61c0c5a71d1f82001bdaaa6e",
            "name": "Филе Люминесцентного тетраодонтимформа",
            "type": "main",
            "proteins": 44,
            "fat": 26,
            "carbohydrates": 85,
            "calories": 643,
            "price": 988,
            "image": "https://code.s3.yandex.net/react/code/meat-03.png",
            "image_mobile": "https://code.s3.yandex.net/react/code/meat-03-mobile.png",
            "image_large": "https://code.s3.yandex.net/react/code/meat-03-large.png",
            "__v": 0
        },
        {
            "_id": "61c0c5a71d1f82001bdaaa73",
            "name": "Соус фирменный Space Sauce",
            "type": "sauce",
            "proteins": 50,
            "fat": 22,
            "carbohydrates": 11,
            "calories": 14,
            "price": 80,
            "image": "https://code.s3.yandex.net/react/code/sauce-04.png",
            "image_mobile": "https://code.s3.yandex.net/react/code/sauce-04-mobile.png",
            "image_large": "https://code.s3.yandex.net/react/code/sauce-04-large.png",
            "__v": 0
        },
        {
            "_id": "61c0c5a71d1f82001bdaaa74",
            "name": "Соус традиционный галактический",
            "type": "sauce",
            "proteins": 42,
            "fat": 24,
            "carbohydrates": 42,
            "calories": 99,
            "price": 15,
            "image": "https://code.s3.yandex.net/react/code/sauce-03.png",
            "image_mobile": "https://code.s3.yandex.net/react/code/sauce-03-mobile.png",
            "image_large": "https://code.s3.yandex.net/react/code/sauce-03-large.png",
            "__v": 0
        },
        {
            "_id": "61c0c5a71d1f82001bdaaa6c",
            "name": "Краторная булка N-200i",
            "type": "bun",
            "proteins": 80,
            "fat": 24,
            "carbohydrates": 53,
            "calories": 420,
            "price": 1255,
            "image": "https://code.s3.yandex.net/react/code/bun-02.png",
            "image_mobile": "https://code.s3.yandex.net/react/code/bun-02-mobile.png",
            "image_large": "https://code.s3.yandex.net/react/code/bun-02-large.png",
            "__v": 0
        },
        {
            "_id": "61c0c5a71d1f82001bdaaa75",
            "name": "Соус с шипами Антарианского плоскоходца",
            "type": "sauce",
            "proteins": 101,
            "fat": 99,
            "carbohydrates": 100,
            "calories": 100,
            "price": 88,
            "image": "https://code.s3.yandex.net/react/code/sauce-01.png",
            "image_mobile": "https://code.s3.yandex.net/react/code/sauce-01-mobile.png",
            "image_large": "https://code.s3.yandex.net/react/code/sauce-01-large.png",
            "__v": 0
        },
        {
            "_id": "61c0c5a71d1f82001bdaaa76",
            "name": "Хрустящие минеральные кольца",
            "type": "main",
            "proteins": 808,
            "fat": 689,
            "carbohydrates": 609,
            "calories": 986,
            "price": 300,
            "image": "https://code.s3.yandex.net/react/code/mineral_rings.png",
            "image_mobile": "https://code.s3.yandex.net/react/code/mineral_rings-mobile.png",
            "image_large": "https://code.s3.yandex.net/react/code/mineral_rings-large.png",
            "__v": 0
        },
        {
            "_id": "61c0c5a71d1f82001bdaaa77",
            "name": "Плоды Фалленианского дерева",
            "type": "main",
            "proteins": 20,
            "fat": 5,
            "carbohydrates": 55,
            "calories": 77,
            "price": 874,
            "image": "https://code.s3.yandex.net/react/code/sp_1.png",
            "image_mobile": "https://code.s3.yandex.net/react/code/sp_1-mobile.png",
            "image_large": "https://code.s3.yandex.net/react/code/sp_1-large.png",
            "__v": 0
        },
        {
            "_id": "61c0c5a71d1f82001bdaaa78",
            "name": "Кристаллы марсианских альфа-сахаридов",
            "type": "main",
            "proteins": 234,
            "fat": 432,
            "carbohydrates": 111,
            "calories": 189,
            "price": 762,
            "image": "https://code.s3.yandex.net/react/code/core.png",
            "image_mobile": "https://code.s3.yandex.net/react/code/core-mobile.png",
            "image_large": "https://code.s3.yandex.net/react/code/core-large.png",
            "__v": 0
        },
        {
            "_id": "61c0c5a71d1f82001bdaaa79",
            "name": "Мини-салат Экзо-Плантаго",
            "type": "main",
            "proteins": 1,
            "fat": 2,
            "carbohydrates": 3,
            "calories": 6,
            "price": 4400,
            "image": "https://code.s3.yandex.net/react/code/salad.png",
            "image_mobile": "https://code.s3.yandex.net/react/code/salad-mobile.png",
            "image_large": "https://code.s3.yandex.net/react/code/salad-large.png",
            "__v": 0
        },
        {
            "_id": "61c0c5a71d1f82001bdaaa7a",
            "name": "Сыр с астероидной плесенью",
            "type": "main",
            "proteins": 84,
            "fat": 48,
            "carbohydrates": 420,
            "calories": 3377,
            "price": 4142,
            "image": "https://code.s3.yandex.net/react/code/cheese.png",
            "image_mobile": "https://code.s3.yandex.net/react/code/cheese-mobile.png",
            "image_large": "https://code.s3.yandex.net/react/code/cheese-large.png",
            "__v": 0
        }
    ]
}
Request method:	POST
Request URI:	https://stellarburgers.education-services.ru/api/orders
Proxy:			<none>
Request params:	<none>
Query params:	<none>
Form params:	<none>
Path params:	<none>
Headers:		Authorization=Bearer eyJhbGciOiJIUzI1NiIsInR5cCI6IkpXVCJ9.eyJpZCI6IjY5ODEwMmY4OTg0MjcwMDAxYmU0MmQ2NyIsImlhdCI6MTc3MDA2MjU4NCwiZXhwIjoxNzcwMDYzNzg0fQ.Ll1f9IXu5f0qSZxVAExgPW3_lK7PqrH_Y3BgXDvoCZ0
				Accept=*/*
				Content-Type=application/json
Cookies:		<none>
Multiparts:		<none>
Body:
{
    "ingredients": [
        "61c0c5a71d1f82001bdaaa6d"
    ]
}
Request method:	POST
Request URI:	https://stellarburgers.education-services.ru/api/orders
Proxy:			<none>
Request params:	<none>
Query params:	<none>
Form params:	<none>
Path params:	<none>
Headers:		Authorization=Bearer eyJhbGciOiJIUzI1NiIsInR5cCI6IkpXVCJ9.eyJpZCI6IjY5ODEwMmY4OTg0MjcwMDAxYmU0MmQ2NyIsImlhdCI6MTc3MDA2MjU4NCwiZXhwIjoxNzcwMDYzNzg0fQ.Ll1f9IXu5f0qSZxVAExgPW3_lK7PqrH_Y3BgXDvoCZ0
				Accept=*/*
				Content-Type=application/json
Cookies:		<none>
Multiparts:		<none>
Body:
{
    "ingredients": [
        "61c0c5a71d1f82001bdaaa6d"
    ]
}
Request method:	POST
Request URI:	https://stellarburgers.education-services.ru/api/orders
Proxy:			<none>
Request params:	<none>
Query params:	<none>
Form params:	<none>
Path params:	<none>
Headers:		Authorization=Bearer eyJhbGciOiJIUzI1NiIsInR5cCI6IkpXVCJ9.eyJpZCI6IjY5ODEwMmY4OTg0MjcwMDAxYmU0MmQ2NyIsImlhdCI6MTc3MDA2MjU4NCwiZXhwIjoxNzcwMDYzNzg0fQ.Ll1f9IXu5f0qSZxVAExgPW3_lK7PqrH_Y3BgXDvoCZ0
				Accept=*/*
				Content-Type=application/json
Cookies:		<none>
Multiparts:		<none>
Body:
{
    "ingredients": [
        "61c0c5a71d1f82001bdaaa6d"
    ]
}
Request method:	POST
Request URI:	https://stellarburgers.education-services.ru/api/orders
Proxy:			<none>
Request params:	<none>
Query params:	<none>
Form params:	<none>
Path params:	<none>
Headers:		Authorization=Bearer eyJhbGciOiJIUzI1NiIsInR5cCI6IkpXVCJ9.eyJpZCI6IjY5ODEwMmY4OTg0MjcwMDAxYmU0MmQ2NyIsImlhdCI6MTc3MDA2MjU4NCwiZXhwIjoxNzcwMDYzNzg0fQ.Ll1f9IXu5f0qSZxVAExgPW3_lK7PqrH_Y3BgXDvoCZ0
				Accept=*/*
				Content-Type=application/json
Cookies:		<none>
Multiparts:		<none>
Body:
{
    "ingredients": [
        "61c0c5a71d1f82001bdaaa6d"
    ]
}
Request method:	POST
Request URI:	https://stellarburgers.education-services.ru/api/orders
Proxy:			<none>
Request params:	<none>
Query params:	<none>
Form params:	<none>
Path params:	<none>
Headers:		Authorization=Bearer eyJhbGciOiJIUzI1NiIsInR5cCI6IkpXVCJ9.eyJpZCI6IjY5ODEwMmY4OTg0MjcwMDAxYmU0MmQ2NyIsImlhdCI6MTc3MDA2MjU4NCwiZXhwIjoxNzcwMDYzNzg0fQ.Ll1f9IXu5f0qSZxVAExgPW3_lK7PqrH_Y3BgXDvoCZ0
				Accept=*/*
				Content-Type=application/json
Cookies:		<none>
Multiparts:		<none>
Body:
{
    "ingredients": [
        "61c0c5a71d1f82001bdaaa6d"
    ]
}
Request method:	POST
Request URI:	https://stellarburgers.education-services.ru/api/orders
Proxy:			<none>
Request params:	<none>
Query params:	<none>
Form params:	<none>
Path params:	<none>
Headers:		Authorization=Bearer eyJhbGciOiJIUzI1NiIsInR5cCI6IkpXVCJ9.eyJpZCI6IjY5ODEwMmY4OTg0MjcwMDAxYmU0MmQ2NyIsImlhdCI6MTc3MDA2MjU4NCwiZXhwIjoxNzcwMDYzNzg0fQ.Ll1f9IXu5f0qSZxVAExgPW3_lK7PqrH_Y3BgXDvoCZ0
				Accept=*/*
				Content-Type=application/json
Cookies:		<none>
Multiparts:		<none>
Body:
{
    "ingredients": [
        "61c0c5a71d1f82001bdaaa6d"
    ]
}
Request method:	POST
Request URI:	https://stellarburgers.education-services.ru/api/orders
Proxy:			<none>
Request params:	<none>
Query params:	<none>
Form params:	<none>
Path params:	<none>
Headers:		Authorization=Bearer eyJhbGciOiJIUzI1NiIsInR5cCI6IkpXVCJ9.eyJpZCI6IjY5ODEwMmY4OTg0MjcwMDAxYmU0MmQ2NyIsImlhdCI6MTc3MDA2MjU4NCwiZXhwIjoxNzcwMDYzNzg0fQ.Ll1f9IXu5f0qSZxVAExgPW3_lK7PqrH_Y3BgXDvoCZ0
				Accept=*/*
				Content-Type=application/json
Cookies:		<none>
Multiparts:		<none>
Body:
{
    "ingredients": [
        "61c0c5a71d1f82001bdaaa6d"
    ]
}
Request method:	POST
Request URI:	https://stellarburgers.education-services.ru/api/orders
Proxy:			<none>
Request params:	<none>
Query params:	<none>
Form params:	<none>
Path params:	<none>
Headers:		Authorization=Bearer eyJhbGciOiJIUzI1NiIsInR5cCI6IkpXVCJ9.eyJpZCI6IjY5ODEwMmY4OTg0MjcwMDAxYmU0MmQ2NyIsImlhdCI6MTc3MDA2MjU4NCwiZXhwIjoxNzcwMDYzNzg0fQ.Ll1f9IXu5f0qSZxVAExgPW3_lK7PqrH_Y3BgXDvoCZ0
				Accept=*/*
				Content-Type=application/json
Cookies:		<none>
Multiparts:		<none>
Body:
{
    "ingredients": [
        "61c0c5a71d1f82001bdaaa6d"
    ]
}
HTTP/1.1 200 OK
Server: nginx/1.24.0 (Ubuntu)
Date: Mon, 02 Feb 2026 20:03:07 GMT
Content-Type: application/json; charset=utf-8
Content-Length: 842
Connection: keep-alive
X-Powered-By: Express
Access-Control-Allow-Origin: *
ETag: W/"34a-KsON5rKP7cjhKk0UpHlfd+gRegA"

{
    "success": true,
    "name": "Флюоресцентный бургер",
    "order": {
        "ingredients": [
            {
                "_id": "61c0c5a71d1f82001bdaaa6d",
                "name": "Флюоресцентная булка R2-D3",
                "type": "bun",
                "proteins": 44,
                "fat": 26,
                "carbohydrates": 85,
                "calories": 643,
                "price": 988,
                "image": "https://code.s3.yandex.net/react/code/bun-01.png",
                "image_mobile": "https://code.s3.yandex.net/react/code/bun-01-mobile.png",
                "image_large": "https://code.s3.yandex.net/react/code/bun-01-large.png",
                "__v": 0
            }
        ],
        "_id": "698102f9984270001be42d69",
        "owner": {
            "name": "Orders Test User",
            "email": "orders_test_1770062584720@yandex.ru",
            "createdAt": "2026-02-02T20:03:04.870Z",
            "updatedAt": "2026-02-02T20:03:04.870Z"
        },
        "status": "done",
        "name": "Флюоресцентный бургер",
        "createdAt": "2026-02-02T20:03:05.074Z",
        "updatedAt": "2026-02-02T20:03:06.896Z",
        "number": 348033,
        "price": 988
    }
}
HTTP/1.1 200 OK
Server: nginx/1.24.0 (Ubuntu)
Date: Mon, 02 Feb 2026 20:03:07 GMT
Content-Type: application/json; charset=utf-8
Content-Length: 842
Connection: keep-alive
X-Powered-By: Express
Access-Control-Allow-Origin: *
ETag: W/"34a-KsON5rKP7cjhKk0UpHlfd+gRegA"

{
    "success": true,
    "name": "Флюоресцентный бургер",
    "order": {
        "ingredients": [
            {
                "_id": "61c0c5a71d1f82001bdaaa6d",
                "name": "Флюоресцентная булка R2-D3",
                "type": "bun",
                "proteins": 44,
                "fat": 26,
                "carbohydrates": 85,
                "calories": 643,
                "price": 988,
                "image": "https://code.s3.yandex.net/react/code/bun-01.png",
                "image_mobile": "https://code.s3.yandex.net/react/code/bun-01-mobile.png",
                "image_large": "https://code.s3.yandex.net/react/code/bun-01-large.png",
                "__v": 0
            }
        ],
        "_id": "698102f9984270001be42d69",
        "owner": {
            "name": "Orders Test User",
            "email": "orders_test_1770062584720@yandex.ru",
            "createdAt": "2026-02-02T20:03:04.870Z",
            "updatedAt": "2026-02-02T20:03:04.870Z"
        },
        "status": "done",
        "name": "Флюоресцентный бургер",
        "createdAt": "2026-02-02T20:03:05.074Z",
        "updatedAt": "2026-02-02T20:03:06.896Z",
        "number": 348033,
        "price": 988
    }
}
HTTP/1.1 200 OK
Server: nginx/1.24.0 (Ubuntu)
Date: Mon, 02 Feb 2026 20:03:07 GMT
Content-Type: application/json; charset=utf-8
Content-Length: 842
Connection: keep-alive
X-Powered-By: Express
Access-Control-Allow-Origin: *
ETag: W/"34a-KsON5rKP7cjhKk0UpHlfd+gRegA"

{
    "success": true,
    "name": "Флюоресцентный бургер",
    "order": {
        "ingredients": [
            {
                "_id": "61c0c5a71d1f82001bdaaa6d",
                "name": "Флюоресцентная булка R2-D3",
                "type": "bun",
                "proteins": 44,
                "fat": 26,
                "carbohydrates": 85,
                "calories": 643,
                "price": 988,
                "image": "https://code.s3.yandex.net/react/code/bun-01.png",
                "image_mobile": "https://code.s3.yandex.net/react/code/bun-01-mobile.png",
                "image_large": "https://code.s3.yandex.net/react/code/bun-01-large.png",
                "__v": 0
            }
        ],
        "_id": "698102f9984270001be42d69",
        "owner": {
            "name": "Orders Test User",
            "email": "orders_test_1770062584720@yandex.ru",
            "createdAt": "2026-02-02T20:03:04.870Z",
            "updatedAt": "2026-02-02T20:03:04.870Z"
        },
        "status": "done",
        "name": "Флюоресцентный бургер",
        "createdAt": "2026-02-02T20:03:05.074Z",
        "updatedAt": "2026-02-02T20:03:06.896Z",
        "number": 348033,
        "price": 988
    }
}
HTTP/1.1 200 OK
Server: nginx/1.24.0 (Ubuntu)
Date: Mon, 02 Feb 2026 20:03:07 GMT
Content-Type: application/json; charset=utf-8
Content-Length: 842
Connection: keep-alive
X-Powered-By: Express
Access-Control-Allow-Origin: *
ETag: W/"34a-KsON5rKP7cjhKk0UpHlfd+gRegA"

{
    "success": true,
    "name": "Флюоресцентный бургер",
    "order": {
        "ingredients": [
            {
                "_id": "61c0c5a71d1f82001bdaaa6d",
                "name": "Флюоресцентная булка R2-D3",
                "type": "bun",
                "proteins": 44,
                "fat": 26,
                "carbohydrates": 85,
                "calories": 643,
                "price": 988,
                "image": "https://code.s3.yandex.net/react/code/bun-01.png",
                "image_mobile": "https://code.s3.yandex.net/react/code/bun-01-mobile.png",
                "image_large": "https://code.s3.yandex.net/react/code/bun-01-large.png",
                "__v": 0
            }
        ],
        "_id": "698102f9984270001be42d69",
        "owner": {
            "name": "Orders Test User",
            "email": "orders_test_1770062584720@yandex.ru",
            "createdAt": "2026-02-02T20:03:04.870Z",
            "updatedAt": "2026-02-02T20:03:04.870Z"
        },
        "status": "done",
        "name": "Флюоресцентный бургер",
        "createdAt": "2026-02-02T20:03:05.074Z",
        "updatedAt": "2026-02-02T20:03:06.896Z",
        "number": 348033,
        "price": 988
    }
}
HTTP/1.1 200 OK
Server: nginx/1.24.0 (Ubuntu)
Date: Mon, 02 Feb 2026 20:03:07 GMT
Content-Type: application/json; charset=utf-8
Content-Length: 842
Connection: keep-alive
X-Powered-By: Express
Access-Control-Allow-Origin: *
ETag: W/"34a-KsON5rKP7cjhKk0UpHlfd+gRegA"

{
    "success": true,
    "name": "Флюоресцентный бургер",
    "order": {
        "ingredients": [
            {
                "_id": "61c0c5a71d1f82001bdaaa6d",
                "name": "Флюоресцентная булка R2-D3",
                "type": "bun",
                "proteins": 44,
                "fat": 26,
                "carbohydrates": 85,
                "calories": 643,
                "price": 988,
                "image": "https://code.s3.yandex.net/react/code/bun-01.png",
                "image_mobile": "https://code.s3.yandex.net/react/code/bun-01-mobile.png",
                "image_large": "https://code.s3.yandex.net/react/code/bun-01-large.png",
                "__v": 0
            }
        ],
        "_id": "698102f9984270001be42d69",
        "owner": {
            "name": "Orders Test User",
            "email": "orders_test_1770062584720@yandex.ru",
            "createdAt": "2026-02-02T20:03:04.870Z",
            "updatedAt": "2026-02-02T20:03:04.870Z"
        },
        "status": "done",
        "name": "Флюоресцентный бургер",
        "createdAt": "2026-02-02T20:03:05.074Z",
        "updatedAt": "2026-02-02T20:03:06.896Z",
        "number": 348033,
        "price": 988
    }
}
HTTP/1.1 200 OK
Server: nginx/1.24.0 (Ubuntu)
Date: Mon, 02 Feb 2026 20:03:07 GMT
Content-Type: application/json; charset=utf-8
Content-Length: 842
Connection: keep-alive
X-Powered-By: Express
Access-Control-Allow-Origin: *
ETag: W/"34a-KsON5rKP7cjhKk0UpHlfd+gRegA"

{
    "success": true,
    "name": "Флюоресцентный бургер",
    "order": {
        "ingredients": [
            {
                "_id": "61c0c5a71d1f82001bdaaa6d",
                "name": "Флюоресцентная булка R2-D3",
                "type": "bun",
                "proteins": 44,
                "fat": 26,
                "carbohydrates": 85,
                "calories": 643,
                "price": 988,
                "image": "https://code.s3.yandex.net/react/code/bun-01.png",
                "image_mobile": "https://code.s3.yandex.net/react/code/bun-01-mobile.png",
                "image_large": "https://code.s3.yandex.net/react/code/bun-01-large.png",
                "__v": 0
            }
        ],
        "_id": "698102f9984270001be42d69",
        "owner": {
            "name": "Orders Test User",
            "email": "orders_test_1770062584720@yandex.ru",
            "createdAt": "2026-02-02T20:03:04.870Z",
            "updatedAt": "2026-02-02T20:03:04.870Z"
        },
        "status": "done",
        "name": "Флюоресцентный бургер",
        "createdAt": "2026-02-02T20:03:05.074Z",
        "updatedAt": "2026-02-02T20:03:06.896Z",
        "number": 348033,
        "price": 988
    }
}
HTTP/1.1 200 OK
Server: nginx/1.24.0 (Ubuntu)
Date: Mon, 02 Feb 2026 20:03:07 GMT
Content-Type: application/json; charset=utf-8
Content-Length: 842
Connection: keep-alive
X-Powered-By: Express
Access-Control-Allow-Origin: *
ETag: W/"34a-KsON5rKP7cjhKk0UpHlfd+gRegA"

{
    "success": true,
    "name": "Флюоресцентный бургер",
    "order": {
        "ingredients": [
            {
                "_id": "61c0c5a71d1f82001bdaaa6d",
                "name": "Флюоресцентная булка R2-D3",
                "type": "bun",
                "proteins": 44,
                "fat": 26,
                "carbohydrates": 85,
                "calories": 643,
                "price": 988,
                "image": "https://code.s3.yandex.net/react/code/bun-01.png",
                "image_mobile": "https://code.s3.yandex.net/react/code/bun-01-mobile.png",
                "image_large": "https://code.s3.yandex.net/react/code/bun-01-large.png",
                "__v": 0
            }
        ],
        "_id": "698102f9984270001be42d69",
        "owner": {
            "name": "Orders Test User",
            "email": "orders_test_1770062584720@yandex.ru",
            "createdAt": "2026-02-02T20:03:04.870Z",
            "updatedAt": "2026-02-02T20:03:04.870Z"
        },
        "status": "done",
        "name": "Флюоресцентный бургер",
        "createdAt": "2026-02-02T20:03:05.074Z",
        "updatedAt": "2026-02-02T20:03:06.896Z",
        "number": 348033,
        "price": 988
    }
}
HTTP/1.1 200 OK
Server: nginx/1.24.0 (Ubuntu)
Date: Mon, 02 Feb 2026 20:03:07 GMT
Content-Type: application/json; charset=utf-8
Content-Length: 842
Connection: keep-alive
X-Powered-By: Express
Access-Control-Allow-Origin: *
ETag: W/"34a-KsON5rKP7cjhKk0UpHlfd+gRegA"

{
    "success": true,
    "name": "Флюоресцентный бургер",
    "order": {
        "ingredients": [
            {
                "_id": "61c0c5a71d1f82001bdaaa6d",
                "name": "Флюоресцентная булка R2-D3",
                "type": "bun",
                "proteins": 44,
                "fat": 26,
                "carbohydrates": 85,
                "calories": 643,
                "price": 988,
                "image": "https://code.s3.yandex.net/react/code/bun-01.png",
                "image_mobile": "https://code.s3.yandex.net/react/code/bun-01-mobile.png",
                "image_large": "https://code.s3.yandex.net/react/code/bun-01-large.png",
                "__v": 0
            }
        ],
        "_id": "698102f9984270001be42d69",
        "owner": {
            "name": "Orders Test User",
            "email": "orders_test_1770062584720@yandex.ru",
            "createdAt": "2026-02-02T20:03:04.870Z",
            "updatedAt": "2026-02-02T20:03:04.870Z"
        },
        "status": "done",
        "name": "Флюоресцентный бургер",
        "createdAt": "2026-02-02T20:03:05.074Z",
        "updatedAt": "2026-02-02T20:03:06.896Z",
        "number": 348033,
        "price": 988
    }
}
Request method:	GET
Request URI:	https://stellarburgers.education-services.ru/api/orders
Proxy:			<none>
Request params:	<none>
Query params:	<none>
Form params:	<none>
Path params:	<none>
Headers:		Authorization=Bearer eyJhbGciOiJIUzI1NiIsInR5cCI6IkpXVCJ9.eyJpZCI6IjY5ODEwMmY4OTg0MjcwMDAxYmU0MmQ2NyIsImlhdCI6MTc3MDA2MjU4NCwiZXhwIjoxNzcwMDYzNzg0fQ.Ll1f9IXu5f0qSZxVAExgPW3_lK7PqrH_Y3BgXDvoCZ0
				Accept=*/*
Cookies:		<none>
Multiparts:		<none>
Body:			<none>
Request method:	GET
Request URI:	https://stellarburgers.education-services.ru/api/orders
Proxy:			<none>
Request params:	<none>
Query params:	<none>
Form params:	<none>
Path params:	<none>
Headers:		Authorization=Bearer eyJhbGciOiJIUzI1NiIsInR5cCI6IkpXVCJ9.eyJpZCI6IjY5ODEwMmY4OTg0MjcwMDAxYmU0MmQ2NyIsImlhdCI6MTc3MDA2MjU4NCwiZXhwIjoxNzcwMDYzNzg0fQ.Ll1f9IXu5f0qSZxVAExgPW3_lK7PqrH_Y3BgXDvoCZ0
				Accept=*/*
Cookies:		<none>
Multiparts:		<none>
Body:			<none>
Request method:	GET
Request URI:	https://stellarburgers.education-services.ru/api/orders
Proxy:			<none>
Request params:	<none>
Query params:	<none>
Form params:	<none>
Path params:	<none>
Headers:		Authorization=Bearer eyJhbGciOiJIUzI1NiIsInR5cCI6IkpXVCJ9.eyJpZCI6IjY5ODEwMmY4OTg0MjcwMDAxYmU0MmQ2NyIsImlhdCI6MTc3MDA2MjU4NCwiZXhwIjoxNzcwMDYzNzg0fQ.Ll1f9IXu5f0qSZxVAExgPW3_lK7PqrH_Y3BgXDvoCZ0
				Accept=*/*
Cookies:		<none>
Multiparts:		<none>
Body:			<none>
Request method:	GET
Request URI:	https://stellarburgers.education-services.ru/api/orders
Proxy:			<none>
Request params:	<none>
Query params:	<none>
Form params:	<none>
Path params:	<none>
Headers:		Authorization=Bearer eyJhbGciOiJIUzI1NiIsInR5cCI6IkpXVCJ9.eyJpZCI6IjY5ODEwMmY4OTg0MjcwMDAxYmU0MmQ2NyIsImlhdCI6MTc3MDA2MjU4NCwiZXhwIjoxNzcwMDYzNzg0fQ.Ll1f9IXu5f0qSZxVAExgPW3_lK7PqrH_Y3BgXDvoCZ0
				Accept=*/*
Cookies:		<none>
Multiparts:		<none>
Body:			<none>
Request method:	GET
Request URI:	https://stellarburgers.education-services.ru/api/orders
Proxy:			<none>
Request params:	<none>
Query params:	<none>
Form params:	<none>
Path params:	<none>
Headers:		Authorization=Bearer eyJhbGciOiJIUzI1NiIsInR5cCI6IkpXVCJ9.eyJpZCI6IjY5ODEwMmY4OTg0MjcwMDAxYmU0MmQ2NyIsImlhdCI6MTc3MDA2MjU4NCwiZXhwIjoxNzcwMDYzNzg0fQ.Ll1f9IXu5f0qSZxVAExgPW3_lK7PqrH_Y3BgXDvoCZ0
				Accept=*/*
Cookies:		<none>
Multiparts:		<none>
Body:			<none>
Request method:	GET
Request URI:	https://stellarburgers.education-services.ru/api/orders
Proxy:			<none>
Request params:	<none>
Query params:	<none>
Form params:	<none>
Path params:	<none>
Headers:		Authorization=Bearer eyJhbGciOiJIUzI1NiIsInR5cCI6IkpXVCJ9.eyJpZCI6IjY5ODEwMmY4OTg0MjcwMDAxYmU0MmQ2NyIsImlhdCI6MTc3MDA2MjU4NCwiZXhwIjoxNzcwMDYzNzg0fQ.Ll1f9IXu5f0qSZxVAExgPW3_lK7PqrH_Y3BgXDvoCZ0
				Accept=*/*
Cookies:		<none>
Multiparts:		<none>
Body:			<none>
Request method:	GET
Request URI:	https://stellarburgers.education-services.ru/api/orders
Proxy:			<none>
Request params:	<none>
Query params:	<none>
Form params:	<none>
Path params:	<none>
Headers:		Authorization=Bearer eyJhbGciOiJIUzI1NiIsInR5cCI6IkpXVCJ9.eyJpZCI6IjY5ODEwMmY4OTg0MjcwMDAxYmU0MmQ2NyIsImlhdCI6MTc3MDA2MjU4NCwiZXhwIjoxNzcwMDYzNzg0fQ.Ll1f9IXu5f0qSZxVAExgPW3_lK7PqrH_Y3BgXDvoCZ0
				Accept=*/*
Cookies:		<none>
Multiparts:		<none>
Body:			<none>
Request method:	GET
Request URI:	https://stellarburgers.education-services.ru/api/orders
Proxy:			<none>
Request params:	<none>
Query params:	<none>
Form params:	<none>
Path params:	<none>
Headers:		Authorization=Bearer eyJhbGciOiJIUzI1NiIsInR5cCI6IkpXVCJ9.eyJpZCI6IjY5ODEwMmY4OTg0MjcwMDAxYmU0MmQ2NyIsImlhdCI6MTc3MDA2MjU4NCwiZXhwIjoxNzcwMDYzNzg0fQ.Ll1f9IXu5f0qSZxVAExgPW3_lK7PqrH_Y3BgXDvoCZ0
				Accept=*/*
Cookies:		<none>
Multiparts:		<none>
Body:			<none>
HTTP/1.1 200 OK
Server: nginx/1.24.0 (Ubuntu)
Date: Mon, 02 Feb 2026 20:03:08 GMT
Content-Type: application/json; charset=utf-8
Content-Length: 297
Connection: keep-alive
X-Powered-By: Express
Access-Control-Allow-Origin: *
ETag: W/"129-EIRyeHQ8+0SRq0JMdy5KXuMm6m0"

{
    "success": true,
    "orders": [
        {
            "_id": "698102f9984270001be42d69",
            "ingredients": [
                "61c0c5a71d1f82001bdaaa6d"
            ],
            "status": "done",
            "name": "Флюоресцентный бургер",
            "createdAt": "2026-02-02T20:03:05.074Z",
            "updatedAt": "2026-02-02T20:03:06.896Z",
            "number": 348033
        }
    ],
    "total": 348033,
    "totalToday": 80
}
HTTP/1.1 200 OK
Server: nginx/1.24.0 (Ubuntu)
Date: Mon, 02 Feb 2026 20:03:08 GMT
Content-Type: application/json; charset=utf-8
Content-Length: 297
Connection: keep-alive
X-Powered-By: Express
Access-Control-Allow-Origin: *
ETag: W/"129-EIRyeHQ8+0SRq0JMdy5KXuMm6m0"

{
    "success": true,
    "orders": [
        {
            "_id": "698102f9984270001be42d69",
            "ingredients": [
                "61c0c5a71d1f82001bdaaa6d"
            ],
            "status": "done",
            "name": "Флюоресцентный бургер",
            "createdAt": "2026-02-02T20:03:05.074Z",
            "updatedAt": "2026-02-02T20:03:06.896Z",
            "number": 348033
        }
    ],
    "total": 348033,
    "totalToday": 80
}
HTTP/1.1 200 OK
Server: nginx/1.24.0 (Ubuntu)
Date: Mon, 02 Feb 2026 20:03:08 GMT
Content-Type: application/json; charset=utf-8
Content-Length: 297
Connection: keep-alive
X-Powered-By: Express
Access-Control-Allow-Origin: *
ETag: W/"129-EIRyeHQ8+0SRq0JMdy5KXuMm6m0"

{
    "success": true,
    "orders": [
        {
            "_id": "698102f9984270001be42d69",
            "ingredients": [
                "61c0c5a71d1f82001bdaaa6d"
            ],
            "status": "done",
            "name": "Флюоресцентный бургер",
            "createdAt": "2026-02-02T20:03:05.074Z",
            "updatedAt": "2026-02-02T20:03:06.896Z",
            "number": 348033
        }
    ],
    "total": 348033,
    "totalToday": 80
}
HTTP/1.1 200 OK
Server: nginx/1.24.0 (Ubuntu)
Date: Mon, 02 Feb 2026 20:03:08 GMT
Content-Type: application/json; charset=utf-8
Content-Length: 297
Connection: keep-alive
X-Powered-By: Express
Access-Control-Allow-Origin: *
ETag: W/"129-EIRyeHQ8+0SRq0JMdy5KXuMm6m0"

{
    "success": true,
    "orders": [
        {
            "_id": "698102f9984270001be42d69",
            "ingredients": [
                "61c0c5a71d1f82001bdaaa6d"
            ],
            "status": "done",
            "name": "Флюоресцентный бургер",
            "createdAt": "2026-02-02T20:03:05.074Z",
            "updatedAt": "2026-02-02T20:03:06.896Z",
            "number": 348033
        }
    ],
    "total": 348033,
    "totalToday": 80
}
HTTP/1.1 200 OK
Server: nginx/1.24.0 (Ubuntu)
Date: Mon, 02 Feb 2026 20:03:08 GMT
Content-Type: application/json; charset=utf-8
Content-Length: 297
Connection: keep-alive
X-Powered-By: Express
Access-Control-Allow-Origin: *
ETag: W/"129-EIRyeHQ8+0SRq0JMdy5KXuMm6m0"

{
    "success": true,
    "orders": [
        {
            "_id": "698102f9984270001be42d69",
            "ingredients": [
                "61c0c5a71d1f82001bdaaa6d"
            ],
            "status": "done",
            "name": "Флюоресцентный бургер",
            "createdAt": "2026-02-02T20:03:05.074Z",
            "updatedAt": "2026-02-02T20:03:06.896Z",
            "number": 348033
        }
    ],
    "total": 348033,
    "totalToday": 80
}
HTTP/1.1 200 OK
Server: nginx/1.24.0 (Ubuntu)
Date: Mon, 02 Feb 2026 20:03:08 GMT
Content-Type: application/json; charset=utf-8
Content-Length: 297
Connection: keep-alive
X-Powered-By: Express
Access-Control-Allow-Origin: *
ETag: W/"129-EIRyeHQ8+0SRq0JMdy5KXuMm6m0"

{
    "success": true,
    "orders": [
        {
            "_id": "698102f9984270001be42d69",
            "ingredients": [
                "61c0c5a71d1f82001bdaaa6d"
            ],
            "status": "done",
            "name": "Флюоресцентный бургер",
            "createdAt": "2026-02-02T20:03:05.074Z",
            "updatedAt": "2026-02-02T20:03:06.896Z",
            "number": 348033
        }
    ],
    "total": 348033,
    "totalToday": 80
}
HTTP/1.1 200 OK
Server: nginx/1.24.0 (Ubuntu)
Date: Mon, 02 Feb 2026 20:03:08 GMT
Content-Type: application/json; charset=utf-8
Content-Length: 297
Connection: keep-alive
X-Powered-By: Express
Access-Control-Allow-Origin: *
ETag: W/"129-EIRyeHQ8+0SRq0JMdy5KXuMm6m0"

{
    "success": true,
    "orders": [
        {
            "_id": "698102f9984270001be42d69",
            "ingredients": [
                "61c0c5a71d1f82001bdaaa6d"
            ],
            "status": "done",
            "name": "Флюоресцентный бургер",
            "createdAt": "2026-02-02T20:03:05.074Z",
            "updatedAt": "2026-02-02T20:03:06.896Z",
            "number": 348033
        }
    ],
    "total": 348033,
    "totalToday": 80
}
HTTP/1.1 200 OK
Server: nginx/1.24.0 (Ubuntu)
Date: Mon, 02 Feb 2026 20:03:08 GMT
Content-Type: application/json; charset=utf-8
Content-Length: 297
Connection: keep-alive
X-Powered-By: Express
Access-Control-Allow-Origin: *
ETag: W/"129-EIRyeHQ8+0SRq0JMdy5KXuMm6m0"

{
    "success": true,
    "orders": [
        {
            "_id": "698102f9984270001be42d69",
            "ingredients": [
                "61c0c5a71d1f82001bdaaa6d"
            ],
            "status": "done",
            "name": "Флюоресцентный бургер",
            "createdAt": "2026-02-02T20:03:05.074Z",
            "updatedAt": "2026-02-02T20:03:06.896Z",
            "number": 348033
        }
    ],
    "total": 348033,
    "totalToday": 80
}
Request method:	DELETE
Request URI:	https://stellarburgers.education-services.ru/api/auth/user
Proxy:			<none>
Request params:	<none>
Query params:	<none>
Form params:	<none>
Path params:	<none>
Headers:		Authorization=Bearer eyJhbGciOiJIUzI1NiIsInR5cCI6IkpXVCJ9.eyJpZCI6IjY5ODEwMmY4OTg0MjcwMDAxYmU0MmQ2NyIsImlhdCI6MTc3MDA2MjU4NCwiZXhwIjoxNzcwMDYzNzg0fQ.Ll1f9IXu5f0qSZxVAExgPW3_lK7PqrH_Y3BgXDvoCZ0
				Accept=*/*
Cookies:		<none>
Multiparts:		<none>
Body:			<none>
Request method:	DELETE
Request URI:	https://stellarburgers.education-services.ru/api/auth/user
Proxy:			<none>
Request params:	<none>
Query params:	<none>
Form params:	<none>
Path params:	<none>
Headers:		Authorization=Bearer eyJhbGciOiJIUzI1NiIsInR5cCI6IkpXVCJ9.eyJpZCI6IjY5ODEwMmY4OTg0MjcwMDAxYmU0MmQ2NyIsImlhdCI6MTc3MDA2MjU4NCwiZXhwIjoxNzcwMDYzNzg0fQ.Ll1f9IXu5f0qSZxVAExgPW3_lK7PqrH_Y3BgXDvoCZ0
				Accept=*/*
Cookies:		<none>
Multiparts:		<none>
Body:			<none>
Request method:	DELETE
Request URI:	https://stellarburgers.education-services.ru/api/auth/user
Proxy:			<none>
Request params:	<none>
Query params:	<none>
Form params:	<none>
Path params:	<none>
Headers:		Authorization=Bearer eyJhbGciOiJIUzI1NiIsInR5cCI6IkpXVCJ9.eyJpZCI6IjY5ODEwMmY4OTg0MjcwMDAxYmU0MmQ2NyIsImlhdCI6MTc3MDA2MjU4NCwiZXhwIjoxNzcwMDYzNzg0fQ.Ll1f9IXu5f0qSZxVAExgPW3_lK7PqrH_Y3BgXDvoCZ0
				Accept=*/*
Cookies:		<none>
Multiparts:		<none>
Body:			<none>
Request method:	DELETE
Request URI:	https://stellarburgers.education-services.ru/api/auth/user
Proxy:			<none>
Request params:	<none>
Query params:	<none>
Form params:	<none>
Path params:	<none>
Headers:		Authorization=Bearer eyJhbGciOiJIUzI1NiIsInR5cCI6IkpXVCJ9.eyJpZCI6IjY5ODEwMmY4OTg0MjcwMDAxYmU0MmQ2NyIsImlhdCI6MTc3MDA2MjU4NCwiZXhwIjoxNzcwMDYzNzg0fQ.Ll1f9IXu5f0qSZxVAExgPW3_lK7PqrH_Y3BgXDvoCZ0
				Accept=*/*
Cookies:		<none>
Multiparts:		<none>
Body:			<none>
Request method:	DELETE
Request URI:	https://stellarburgers.education-services.ru/api/auth/user
Proxy:			<none>
Request params:	<none>
Query params:	<none>
Form params:	<none>
Path params:	<none>
Headers:		Authorization=Bearer eyJhbGciOiJIUzI1NiIsInR5cCI6IkpXVCJ9.eyJpZCI6IjY5ODEwMmY4OTg0MjcwMDAxYmU0MmQ2NyIsImlhdCI6MTc3MDA2MjU4NCwiZXhwIjoxNzcwMDYzNzg0fQ.Ll1f9IXu5f0qSZxVAExgPW3_lK7PqrH_Y3BgXDvoCZ0
				Accept=*/*
Cookies:		<none>
Multiparts:		<none>
Body:			<none>
Request method:	DELETE
Request URI:	https://stellarburgers.education-services.ru/api/auth/user
Proxy:			<none>
Request params:	<none>
Query params:	<none>
Form params:	<none>
Path params:	<none>
Headers:		Authorization=Bearer eyJhbGciOiJIUzI1NiIsInR5cCI6IkpXVCJ9.eyJpZCI6IjY5ODEwMmY4OTg0MjcwMDAxYmU0MmQ2NyIsImlhdCI6MTc3MDA2MjU4NCwiZXhwIjoxNzcwMDYzNzg0fQ.Ll1f9IXu5f0qSZxVAExgPW3_lK7PqrH_Y3BgXDvoCZ0
				Accept=*/*
Cookies:		<none>
Multiparts:		<none>
Body:			<none>
Request method:	DELETE
Request URI:	https://stellarburgers.education-services.ru/api/auth/user
Proxy:			<none>
Request params:	<none>
Query params:	<none>
Form params:	<none>
Path params:	<none>
Headers:		Authorization=Bearer eyJhbGciOiJIUzI1NiIsInR5cCI6IkpXVCJ9.eyJpZCI6IjY5ODEwMmY4OTg0MjcwMDAxYmU0MmQ2NyIsImlhdCI6MTc3MDA2MjU4NCwiZXhwIjoxNzcwMDYzNzg0fQ.Ll1f9IXu5f0qSZxVAExgPW3_lK7PqrH_Y3BgXDvoCZ0
				Accept=*/*
Cookies:		<none>
Multiparts:		<none>
Body:			<none>
Request method:	DELETE
Request URI:	https://stellarburgers.education-services.ru/api/auth/user
Proxy:			<none>
Request params:	<none>
Query params:	<none>
Form params:	<none>
Path params:	<none>
Headers:		Authorization=Bearer eyJhbGciOiJIUzI1NiIsInR5cCI6IkpXVCJ9.eyJpZCI6IjY5ODEwMmY4OTg0MjcwMDAxYmU0MmQ2NyIsImlhdCI6MTc3MDA2MjU4NCwiZXhwIjoxNzcwMDYzNzg0fQ.Ll1f9IXu5f0qSZxVAExgPW3_lK7PqrH_Y3BgXDvoCZ0
				Accept=*/*
Cookies:		<none>
Multiparts:		<none>
Body:			<none>
HTTP/1.1 202 Accepted
Server: nginx/1.24.0 (Ubuntu)
Date: Mon, 02 Feb 2026 20:03:09 GMT
Content-Type: application/json; charset=utf-8
Content-Length: 54
Connection: keep-alive
X-Powered-By: Express
Access-Control-Allow-Origin: *
ETag: W/"36-hDmZnQ3Ou/ynnqAeC6TYmyseuzY"

{
    "success": true,
    "message": "User successfully removed"
}
HTTP/1.1 202 Accepted
Server: nginx/1.24.0 (Ubuntu)
Date: Mon, 02 Feb 2026 20:03:09 GMT
Content-Type: application/json; charset=utf-8
Content-Length: 54
Connection: keep-alive
X-Powered-By: Express
Access-Control-Allow-Origin: *
ETag: W/"36-hDmZnQ3Ou/ynnqAeC6TYmyseuzY"

{
    "success": true,
    "message": "User successfully removed"
}
HTTP/1.1 202 Accepted
Server: nginx/1.24.0 (Ubuntu)
Date: Mon, 02 Feb 2026 20:03:09 GMT
Content-Type: application/json; charset=utf-8
Content-Length: 54
Connection: keep-alive
X-Powered-By: Express
Access-Control-Allow-Origin: *
ETag: W/"36-hDmZnQ3Ou/ynnqAeC6TYmyseuzY"

{
    "success": true,
    "message": "User successfully removed"
}
HTTP/1.1 202 Accepted
Server: nginx/1.24.0 (Ubuntu)
Date: Mon, 02 Feb 2026 20:03:09 GMT
Content-Type: application/json; charset=utf-8
Content-Length: 54
Connection: keep-alive
X-Powered-By: Express
Access-Control-Allow-Origin: *
ETag: W/"36-hDmZnQ3Ou/ynnqAeC6TYmyseuzY"

{
    "success": true,
    "message": "User successfully removed"
}
HTTP/1.1 202 Accepted
Server: nginx/1.24.0 (Ubuntu)
Date: Mon, 02 Feb 2026 20:03:09 GMT
Content-Type: application/json; charset=utf-8
Content-Length: 54
Connection: keep-alive
X-Powered-By: Express
Access-Control-Allow-Origin: *
ETag: W/"36-hDmZnQ3Ou/ynnqAeC6TYmyseuzY"

{
    "success": true,
    "message": "User successfully removed"
}
HTTP/1.1 202 Accepted
Server: nginx/1.24.0 (Ubuntu)
Date: Mon, 02 Feb 2026 20:03:09 GMT
Content-Type: application/json; charset=utf-8
Content-Length: 54
Connection: keep-alive
X-Powered-By: Express
Access-Control-Allow-Origin: *
ETag: W/"36-hDmZnQ3Ou/ynnqAeC6TYmyseuzY"

{
    "success": true,
    "message": "User successfully removed"
}
HTTP/1.1 202 Accepted
Server: nginx/1.24.0 (Ubuntu)
Date: Mon, 02 Feb 2026 20:03:09 GMT
Content-Type: application/json; charset=utf-8
Content-Length: 54
Connection: keep-alive
X-Powered-By: Express
Access-Control-Allow-Origin: *
ETag: W/"36-hDmZnQ3Ou/ynnqAeC6TYmyseuzY"

{
    "success": true,
    "message": "User successfully removed"
}
HTTP/1.1 202 Accepted
Server: nginx/1.24.0 (Ubuntu)
Date: Mon, 02 Feb 2026 20:03:09 GMT
Content-Type: application/json; charset=utf-8
Content-Length: 54
Connection: keep-alive
X-Powered-By: Express
Access-Control-Allow-Origin: *
ETag: W/"36-hDmZnQ3Ou/ynnqAeC6TYmyseuzY"

{
    "success": true,
    "message": "User successfully removed"
}
Request method:	POST
Request URI:	https://stellarburgers.education-services.ru/api/auth/register
Proxy:			<none>
Request params:	<none>
Query params:	<none>
Form params:	<none>
Path params:	<none>
Headers:		Accept=*/*
				Content-Type=application/json
Cookies:		<none>
Multiparts:		<none>
Body:
{
    "email": "orders_test_1770062589218@yandex.ru",
    "password": "password123",
    "name": "Orders Test User"
}
Request method:	POST
Request URI:	https://stellarburgers.education-services.ru/api/auth/register
Proxy:			<none>
Request params:	<none>
Query params:	<none>
Form params:	<none>
Path params:	<none>
Headers:		Accept=*/*
				Content-Type=application/json
Cookies:		<none>
Multiparts:		<none>
Body:
{
    "email": "orders_test_1770062589218@yandex.ru",
    "password": "password123",
    "name": "Orders Test User"
}
Request method:	POST
Request URI:	https://stellarburgers.education-services.ru/api/auth/register
Proxy:			<none>
Request params:	<none>
Query params:	<none>
Form params:	<none>
Path params:	<none>
Headers:		Accept=*/*
				Content-Type=application/json
Cookies:		<none>
Multiparts:		<none>
Body:
{
    "email": "orders_test_1770062589218@yandex.ru",
    "password": "password123",
    "name": "Orders Test User"
}
Request method:	POST
Request URI:	https://stellarburgers.education-services.ru/api/auth/register
Proxy:			<none>
Request params:	<none>
Query params:	<none>
Form params:	<none>
Path params:	<none>
Headers:		Accept=*/*
				Content-Type=application/json
Cookies:		<none>
Multiparts:		<none>
Body:
{
    "email": "orders_test_1770062589218@yandex.ru",
    "password": "password123",
    "name": "Orders Test User"
}
Request method:	POST
Request URI:	https://stellarburgers.education-services.ru/api/auth/register
Proxy:			<none>
Request params:	<none>
Query params:	<none>
Form params:	<none>
Path params:	<none>
Headers:		Accept=*/*
				Content-Type=application/json
Cookies:		<none>
Multiparts:		<none>
Body:
{
    "email": "orders_test_1770062589218@yandex.ru",
    "password": "password123",
    "name": "Orders Test User"
}
Request method:	POST
Request URI:	https://stellarburgers.education-services.ru/api/auth/register
Proxy:			<none>
Request params:	<none>
Query params:	<none>
Form params:	<none>
Path params:	<none>
Headers:		Accept=*/*
				Content-Type=application/json
Cookies:		<none>
Multiparts:		<none>
Body:
{
    "email": "orders_test_1770062589218@yandex.ru",
    "password": "password123",
    "name": "Orders Test User"
}
Request method:	POST
Request URI:	https://stellarburgers.education-services.ru/api/auth/register
Proxy:			<none>
Request params:	<none>
Query params:	<none>
Form params:	<none>
Path params:	<none>
Headers:		Accept=*/*
				Content-Type=application/json
Cookies:		<none>
Multiparts:		<none>
Body:
{
    "email": "orders_test_1770062589218@yandex.ru",
    "password": "password123",
    "name": "Orders Test User"
}
Request method:	POST
Request URI:	https://stellarburgers.education-services.ru/api/auth/register
Proxy:			<none>
Request params:	<none>
Query params:	<none>
Form params:	<none>
Path params:	<none>
Headers:		Accept=*/*
				Content-Type=application/json
Cookies:		<none>
Multiparts:		<none>
Body:
{
    "email": "orders_test_1770062589218@yandex.ru",
    "password": "password123",
    "name": "Orders Test User"
}
Request method:	POST
Request URI:	https://stellarburgers.education-services.ru/api/auth/register
Proxy:			<none>
Request params:	<none>
Query params:	<none>
Form params:	<none>
Path params:	<none>
Headers:		Accept=*/*
				Content-Type=application/json
Cookies:		<none>
Multiparts:		<none>
Body:
{
    "email": "orders_test_1770062589218@yandex.ru",
    "password": "password123",
    "name": "Orders Test User"
}
Request method:	POST
Request URI:	https://stellarburgers.education-services.ru/api/auth/register
Proxy:			<none>
Request params:	<none>
Query params:	<none>
Form params:	<none>
Path params:	<none>
Headers:		Accept=*/*
				Content-Type=application/json
Cookies:		<none>
Multiparts:		<none>
Body:
{
    "email": "orders_test_1770062589218@yandex.ru",
    "password": "password123",
    "name": "Orders Test User"
}
HTTP/1.1 200 OK
Server: nginx/1.24.0 (Ubuntu)
Date: Mon, 02 Feb 2026 20:03:09 GMT
Content-Type: application/json; charset=utf-8
Content-Length: 390
Connection: keep-alive
X-Powered-By: Express
Access-Control-Allow-Origin: *
authorization: Bearer eyJhbGciOiJIUzI1NiIsInR5cCI6IkpXVCJ9.eyJpZCI6IjY5ODEwMmZkOTg0MjcwMDAxYmU0MmQ2YSIsImlhdCI6MTc3MDA2MjU4OSwiZXhwIjoxNzcwMDYzNzg5fQ.7gGD9eX34I3duqrk_Ypg9nBUvg1w8mxKIVsEoM1Iwho
ETag: W/"186-ZHCe02Luh/pOEmmCkhMRyZ2nFlo"

{
    "success": true,
    "user": {
        "email": "orders_test_1770062589218@yandex.ru",
        "name": "Orders Test User"
    },
    "accessToken": "Bearer eyJhbGciOiJIUzI1NiIsInR5cCI6IkpXVCJ9.eyJpZCI6IjY5ODEwMmZkOTg0MjcwMDAxYmU0MmQ2YSIsImlhdCI6MTc3MDA2MjU4OSwiZXhwIjoxNzcwMDYzNzg5fQ.7gGD9eX34I3duqrk_Ypg9nBUvg1w8mxKIVsEoM1Iwho",
    "refreshToken": "ab1320ae5f93d0e165cd5591d2791c836146e2352269a6e222683d182f0a6603c3830b78442f41d3"
}
HTTP/1.1 200 OK
Server: nginx/1.24.0 (Ubuntu)
Date: Mon, 02 Feb 2026 20:03:09 GMT
Content-Type: application/json; charset=utf-8
Content-Length: 390
Connection: keep-alive
X-Powered-By: Express
Access-Control-Allow-Origin: *
authorization: Bearer eyJhbGciOiJIUzI1NiIsInR5cCI6IkpXVCJ9.eyJpZCI6IjY5ODEwMmZkOTg0MjcwMDAxYmU0MmQ2YSIsImlhdCI6MTc3MDA2MjU4OSwiZXhwIjoxNzcwMDYzNzg5fQ.7gGD9eX34I3duqrk_Ypg9nBUvg1w8mxKIVsEoM1Iwho
ETag: W/"186-ZHCe02Luh/pOEmmCkhMRyZ2nFlo"

{
    "success": true,
    "user": {
        "email": "orders_test_1770062589218@yandex.ru",
        "name": "Orders Test User"
    },
    "accessToken": "Bearer eyJhbGciOiJIUzI1NiIsInR5cCI6IkpXVCJ9.eyJpZCI6IjY5ODEwMmZkOTg0MjcwMDAxYmU0MmQ2YSIsImlhdCI6MTc3MDA2MjU4OSwiZXhwIjoxNzcwMDYzNzg5fQ.7gGD9eX34I3duqrk_Ypg9nBUvg1w8mxKIVsEoM1Iwho",
    "refreshToken": "ab1320ae5f93d0e165cd5591d2791c836146e2352269a6e222683d182f0a6603c3830b78442f41d3"
}
HTTP/1.1 200 OK
Server: nginx/1.24.0 (Ubuntu)
Date: Mon, 02 Feb 2026 20:03:09 GMT
Content-Type: application/json; charset=utf-8
Content-Length: 390
Connection: keep-alive
X-Powered-By: Express
Access-Control-Allow-Origin: *
authorization: Bearer eyJhbGciOiJIUzI1NiIsInR5cCI6IkpXVCJ9.eyJpZCI6IjY5ODEwMmZkOTg0MjcwMDAxYmU0MmQ2YSIsImlhdCI6MTc3MDA2MjU4OSwiZXhwIjoxNzcwMDYzNzg5fQ.7gGD9eX34I3duqrk_Ypg9nBUvg1w8mxKIVsEoM1Iwho
ETag: W/"186-ZHCe02Luh/pOEmmCkhMRyZ2nFlo"

{
    "success": true,
    "user": {
        "email": "orders_test_1770062589218@yandex.ru",
        "name": "Orders Test User"
    },
    "accessToken": "Bearer eyJhbGciOiJIUzI1NiIsInR5cCI6IkpXVCJ9.eyJpZCI6IjY5ODEwMmZkOTg0MjcwMDAxYmU0MmQ2YSIsImlhdCI6MTc3MDA2MjU4OSwiZXhwIjoxNzcwMDYzNzg5fQ.7gGD9eX34I3duqrk_Ypg9nBUvg1w8mxKIVsEoM1Iwho",
    "refreshToken": "ab1320ae5f93d0e165cd5591d2791c836146e2352269a6e222683d182f0a6603c3830b78442f41d3"
}
HTTP/1.1 200 OK
Server: nginx/1.24.0 (Ubuntu)
Date: Mon, 02 Feb 2026 20:03:09 GMT
Content-Type: application/json; charset=utf-8
Content-Length: 390
Connection: keep-alive
X-Powered-By: Express
Access-Control-Allow-Origin: *
authorization: Bearer eyJhbGciOiJIUzI1NiIsInR5cCI6IkpXVCJ9.eyJpZCI6IjY5ODEwMmZkOTg0MjcwMDAxYmU0MmQ2YSIsImlhdCI6MTc3MDA2MjU4OSwiZXhwIjoxNzcwMDYzNzg5fQ.7gGD9eX34I3duqrk_Ypg9nBUvg1w8mxKIVsEoM1Iwho
ETag: W/"186-ZHCe02Luh/pOEmmCkhMRyZ2nFlo"

{
    "success": true,
    "user": {
        "email": "orders_test_1770062589218@yandex.ru",
        "name": "Orders Test User"
    },
    "accessToken": "Bearer eyJhbGciOiJIUzI1NiIsInR5cCI6IkpXVCJ9.eyJpZCI6IjY5ODEwMmZkOTg0MjcwMDAxYmU0MmQ2YSIsImlhdCI6MTc3MDA2MjU4OSwiZXhwIjoxNzcwMDYzNzg5fQ.7gGD9eX34I3duqrk_Ypg9nBUvg1w8mxKIVsEoM1Iwho",
    "refreshToken": "ab1320ae5f93d0e165cd5591d2791c836146e2352269a6e222683d182f0a6603c3830b78442f41d3"
}
HTTP/1.1 200 OK
Server: nginx/1.24.0 (Ubuntu)
Date: Mon, 02 Feb 2026 20:03:09 GMT
Content-Type: application/json; charset=utf-8
Content-Length: 390
Connection: keep-alive
X-Powered-By: Express
Access-Control-Allow-Origin: *
authorization: Bearer eyJhbGciOiJIUzI1NiIsInR5cCI6IkpXVCJ9.eyJpZCI6IjY5ODEwMmZkOTg0MjcwMDAxYmU0MmQ2YSIsImlhdCI6MTc3MDA2MjU4OSwiZXhwIjoxNzcwMDYzNzg5fQ.7gGD9eX34I3duqrk_Ypg9nBUvg1w8mxKIVsEoM1Iwho
ETag: W/"186-ZHCe02Luh/pOEmmCkhMRyZ2nFlo"

{
    "success": true,
    "user": {
        "email": "orders_test_1770062589218@yandex.ru",
        "name": "Orders Test User"
    },
    "accessToken": "Bearer eyJhbGciOiJIUzI1NiIsInR5cCI6IkpXVCJ9.eyJpZCI6IjY5ODEwMmZkOTg0MjcwMDAxYmU0MmQ2YSIsImlhdCI6MTc3MDA2MjU4OSwiZXhwIjoxNzcwMDYzNzg5fQ.7gGD9eX34I3duqrk_Ypg9nBUvg1w8mxKIVsEoM1Iwho",
    "refreshToken": "ab1320ae5f93d0e165cd5591d2791c836146e2352269a6e222683d182f0a6603c3830b78442f41d3"
}
HTTP/1.1 200 OK
Server: nginx/1.24.0 (Ubuntu)
Date: Mon, 02 Feb 2026 20:03:09 GMT
Content-Type: application/json; charset=utf-8
Content-Length: 390
Connection: keep-alive
X-Powered-By: Express
Access-Control-Allow-Origin: *
authorization: Bearer eyJhbGciOiJIUzI1NiIsInR5cCI6IkpXVCJ9.eyJpZCI6IjY5ODEwMmZkOTg0MjcwMDAxYmU0MmQ2YSIsImlhdCI6MTc3MDA2MjU4OSwiZXhwIjoxNzcwMDYzNzg5fQ.7gGD9eX34I3duqrk_Ypg9nBUvg1w8mxKIVsEoM1Iwho
ETag: W/"186-ZHCe02Luh/pOEmmCkhMRyZ2nFlo"

{
    "success": true,
    "user": {
        "email": "orders_test_1770062589218@yandex.ru",
        "name": "Orders Test User"
    },
    "accessToken": "Bearer eyJhbGciOiJIUzI1NiIsInR5cCI6IkpXVCJ9.eyJpZCI6IjY5ODEwMmZkOTg0MjcwMDAxYmU0MmQ2YSIsImlhdCI6MTc3MDA2MjU4OSwiZXhwIjoxNzcwMDYzNzg5fQ.7gGD9eX34I3duqrk_Ypg9nBUvg1w8mxKIVsEoM1Iwho",
    "refreshToken": "ab1320ae5f93d0e165cd5591d2791c836146e2352269a6e222683d182f0a6603c3830b78442f41d3"
}
HTTP/1.1 200 OK
Server: nginx/1.24.0 (Ubuntu)
Date: Mon, 02 Feb 2026 20:03:09 GMT
Content-Type: application/json; charset=utf-8
Content-Length: 390
Connection: keep-alive
X-Powered-By: Express
Access-Control-Allow-Origin: *
authorization: Bearer eyJhbGciOiJIUzI1NiIsInR5cCI6IkpXVCJ9.eyJpZCI6IjY5ODEwMmZkOTg0MjcwMDAxYmU0MmQ2YSIsImlhdCI6MTc3MDA2MjU4OSwiZXhwIjoxNzcwMDYzNzg5fQ.7gGD9eX34I3duqrk_Ypg9nBUvg1w8mxKIVsEoM1Iwho
ETag: W/"186-ZHCe02Luh/pOEmmCkhMRyZ2nFlo"

{
    "success": true,
    "user": {
        "email": "orders_test_1770062589218@yandex.ru",
        "name": "Orders Test User"
    },
    "accessToken": "Bearer eyJhbGciOiJIUzI1NiIsInR5cCI6IkpXVCJ9.eyJpZCI6IjY5ODEwMmZkOTg0MjcwMDAxYmU0MmQ2YSIsImlhdCI6MTc3MDA2MjU4OSwiZXhwIjoxNzcwMDYzNzg5fQ.7gGD9eX34I3duqrk_Ypg9nBUvg1w8mxKIVsEoM1Iwho",
    "refreshToken": "ab1320ae5f93d0e165cd5591d2791c836146e2352269a6e222683d182f0a6603c3830b78442f41d3"
}
HTTP/1.1 200 OK
Server: nginx/1.24.0 (Ubuntu)
Date: Mon, 02 Feb 2026 20:03:09 GMT
Content-Type: application/json; charset=utf-8
Content-Length: 390
Connection: keep-alive
X-Powered-By: Express
Access-Control-Allow-Origin: *
authorization: Bearer eyJhbGciOiJIUzI1NiIsInR5cCI6IkpXVCJ9.eyJpZCI6IjY5ODEwMmZkOTg0MjcwMDAxYmU0MmQ2YSIsImlhdCI6MTc3MDA2MjU4OSwiZXhwIjoxNzcwMDYzNzg5fQ.7gGD9eX34I3duqrk_Ypg9nBUvg1w8mxKIVsEoM1Iwho
ETag: W/"186-ZHCe02Luh/pOEmmCkhMRyZ2nFlo"

{
    "success": true,
    "user": {
        "email": "orders_test_1770062589218@yandex.ru",
        "name": "Orders Test User"
    },
    "accessToken": "Bearer eyJhbGciOiJIUzI1NiIsInR5cCI6IkpXVCJ9.eyJpZCI6IjY5ODEwMmZkOTg0MjcwMDAxYmU0MmQ2YSIsImlhdCI6MTc3MDA2MjU4OSwiZXhwIjoxNzcwMDYzNzg5fQ.7gGD9eX34I3duqrk_Ypg9nBUvg1w8mxKIVsEoM1Iwho",
    "refreshToken": "ab1320ae5f93d0e165cd5591d2791c836146e2352269a6e222683d182f0a6603c3830b78442f41d3"
}
HTTP/1.1 200 OK
Server: nginx/1.24.0 (Ubuntu)
Date: Mon, 02 Feb 2026 20:03:09 GMT
Content-Type: application/json; charset=utf-8
Content-Length: 390
Connection: keep-alive
X-Powered-By: Express
Access-Control-Allow-Origin: *
authorization: Bearer eyJhbGciOiJIUzI1NiIsInR5cCI6IkpXVCJ9.eyJpZCI6IjY5ODEwMmZkOTg0MjcwMDAxYmU0MmQ2YSIsImlhdCI6MTc3MDA2MjU4OSwiZXhwIjoxNzcwMDYzNzg5fQ.7gGD9eX34I3duqrk_Ypg9nBUvg1w8mxKIVsEoM1Iwho
ETag: W/"186-ZHCe02Luh/pOEmmCkhMRyZ2nFlo"

{
    "success": true,
    "user": {
        "email": "orders_test_1770062589218@yandex.ru",
        "name": "Orders Test User"
    },
    "accessToken": "Bearer eyJhbGciOiJIUzI1NiIsInR5cCI6IkpXVCJ9.eyJpZCI6IjY5ODEwMmZkOTg0MjcwMDAxYmU0MmQ2YSIsImlhdCI6MTc3MDA2MjU4OSwiZXhwIjoxNzcwMDYzNzg5fQ.7gGD9eX34I3duqrk_Ypg9nBUvg1w8mxKIVsEoM1Iwho",
    "refreshToken": "ab1320ae5f93d0e165cd5591d2791c836146e2352269a6e222683d182f0a6603c3830b78442f41d3"
}
HTTP/1.1 200 OK
Server: nginx/1.24.0 (Ubuntu)
Date: Mon, 02 Feb 2026 20:03:09 GMT
Content-Type: application/json; charset=utf-8
Content-Length: 390
Connection: keep-alive
X-Powered-By: Express
Access-Control-Allow-Origin: *
authorization: Bearer eyJhbGciOiJIUzI1NiIsInR5cCI6IkpXVCJ9.eyJpZCI6IjY5ODEwMmZkOTg0MjcwMDAxYmU0MmQ2YSIsImlhdCI6MTc3MDA2MjU4OSwiZXhwIjoxNzcwMDYzNzg5fQ.7gGD9eX34I3duqrk_Ypg9nBUvg1w8mxKIVsEoM1Iwho
ETag: W/"186-ZHCe02Luh/pOEmmCkhMRyZ2nFlo"

{
    "success": true,
    "user": {
        "email": "orders_test_1770062589218@yandex.ru",
        "name": "Orders Test User"
    },
    "accessToken": "Bearer eyJhbGciOiJIUzI1NiIsInR5cCI6IkpXVCJ9.eyJpZCI6IjY5ODEwMmZkOTg0MjcwMDAxYmU0MmQ2YSIsImlhdCI6MTc3MDA2MjU4OSwiZXhwIjoxNzcwMDYzNzg5fQ.7gGD9eX34I3duqrk_Ypg9nBUvg1w8mxKIVsEoM1Iwho",
    "refreshToken": "ab1320ae5f93d0e165cd5591d2791c836146e2352269a6e222683d182f0a6603c3830b78442f41d3"
}
Request method:	GET
Request URI:	https://stellarburgers.education-services.ru/api/orders
Proxy:			<none>
Request params:	<none>
Query params:	<none>
Form params:	<none>
Path params:	<none>
Headers:		Accept=*/*
Cookies:		<none>
Multiparts:		<none>
Body:			<none>
Request method:	GET
Request URI:	https://stellarburgers.education-services.ru/api/orders
Proxy:			<none>
Request params:	<none>
Query params:	<none>
Form params:	<none>
Path params:	<none>
Headers:		Accept=*/*
Cookies:		<none>
Multiparts:		<none>
Body:			<none>
Request method:	GET
Request URI:	https://stellarburgers.education-services.ru/api/orders
Proxy:			<none>
Request params:	<none>
Query params:	<none>
Form params:	<none>
Path params:	<none>
Headers:		Accept=*/*
Cookies:		<none>
Multiparts:		<none>
Body:			<none>
Request method:	GET
Request URI:	https://stellarburgers.education-services.ru/api/orders
Proxy:			<none>
Request params:	<none>
Query params:	<none>
Form params:	<none>
Path params:	<none>
Headers:		Accept=*/*
Cookies:		<none>
Multiparts:		<none>
Body:			<none>
Request method:	GET
Request URI:	https://stellarburgers.education-services.ru/api/orders
Proxy:			<none>
Request params:	<none>
Query params:	<none>
Form params:	<none>
Path params:	<none>
Headers:		Accept=*/*
Cookies:		<none>
Multiparts:		<none>
Body:			<none>
Request method:	GET
Request URI:	https://stellarburgers.education-services.ru/api/orders
Proxy:			<none>
Request params:	<none>
Query params:	<none>
Form params:	<none>
Path params:	<none>
Headers:		Accept=*/*
Cookies:		<none>
Multiparts:		<none>
Body:			<none>
Request method:	GET
Request URI:	https://stellarburgers.education-services.ru/api/orders
Proxy:			<none>
Request params:	<none>
Query params:	<none>
Form params:	<none>
Path params:	<none>
Headers:		Accept=*/*
Cookies:		<none>
Multiparts:		<none>
Body:			<none>
Request method:	GET
Request URI:	https://stellarburgers.education-services.ru/api/orders
Proxy:			<none>
Request params:	<none>
Query params:	<none>
Form params:	<none>
Path params:	<none>
Headers:		Accept=*/*
Cookies:		<none>
Multiparts:		<none>
Body:			<none>
Request method:	GET
Request URI:	https://stellarburgers.education-services.ru/api/orders
Proxy:			<none>
Request params:	<none>
Query params:	<none>
Form params:	<none>
Path params:	<none>
Headers:		Accept=*/*
Cookies:		<none>
Multiparts:		<none>
Body:			<none>
Request method:	GET
Request URI:	https://stellarburgers.education-services.ru/api/orders
Proxy:			<none>
Request params:	<none>
Query params:	<none>
Form params:	<none>
Path params:	<none>
Headers:		Accept=*/*
Cookies:		<none>
Multiparts:		<none>
Body:			<none>
HTTP/1.1 401 Unauthorized
Server: nginx/1.24.0 (Ubuntu)
Date: Mon, 02 Feb 2026 20:03:09 GMT
Content-Type: application/json; charset=utf-8
Content-Length: 54
Connection: keep-alive
X-Powered-By: Express
Access-Control-Allow-Origin: *
ETag: W/"36-9ndkQYJpZ8s0sMN790Nuh0MLq/U"

{
    "success": false,
    "message": "You should be authorised"
}
HTTP/1.1 401 Unauthorized
Server: nginx/1.24.0 (Ubuntu)
Date: Mon, 02 Feb 2026 20:03:09 GMT
Content-Type: application/json; charset=utf-8
Content-Length: 54
Connection: keep-alive
X-Powered-By: Express
Access-Control-Allow-Origin: *
ETag: W/"36-9ndkQYJpZ8s0sMN790Nuh0MLq/U"

{
    "success": false,
    "message": "You should be authorised"
}
HTTP/1.1 401 Unauthorized
Server: nginx/1.24.0 (Ubuntu)
Date: Mon, 02 Feb 2026 20:03:09 GMT
Content-Type: application/json; charset=utf-8
Content-Length: 54
Connection: keep-alive
X-Powered-By: Express
Access-Control-Allow-Origin: *
ETag: W/"36-9ndkQYJpZ8s0sMN790Nuh0MLq/U"

{
    "success": false,
    "message": "You should be authorised"
}
HTTP/1.1 401 Unauthorized
Server: nginx/1.24.0 (Ubuntu)
Date: Mon, 02 Feb 2026 20:03:09 GMT
Content-Type: application/json; charset=utf-8
Content-Length: 54
Connection: keep-alive
X-Powered-By: Express
Access-Control-Allow-Origin: *
ETag: W/"36-9ndkQYJpZ8s0sMN790Nuh0MLq/U"

{
    "success": false,
    "message": "You should be authorised"
}
HTTP/1.1 401 Unauthorized
Server: nginx/1.24.0 (Ubuntu)
Date: Mon, 02 Feb 2026 20:03:09 GMT
Content-Type: application/json; charset=utf-8
Content-Length: 54
Connection: keep-alive
X-Powered-By: Express
Access-Control-Allow-Origin: *
ETag: W/"36-9ndkQYJpZ8s0sMN790Nuh0MLq/U"

{
    "success": false,
    "message": "You should be authorised"
}
HTTP/1.1 401 Unauthorized
Server: nginx/1.24.0 (Ubuntu)
Date: Mon, 02 Feb 2026 20:03:09 GMT
Content-Type: application/json; charset=utf-8
Content-Length: 54
Connection: keep-alive
X-Powered-By: Express
Access-Control-Allow-Origin: *
ETag: W/"36-9ndkQYJpZ8s0sMN790Nuh0MLq/U"

{
    "success": false,
    "message": "You should be authorised"
}
HTTP/1.1 401 Unauthorized
Server: nginx/1.24.0 (Ubuntu)
Date: Mon, 02 Feb 2026 20:03:09 GMT
Content-Type: application/json; charset=utf-8
Content-Length: 54
Connection: keep-alive
X-Powered-By: Express
Access-Control-Allow-Origin: *
ETag: W/"36-9ndkQYJpZ8s0sMN790Nuh0MLq/U"

{
    "success": false,
    "message": "You should be authorised"
}
HTTP/1.1 401 Unauthorized
Server: nginx/1.24.0 (Ubuntu)
Date: Mon, 02 Feb 2026 20:03:09 GMT
Content-Type: application/json; charset=utf-8
Content-Length: 54
Connection: keep-alive
X-Powered-By: Express
Access-Control-Allow-Origin: *
ETag: W/"36-9ndkQYJpZ8s0sMN790Nuh0MLq/U"

{
    "success": false,
    "message": "You should be authorised"
}
HTTP/1.1 401 Unauthorized
Server: nginx/1.24.0 (Ubuntu)
Date: Mon, 02 Feb 2026 20:03:09 GMT
Content-Type: application/json; charset=utf-8
Content-Length: 54
Connection: keep-alive
X-Powered-By: Express
Access-Control-Allow-Origin: *
ETag: W/"36-9ndkQYJpZ8s0sMN790Nuh0MLq/U"

{
    "success": false,
    "message": "You should be authorised"
}
HTTP/1.1 401 Unauthorized
Server: nginx/1.24.0 (Ubuntu)
Date: Mon, 02 Feb 2026 20:03:09 GMT
Content-Type: application/json; charset=utf-8
Content-Length: 54
Connection: keep-alive
X-Powered-By: Express
Access-Control-Allow-Origin: *
ETag: W/"36-9ndkQYJpZ8s0sMN790Nuh0MLq/U"

{
    "success": false,
    "message": "You should be authorised"
}
Request method:	DELETE
Request URI:	https://stellarburgers.education-services.ru/api/auth/user
Proxy:			<none>
Request params:	<none>
Query params:	<none>
Form params:	<none>
Path params:	<none>
Headers:		Authorization=Bearer eyJhbGciOiJIUzI1NiIsInR5cCI6IkpXVCJ9.eyJpZCI6IjY5ODEwMmZkOTg0MjcwMDAxYmU0MmQ2YSIsImlhdCI6MTc3MDA2MjU4OSwiZXhwIjoxNzcwMDYzNzg5fQ.7gGD9eX34I3duqrk_Ypg9nBUvg1w8mxKIVsEoM1Iwho
				Accept=*/*
Cookies:		<none>
Multiparts:		<none>
Body:			<none>
Request method:	DELETE
Request URI:	https://stellarburgers.education-services.ru/api/auth/user
Proxy:			<none>
Request params:	<none>
Query params:	<none>
Form params:	<none>
Path params:	<none>
Headers:		Authorization=Bearer eyJhbGciOiJIUzI1NiIsInR5cCI6IkpXVCJ9.eyJpZCI6IjY5ODEwMmZkOTg0MjcwMDAxYmU0MmQ2YSIsImlhdCI6MTc3MDA2MjU4OSwiZXhwIjoxNzcwMDYzNzg5fQ.7gGD9eX34I3duqrk_Ypg9nBUvg1w8mxKIVsEoM1Iwho
				Accept=*/*
Cookies:		<none>
Multiparts:		<none>
Body:			<none>
Request method:	DELETE
Request URI:	https://stellarburgers.education-services.ru/api/auth/user
Proxy:			<none>
Request params:	<none>
Query params:	<none>
Form params:	<none>
Path params:	<none>
Headers:		Authorization=Bearer eyJhbGciOiJIUzI1NiIsInR5cCI6IkpXVCJ9.eyJpZCI6IjY5ODEwMmZkOTg0MjcwMDAxYmU0MmQ2YSIsImlhdCI6MTc3MDA2MjU4OSwiZXhwIjoxNzcwMDYzNzg5fQ.7gGD9eX34I3duqrk_Ypg9nBUvg1w8mxKIVsEoM1Iwho
				Accept=*/*
Cookies:		<none>
Multiparts:		<none>
Body:			<none>
Request method:	DELETE
Request URI:	https://stellarburgers.education-services.ru/api/auth/user
Proxy:			<none>
Request params:	<none>
Query params:	<none>
Form params:	<none>
Path params:	<none>
Headers:		Authorization=Bearer eyJhbGciOiJIUzI1NiIsInR5cCI6IkpXVCJ9.eyJpZCI6IjY5ODEwMmZkOTg0MjcwMDAxYmU0MmQ2YSIsImlhdCI6MTc3MDA2MjU4OSwiZXhwIjoxNzcwMDYzNzg5fQ.7gGD9eX34I3duqrk_Ypg9nBUvg1w8mxKIVsEoM1Iwho
				Accept=*/*
Cookies:		<none>
Multiparts:		<none>
Body:			<none>
Request method:	DELETE
Request URI:	https://stellarburgers.education-services.ru/api/auth/user
Proxy:			<none>
Request params:	<none>
Query params:	<none>
Form params:	<none>
Path params:	<none>
Headers:		Authorization=Bearer eyJhbGciOiJIUzI1NiIsInR5cCI6IkpXVCJ9.eyJpZCI6IjY5ODEwMmZkOTg0MjcwMDAxYmU0MmQ2YSIsImlhdCI6MTc3MDA2MjU4OSwiZXhwIjoxNzcwMDYzNzg5fQ.7gGD9eX34I3duqrk_Ypg9nBUvg1w8mxKIVsEoM1Iwho
				Accept=*/*
Cookies:		<none>
Multiparts:		<none>
Body:			<none>
Request method:	DELETE
Request URI:	https://stellarburgers.education-services.ru/api/auth/user
Proxy:			<none>
Request params:	<none>
Query params:	<none>
Form params:	<none>
Path params:	<none>
Headers:		Authorization=Bearer eyJhbGciOiJIUzI1NiIsInR5cCI6IkpXVCJ9.eyJpZCI6IjY5ODEwMmZkOTg0MjcwMDAxYmU0MmQ2YSIsImlhdCI6MTc3MDA2MjU4OSwiZXhwIjoxNzcwMDYzNzg5fQ.7gGD9eX34I3duqrk_Ypg9nBUvg1w8mxKIVsEoM1Iwho
				Accept=*/*
Cookies:		<none>
Multiparts:		<none>
Body:			<none>
Request method:	DELETE
Request URI:	https://stellarburgers.education-services.ru/api/auth/user
Proxy:			<none>
Request params:	<none>
Query params:	<none>
Form params:	<none>
Path params:	<none>
Headers:		Authorization=Bearer eyJhbGciOiJIUzI1NiIsInR5cCI6IkpXVCJ9.eyJpZCI6IjY5ODEwMmZkOTg0MjcwMDAxYmU0MmQ2YSIsImlhdCI6MTc3MDA2MjU4OSwiZXhwIjoxNzcwMDYzNzg5fQ.7gGD9eX34I3duqrk_Ypg9nBUvg1w8mxKIVsEoM1Iwho
				Accept=*/*
Cookies:		<none>
Multiparts:		<none>
Body:			<none>
Request method:	DELETE
Request URI:	https://stellarburgers.education-services.ru/api/auth/user
Proxy:			<none>
Request params:	<none>
Query params:	<none>
Form params:	<none>
Path params:	<none>
Headers:		Authorization=Bearer eyJhbGciOiJIUzI1NiIsInR5cCI6IkpXVCJ9.eyJpZCI6IjY5ODEwMmZkOTg0MjcwMDAxYmU0MmQ2YSIsImlhdCI6MTc3MDA2MjU4OSwiZXhwIjoxNzcwMDYzNzg5fQ.7gGD9eX34I3duqrk_Ypg9nBUvg1w8mxKIVsEoM1Iwho
				Accept=*/*
Cookies:		<none>
Multiparts:		<none>
Body:			<none>
Request method:	DELETE
Request URI:	https://stellarburgers.education-services.ru/api/auth/user
Proxy:			<none>
Request params:	<none>
Query params:	<none>
Form params:	<none>
Path params:	<none>
Headers:		Authorization=Bearer eyJhbGciOiJIUzI1NiIsInR5cCI6IkpXVCJ9.eyJpZCI6IjY5ODEwMmZkOTg0MjcwMDAxYmU0MmQ2YSIsImlhdCI6MTc3MDA2MjU4OSwiZXhwIjoxNzcwMDYzNzg5fQ.7gGD9eX34I3duqrk_Ypg9nBUvg1w8mxKIVsEoM1Iwho
				Accept=*/*
Cookies:		<none>
Multiparts:		<none>
Body:			<none>
Request method:	DELETE
Request URI:	https://stellarburgers.education-services.ru/api/auth/user
Proxy:			<none>
Request params:	<none>
Query params:	<none>
Form params:	<none>
Path params:	<none>
Headers:		Authorization=Bearer eyJhbGciOiJIUzI1NiIsInR5cCI6IkpXVCJ9.eyJpZCI6IjY5ODEwMmZkOTg0MjcwMDAxYmU0MmQ2YSIsImlhdCI6MTc3MDA2MjU4OSwiZXhwIjoxNzcwMDYzNzg5fQ.7gGD9eX34I3duqrk_Ypg9nBUvg1w8mxKIVsEoM1Iwho
				Accept=*/*
Cookies:		<none>
Multiparts:		<none>
Body:			<none>
HTTP/1.1 202 Accepted
Server: nginx/1.24.0 (Ubuntu)
Date: Mon, 02 Feb 2026 20:03:10 GMT
Content-Type: application/json; charset=utf-8
Content-Length: 54
Connection: keep-alive
X-Powered-By: Express
Access-Control-Allow-Origin: *
ETag: W/"36-hDmZnQ3Ou/ynnqAeC6TYmyseuzY"

{
    "success": true,
    "message": "User successfully removed"
}
HTTP/1.1 202 Accepted
Server: nginx/1.24.0 (Ubuntu)
Date: Mon, 02 Feb 2026 20:03:10 GMT
Content-Type: application/json; charset=utf-8
Content-Length: 54
Connection: keep-alive
X-Powered-By: Express
Access-Control-Allow-Origin: *
ETag: W/"36-hDmZnQ3Ou/ynnqAeC6TYmyseuzY"

{
    "success": true,
    "message": "User successfully removed"
}
HTTP/1.1 202 Accepted
Server: nginx/1.24.0 (Ubuntu)
Date: Mon, 02 Feb 2026 20:03:10 GMT
Content-Type: application/json; charset=utf-8
Content-Length: 54
Connection: keep-alive
X-Powered-By: Express
Access-Control-Allow-Origin: *
ETag: W/"36-hDmZnQ3Ou/ynnqAeC6TYmyseuzY"

{
    "success": true,
    "message": "User successfully removed"
}
HTTP/1.1 202 Accepted
Server: nginx/1.24.0 (Ubuntu)
Date: Mon, 02 Feb 2026 20:03:10 GMT
Content-Type: application/json; charset=utf-8
Content-Length: 54
Connection: keep-alive
X-Powered-By: Express
Access-Control-Allow-Origin: *
ETag: W/"36-hDmZnQ3Ou/ynnqAeC6TYmyseuzY"

{
    "success": true,
    "message": "User successfully removed"
}
HTTP/1.1 202 Accepted
Server: nginx/1.24.0 (Ubuntu)
Date: Mon, 02 Feb 2026 20:03:10 GMT
Content-Type: application/json; charset=utf-8
Content-Length: 54
Connection: keep-alive
X-Powered-By: Express
Access-Control-Allow-Origin: *
ETag: W/"36-hDmZnQ3Ou/ynnqAeC6TYmyseuzY"

{
    "success": true,
    "message": "User successfully removed"
}
HTTP/1.1 202 Accepted
Server: nginx/1.24.0 (Ubuntu)
Date: Mon, 02 Feb 2026 20:03:10 GMT
Content-Type: application/json; charset=utf-8
Content-Length: 54
Connection: keep-alive
X-Powered-By: Express
Access-Control-Allow-Origin: *
ETag: W/"36-hDmZnQ3Ou/ynnqAeC6TYmyseuzY"

{
    "success": true,
    "message": "User successfully removed"
}
HTTP/1.1 202 Accepted
Server: nginx/1.24.0 (Ubuntu)
Date: Mon, 02 Feb 2026 20:03:10 GMT
Content-Type: application/json; charset=utf-8
Content-Length: 54
Connection: keep-alive
X-Powered-By: Express
Access-Control-Allow-Origin: *
ETag: W/"36-hDmZnQ3Ou/ynnqAeC6TYmyseuzY"

{
    "success": true,
    "message": "User successfully removed"
}
HTTP/1.1 202 Accepted
Server: nginx/1.24.0 (Ubuntu)
Date: Mon, 02 Feb 2026 20:03:10 GMT
Content-Type: application/json; charset=utf-8
Content-Length: 54
Connection: keep-alive
X-Powered-By: Express
Access-Control-Allow-Origin: *
ETag: W/"36-hDmZnQ3Ou/ynnqAeC6TYmyseuzY"

{
    "success": true,
    "message": "User successfully removed"
}
HTTP/1.1 202 Accepted
Server: nginx/1.24.0 (Ubuntu)
Date: Mon, 02 Feb 2026 20:03:10 GMT
Content-Type: application/json; charset=utf-8
Content-Length: 54
Connection: keep-alive
X-Powered-By: Express
Access-Control-Allow-Origin: *
ETag: W/"36-hDmZnQ3Ou/ynnqAeC6TYmyseuzY"

{
    "success": true,
    "message": "User successfully removed"
}
HTTP/1.1 202 Accepted
Server: nginx/1.24.0 (Ubuntu)
Date: Mon, 02 Feb 2026 20:03:10 GMT
Content-Type: application/json; charset=utf-8
Content-Length: 54
Connection: keep-alive
X-Powered-By: Express
Access-Control-Allow-Origin: *
ETag: W/"36-hDmZnQ3Ou/ynnqAeC6TYmyseuzY"

{
    "success": true,
    "message": "User successfully removed"
}
[INFO] Tests run: 2, Failures: 0, Errors: 0, Skipped: 0, Time elapsed: 5.367 s - in com.stellarburgers.api.UserOrdersTest
[INFO] Running com.stellarburgers.api.UserRegistrationTest
Request method:	POST
Request URI:	https://stellarburgers.education-services.ru/api/auth/register
Proxy:			<none>
Request params:	<none>
Query params:	<none>
Form params:	<none>
Path params:	<none>
Headers:		Accept=*/*
				Content-Type=application/json
Cookies:		<none>
Multiparts:		<none>
Body:
{
    "email": "test_1770062590115@yandex.ru",
    "password": "password123",
    "name": null
}
Request method:	POST
Request URI:	https://stellarburgers.education-services.ru/api/auth/register
Proxy:			<none>
Request params:	<none>
Query params:	<none>
Form params:	<none>
Path params:	<none>
Headers:		Accept=*/*
				Content-Type=application/json
Cookies:		<none>
Multiparts:		<none>
Body:
{
    "email": "test_1770062590115@yandex.ru",
    "password": "password123",
    "name": null
}
Request method:	POST
Request URI:	https://stellarburgers.education-services.ru/api/auth/register
Proxy:			<none>
Request params:	<none>
Query params:	<none>
Form params:	<none>
Path params:	<none>
Headers:		Accept=*/*
				Content-Type=application/json
Cookies:		<none>
Multiparts:		<none>
Body:
{
    "email": "test_1770062590115@yandex.ru",
    "password": "password123",
    "name": null
}
Request method:	POST
Request URI:	https://stellarburgers.education-services.ru/api/auth/register
Proxy:			<none>
Request params:	<none>
Query params:	<none>
Form params:	<none>
Path params:	<none>
Headers:		Accept=*/*
				Content-Type=application/json
Cookies:		<none>
Multiparts:		<none>
Body:
{
    "email": "test_1770062590115@yandex.ru",
    "password": "password123",
    "name": null
}
Request method:	POST
Request URI:	https://stellarburgers.education-services.ru/api/auth/register
Proxy:			<none>
Request params:	<none>
Query params:	<none>
Form params:	<none>
Path params:	<none>
Headers:		Accept=*/*
				Content-Type=application/json
Cookies:		<none>
Multiparts:		<none>
Body:
{
    "email": "test_1770062590115@yandex.ru",
    "password": "password123",
    "name": null
}
Request method:	POST
Request URI:	https://stellarburgers.education-services.ru/api/auth/register
Proxy:			<none>
Request params:	<none>
Query params:	<none>
Form params:	<none>
Path params:	<none>
Headers:		Accept=*/*
				Content-Type=application/json
Cookies:		<none>
Multiparts:		<none>
Body:
{
    "email": "test_1770062590115@yandex.ru",
    "password": "password123",
    "name": null
}
Request method:	POST
Request URI:	https://stellarburgers.education-services.ru/api/auth/register
Proxy:			<none>
Request params:	<none>
Query params:	<none>
Form params:	<none>
Path params:	<none>
Headers:		Accept=*/*
				Content-Type=application/json
Cookies:		<none>
Multiparts:		<none>
Body:
{
    "email": "test_1770062590115@yandex.ru",
    "password": "password123",
    "name": null
}
Request method:	POST
Request URI:	https://stellarburgers.education-services.ru/api/auth/register
Proxy:			<none>
Request params:	<none>
Query params:	<none>
Form params:	<none>
Path params:	<none>
Headers:		Accept=*/*
				Content-Type=application/json
Cookies:		<none>
Multiparts:		<none>
Body:
{
    "email": "test_1770062590115@yandex.ru",
    "password": "password123",
    "name": null
}
Request method:	POST
Request URI:	https://stellarburgers.education-services.ru/api/auth/register
Proxy:			<none>
Request params:	<none>
Query params:	<none>
Form params:	<none>
Path params:	<none>
Headers:		Accept=*/*
				Content-Type=application/json
Cookies:		<none>
Multiparts:		<none>
Body:
{
    "email": "test_1770062590115@yandex.ru",
    "password": "password123",
    "name": null
}
Request method:	POST
Request URI:	https://stellarburgers.education-services.ru/api/auth/register
Proxy:			<none>
Request params:	<none>
Query params:	<none>
Form params:	<none>
Path params:	<none>
Headers:		Accept=*/*
				Content-Type=application/json
Cookies:		<none>
Multiparts:		<none>
Body:
{
    "email": "test_1770062590115@yandex.ru",
    "password": "password123",
    "name": null
}
Request method:	POST
Request URI:	https://stellarburgers.education-services.ru/api/auth/register
Proxy:			<none>
Request params:	<none>
Query params:	<none>
Form params:	<none>
Path params:	<none>
Headers:		Accept=*/*
				Content-Type=application/json
Cookies:		<none>
Multiparts:		<none>
Body:
{
    "email": "test_1770062590115@yandex.ru",
    "password": "password123",
    "name": null
}
Request method:	POST
Request URI:	https://stellarburgers.education-services.ru/api/auth/register
Proxy:			<none>
Request params:	<none>
Query params:	<none>
Form params:	<none>
Path params:	<none>
Headers:		Accept=*/*
				Content-Type=application/json
Cookies:		<none>
Multiparts:		<none>
Body:
{
    "email": "test_1770062590115@yandex.ru",
    "password": "password123",
    "name": null
}
HTTP/1.1 403 Forbidden
Server: nginx/1.24.0 (Ubuntu)
Date: Mon, 02 Feb 2026 20:03:10 GMT
Content-Type: application/json; charset=utf-8
Content-Length: 74
Connection: keep-alive
X-Powered-By: Express
Access-Control-Allow-Origin: *
ETag: W/"4a-EmWdisR78lCFKIQWVZ3yQkk5Ixs"

{
    "success": false,
    "message": "Email, password and name are required fields"
}
HTTP/1.1 403 Forbidden
Server: nginx/1.24.0 (Ubuntu)
Date: Mon, 02 Feb 2026 20:03:10 GMT
Content-Type: application/json; charset=utf-8
Content-Length: 74
Connection: keep-alive
X-Powered-By: Express
Access-Control-Allow-Origin: *
ETag: W/"4a-EmWdisR78lCFKIQWVZ3yQkk5Ixs"

{
    "success": false,
    "message": "Email, password and name are required fields"
}
HTTP/1.1 403 Forbidden
Server: nginx/1.24.0 (Ubuntu)
Date: Mon, 02 Feb 2026 20:03:10 GMT
Content-Type: application/json; charset=utf-8
Content-Length: 74
Connection: keep-alive
X-Powered-By: Express
Access-Control-Allow-Origin: *
ETag: W/"4a-EmWdisR78lCFKIQWVZ3yQkk5Ixs"

{
    "success": false,
    "message": "Email, password and name are required fields"
}
HTTP/1.1 403 Forbidden
Server: nginx/1.24.0 (Ubuntu)
Date: Mon, 02 Feb 2026 20:03:10 GMT
Content-Type: application/json; charset=utf-8
Content-Length: 74
Connection: keep-alive
X-Powered-By: Express
Access-Control-Allow-Origin: *
ETag: W/"4a-EmWdisR78lCFKIQWVZ3yQkk5Ixs"

{
    "success": false,
    "message": "Email, password and name are required fields"
}
HTTP/1.1 403 Forbidden
Server: nginx/1.24.0 (Ubuntu)
Date: Mon, 02 Feb 2026 20:03:10 GMT
Content-Type: application/json; charset=utf-8
Content-Length: 74
Connection: keep-alive
X-Powered-By: Express
Access-Control-Allow-Origin: *
ETag: W/"4a-EmWdisR78lCFKIQWVZ3yQkk5Ixs"

{
    "success": false,
    "message": "Email, password and name are required fields"
}
HTTP/1.1 403 Forbidden
Server: nginx/1.24.0 (Ubuntu)
Date: Mon, 02 Feb 2026 20:03:10 GMT
Content-Type: application/json; charset=utf-8
Content-Length: 74
Connection: keep-alive
X-Powered-By: Express
Access-Control-Allow-Origin: *
ETag: W/"4a-EmWdisR78lCFKIQWVZ3yQkk5Ixs"

{
    "success": false,
    "message": "Email, password and name are required fields"
}
HTTP/1.1 403 Forbidden
Server: nginx/1.24.0 (Ubuntu)
Date: Mon, 02 Feb 2026 20:03:10 GMT
Content-Type: application/json; charset=utf-8
Content-Length: 74
Connection: keep-alive
X-Powered-By: Express
Access-Control-Allow-Origin: *
ETag: W/"4a-EmWdisR78lCFKIQWVZ3yQkk5Ixs"

{
    "success": false,
    "message": "Email, password and name are required fields"
}
HTTP/1.1 403 Forbidden
Server: nginx/1.24.0 (Ubuntu)
Date: Mon, 02 Feb 2026 20:03:10 GMT
Content-Type: application/json; charset=utf-8
Content-Length: 74
Connection: keep-alive
X-Powered-By: Express
Access-Control-Allow-Origin: *
ETag: W/"4a-EmWdisR78lCFKIQWVZ3yQkk5Ixs"

{
    "success": false,
    "message": "Email, password and name are required fields"
}
HTTP/1.1 403 Forbidden
Server: nginx/1.24.0 (Ubuntu)
Date: Mon, 02 Feb 2026 20:03:10 GMT
Content-Type: application/json; charset=utf-8
Content-Length: 74
Connection: keep-alive
X-Powered-By: Express
Access-Control-Allow-Origin: *
ETag: W/"4a-EmWdisR78lCFKIQWVZ3yQkk5Ixs"

{
    "success": false,
    "message": "Email, password and name are required fields"
}
HTTP/1.1 403 Forbidden
Server: nginx/1.24.0 (Ubuntu)
Date: Mon, 02 Feb 2026 20:03:10 GMT
Content-Type: application/json; charset=utf-8
Content-Length: 74
Connection: keep-alive
X-Powered-By: Express
Access-Control-Allow-Origin: *
ETag: W/"4a-EmWdisR78lCFKIQWVZ3yQkk5Ixs"

{
    "success": false,
    "message": "Email, password and name are required fields"
}
HTTP/1.1 403 Forbidden
Server: nginx/1.24.0 (Ubuntu)
Date: Mon, 02 Feb 2026 20:03:10 GMT
Content-Type: application/json; charset=utf-8
Content-Length: 74
Connection: keep-alive
X-Powered-By: Express
Access-Control-Allow-Origin: *
ETag: W/"4a-EmWdisR78lCFKIQWVZ3yQkk5Ixs"

{
    "success": false,
    "message": "Email, password and name are required fields"
}
HTTP/1.1 403 Forbidden
Server: nginx/1.24.0 (Ubuntu)
Date: Mon, 02 Feb 2026 20:03:10 GMT
Content-Type: application/json; charset=utf-8
Content-Length: 74
Connection: keep-alive
X-Powered-By: Express
Access-Control-Allow-Origin: *
ETag: W/"4a-EmWdisR78lCFKIQWVZ3yQkk5Ixs"

{
    "success": false,
    "message": "Email, password and name are required fields"
}
Request method:	POST
Request URI:	https://stellarburgers.education-services.ru/api/auth/register
Proxy:			<none>
Request params:	<none>
Query params:	<none>
Form params:	<none>
Path params:	<none>
Headers:		Accept=*/*
				Content-Type=application/json
Cookies:		<none>
Multiparts:		<none>
Body:
{
    "email": null,
    "password": "password123",
    "name": "Test User"
}
Request method:	POST
Request URI:	https://stellarburgers.education-services.ru/api/auth/register
Proxy:			<none>
Request params:	<none>
Query params:	<none>
Form params:	<none>
Path params:	<none>
Headers:		Accept=*/*
				Content-Type=application/json
Cookies:		<none>
Multiparts:		<none>
Body:
{
    "email": null,
    "password": "password123",
    "name": "Test User"
}
Request method:	POST
Request URI:	https://stellarburgers.education-services.ru/api/auth/register
Proxy:			<none>
Request params:	<none>
Query params:	<none>
Form params:	<none>
Path params:	<none>
Headers:		Accept=*/*
				Content-Type=application/json
Cookies:		<none>
Multiparts:		<none>
Body:
{
    "email": null,
    "password": "password123",
    "name": "Test User"
}
Request method:	POST
Request URI:	https://stellarburgers.education-services.ru/api/auth/register
Proxy:			<none>
Request params:	<none>
Query params:	<none>
Form params:	<none>
Path params:	<none>
Headers:		Accept=*/*
				Content-Type=application/json
Cookies:		<none>
Multiparts:		<none>
Body:
{
    "email": null,
    "password": "password123",
    "name": "Test User"
}
Request method:	POST
Request URI:	https://stellarburgers.education-services.ru/api/auth/register
Proxy:			<none>
Request params:	<none>
Query params:	<none>
Form params:	<none>
Path params:	<none>
Headers:		Accept=*/*
				Content-Type=application/json
Cookies:		<none>
Multiparts:		<none>
Body:
{
    "email": null,
    "password": "password123",
    "name": "Test User"
}
Request method:	POST
Request URI:	https://stellarburgers.education-services.ru/api/auth/register
Proxy:			<none>
Request params:	<none>
Query params:	<none>
Form params:	<none>
Path params:	<none>
Headers:		Accept=*/*
				Content-Type=application/json
Cookies:		<none>
Multiparts:		<none>
Body:
{
    "email": null,
    "password": "password123",
    "name": "Test User"
}
Request method:	POST
Request URI:	https://stellarburgers.education-services.ru/api/auth/register
Proxy:			<none>
Request params:	<none>
Query params:	<none>
Form params:	<none>
Path params:	<none>
Headers:		Accept=*/*
				Content-Type=application/json
Cookies:		<none>
Multiparts:		<none>
Body:
{
    "email": null,
    "password": "password123",
    "name": "Test User"
}
Request method:	POST
Request URI:	https://stellarburgers.education-services.ru/api/auth/register
Proxy:			<none>
Request params:	<none>
Query params:	<none>
Form params:	<none>
Path params:	<none>
Headers:		Accept=*/*
				Content-Type=application/json
Cookies:		<none>
Multiparts:		<none>
Body:
{
    "email": null,
    "password": "password123",
    "name": "Test User"
}
Request method:	POST
Request URI:	https://stellarburgers.education-services.ru/api/auth/register
Proxy:			<none>
Request params:	<none>
Query params:	<none>
Form params:	<none>
Path params:	<none>
Headers:		Accept=*/*
				Content-Type=application/json
Cookies:		<none>
Multiparts:		<none>
Body:
{
    "email": null,
    "password": "password123",
    "name": "Test User"
}
Request method:	POST
Request URI:	https://stellarburgers.education-services.ru/api/auth/register
Proxy:			<none>
Request params:	<none>
Query params:	<none>
Form params:	<none>
Path params:	<none>
Headers:		Accept=*/*
				Content-Type=application/json
Cookies:		<none>
Multiparts:		<none>
Body:
{
    "email": null,
    "password": "password123",
    "name": "Test User"
}
Request method:	POST
Request URI:	https://stellarburgers.education-services.ru/api/auth/register
Proxy:			<none>
Request params:	<none>
Query params:	<none>
Form params:	<none>
Path params:	<none>
Headers:		Accept=*/*
				Content-Type=application/json
Cookies:		<none>
Multiparts:		<none>
Body:
{
    "email": null,
    "password": "password123",
    "name": "Test User"
}
Request method:	POST
Request URI:	https://stellarburgers.education-services.ru/api/auth/register
Proxy:			<none>
Request params:	<none>
Query params:	<none>
Form params:	<none>
Path params:	<none>
Headers:		Accept=*/*
				Content-Type=application/json
Cookies:		<none>
Multiparts:		<none>
Body:
{
    "email": null,
    "password": "password123",
    "name": "Test User"
}
Request method:	POST
Request URI:	https://stellarburgers.education-services.ru/api/auth/register
Proxy:			<none>
Request params:	<none>
Query params:	<none>
Form params:	<none>
Path params:	<none>
Headers:		Accept=*/*
				Content-Type=application/json
Cookies:		<none>
Multiparts:		<none>
Body:
{
    "email": null,
    "password": "password123",
    "name": "Test User"
}
Request method:	POST
Request URI:	https://stellarburgers.education-services.ru/api/auth/register
Proxy:			<none>
Request params:	<none>
Query params:	<none>
Form params:	<none>
Path params:	<none>
Headers:		Accept=*/*
				Content-Type=application/json
Cookies:		<none>
Multiparts:		<none>
Body:
{
    "email": null,
    "password": "password123",
    "name": "Test User"
}
HTTP/1.1 403 Forbidden
Server: nginx/1.24.0 (Ubuntu)
Date: Mon, 02 Feb 2026 20:03:10 GMT
Content-Type: application/json; charset=utf-8
Content-Length: 74
Connection: keep-alive
X-Powered-By: Express
Access-Control-Allow-Origin: *
ETag: W/"4a-EmWdisR78lCFKIQWVZ3yQkk5Ixs"

{
    "success": false,
    "message": "Email, password and name are required fields"
}
HTTP/1.1 403 Forbidden
Server: nginx/1.24.0 (Ubuntu)
Date: Mon, 02 Feb 2026 20:03:10 GMT
Content-Type: application/json; charset=utf-8
Content-Length: 74
Connection: keep-alive
X-Powered-By: Express
Access-Control-Allow-Origin: *
ETag: W/"4a-EmWdisR78lCFKIQWVZ3yQkk5Ixs"

{
    "success": false,
    "message": "Email, password and name are required fields"
}
HTTP/1.1 403 Forbidden
Server: nginx/1.24.0 (Ubuntu)
Date: Mon, 02 Feb 2026 20:03:10 GMT
Content-Type: application/json; charset=utf-8
Content-Length: 74
Connection: keep-alive
X-Powered-By: Express
Access-Control-Allow-Origin: *
ETag: W/"4a-EmWdisR78lCFKIQWVZ3yQkk5Ixs"

{
    "success": false,
    "message": "Email, password and name are required fields"
}
HTTP/1.1 403 Forbidden
Server: nginx/1.24.0 (Ubuntu)
Date: Mon, 02 Feb 2026 20:03:10 GMT
Content-Type: application/json; charset=utf-8
Content-Length: 74
Connection: keep-alive
X-Powered-By: Express
Access-Control-Allow-Origin: *
ETag: W/"4a-EmWdisR78lCFKIQWVZ3yQkk5Ixs"

{
    "success": false,
    "message": "Email, password and name are required fields"
}
HTTP/1.1 403 Forbidden
Server: nginx/1.24.0 (Ubuntu)
Date: Mon, 02 Feb 2026 20:03:10 GMT
Content-Type: application/json; charset=utf-8
Content-Length: 74
Connection: keep-alive
X-Powered-By: Express
Access-Control-Allow-Origin: *
ETag: W/"4a-EmWdisR78lCFKIQWVZ3yQkk5Ixs"

{
    "success": false,
    "message": "Email, password and name are required fields"
}
HTTP/1.1 403 Forbidden
Server: nginx/1.24.0 (Ubuntu)
Date: Mon, 02 Feb 2026 20:03:10 GMT
Content-Type: application/json; charset=utf-8
Content-Length: 74
Connection: keep-alive
X-Powered-By: Express
Access-Control-Allow-Origin: *
ETag: W/"4a-EmWdisR78lCFKIQWVZ3yQkk5Ixs"

{
    "success": false,
    "message": "Email, password and name are required fields"
}
HTTP/1.1 403 Forbidden
Server: nginx/1.24.0 (Ubuntu)
Date: Mon, 02 Feb 2026 20:03:10 GMT
Content-Type: application/json; charset=utf-8
Content-Length: 74
Connection: keep-alive
X-Powered-By: Express
Access-Control-Allow-Origin: *
ETag: W/"4a-EmWdisR78lCFKIQWVZ3yQkk5Ixs"

{
    "success": false,
    "message": "Email, password and name are required fields"
}
HTTP/1.1 403 Forbidden
Server: nginx/1.24.0 (Ubuntu)
Date: Mon, 02 Feb 2026 20:03:10 GMT
Content-Type: application/json; charset=utf-8
Content-Length: 74
Connection: keep-alive
X-Powered-By: Express
Access-Control-Allow-Origin: *
ETag: W/"4a-EmWdisR78lCFKIQWVZ3yQkk5Ixs"

{
    "success": false,
    "message": "Email, password and name are required fields"
}
HTTP/1.1 403 Forbidden
Server: nginx/1.24.0 (Ubuntu)
Date: Mon, 02 Feb 2026 20:03:10 GMT
Content-Type: application/json; charset=utf-8
Content-Length: 74
Connection: keep-alive
X-Powered-By: Express
Access-Control-Allow-Origin: *
ETag: W/"4a-EmWdisR78lCFKIQWVZ3yQkk5Ixs"

{
    "success": false,
    "message": "Email, password and name are required fields"
}
HTTP/1.1 403 Forbidden
Server: nginx/1.24.0 (Ubuntu)
Date: Mon, 02 Feb 2026 20:03:10 GMT
Content-Type: application/json; charset=utf-8
Content-Length: 74
Connection: keep-alive
X-Powered-By: Express
Access-Control-Allow-Origin: *
ETag: W/"4a-EmWdisR78lCFKIQWVZ3yQkk5Ixs"

{
    "success": false,
    "message": "Email, password and name are required fields"
}
HTTP/1.1 403 Forbidden
Server: nginx/1.24.0 (Ubuntu)
Date: Mon, 02 Feb 2026 20:03:10 GMT
Content-Type: application/json; charset=utf-8
Content-Length: 74
Connection: keep-alive
X-Powered-By: Express
Access-Control-Allow-Origin: *
ETag: W/"4a-EmWdisR78lCFKIQWVZ3yQkk5Ixs"

{
    "success": false,
    "message": "Email, password and name are required fields"
}
HTTP/1.1 403 Forbidden
Server: nginx/1.24.0 (Ubuntu)
Date: Mon, 02 Feb 2026 20:03:10 GMT
Content-Type: application/json; charset=utf-8
Content-Length: 74
Connection: keep-alive
X-Powered-By: Express
Access-Control-Allow-Origin: *
ETag: W/"4a-EmWdisR78lCFKIQWVZ3yQkk5Ixs"

{
    "success": false,
    "message": "Email, password and name are required fields"
}
HTTP/1.1 403 Forbidden
Server: nginx/1.24.0 (Ubuntu)
Date: Mon, 02 Feb 2026 20:03:10 GMT
Content-Type: application/json; charset=utf-8
Content-Length: 74
Connection: keep-alive
X-Powered-By: Express
Access-Control-Allow-Origin: *
ETag: W/"4a-EmWdisR78lCFKIQWVZ3yQkk5Ixs"

{
    "success": false,
    "message": "Email, password and name are required fields"
}
HTTP/1.1 403 Forbidden
Server: nginx/1.24.0 (Ubuntu)
Date: Mon, 02 Feb 2026 20:03:10 GMT
Content-Type: application/json; charset=utf-8
Content-Length: 74
Connection: keep-alive
X-Powered-By: Express
Access-Control-Allow-Origin: *
ETag: W/"4a-EmWdisR78lCFKIQWVZ3yQkk5Ixs"

{
    "success": false,
    "message": "Email, password and name are required fields"
}
Request method:	POST
Request URI:	https://stellarburgers.education-services.ru/api/auth/register
Proxy:			<none>
Request params:	<none>
Query params:	<none>
Form params:	<none>
Path params:	<none>
Headers:		Accept=*/*
				Content-Type=application/json
Cookies:		<none>
Multiparts:		<none>
Body:
{
    "email": "test_1770062590295@yandex.ru",
    "password": "password123",
    "name": "Test User"
}
Request method:	POST
Request URI:	https://stellarburgers.education-services.ru/api/auth/register
Proxy:			<none>
Request params:	<none>
Query params:	<none>
Form params:	<none>
Path params:	<none>
Headers:		Accept=*/*
				Content-Type=application/json
Cookies:		<none>
Multiparts:		<none>
Body:
{
    "email": "test_1770062590295@yandex.ru",
    "password": "password123",
    "name": "Test User"
}
Request method:	POST
Request URI:	https://stellarburgers.education-services.ru/api/auth/register
Proxy:			<none>
Request params:	<none>
Query params:	<none>
Form params:	<none>
Path params:	<none>
Headers:		Accept=*/*
				Content-Type=application/json
Cookies:		<none>
Multiparts:		<none>
Body:
{
    "email": "test_1770062590295@yandex.ru",
    "password": "password123",
    "name": "Test User"
}
Request method:	POST
Request URI:	https://stellarburgers.education-services.ru/api/auth/register
Proxy:			<none>
Request params:	<none>
Query params:	<none>
Form params:	<none>
Path params:	<none>
Headers:		Accept=*/*
				Content-Type=application/json
Cookies:		<none>
Multiparts:		<none>
Body:
{
    "email": "test_1770062590295@yandex.ru",
    "password": "password123",
    "name": "Test User"
}
Request method:	POST
Request URI:	https://stellarburgers.education-services.ru/api/auth/register
Proxy:			<none>
Request params:	<none>
Query params:	<none>
Form params:	<none>
Path params:	<none>
Headers:		Accept=*/*
				Content-Type=application/json
Cookies:		<none>
Multiparts:		<none>
Body:
{
    "email": "test_1770062590295@yandex.ru",
    "password": "password123",
    "name": "Test User"
}
Request method:	POST
Request URI:	https://stellarburgers.education-services.ru/api/auth/register
Proxy:			<none>
Request params:	<none>
Query params:	<none>
Form params:	<none>
Path params:	<none>
Headers:		Accept=*/*
				Content-Type=application/json
Cookies:		<none>
Multiparts:		<none>
Body:
{
    "email": "test_1770062590295@yandex.ru",
    "password": "password123",
    "name": "Test User"
}
Request method:	POST
Request URI:	https://stellarburgers.education-services.ru/api/auth/register
Proxy:			<none>
Request params:	<none>
Query params:	<none>
Form params:	<none>
Path params:	<none>
Headers:		Accept=*/*
				Content-Type=application/json
Cookies:		<none>
Multiparts:		<none>
Body:
{
    "email": "test_1770062590295@yandex.ru",
    "password": "password123",
    "name": "Test User"
}
Request method:	POST
Request URI:	https://stellarburgers.education-services.ru/api/auth/register
Proxy:			<none>
Request params:	<none>
Query params:	<none>
Form params:	<none>
Path params:	<none>
Headers:		Accept=*/*
				Content-Type=application/json
Cookies:		<none>
Multiparts:		<none>
Body:
{
    "email": "test_1770062590295@yandex.ru",
    "password": "password123",
    "name": "Test User"
}
Request method:	POST
Request URI:	https://stellarburgers.education-services.ru/api/auth/register
Proxy:			<none>
Request params:	<none>
Query params:	<none>
Form params:	<none>
Path params:	<none>
Headers:		Accept=*/*
				Content-Type=application/json
Cookies:		<none>
Multiparts:		<none>
Body:
{
    "email": "test_1770062590295@yandex.ru",
    "password": "password123",
    "name": "Test User"
}
Request method:	POST
Request URI:	https://stellarburgers.education-services.ru/api/auth/register
Proxy:			<none>
Request params:	<none>
Query params:	<none>
Form params:	<none>
Path params:	<none>
Headers:		Accept=*/*
				Content-Type=application/json
Cookies:		<none>
Multiparts:		<none>
Body:
{
    "email": "test_1770062590295@yandex.ru",
    "password": "password123",
    "name": "Test User"
}
Request method:	POST
Request URI:	https://stellarburgers.education-services.ru/api/auth/register
Proxy:			<none>
Request params:	<none>
Query params:	<none>
Form params:	<none>
Path params:	<none>
Headers:		Accept=*/*
				Content-Type=application/json
Cookies:		<none>
Multiparts:		<none>
Body:
{
    "email": "test_1770062590295@yandex.ru",
    "password": "password123",
    "name": "Test User"
}
Request method:	POST
Request URI:	https://stellarburgers.education-services.ru/api/auth/register
Proxy:			<none>
Request params:	<none>
Query params:	<none>
Form params:	<none>
Path params:	<none>
Headers:		Accept=*/*
				Content-Type=application/json
Cookies:		<none>
Multiparts:		<none>
Body:
{
    "email": "test_1770062590295@yandex.ru",
    "password": "password123",
    "name": "Test User"
}
Request method:	POST
Request URI:	https://stellarburgers.education-services.ru/api/auth/register
Proxy:			<none>
Request params:	<none>
Query params:	<none>
Form params:	<none>
Path params:	<none>
Headers:		Accept=*/*
				Content-Type=application/json
Cookies:		<none>
Multiparts:		<none>
Body:
{
    "email": "test_1770062590295@yandex.ru",
    "password": "password123",
    "name": "Test User"
}
Request method:	POST
Request URI:	https://stellarburgers.education-services.ru/api/auth/register
Proxy:			<none>
Request params:	<none>
Query params:	<none>
Form params:	<none>
Path params:	<none>
Headers:		Accept=*/*
				Content-Type=application/json
Cookies:		<none>
Multiparts:		<none>
Body:
{
    "email": "test_1770062590295@yandex.ru",
    "password": "password123",
    "name": "Test User"
}
Request method:	POST
Request URI:	https://stellarburgers.education-services.ru/api/auth/register
Proxy:			<none>
Request params:	<none>
Query params:	<none>
Form params:	<none>
Path params:	<none>
Headers:		Accept=*/*
				Content-Type=application/json
Cookies:		<none>
Multiparts:		<none>
Body:
{
    "email": "test_1770062590295@yandex.ru",
    "password": "password123",
    "name": "Test User"
}
Request method:	POST
Request URI:	https://stellarburgers.education-services.ru/api/auth/register
Proxy:			<none>
Request params:	<none>
Query params:	<none>
Form params:	<none>
Path params:	<none>
Headers:		Accept=*/*
				Content-Type=application/json
Cookies:		<none>
Multiparts:		<none>
Body:
{
    "email": "test_1770062590295@yandex.ru",
    "password": "password123",
    "name": "Test User"
}
HTTP/1.1 200 OK
Server: nginx/1.24.0 (Ubuntu)
Date: Mon, 02 Feb 2026 20:03:10 GMT
Content-Type: application/json; charset=utf-8
Content-Length: 376
Connection: keep-alive
X-Powered-By: Express
Access-Control-Allow-Origin: *
authorization: Bearer eyJhbGciOiJIUzI1NiIsInR5cCI6IkpXVCJ9.eyJpZCI6IjY5ODEwMmZlOTg0MjcwMDAxYmU0MmQ2YyIsImlhdCI6MTc3MDA2MjU5MCwiZXhwIjoxNzcwMDYzNzkwfQ.vyiRW-078D07mFW5p0CIhWTxu6_dv2bzEcJJBSNgoAU
ETag: W/"178-UczAsEXP3IuKQPitLMSR0JZUmaw"

{
    "success": true,
    "user": {
        "email": "test_1770062590295@yandex.ru",
        "name": "Test User"
    },
    "accessToken": "Bearer eyJhbGciOiJIUzI1NiIsInR5cCI6IkpXVCJ9.eyJpZCI6IjY5ODEwMmZlOTg0MjcwMDAxYmU0MmQ2YyIsImlhdCI6MTc3MDA2MjU5MCwiZXhwIjoxNzcwMDYzNzkwfQ.vyiRW-078D07mFW5p0CIhWTxu6_dv2bzEcJJBSNgoAU",
    "refreshToken": "820035b45e002390e84ddc4636c471756c777ac9b5ca159297ef75deb0a91b27fa08152eb3f189a9"
}
HTTP/1.1 200 OK
Server: nginx/1.24.0 (Ubuntu)
Date: Mon, 02 Feb 2026 20:03:10 GMT
Content-Type: application/json; charset=utf-8
Content-Length: 376
Connection: keep-alive
X-Powered-By: Express
Access-Control-Allow-Origin: *
authorization: Bearer eyJhbGciOiJIUzI1NiIsInR5cCI6IkpXVCJ9.eyJpZCI6IjY5ODEwMmZlOTg0MjcwMDAxYmU0MmQ2YyIsImlhdCI6MTc3MDA2MjU5MCwiZXhwIjoxNzcwMDYzNzkwfQ.vyiRW-078D07mFW5p0CIhWTxu6_dv2bzEcJJBSNgoAU
ETag: W/"178-UczAsEXP3IuKQPitLMSR0JZUmaw"

{
    "success": true,
    "user": {
        "email": "test_1770062590295@yandex.ru",
        "name": "Test User"
    },
    "accessToken": "Bearer eyJhbGciOiJIUzI1NiIsInR5cCI6IkpXVCJ9.eyJpZCI6IjY5ODEwMmZlOTg0MjcwMDAxYmU0MmQ2YyIsImlhdCI6MTc3MDA2MjU5MCwiZXhwIjoxNzcwMDYzNzkwfQ.vyiRW-078D07mFW5p0CIhWTxu6_dv2bzEcJJBSNgoAU",
    "refreshToken": "820035b45e002390e84ddc4636c471756c777ac9b5ca159297ef75deb0a91b27fa08152eb3f189a9"
}
HTTP/1.1 200 OK
Server: nginx/1.24.0 (Ubuntu)
Date: Mon, 02 Feb 2026 20:03:10 GMT
Content-Type: application/json; charset=utf-8
Content-Length: 376
Connection: keep-alive
X-Powered-By: Express
Access-Control-Allow-Origin: *
authorization: Bearer eyJhbGciOiJIUzI1NiIsInR5cCI6IkpXVCJ9.eyJpZCI6IjY5ODEwMmZlOTg0MjcwMDAxYmU0MmQ2YyIsImlhdCI6MTc3MDA2MjU5MCwiZXhwIjoxNzcwMDYzNzkwfQ.vyiRW-078D07mFW5p0CIhWTxu6_dv2bzEcJJBSNgoAU
ETag: W/"178-UczAsEXP3IuKQPitLMSR0JZUmaw"

{
    "success": true,
    "user": {
        "email": "test_1770062590295@yandex.ru",
        "name": "Test User"
    },
    "accessToken": "Bearer eyJhbGciOiJIUzI1NiIsInR5cCI6IkpXVCJ9.eyJpZCI6IjY5ODEwMmZlOTg0MjcwMDAxYmU0MmQ2YyIsImlhdCI6MTc3MDA2MjU5MCwiZXhwIjoxNzcwMDYzNzkwfQ.vyiRW-078D07mFW5p0CIhWTxu6_dv2bzEcJJBSNgoAU",
    "refreshToken": "820035b45e002390e84ddc4636c471756c777ac9b5ca159297ef75deb0a91b27fa08152eb3f189a9"
}
HTTP/1.1 200 OK
Server: nginx/1.24.0 (Ubuntu)
Date: Mon, 02 Feb 2026 20:03:10 GMT
Content-Type: application/json; charset=utf-8
Content-Length: 376
Connection: keep-alive
X-Powered-By: Express
Access-Control-Allow-Origin: *
authorization: Bearer eyJhbGciOiJIUzI1NiIsInR5cCI6IkpXVCJ9.eyJpZCI6IjY5ODEwMmZlOTg0MjcwMDAxYmU0MmQ2YyIsImlhdCI6MTc3MDA2MjU5MCwiZXhwIjoxNzcwMDYzNzkwfQ.vyiRW-078D07mFW5p0CIhWTxu6_dv2bzEcJJBSNgoAU
ETag: W/"178-UczAsEXP3IuKQPitLMSR0JZUmaw"

{
    "success": true,
    "user": {
        "email": "test_1770062590295@yandex.ru",
        "name": "Test User"
    },
    "accessToken": "Bearer eyJhbGciOiJIUzI1NiIsInR5cCI6IkpXVCJ9.eyJpZCI6IjY5ODEwMmZlOTg0MjcwMDAxYmU0MmQ2YyIsImlhdCI6MTc3MDA2MjU5MCwiZXhwIjoxNzcwMDYzNzkwfQ.vyiRW-078D07mFW5p0CIhWTxu6_dv2bzEcJJBSNgoAU",
    "refreshToken": "820035b45e002390e84ddc4636c471756c777ac9b5ca159297ef75deb0a91b27fa08152eb3f189a9"
}
HTTP/1.1 200 OK
Server: nginx/1.24.0 (Ubuntu)
Date: Mon, 02 Feb 2026 20:03:10 GMT
Content-Type: application/json; charset=utf-8
Content-Length: 376
Connection: keep-alive
X-Powered-By: Express
Access-Control-Allow-Origin: *
authorization: Bearer eyJhbGciOiJIUzI1NiIsInR5cCI6IkpXVCJ9.eyJpZCI6IjY5ODEwMmZlOTg0MjcwMDAxYmU0MmQ2YyIsImlhdCI6MTc3MDA2MjU5MCwiZXhwIjoxNzcwMDYzNzkwfQ.vyiRW-078D07mFW5p0CIhWTxu6_dv2bzEcJJBSNgoAU
ETag: W/"178-UczAsEXP3IuKQPitLMSR0JZUmaw"

{
    "success": true,
    "user": {
        "email": "test_1770062590295@yandex.ru",
        "name": "Test User"
    },
    "accessToken": "Bearer eyJhbGciOiJIUzI1NiIsInR5cCI6IkpXVCJ9.eyJpZCI6IjY5ODEwMmZlOTg0MjcwMDAxYmU0MmQ2YyIsImlhdCI6MTc3MDA2MjU5MCwiZXhwIjoxNzcwMDYzNzkwfQ.vyiRW-078D07mFW5p0CIhWTxu6_dv2bzEcJJBSNgoAU",
    "refreshToken": "820035b45e002390e84ddc4636c471756c777ac9b5ca159297ef75deb0a91b27fa08152eb3f189a9"
}
HTTP/1.1 200 OK
Server: nginx/1.24.0 (Ubuntu)
Date: Mon, 02 Feb 2026 20:03:10 GMT
Content-Type: application/json; charset=utf-8
Content-Length: 376
Connection: keep-alive
X-Powered-By: Express
Access-Control-Allow-Origin: *
authorization: Bearer eyJhbGciOiJIUzI1NiIsInR5cCI6IkpXVCJ9.eyJpZCI6IjY5ODEwMmZlOTg0MjcwMDAxYmU0MmQ2YyIsImlhdCI6MTc3MDA2MjU5MCwiZXhwIjoxNzcwMDYzNzkwfQ.vyiRW-078D07mFW5p0CIhWTxu6_dv2bzEcJJBSNgoAU
ETag: W/"178-UczAsEXP3IuKQPitLMSR0JZUmaw"

{
    "success": true,
    "user": {
        "email": "test_1770062590295@yandex.ru",
        "name": "Test User"
    },
    "accessToken": "Bearer eyJhbGciOiJIUzI1NiIsInR5cCI6IkpXVCJ9.eyJpZCI6IjY5ODEwMmZlOTg0MjcwMDAxYmU0MmQ2YyIsImlhdCI6MTc3MDA2MjU5MCwiZXhwIjoxNzcwMDYzNzkwfQ.vyiRW-078D07mFW5p0CIhWTxu6_dv2bzEcJJBSNgoAU",
    "refreshToken": "820035b45e002390e84ddc4636c471756c777ac9b5ca159297ef75deb0a91b27fa08152eb3f189a9"
}
HTTP/1.1 200 OK
Server: nginx/1.24.0 (Ubuntu)
Date: Mon, 02 Feb 2026 20:03:10 GMT
Content-Type: application/json; charset=utf-8
Content-Length: 376
Connection: keep-alive
X-Powered-By: Express
Access-Control-Allow-Origin: *
authorization: Bearer eyJhbGciOiJIUzI1NiIsInR5cCI6IkpXVCJ9.eyJpZCI6IjY5ODEwMmZlOTg0MjcwMDAxYmU0MmQ2YyIsImlhdCI6MTc3MDA2MjU5MCwiZXhwIjoxNzcwMDYzNzkwfQ.vyiRW-078D07mFW5p0CIhWTxu6_dv2bzEcJJBSNgoAU
ETag: W/"178-UczAsEXP3IuKQPitLMSR0JZUmaw"

{
    "success": true,
    "user": {
        "email": "test_1770062590295@yandex.ru",
        "name": "Test User"
    },
    "accessToken": "Bearer eyJhbGciOiJIUzI1NiIsInR5cCI6IkpXVCJ9.eyJpZCI6IjY5ODEwMmZlOTg0MjcwMDAxYmU0MmQ2YyIsImlhdCI6MTc3MDA2MjU5MCwiZXhwIjoxNzcwMDYzNzkwfQ.vyiRW-078D07mFW5p0CIhWTxu6_dv2bzEcJJBSNgoAU",
    "refreshToken": "820035b45e002390e84ddc4636c471756c777ac9b5ca159297ef75deb0a91b27fa08152eb3f189a9"
}
HTTP/1.1 200 OK
Server: nginx/1.24.0 (Ubuntu)
Date: Mon, 02 Feb 2026 20:03:10 GMT
Content-Type: application/json; charset=utf-8
Content-Length: 376
Connection: keep-alive
X-Powered-By: Express
Access-Control-Allow-Origin: *
authorization: Bearer eyJhbGciOiJIUzI1NiIsInR5cCI6IkpXVCJ9.eyJpZCI6IjY5ODEwMmZlOTg0MjcwMDAxYmU0MmQ2YyIsImlhdCI6MTc3MDA2MjU5MCwiZXhwIjoxNzcwMDYzNzkwfQ.vyiRW-078D07mFW5p0CIhWTxu6_dv2bzEcJJBSNgoAU
ETag: W/"178-UczAsEXP3IuKQPitLMSR0JZUmaw"

{
    "success": true,
    "user": {
        "email": "test_1770062590295@yandex.ru",
        "name": "Test User"
    },
    "accessToken": "Bearer eyJhbGciOiJIUzI1NiIsInR5cCI6IkpXVCJ9.eyJpZCI6IjY5ODEwMmZlOTg0MjcwMDAxYmU0MmQ2YyIsImlhdCI6MTc3MDA2MjU5MCwiZXhwIjoxNzcwMDYzNzkwfQ.vyiRW-078D07mFW5p0CIhWTxu6_dv2bzEcJJBSNgoAU",
    "refreshToken": "820035b45e002390e84ddc4636c471756c777ac9b5ca159297ef75deb0a91b27fa08152eb3f189a9"
}
HTTP/1.1 200 OK
Server: nginx/1.24.0 (Ubuntu)
Date: Mon, 02 Feb 2026 20:03:10 GMT
Content-Type: application/json; charset=utf-8
Content-Length: 376
Connection: keep-alive
X-Powered-By: Express
Access-Control-Allow-Origin: *
authorization: Bearer eyJhbGciOiJIUzI1NiIsInR5cCI6IkpXVCJ9.eyJpZCI6IjY5ODEwMmZlOTg0MjcwMDAxYmU0MmQ2YyIsImlhdCI6MTc3MDA2MjU5MCwiZXhwIjoxNzcwMDYzNzkwfQ.vyiRW-078D07mFW5p0CIhWTxu6_dv2bzEcJJBSNgoAU
ETag: W/"178-UczAsEXP3IuKQPitLMSR0JZUmaw"

{
    "success": true,
    "user": {
        "email": "test_1770062590295@yandex.ru",
        "name": "Test User"
    },
    "accessToken": "Bearer eyJhbGciOiJIUzI1NiIsInR5cCI6IkpXVCJ9.eyJpZCI6IjY5ODEwMmZlOTg0MjcwMDAxYmU0MmQ2YyIsImlhdCI6MTc3MDA2MjU5MCwiZXhwIjoxNzcwMDYzNzkwfQ.vyiRW-078D07mFW5p0CIhWTxu6_dv2bzEcJJBSNgoAU",
    "refreshToken": "820035b45e002390e84ddc4636c471756c777ac9b5ca159297ef75deb0a91b27fa08152eb3f189a9"
}
HTTP/1.1 200 OK
Server: nginx/1.24.0 (Ubuntu)
Date: Mon, 02 Feb 2026 20:03:10 GMT
Content-Type: application/json; charset=utf-8
Content-Length: 376
Connection: keep-alive
X-Powered-By: Express
Access-Control-Allow-Origin: *
authorization: Bearer eyJhbGciOiJIUzI1NiIsInR5cCI6IkpXVCJ9.eyJpZCI6IjY5ODEwMmZlOTg0MjcwMDAxYmU0MmQ2YyIsImlhdCI6MTc3MDA2MjU5MCwiZXhwIjoxNzcwMDYzNzkwfQ.vyiRW-078D07mFW5p0CIhWTxu6_dv2bzEcJJBSNgoAU
ETag: W/"178-UczAsEXP3IuKQPitLMSR0JZUmaw"

{
    "success": true,
    "user": {
        "email": "test_1770062590295@yandex.ru",
        "name": "Test User"
    },
    "accessToken": "Bearer eyJhbGciOiJIUzI1NiIsInR5cCI6IkpXVCJ9.eyJpZCI6IjY5ODEwMmZlOTg0MjcwMDAxYmU0MmQ2YyIsImlhdCI6MTc3MDA2MjU5MCwiZXhwIjoxNzcwMDYzNzkwfQ.vyiRW-078D07mFW5p0CIhWTxu6_dv2bzEcJJBSNgoAU",
    "refreshToken": "820035b45e002390e84ddc4636c471756c777ac9b5ca159297ef75deb0a91b27fa08152eb3f189a9"
}
HTTP/1.1 200 OK
Server: nginx/1.24.0 (Ubuntu)
Date: Mon, 02 Feb 2026 20:03:10 GMT
Content-Type: application/json; charset=utf-8
Content-Length: 376
Connection: keep-alive
X-Powered-By: Express
Access-Control-Allow-Origin: *
authorization: Bearer eyJhbGciOiJIUzI1NiIsInR5cCI6IkpXVCJ9.eyJpZCI6IjY5ODEwMmZlOTg0MjcwMDAxYmU0MmQ2YyIsImlhdCI6MTc3MDA2MjU5MCwiZXhwIjoxNzcwMDYzNzkwfQ.vyiRW-078D07mFW5p0CIhWTxu6_dv2bzEcJJBSNgoAU
ETag: W/"178-UczAsEXP3IuKQPitLMSR0JZUmaw"

{
    "success": true,
    "user": {
        "email": "test_1770062590295@yandex.ru",
        "name": "Test User"
    },
    "accessToken": "Bearer eyJhbGciOiJIUzI1NiIsInR5cCI6IkpXVCJ9.eyJpZCI6IjY5ODEwMmZlOTg0MjcwMDAxYmU0MmQ2YyIsImlhdCI6MTc3MDA2MjU5MCwiZXhwIjoxNzcwMDYzNzkwfQ.vyiRW-078D07mFW5p0CIhWTxu6_dv2bzEcJJBSNgoAU",
    "refreshToken": "820035b45e002390e84ddc4636c471756c777ac9b5ca159297ef75deb0a91b27fa08152eb3f189a9"
}
HTTP/1.1 200 OK
Server: nginx/1.24.0 (Ubuntu)
Date: Mon, 02 Feb 2026 20:03:10 GMT
Content-Type: application/json; charset=utf-8
Content-Length: 376
Connection: keep-alive
X-Powered-By: Express
Access-Control-Allow-Origin: *
authorization: Bearer eyJhbGciOiJIUzI1NiIsInR5cCI6IkpXVCJ9.eyJpZCI6IjY5ODEwMmZlOTg0MjcwMDAxYmU0MmQ2YyIsImlhdCI6MTc3MDA2MjU5MCwiZXhwIjoxNzcwMDYzNzkwfQ.vyiRW-078D07mFW5p0CIhWTxu6_dv2bzEcJJBSNgoAU
ETag: W/"178-UczAsEXP3IuKQPitLMSR0JZUmaw"

{
    "success": true,
    "user": {
        "email": "test_1770062590295@yandex.ru",
        "name": "Test User"
    },
    "accessToken": "Bearer eyJhbGciOiJIUzI1NiIsInR5cCI6IkpXVCJ9.eyJpZCI6IjY5ODEwMmZlOTg0MjcwMDAxYmU0MmQ2YyIsImlhdCI6MTc3MDA2MjU5MCwiZXhwIjoxNzcwMDYzNzkwfQ.vyiRW-078D07mFW5p0CIhWTxu6_dv2bzEcJJBSNgoAU",
    "refreshToken": "820035b45e002390e84ddc4636c471756c777ac9b5ca159297ef75deb0a91b27fa08152eb3f189a9"
}
HTTP/1.1 200 OK
Server: nginx/1.24.0 (Ubuntu)
Date: Mon, 02 Feb 2026 20:03:10 GMT
Content-Type: application/json; charset=utf-8
Content-Length: 376
Connection: keep-alive
X-Powered-By: Express
Access-Control-Allow-Origin: *
authorization: Bearer eyJhbGciOiJIUzI1NiIsInR5cCI6IkpXVCJ9.eyJpZCI6IjY5ODEwMmZlOTg0MjcwMDAxYmU0MmQ2YyIsImlhdCI6MTc3MDA2MjU5MCwiZXhwIjoxNzcwMDYzNzkwfQ.vyiRW-078D07mFW5p0CIhWTxu6_dv2bzEcJJBSNgoAU
ETag: W/"178-UczAsEXP3IuKQPitLMSR0JZUmaw"

{
    "success": true,
    "user": {
        "email": "test_1770062590295@yandex.ru",
        "name": "Test User"
    },
    "accessToken": "Bearer eyJhbGciOiJIUzI1NiIsInR5cCI6IkpXVCJ9.eyJpZCI6IjY5ODEwMmZlOTg0MjcwMDAxYmU0MmQ2YyIsImlhdCI6MTc3MDA2MjU5MCwiZXhwIjoxNzcwMDYzNzkwfQ.vyiRW-078D07mFW5p0CIhWTxu6_dv2bzEcJJBSNgoAU",
    "refreshToken": "820035b45e002390e84ddc4636c471756c777ac9b5ca159297ef75deb0a91b27fa08152eb3f189a9"
}
HTTP/1.1 200 OK
Server: nginx/1.24.0 (Ubuntu)
Date: Mon, 02 Feb 2026 20:03:10 GMT
Content-Type: application/json; charset=utf-8
Content-Length: 376
Connection: keep-alive
X-Powered-By: Express
Access-Control-Allow-Origin: *
authorization: Bearer eyJhbGciOiJIUzI1NiIsInR5cCI6IkpXVCJ9.eyJpZCI6IjY5ODEwMmZlOTg0MjcwMDAxYmU0MmQ2YyIsImlhdCI6MTc3MDA2MjU5MCwiZXhwIjoxNzcwMDYzNzkwfQ.vyiRW-078D07mFW5p0CIhWTxu6_dv2bzEcJJBSNgoAU
ETag: W/"178-UczAsEXP3IuKQPitLMSR0JZUmaw"

{
    "success": true,
    "user": {
        "email": "test_1770062590295@yandex.ru",
        "name": "Test User"
    },
    "accessToken": "Bearer eyJhbGciOiJIUzI1NiIsInR5cCI6IkpXVCJ9.eyJpZCI6IjY5ODEwMmZlOTg0MjcwMDAxYmU0MmQ2YyIsImlhdCI6MTc3MDA2MjU5MCwiZXhwIjoxNzcwMDYzNzkwfQ.vyiRW-078D07mFW5p0CIhWTxu6_dv2bzEcJJBSNgoAU",
    "refreshToken": "820035b45e002390e84ddc4636c471756c777ac9b5ca159297ef75deb0a91b27fa08152eb3f189a9"
}
HTTP/1.1 200 OK
Server: nginx/1.24.0 (Ubuntu)
Date: Mon, 02 Feb 2026 20:03:10 GMT
Content-Type: application/json; charset=utf-8
Content-Length: 376
Connection: keep-alive
X-Powered-By: Express
Access-Control-Allow-Origin: *
authorization: Bearer eyJhbGciOiJIUzI1NiIsInR5cCI6IkpXVCJ9.eyJpZCI6IjY5ODEwMmZlOTg0MjcwMDAxYmU0MmQ2YyIsImlhdCI6MTc3MDA2MjU5MCwiZXhwIjoxNzcwMDYzNzkwfQ.vyiRW-078D07mFW5p0CIhWTxu6_dv2bzEcJJBSNgoAU
ETag: W/"178-UczAsEXP3IuKQPitLMSR0JZUmaw"

{
    "success": true,
    "user": {
        "email": "test_1770062590295@yandex.ru",
        "name": "Test User"
    },
    "accessToken": "Bearer eyJhbGciOiJIUzI1NiIsInR5cCI6IkpXVCJ9.eyJpZCI6IjY5ODEwMmZlOTg0MjcwMDAxYmU0MmQ2YyIsImlhdCI6MTc3MDA2MjU5MCwiZXhwIjoxNzcwMDYzNzkwfQ.vyiRW-078D07mFW5p0CIhWTxu6_dv2bzEcJJBSNgoAU",
    "refreshToken": "820035b45e002390e84ddc4636c471756c777ac9b5ca159297ef75deb0a91b27fa08152eb3f189a9"
}
HTTP/1.1 200 OK
Server: nginx/1.24.0 (Ubuntu)
Date: Mon, 02 Feb 2026 20:03:10 GMT
Content-Type: application/json; charset=utf-8
Content-Length: 376
Connection: keep-alive
X-Powered-By: Express
Access-Control-Allow-Origin: *
authorization: Bearer eyJhbGciOiJIUzI1NiIsInR5cCI6IkpXVCJ9.eyJpZCI6IjY5ODEwMmZlOTg0MjcwMDAxYmU0MmQ2YyIsImlhdCI6MTc3MDA2MjU5MCwiZXhwIjoxNzcwMDYzNzkwfQ.vyiRW-078D07mFW5p0CIhWTxu6_dv2bzEcJJBSNgoAU
ETag: W/"178-UczAsEXP3IuKQPitLMSR0JZUmaw"

{
    "success": true,
    "user": {
        "email": "test_1770062590295@yandex.ru",
        "name": "Test User"
    },
    "accessToken": "Bearer eyJhbGciOiJIUzI1NiIsInR5cCI6IkpXVCJ9.eyJpZCI6IjY5ODEwMmZlOTg0MjcwMDAxYmU0MmQ2YyIsImlhdCI6MTc3MDA2MjU5MCwiZXhwIjoxNzcwMDYzNzkwfQ.vyiRW-078D07mFW5p0CIhWTxu6_dv2bzEcJJBSNgoAU",
    "refreshToken": "820035b45e002390e84ddc4636c471756c777ac9b5ca159297ef75deb0a91b27fa08152eb3f189a9"
}
Request method:	POST
Request URI:	https://stellarburgers.education-services.ru/api/auth/register
Proxy:			<none>
Request params:	<none>
Query params:	<none>
Form params:	<none>
Path params:	<none>
Headers:		Accept=*/*
				Content-Type=application/json
Cookies:		<none>
Multiparts:		<none>
Body:
{
    "email": "test_1770062590295@yandex.ru",
    "password": "password123",
    "name": "Test User"
}
Request method:	POST
Request URI:	https://stellarburgers.education-services.ru/api/auth/register
Proxy:			<none>
Request params:	<none>
Query params:	<none>
Form params:	<none>
Path params:	<none>
Headers:		Accept=*/*
				Content-Type=application/json
Cookies:		<none>
Multiparts:		<none>
Body:
{
    "email": "test_1770062590295@yandex.ru",
    "password": "password123",
    "name": "Test User"
}
Request method:	POST
Request URI:	https://stellarburgers.education-services.ru/api/auth/register
Proxy:			<none>
Request params:	<none>
Query params:	<none>
Form params:	<none>
Path params:	<none>
Headers:		Accept=*/*
				Content-Type=application/json
Cookies:		<none>
Multiparts:		<none>
Body:
{
    "email": "test_1770062590295@yandex.ru",
    "password": "password123",
    "name": "Test User"
}
Request method:	POST
Request URI:	https://stellarburgers.education-services.ru/api/auth/register
Proxy:			<none>
Request params:	<none>
Query params:	<none>
Form params:	<none>
Path params:	<none>
Headers:		Accept=*/*
				Content-Type=application/json
Cookies:		<none>
Multiparts:		<none>
Body:
{
    "email": "test_1770062590295@yandex.ru",
    "password": "password123",
    "name": "Test User"
}
Request method:	POST
Request URI:	https://stellarburgers.education-services.ru/api/auth/register
Proxy:			<none>
Request params:	<none>
Query params:	<none>
Form params:	<none>
Path params:	<none>
Headers:		Accept=*/*
				Content-Type=application/json
Cookies:		<none>
Multiparts:		<none>
Body:
{
    "email": "test_1770062590295@yandex.ru",
    "password": "password123",
    "name": "Test User"
}
Request method:	POST
Request URI:	https://stellarburgers.education-services.ru/api/auth/register
Proxy:			<none>
Request params:	<none>
Query params:	<none>
Form params:	<none>
Path params:	<none>
Headers:		Accept=*/*
				Content-Type=application/json
Cookies:		<none>
Multiparts:		<none>
Body:
{
    "email": "test_1770062590295@yandex.ru",
    "password": "password123",
    "name": "Test User"
}
Request method:	POST
Request URI:	https://stellarburgers.education-services.ru/api/auth/register
Proxy:			<none>
Request params:	<none>
Query params:	<none>
Form params:	<none>
Path params:	<none>
Headers:		Accept=*/*
				Content-Type=application/json
Cookies:		<none>
Multiparts:		<none>
Body:
{
    "email": "test_1770062590295@yandex.ru",
    "password": "password123",
    "name": "Test User"
}
Request method:	POST
Request URI:	https://stellarburgers.education-services.ru/api/auth/register
Proxy:			<none>
Request params:	<none>
Query params:	<none>
Form params:	<none>
Path params:	<none>
Headers:		Accept=*/*
				Content-Type=application/json
Cookies:		<none>
Multiparts:		<none>
Body:
{
    "email": "test_1770062590295@yandex.ru",
    "password": "password123",
    "name": "Test User"
}
Request method:	POST
Request URI:	https://stellarburgers.education-services.ru/api/auth/register
Proxy:			<none>
Request params:	<none>
Query params:	<none>
Form params:	<none>
Path params:	<none>
Headers:		Accept=*/*
				Content-Type=application/json
Cookies:		<none>
Multiparts:		<none>
Body:
{
    "email": "test_1770062590295@yandex.ru",
    "password": "password123",
    "name": "Test User"
}
Request method:	POST
Request URI:	https://stellarburgers.education-services.ru/api/auth/register
Proxy:			<none>
Request params:	<none>
Query params:	<none>
Form params:	<none>
Path params:	<none>
Headers:		Accept=*/*
				Content-Type=application/json
Cookies:		<none>
Multiparts:		<none>
Body:
{
    "email": "test_1770062590295@yandex.ru",
    "password": "password123",
    "name": "Test User"
}
Request method:	POST
Request URI:	https://stellarburgers.education-services.ru/api/auth/register
Proxy:			<none>
Request params:	<none>
Query params:	<none>
Form params:	<none>
Path params:	<none>
Headers:		Accept=*/*
				Content-Type=application/json
Cookies:		<none>
Multiparts:		<none>
Body:
{
    "email": "test_1770062590295@yandex.ru",
    "password": "password123",
    "name": "Test User"
}
Request method:	POST
Request URI:	https://stellarburgers.education-services.ru/api/auth/register
Proxy:			<none>
Request params:	<none>
Query params:	<none>
Form params:	<none>
Path params:	<none>
Headers:		Accept=*/*
				Content-Type=application/json
Cookies:		<none>
Multiparts:		<none>
Body:
{
    "email": "test_1770062590295@yandex.ru",
    "password": "password123",
    "name": "Test User"
}
Request method:	POST
Request URI:	https://stellarburgers.education-services.ru/api/auth/register
Proxy:			<none>
Request params:	<none>
Query params:	<none>
Form params:	<none>
Path params:	<none>
Headers:		Accept=*/*
				Content-Type=application/json
Cookies:		<none>
Multiparts:		<none>
Body:
{
    "email": "test_1770062590295@yandex.ru",
    "password": "password123",
    "name": "Test User"
}
Request method:	POST
Request URI:	https://stellarburgers.education-services.ru/api/auth/register
Proxy:			<none>
Request params:	<none>
Query params:	<none>
Form params:	<none>
Path params:	<none>
Headers:		Accept=*/*
				Content-Type=application/json
Cookies:		<none>
Multiparts:		<none>
Body:
{
    "email": "test_1770062590295@yandex.ru",
    "password": "password123",
    "name": "Test User"
}
Request method:	POST
Request URI:	https://stellarburgers.education-services.ru/api/auth/register
Proxy:			<none>
Request params:	<none>
Query params:	<none>
Form params:	<none>
Path params:	<none>
Headers:		Accept=*/*
				Content-Type=application/json
Cookies:		<none>
Multiparts:		<none>
Body:
{
    "email": "test_1770062590295@yandex.ru",
    "password": "password123",
    "name": "Test User"
}
Request method:	POST
Request URI:	https://stellarburgers.education-services.ru/api/auth/register
Proxy:			<none>
Request params:	<none>
Query params:	<none>
Form params:	<none>
Path params:	<none>
Headers:		Accept=*/*
				Content-Type=application/json
Cookies:		<none>
Multiparts:		<none>
Body:
{
    "email": "test_1770062590295@yandex.ru",
    "password": "password123",
    "name": "Test User"
}
HTTP/1.1 403 Forbidden
Server: nginx/1.24.0 (Ubuntu)
Date: Mon, 02 Feb 2026 20:03:10 GMT
Content-Type: application/json; charset=utf-8
Content-Length: 49
Connection: keep-alive
X-Powered-By: Express
Access-Control-Allow-Origin: *
ETag: W/"31-WKEMg8zALB1Ko0WjUHi/6RBGHVc"

{
    "success": false,
    "message": "User already exists"
}
HTTP/1.1 403 Forbidden
Server: nginx/1.24.0 (Ubuntu)
Date: Mon, 02 Feb 2026 20:03:10 GMT
Content-Type: application/json; charset=utf-8
Content-Length: 49
Connection: keep-alive
X-Powered-By: Express
Access-Control-Allow-Origin: *
ETag: W/"31-WKEMg8zALB1Ko0WjUHi/6RBGHVc"

{
    "success": false,
    "message": "User already exists"
}
HTTP/1.1 403 Forbidden
Server: nginx/1.24.0 (Ubuntu)
Date: Mon, 02 Feb 2026 20:03:10 GMT
Content-Type: application/json; charset=utf-8
Content-Length: 49
Connection: keep-alive
X-Powered-By: Express
Access-Control-Allow-Origin: *
ETag: W/"31-WKEMg8zALB1Ko0WjUHi/6RBGHVc"

{
    "success": false,
    "message": "User already exists"
}
HTTP/1.1 403 Forbidden
Server: nginx/1.24.0 (Ubuntu)
Date: Mon, 02 Feb 2026 20:03:10 GMT
Content-Type: application/json; charset=utf-8
Content-Length: 49
Connection: keep-alive
X-Powered-By: Express
Access-Control-Allow-Origin: *
ETag: W/"31-WKEMg8zALB1Ko0WjUHi/6RBGHVc"

{
    "success": false,
    "message": "User already exists"
}
HTTP/1.1 403 Forbidden
Server: nginx/1.24.0 (Ubuntu)
Date: Mon, 02 Feb 2026 20:03:10 GMT
Content-Type: application/json; charset=utf-8
Content-Length: 49
Connection: keep-alive
X-Powered-By: Express
Access-Control-Allow-Origin: *
ETag: W/"31-WKEMg8zALB1Ko0WjUHi/6RBGHVc"

{
    "success": false,
    "message": "User already exists"
}
HTTP/1.1 403 Forbidden
Server: nginx/1.24.0 (Ubuntu)
Date: Mon, 02 Feb 2026 20:03:10 GMT
Content-Type: application/json; charset=utf-8
Content-Length: 49
Connection: keep-alive
X-Powered-By: Express
Access-Control-Allow-Origin: *
ETag: W/"31-WKEMg8zALB1Ko0WjUHi/6RBGHVc"

{
    "success": false,
    "message": "User already exists"
}
HTTP/1.1 403 Forbidden
Server: nginx/1.24.0 (Ubuntu)
Date: Mon, 02 Feb 2026 20:03:10 GMT
Content-Type: application/json; charset=utf-8
Content-Length: 49
Connection: keep-alive
X-Powered-By: Express
Access-Control-Allow-Origin: *
ETag: W/"31-WKEMg8zALB1Ko0WjUHi/6RBGHVc"

{
    "success": false,
    "message": "User already exists"
}
HTTP/1.1 403 Forbidden
Server: nginx/1.24.0 (Ubuntu)
Date: Mon, 02 Feb 2026 20:03:10 GMT
Content-Type: application/json; charset=utf-8
Content-Length: 49
Connection: keep-alive
X-Powered-By: Express
Access-Control-Allow-Origin: *
ETag: W/"31-WKEMg8zALB1Ko0WjUHi/6RBGHVc"

{
    "success": false,
    "message": "User already exists"
}
HTTP/1.1 403 Forbidden
Server: nginx/1.24.0 (Ubuntu)
Date: Mon, 02 Feb 2026 20:03:10 GMT
Content-Type: application/json; charset=utf-8
Content-Length: 49
Connection: keep-alive
X-Powered-By: Express
Access-Control-Allow-Origin: *
ETag: W/"31-WKEMg8zALB1Ko0WjUHi/6RBGHVc"

{
    "success": false,
    "message": "User already exists"
}
HTTP/1.1 403 Forbidden
Server: nginx/1.24.0 (Ubuntu)
Date: Mon, 02 Feb 2026 20:03:10 GMT
Content-Type: application/json; charset=utf-8
Content-Length: 49
Connection: keep-alive
X-Powered-By: Express
Access-Control-Allow-Origin: *
ETag: W/"31-WKEMg8zALB1Ko0WjUHi/6RBGHVc"

{
    "success": false,
    "message": "User already exists"
}
HTTP/1.1 403 Forbidden
Server: nginx/1.24.0 (Ubuntu)
Date: Mon, 02 Feb 2026 20:03:10 GMT
Content-Type: application/json; charset=utf-8
Content-Length: 49
Connection: keep-alive
X-Powered-By: Express
Access-Control-Allow-Origin: *
ETag: W/"31-WKEMg8zALB1Ko0WjUHi/6RBGHVc"

{
    "success": false,
    "message": "User already exists"
}
HTTP/1.1 403 Forbidden
Server: nginx/1.24.0 (Ubuntu)
Date: Mon, 02 Feb 2026 20:03:10 GMT
Content-Type: application/json; charset=utf-8
Content-Length: 49
Connection: keep-alive
X-Powered-By: Express
Access-Control-Allow-Origin: *
ETag: W/"31-WKEMg8zALB1Ko0WjUHi/6RBGHVc"

{
    "success": false,
    "message": "User already exists"
}
HTTP/1.1 403 Forbidden
Server: nginx/1.24.0 (Ubuntu)
Date: Mon, 02 Feb 2026 20:03:10 GMT
Content-Type: application/json; charset=utf-8
Content-Length: 49
Connection: keep-alive
X-Powered-By: Express
Access-Control-Allow-Origin: *
ETag: W/"31-WKEMg8zALB1Ko0WjUHi/6RBGHVc"

{
    "success": false,
    "message": "User already exists"
}
HTTP/1.1 403 Forbidden
Server: nginx/1.24.0 (Ubuntu)
Date: Mon, 02 Feb 2026 20:03:10 GMT
Content-Type: application/json; charset=utf-8
Content-Length: 49
Connection: keep-alive
X-Powered-By: Express
Access-Control-Allow-Origin: *
ETag: W/"31-WKEMg8zALB1Ko0WjUHi/6RBGHVc"

{
    "success": false,
    "message": "User already exists"
}
HTTP/1.1 403 Forbidden
Server: nginx/1.24.0 (Ubuntu)
Date: Mon, 02 Feb 2026 20:03:10 GMT
Content-Type: application/json; charset=utf-8
Content-Length: 49
Connection: keep-alive
X-Powered-By: Express
Access-Control-Allow-Origin: *
ETag: W/"31-WKEMg8zALB1Ko0WjUHi/6RBGHVc"

{
    "success": false,
    "message": "User already exists"
}
HTTP/1.1 403 Forbidden
Server: nginx/1.24.0 (Ubuntu)
Date: Mon, 02 Feb 2026 20:03:10 GMT
Content-Type: application/json; charset=utf-8
Content-Length: 49
Connection: keep-alive
X-Powered-By: Express
Access-Control-Allow-Origin: *
ETag: W/"31-WKEMg8zALB1Ko0WjUHi/6RBGHVc"

{
    "success": false,
    "message": "User already exists"
}
Request method:	POST
Request URI:	https://stellarburgers.education-services.ru/api/auth/register
Proxy:			<none>
Request params:	<none>
Query params:	<none>
Form params:	<none>
Path params:	<none>
Headers:		Accept=*/*
				Content-Type=application/json
Cookies:		<none>
Multiparts:		<none>
Body:
{
    "email": "test_1770062590527@yandex.ru",
    "password": "password123",
    "name": "Test User"
}
Request method:	POST
Request URI:	https://stellarburgers.education-services.ru/api/auth/register
Proxy:			<none>
Request params:	<none>
Query params:	<none>
Form params:	<none>
Path params:	<none>
Headers:		Accept=*/*
				Content-Type=application/json
Cookies:		<none>
Multiparts:		<none>
Body:
{
    "email": "test_1770062590527@yandex.ru",
    "password": "password123",
    "name": "Test User"
}
Request method:	POST
Request URI:	https://stellarburgers.education-services.ru/api/auth/register
Proxy:			<none>
Request params:	<none>
Query params:	<none>
Form params:	<none>
Path params:	<none>
Headers:		Accept=*/*
				Content-Type=application/json
Cookies:		<none>
Multiparts:		<none>
Body:
{
    "email": "test_1770062590527@yandex.ru",
    "password": "password123",
    "name": "Test User"
}
Request method:	POST
Request URI:	https://stellarburgers.education-services.ru/api/auth/register
Proxy:			<none>
Request params:	<none>
Query params:	<none>
Form params:	<none>
Path params:	<none>
Headers:		Accept=*/*
				Content-Type=application/json
Cookies:		<none>
Multiparts:		<none>
Body:
{
    "email": "test_1770062590527@yandex.ru",
    "password": "password123",
    "name": "Test User"
}
Request method:	POST
Request URI:	https://stellarburgers.education-services.ru/api/auth/register
Proxy:			<none>
Request params:	<none>
Query params:	<none>
Form params:	<none>
Path params:	<none>
Headers:		Accept=*/*
				Content-Type=application/json
Cookies:		<none>
Multiparts:		<none>
Body:
{
    "email": "test_1770062590527@yandex.ru",
    "password": "password123",
    "name": "Test User"
}
Request method:	POST
Request URI:	https://stellarburgers.education-services.ru/api/auth/register
Proxy:			<none>
Request params:	<none>
Query params:	<none>
Form params:	<none>
Path params:	<none>
Headers:		Accept=*/*
				Content-Type=application/json
Cookies:		<none>
Multiparts:		<none>
Body:
{
    "email": "test_1770062590527@yandex.ru",
    "password": "password123",
    "name": "Test User"
}
Request method:	POST
Request URI:	https://stellarburgers.education-services.ru/api/auth/register
Proxy:			<none>
Request params:	<none>
Query params:	<none>
Form params:	<none>
Path params:	<none>
Headers:		Accept=*/*
				Content-Type=application/json
Cookies:		<none>
Multiparts:		<none>
Body:
{
    "email": "test_1770062590527@yandex.ru",
    "password": "password123",
    "name": "Test User"
}
Request method:	POST
Request URI:	https://stellarburgers.education-services.ru/api/auth/register
Proxy:			<none>
Request params:	<none>
Query params:	<none>
Form params:	<none>
Path params:	<none>
Headers:		Accept=*/*
				Content-Type=application/json
Cookies:		<none>
Multiparts:		<none>
Body:
{
    "email": "test_1770062590527@yandex.ru",
    "password": "password123",
    "name": "Test User"
}
Request method:	POST
Request URI:	https://stellarburgers.education-services.ru/api/auth/register
Proxy:			<none>
Request params:	<none>
Query params:	<none>
Form params:	<none>
Path params:	<none>
Headers:		Accept=*/*
				Content-Type=application/json
Cookies:		<none>
Multiparts:		<none>
Body:
{
    "email": "test_1770062590527@yandex.ru",
    "password": "password123",
    "name": "Test User"
}
Request method:	POST
Request URI:	https://stellarburgers.education-services.ru/api/auth/register
Proxy:			<none>
Request params:	<none>
Query params:	<none>
Form params:	<none>
Path params:	<none>
Headers:		Accept=*/*
				Content-Type=application/json
Cookies:		<none>
Multiparts:		<none>
Body:
{
    "email": "test_1770062590527@yandex.ru",
    "password": "password123",
    "name": "Test User"
}
Request method:	POST
Request URI:	https://stellarburgers.education-services.ru/api/auth/register
Proxy:			<none>
Request params:	<none>
Query params:	<none>
Form params:	<none>
Path params:	<none>
Headers:		Accept=*/*
				Content-Type=application/json
Cookies:		<none>
Multiparts:		<none>
Body:
{
    "email": "test_1770062590527@yandex.ru",
    "password": "password123",
    "name": "Test User"
}
Request method:	POST
Request URI:	https://stellarburgers.education-services.ru/api/auth/register
Proxy:			<none>
Request params:	<none>
Query params:	<none>
Form params:	<none>
Path params:	<none>
Headers:		Accept=*/*
				Content-Type=application/json
Cookies:		<none>
Multiparts:		<none>
Body:
{
    "email": "test_1770062590527@yandex.ru",
    "password": "password123",
    "name": "Test User"
}
Request method:	POST
Request URI:	https://stellarburgers.education-services.ru/api/auth/register
Proxy:			<none>
Request params:	<none>
Query params:	<none>
Form params:	<none>
Path params:	<none>
Headers:		Accept=*/*
				Content-Type=application/json
Cookies:		<none>
Multiparts:		<none>
Body:
{
    "email": "test_1770062590527@yandex.ru",
    "password": "password123",
    "name": "Test User"
}
Request method:	POST
Request URI:	https://stellarburgers.education-services.ru/api/auth/register
Proxy:			<none>
Request params:	<none>
Query params:	<none>
Form params:	<none>
Path params:	<none>
Headers:		Accept=*/*
				Content-Type=application/json
Cookies:		<none>
Multiparts:		<none>
Body:
{
    "email": "test_1770062590527@yandex.ru",
    "password": "password123",
    "name": "Test User"
}
Request method:	POST
Request URI:	https://stellarburgers.education-services.ru/api/auth/register
Proxy:			<none>
Request params:	<none>
Query params:	<none>
Form params:	<none>
Path params:	<none>
Headers:		Accept=*/*
				Content-Type=application/json
Cookies:		<none>
Multiparts:		<none>
Body:
{
    "email": "test_1770062590527@yandex.ru",
    "password": "password123",
    "name": "Test User"
}
Request method:	POST
Request URI:	https://stellarburgers.education-services.ru/api/auth/register
Proxy:			<none>
Request params:	<none>
Query params:	<none>
Form params:	<none>
Path params:	<none>
Headers:		Accept=*/*
				Content-Type=application/json
Cookies:		<none>
Multiparts:		<none>
Body:
{
    "email": "test_1770062590527@yandex.ru",
    "password": "password123",
    "name": "Test User"
}
Request method:	POST
Request URI:	https://stellarburgers.education-services.ru/api/auth/register
Proxy:			<none>
Request params:	<none>
Query params:	<none>
Form params:	<none>
Path params:	<none>
Headers:		Accept=*/*
				Content-Type=application/json
Cookies:		<none>
Multiparts:		<none>
Body:
{
    "email": "test_1770062590527@yandex.ru",
    "password": "password123",
    "name": "Test User"
}
Request method:	POST
Request URI:	https://stellarburgers.education-services.ru/api/auth/register
Proxy:			<none>
Request params:	<none>
Query params:	<none>
Form params:	<none>
Path params:	<none>
Headers:		Accept=*/*
				Content-Type=application/json
Cookies:		<none>
Multiparts:		<none>
Body:
{
    "email": "test_1770062590527@yandex.ru",
    "password": "password123",
    "name": "Test User"
}
HTTP/1.1 200 OK
Server: nginx/1.24.0 (Ubuntu)
Date: Mon, 02 Feb 2026 20:03:10 GMT
Content-Type: application/json; charset=utf-8
Content-Length: 376
Connection: keep-alive
X-Powered-By: Express
Access-Control-Allow-Origin: *
authorization: Bearer eyJhbGciOiJIUzI1NiIsInR5cCI6IkpXVCJ9.eyJpZCI6IjY5ODEwMmZlOTg0MjcwMDAxYmU0MmQ2ZSIsImlhdCI6MTc3MDA2MjU5MCwiZXhwIjoxNzcwMDYzNzkwfQ.yCsFUMNV0sw3vGNWUbHtuLgVsz7c8IjeMaCmgAR9yeY
ETag: W/"178-1oTk9ImPO2nZ02gcjBTcM0AaNAE"

{
    "success": true,
    "user": {
        "email": "test_1770062590527@yandex.ru",
        "name": "Test User"
    },
    "accessToken": "Bearer eyJhbGciOiJIUzI1NiIsInR5cCI6IkpXVCJ9.eyJpZCI6IjY5ODEwMmZlOTg0MjcwMDAxYmU0MmQ2ZSIsImlhdCI6MTc3MDA2MjU5MCwiZXhwIjoxNzcwMDYzNzkwfQ.yCsFUMNV0sw3vGNWUbHtuLgVsz7c8IjeMaCmgAR9yeY",
    "refreshToken": "6b3f3bded6c363926767597b1c8a73be0f16d63d39b763007f14d398c68a95a65c942a4d5f6639d5"
}
HTTP/1.1 200 OK
Server: nginx/1.24.0 (Ubuntu)
Date: Mon, 02 Feb 2026 20:03:10 GMT
Content-Type: application/json; charset=utf-8
Content-Length: 376
Connection: keep-alive
X-Powered-By: Express
Access-Control-Allow-Origin: *
authorization: Bearer eyJhbGciOiJIUzI1NiIsInR5cCI6IkpXVCJ9.eyJpZCI6IjY5ODEwMmZlOTg0MjcwMDAxYmU0MmQ2ZSIsImlhdCI6MTc3MDA2MjU5MCwiZXhwIjoxNzcwMDYzNzkwfQ.yCsFUMNV0sw3vGNWUbHtuLgVsz7c8IjeMaCmgAR9yeY
ETag: W/"178-1oTk9ImPO2nZ02gcjBTcM0AaNAE"

{
    "success": true,
    "user": {
        "email": "test_1770062590527@yandex.ru",
        "name": "Test User"
    },
    "accessToken": "Bearer eyJhbGciOiJIUzI1NiIsInR5cCI6IkpXVCJ9.eyJpZCI6IjY5ODEwMmZlOTg0MjcwMDAxYmU0MmQ2ZSIsImlhdCI6MTc3MDA2MjU5MCwiZXhwIjoxNzcwMDYzNzkwfQ.yCsFUMNV0sw3vGNWUbHtuLgVsz7c8IjeMaCmgAR9yeY",
    "refreshToken": "6b3f3bded6c363926767597b1c8a73be0f16d63d39b763007f14d398c68a95a65c942a4d5f6639d5"
}
HTTP/1.1 200 OK
Server: nginx/1.24.0 (Ubuntu)
Date: Mon, 02 Feb 2026 20:03:10 GMT
Content-Type: application/json; charset=utf-8
Content-Length: 376
Connection: keep-alive
X-Powered-By: Express
Access-Control-Allow-Origin: *
authorization: Bearer eyJhbGciOiJIUzI1NiIsInR5cCI6IkpXVCJ9.eyJpZCI6IjY5ODEwMmZlOTg0MjcwMDAxYmU0MmQ2ZSIsImlhdCI6MTc3MDA2MjU5MCwiZXhwIjoxNzcwMDYzNzkwfQ.yCsFUMNV0sw3vGNWUbHtuLgVsz7c8IjeMaCmgAR9yeY
ETag: W/"178-1oTk9ImPO2nZ02gcjBTcM0AaNAE"

{
    "success": true,
    "user": {
        "email": "test_1770062590527@yandex.ru",
        "name": "Test User"
    },
    "accessToken": "Bearer eyJhbGciOiJIUzI1NiIsInR5cCI6IkpXVCJ9.eyJpZCI6IjY5ODEwMmZlOTg0MjcwMDAxYmU0MmQ2ZSIsImlhdCI6MTc3MDA2MjU5MCwiZXhwIjoxNzcwMDYzNzkwfQ.yCsFUMNV0sw3vGNWUbHtuLgVsz7c8IjeMaCmgAR9yeY",
    "refreshToken": "6b3f3bded6c363926767597b1c8a73be0f16d63d39b763007f14d398c68a95a65c942a4d5f6639d5"
}
HTTP/1.1 200 OK
Server: nginx/1.24.0 (Ubuntu)
Date: Mon, 02 Feb 2026 20:03:10 GMT
Content-Type: application/json; charset=utf-8
Content-Length: 376
Connection: keep-alive
X-Powered-By: Express
Access-Control-Allow-Origin: *
authorization: Bearer eyJhbGciOiJIUzI1NiIsInR5cCI6IkpXVCJ9.eyJpZCI6IjY5ODEwMmZlOTg0MjcwMDAxYmU0MmQ2ZSIsImlhdCI6MTc3MDA2MjU5MCwiZXhwIjoxNzcwMDYzNzkwfQ.yCsFUMNV0sw3vGNWUbHtuLgVsz7c8IjeMaCmgAR9yeY
ETag: W/"178-1oTk9ImPO2nZ02gcjBTcM0AaNAE"

{
    "success": true,
    "user": {
        "email": "test_1770062590527@yandex.ru",
        "name": "Test User"
    },
    "accessToken": "Bearer eyJhbGciOiJIUzI1NiIsInR5cCI6IkpXVCJ9.eyJpZCI6IjY5ODEwMmZlOTg0MjcwMDAxYmU0MmQ2ZSIsImlhdCI6MTc3MDA2MjU5MCwiZXhwIjoxNzcwMDYzNzkwfQ.yCsFUMNV0sw3vGNWUbHtuLgVsz7c8IjeMaCmgAR9yeY",
    "refreshToken": "6b3f3bded6c363926767597b1c8a73be0f16d63d39b763007f14d398c68a95a65c942a4d5f6639d5"
}
HTTP/1.1 200 OK
Server: nginx/1.24.0 (Ubuntu)
Date: Mon, 02 Feb 2026 20:03:10 GMT
Content-Type: application/json; charset=utf-8
Content-Length: 376
Connection: keep-alive
X-Powered-By: Express
Access-Control-Allow-Origin: *
authorization: Bearer eyJhbGciOiJIUzI1NiIsInR5cCI6IkpXVCJ9.eyJpZCI6IjY5ODEwMmZlOTg0MjcwMDAxYmU0MmQ2ZSIsImlhdCI6MTc3MDA2MjU5MCwiZXhwIjoxNzcwMDYzNzkwfQ.yCsFUMNV0sw3vGNWUbHtuLgVsz7c8IjeMaCmgAR9yeY
ETag: W/"178-1oTk9ImPO2nZ02gcjBTcM0AaNAE"

{
    "success": true,
    "user": {
        "email": "test_1770062590527@yandex.ru",
        "name": "Test User"
    },
    "accessToken": "Bearer eyJhbGciOiJIUzI1NiIsInR5cCI6IkpXVCJ9.eyJpZCI6IjY5ODEwMmZlOTg0MjcwMDAxYmU0MmQ2ZSIsImlhdCI6MTc3MDA2MjU5MCwiZXhwIjoxNzcwMDYzNzkwfQ.yCsFUMNV0sw3vGNWUbHtuLgVsz7c8IjeMaCmgAR9yeY",
    "refreshToken": "6b3f3bded6c363926767597b1c8a73be0f16d63d39b763007f14d398c68a95a65c942a4d5f6639d5"
}
HTTP/1.1 200 OK
Server: nginx/1.24.0 (Ubuntu)
Date: Mon, 02 Feb 2026 20:03:10 GMT
Content-Type: application/json; charset=utf-8
Content-Length: 376
Connection: keep-alive
X-Powered-By: Express
Access-Control-Allow-Origin: *
authorization: Bearer eyJhbGciOiJIUzI1NiIsInR5cCI6IkpXVCJ9.eyJpZCI6IjY5ODEwMmZlOTg0MjcwMDAxYmU0MmQ2ZSIsImlhdCI6MTc3MDA2MjU5MCwiZXhwIjoxNzcwMDYzNzkwfQ.yCsFUMNV0sw3vGNWUbHtuLgVsz7c8IjeMaCmgAR9yeY
ETag: W/"178-1oTk9ImPO2nZ02gcjBTcM0AaNAE"

{
    "success": true,
    "user": {
        "email": "test_1770062590527@yandex.ru",
        "name": "Test User"
    },
    "accessToken": "Bearer eyJhbGciOiJIUzI1NiIsInR5cCI6IkpXVCJ9.eyJpZCI6IjY5ODEwMmZlOTg0MjcwMDAxYmU0MmQ2ZSIsImlhdCI6MTc3MDA2MjU5MCwiZXhwIjoxNzcwMDYzNzkwfQ.yCsFUMNV0sw3vGNWUbHtuLgVsz7c8IjeMaCmgAR9yeY",
    "refreshToken": "6b3f3bded6c363926767597b1c8a73be0f16d63d39b763007f14d398c68a95a65c942a4d5f6639d5"
}
HTTP/1.1 200 OK
Server: nginx/1.24.0 (Ubuntu)
Date: Mon, 02 Feb 2026 20:03:10 GMT
Content-Type: application/json; charset=utf-8
Content-Length: 376
Connection: keep-alive
X-Powered-By: Express
Access-Control-Allow-Origin: *
authorization: Bearer eyJhbGciOiJIUzI1NiIsInR5cCI6IkpXVCJ9.eyJpZCI6IjY5ODEwMmZlOTg0MjcwMDAxYmU0MmQ2ZSIsImlhdCI6MTc3MDA2MjU5MCwiZXhwIjoxNzcwMDYzNzkwfQ.yCsFUMNV0sw3vGNWUbHtuLgVsz7c8IjeMaCmgAR9yeY
ETag: W/"178-1oTk9ImPO2nZ02gcjBTcM0AaNAE"

{
    "success": true,
    "user": {
        "email": "test_1770062590527@yandex.ru",
        "name": "Test User"
    },
    "accessToken": "Bearer eyJhbGciOiJIUzI1NiIsInR5cCI6IkpXVCJ9.eyJpZCI6IjY5ODEwMmZlOTg0MjcwMDAxYmU0MmQ2ZSIsImlhdCI6MTc3MDA2MjU5MCwiZXhwIjoxNzcwMDYzNzkwfQ.yCsFUMNV0sw3vGNWUbHtuLgVsz7c8IjeMaCmgAR9yeY",
    "refreshToken": "6b3f3bded6c363926767597b1c8a73be0f16d63d39b763007f14d398c68a95a65c942a4d5f6639d5"
}
HTTP/1.1 200 OK
Server: nginx/1.24.0 (Ubuntu)
Date: Mon, 02 Feb 2026 20:03:10 GMT
Content-Type: application/json; charset=utf-8
Content-Length: 376
Connection: keep-alive
X-Powered-By: Express
Access-Control-Allow-Origin: *
authorization: Bearer eyJhbGciOiJIUzI1NiIsInR5cCI6IkpXVCJ9.eyJpZCI6IjY5ODEwMmZlOTg0MjcwMDAxYmU0MmQ2ZSIsImlhdCI6MTc3MDA2MjU5MCwiZXhwIjoxNzcwMDYzNzkwfQ.yCsFUMNV0sw3vGNWUbHtuLgVsz7c8IjeMaCmgAR9yeY
ETag: W/"178-1oTk9ImPO2nZ02gcjBTcM0AaNAE"

{
    "success": true,
    "user": {
        "email": "test_1770062590527@yandex.ru",
        "name": "Test User"
    },
    "accessToken": "Bearer eyJhbGciOiJIUzI1NiIsInR5cCI6IkpXVCJ9.eyJpZCI6IjY5ODEwMmZlOTg0MjcwMDAxYmU0MmQ2ZSIsImlhdCI6MTc3MDA2MjU5MCwiZXhwIjoxNzcwMDYzNzkwfQ.yCsFUMNV0sw3vGNWUbHtuLgVsz7c8IjeMaCmgAR9yeY",
    "refreshToken": "6b3f3bded6c363926767597b1c8a73be0f16d63d39b763007f14d398c68a95a65c942a4d5f6639d5"
}
HTTP/1.1 200 OK
Server: nginx/1.24.0 (Ubuntu)
Date: Mon, 02 Feb 2026 20:03:10 GMT
Content-Type: application/json; charset=utf-8
Content-Length: 376
Connection: keep-alive
X-Powered-By: Express
Access-Control-Allow-Origin: *
authorization: Bearer eyJhbGciOiJIUzI1NiIsInR5cCI6IkpXVCJ9.eyJpZCI6IjY5ODEwMmZlOTg0MjcwMDAxYmU0MmQ2ZSIsImlhdCI6MTc3MDA2MjU5MCwiZXhwIjoxNzcwMDYzNzkwfQ.yCsFUMNV0sw3vGNWUbHtuLgVsz7c8IjeMaCmgAR9yeY
ETag: W/"178-1oTk9ImPO2nZ02gcjBTcM0AaNAE"

{
    "success": true,
    "user": {
        "email": "test_1770062590527@yandex.ru",
        "name": "Test User"
    },
    "accessToken": "Bearer eyJhbGciOiJIUzI1NiIsInR5cCI6IkpXVCJ9.eyJpZCI6IjY5ODEwMmZlOTg0MjcwMDAxYmU0MmQ2ZSIsImlhdCI6MTc3MDA2MjU5MCwiZXhwIjoxNzcwMDYzNzkwfQ.yCsFUMNV0sw3vGNWUbHtuLgVsz7c8IjeMaCmgAR9yeY",
    "refreshToken": "6b3f3bded6c363926767597b1c8a73be0f16d63d39b763007f14d398c68a95a65c942a4d5f6639d5"
}
HTTP/1.1 200 OK
Server: nginx/1.24.0 (Ubuntu)
Date: Mon, 02 Feb 2026 20:03:10 GMT
Content-Type: application/json; charset=utf-8
Content-Length: 376
Connection: keep-alive
X-Powered-By: Express
Access-Control-Allow-Origin: *
authorization: Bearer eyJhbGciOiJIUzI1NiIsInR5cCI6IkpXVCJ9.eyJpZCI6IjY5ODEwMmZlOTg0MjcwMDAxYmU0MmQ2ZSIsImlhdCI6MTc3MDA2MjU5MCwiZXhwIjoxNzcwMDYzNzkwfQ.yCsFUMNV0sw3vGNWUbHtuLgVsz7c8IjeMaCmgAR9yeY
ETag: W/"178-1oTk9ImPO2nZ02gcjBTcM0AaNAE"

{
    "success": true,
    "user": {
        "email": "test_1770062590527@yandex.ru",
        "name": "Test User"
    },
    "accessToken": "Bearer eyJhbGciOiJIUzI1NiIsInR5cCI6IkpXVCJ9.eyJpZCI6IjY5ODEwMmZlOTg0MjcwMDAxYmU0MmQ2ZSIsImlhdCI6MTc3MDA2MjU5MCwiZXhwIjoxNzcwMDYzNzkwfQ.yCsFUMNV0sw3vGNWUbHtuLgVsz7c8IjeMaCmgAR9yeY",
    "refreshToken": "6b3f3bded6c363926767597b1c8a73be0f16d63d39b763007f14d398c68a95a65c942a4d5f6639d5"
}
HTTP/1.1 200 OK
Server: nginx/1.24.0 (Ubuntu)
Date: Mon, 02 Feb 2026 20:03:10 GMT
Content-Type: application/json; charset=utf-8
Content-Length: 376
Connection: keep-alive
X-Powered-By: Express
Access-Control-Allow-Origin: *
authorization: Bearer eyJhbGciOiJIUzI1NiIsInR5cCI6IkpXVCJ9.eyJpZCI6IjY5ODEwMmZlOTg0MjcwMDAxYmU0MmQ2ZSIsImlhdCI6MTc3MDA2MjU5MCwiZXhwIjoxNzcwMDYzNzkwfQ.yCsFUMNV0sw3vGNWUbHtuLgVsz7c8IjeMaCmgAR9yeY
ETag: W/"178-1oTk9ImPO2nZ02gcjBTcM0AaNAE"

{
    "success": true,
    "user": {
        "email": "test_1770062590527@yandex.ru",
        "name": "Test User"
    },
    "accessToken": "Bearer eyJhbGciOiJIUzI1NiIsInR5cCI6IkpXVCJ9.eyJpZCI6IjY5ODEwMmZlOTg0MjcwMDAxYmU0MmQ2ZSIsImlhdCI6MTc3MDA2MjU5MCwiZXhwIjoxNzcwMDYzNzkwfQ.yCsFUMNV0sw3vGNWUbHtuLgVsz7c8IjeMaCmgAR9yeY",
    "refreshToken": "6b3f3bded6c363926767597b1c8a73be0f16d63d39b763007f14d398c68a95a65c942a4d5f6639d5"
}
HTTP/1.1 200 OK
Server: nginx/1.24.0 (Ubuntu)
Date: Mon, 02 Feb 2026 20:03:10 GMT
Content-Type: application/json; charset=utf-8
Content-Length: 376
Connection: keep-alive
X-Powered-By: Express
Access-Control-Allow-Origin: *
authorization: Bearer eyJhbGciOiJIUzI1NiIsInR5cCI6IkpXVCJ9.eyJpZCI6IjY5ODEwMmZlOTg0MjcwMDAxYmU0MmQ2ZSIsImlhdCI6MTc3MDA2MjU5MCwiZXhwIjoxNzcwMDYzNzkwfQ.yCsFUMNV0sw3vGNWUbHtuLgVsz7c8IjeMaCmgAR9yeY
ETag: W/"178-1oTk9ImPO2nZ02gcjBTcM0AaNAE"

{
    "success": true,
    "user": {
        "email": "test_1770062590527@yandex.ru",
        "name": "Test User"
    },
    "accessToken": "Bearer eyJhbGciOiJIUzI1NiIsInR5cCI6IkpXVCJ9.eyJpZCI6IjY5ODEwMmZlOTg0MjcwMDAxYmU0MmQ2ZSIsImlhdCI6MTc3MDA2MjU5MCwiZXhwIjoxNzcwMDYzNzkwfQ.yCsFUMNV0sw3vGNWUbHtuLgVsz7c8IjeMaCmgAR9yeY",
    "refreshToken": "6b3f3bded6c363926767597b1c8a73be0f16d63d39b763007f14d398c68a95a65c942a4d5f6639d5"
}
HTTP/1.1 200 OK
Server: nginx/1.24.0 (Ubuntu)
Date: Mon, 02 Feb 2026 20:03:10 GMT
Content-Type: application/json; charset=utf-8
Content-Length: 376
Connection: keep-alive
X-Powered-By: Express
Access-Control-Allow-Origin: *
authorization: Bearer eyJhbGciOiJIUzI1NiIsInR5cCI6IkpXVCJ9.eyJpZCI6IjY5ODEwMmZlOTg0MjcwMDAxYmU0MmQ2ZSIsImlhdCI6MTc3MDA2MjU5MCwiZXhwIjoxNzcwMDYzNzkwfQ.yCsFUMNV0sw3vGNWUbHtuLgVsz7c8IjeMaCmgAR9yeY
ETag: W/"178-1oTk9ImPO2nZ02gcjBTcM0AaNAE"

{
    "success": true,
    "user": {
        "email": "test_1770062590527@yandex.ru",
        "name": "Test User"
    },
    "accessToken": "Bearer eyJhbGciOiJIUzI1NiIsInR5cCI6IkpXVCJ9.eyJpZCI6IjY5ODEwMmZlOTg0MjcwMDAxYmU0MmQ2ZSIsImlhdCI6MTc3MDA2MjU5MCwiZXhwIjoxNzcwMDYzNzkwfQ.yCsFUMNV0sw3vGNWUbHtuLgVsz7c8IjeMaCmgAR9yeY",
    "refreshToken": "6b3f3bded6c363926767597b1c8a73be0f16d63d39b763007f14d398c68a95a65c942a4d5f6639d5"
}
HTTP/1.1 200 OK
Server: nginx/1.24.0 (Ubuntu)
Date: Mon, 02 Feb 2026 20:03:10 GMT
Content-Type: application/json; charset=utf-8
Content-Length: 376
Connection: keep-alive
X-Powered-By: Express
Access-Control-Allow-Origin: *
authorization: Bearer eyJhbGciOiJIUzI1NiIsInR5cCI6IkpXVCJ9.eyJpZCI6IjY5ODEwMmZlOTg0MjcwMDAxYmU0MmQ2ZSIsImlhdCI6MTc3MDA2MjU5MCwiZXhwIjoxNzcwMDYzNzkwfQ.yCsFUMNV0sw3vGNWUbHtuLgVsz7c8IjeMaCmgAR9yeY
ETag: W/"178-1oTk9ImPO2nZ02gcjBTcM0AaNAE"

{
    "success": true,
    "user": {
        "email": "test_1770062590527@yandex.ru",
        "name": "Test User"
    },
    "accessToken": "Bearer eyJhbGciOiJIUzI1NiIsInR5cCI6IkpXVCJ9.eyJpZCI6IjY5ODEwMmZlOTg0MjcwMDAxYmU0MmQ2ZSIsImlhdCI6MTc3MDA2MjU5MCwiZXhwIjoxNzcwMDYzNzkwfQ.yCsFUMNV0sw3vGNWUbHtuLgVsz7c8IjeMaCmgAR9yeY",
    "refreshToken": "6b3f3bded6c363926767597b1c8a73be0f16d63d39b763007f14d398c68a95a65c942a4d5f6639d5"
}
HTTP/1.1 200 OK
Server: nginx/1.24.0 (Ubuntu)
Date: Mon, 02 Feb 2026 20:03:10 GMT
Content-Type: application/json; charset=utf-8
Content-Length: 376
Connection: keep-alive
X-Powered-By: Express
Access-Control-Allow-Origin: *
authorization: Bearer eyJhbGciOiJIUzI1NiIsInR5cCI6IkpXVCJ9.eyJpZCI6IjY5ODEwMmZlOTg0MjcwMDAxYmU0MmQ2ZSIsImlhdCI6MTc3MDA2MjU5MCwiZXhwIjoxNzcwMDYzNzkwfQ.yCsFUMNV0sw3vGNWUbHtuLgVsz7c8IjeMaCmgAR9yeY
ETag: W/"178-1oTk9ImPO2nZ02gcjBTcM0AaNAE"

{
    "success": true,
    "user": {
        "email": "test_1770062590527@yandex.ru",
        "name": "Test User"
    },
    "accessToken": "Bearer eyJhbGciOiJIUzI1NiIsInR5cCI6IkpXVCJ9.eyJpZCI6IjY5ODEwMmZlOTg0MjcwMDAxYmU0MmQ2ZSIsImlhdCI6MTc3MDA2MjU5MCwiZXhwIjoxNzcwMDYzNzkwfQ.yCsFUMNV0sw3vGNWUbHtuLgVsz7c8IjeMaCmgAR9yeY",
    "refreshToken": "6b3f3bded6c363926767597b1c8a73be0f16d63d39b763007f14d398c68a95a65c942a4d5f6639d5"
}
HTTP/1.1 200 OK
Server: nginx/1.24.0 (Ubuntu)
Date: Mon, 02 Feb 2026 20:03:10 GMT
Content-Type: application/json; charset=utf-8
Content-Length: 376
Connection: keep-alive
X-Powered-By: Express
Access-Control-Allow-Origin: *
authorization: Bearer eyJhbGciOiJIUzI1NiIsInR5cCI6IkpXVCJ9.eyJpZCI6IjY5ODEwMmZlOTg0MjcwMDAxYmU0MmQ2ZSIsImlhdCI6MTc3MDA2MjU5MCwiZXhwIjoxNzcwMDYzNzkwfQ.yCsFUMNV0sw3vGNWUbHtuLgVsz7c8IjeMaCmgAR9yeY
ETag: W/"178-1oTk9ImPO2nZ02gcjBTcM0AaNAE"

{
    "success": true,
    "user": {
        "email": "test_1770062590527@yandex.ru",
        "name": "Test User"
    },
    "accessToken": "Bearer eyJhbGciOiJIUzI1NiIsInR5cCI6IkpXVCJ9.eyJpZCI6IjY5ODEwMmZlOTg0MjcwMDAxYmU0MmQ2ZSIsImlhdCI6MTc3MDA2MjU5MCwiZXhwIjoxNzcwMDYzNzkwfQ.yCsFUMNV0sw3vGNWUbHtuLgVsz7c8IjeMaCmgAR9yeY",
    "refreshToken": "6b3f3bded6c363926767597b1c8a73be0f16d63d39b763007f14d398c68a95a65c942a4d5f6639d5"
}
HTTP/1.1 200 OK
Server: nginx/1.24.0 (Ubuntu)
Date: Mon, 02 Feb 2026 20:03:10 GMT
Content-Type: application/json; charset=utf-8
Content-Length: 376
Connection: keep-alive
X-Powered-By: Express
Access-Control-Allow-Origin: *
authorization: Bearer eyJhbGciOiJIUzI1NiIsInR5cCI6IkpXVCJ9.eyJpZCI6IjY5ODEwMmZlOTg0MjcwMDAxYmU0MmQ2ZSIsImlhdCI6MTc3MDA2MjU5MCwiZXhwIjoxNzcwMDYzNzkwfQ.yCsFUMNV0sw3vGNWUbHtuLgVsz7c8IjeMaCmgAR9yeY
ETag: W/"178-1oTk9ImPO2nZ02gcjBTcM0AaNAE"

{
    "success": true,
    "user": {
        "email": "test_1770062590527@yandex.ru",
        "name": "Test User"
    },
    "accessToken": "Bearer eyJhbGciOiJIUzI1NiIsInR5cCI6IkpXVCJ9.eyJpZCI6IjY5ODEwMmZlOTg0MjcwMDAxYmU0MmQ2ZSIsImlhdCI6MTc3MDA2MjU5MCwiZXhwIjoxNzcwMDYzNzkwfQ.yCsFUMNV0sw3vGNWUbHtuLgVsz7c8IjeMaCmgAR9yeY",
    "refreshToken": "6b3f3bded6c363926767597b1c8a73be0f16d63d39b763007f14d398c68a95a65c942a4d5f6639d5"
}
HTTP/1.1 200 OK
Server: nginx/1.24.0 (Ubuntu)
Date: Mon, 02 Feb 2026 20:03:10 GMT
Content-Type: application/json; charset=utf-8
Content-Length: 376
Connection: keep-alive
X-Powered-By: Express
Access-Control-Allow-Origin: *
authorization: Bearer eyJhbGciOiJIUzI1NiIsInR5cCI6IkpXVCJ9.eyJpZCI6IjY5ODEwMmZlOTg0MjcwMDAxYmU0MmQ2ZSIsImlhdCI6MTc3MDA2MjU5MCwiZXhwIjoxNzcwMDYzNzkwfQ.yCsFUMNV0sw3vGNWUbHtuLgVsz7c8IjeMaCmgAR9yeY
ETag: W/"178-1oTk9ImPO2nZ02gcjBTcM0AaNAE"

{
    "success": true,
    "user": {
        "email": "test_1770062590527@yandex.ru",
        "name": "Test User"
    },
    "accessToken": "Bearer eyJhbGciOiJIUzI1NiIsInR5cCI6IkpXVCJ9.eyJpZCI6IjY5ODEwMmZlOTg0MjcwMDAxYmU0MmQ2ZSIsImlhdCI6MTc3MDA2MjU5MCwiZXhwIjoxNzcwMDYzNzkwfQ.yCsFUMNV0sw3vGNWUbHtuLgVsz7c8IjeMaCmgAR9yeY",
    "refreshToken": "6b3f3bded6c363926767597b1c8a73be0f16d63d39b763007f14d398c68a95a65c942a4d5f6639d5"
}
Request method:	DELETE
Request URI:	https://stellarburgers.education-services.ru/api/auth/user
Proxy:			<none>
Request params:	<none>
Query params:	<none>
Form params:	<none>
Path params:	<none>
Headers:		Authorization=Bearer eyJhbGciOiJIUzI1NiIsInR5cCI6IkpXVCJ9.eyJpZCI6IjY5ODEwMmZlOTg0MjcwMDAxYmU0MmQ2ZSIsImlhdCI6MTc3MDA2MjU5MCwiZXhwIjoxNzcwMDYzNzkwfQ.yCsFUMNV0sw3vGNWUbHtuLgVsz7c8IjeMaCmgAR9yeY
				Accept=*/*
Cookies:		<none>
Multiparts:		<none>
Body:			<none>
Request method:	DELETE
Request URI:	https://stellarburgers.education-services.ru/api/auth/user
Proxy:			<none>
Request params:	<none>
Query params:	<none>
Form params:	<none>
Path params:	<none>
Headers:		Authorization=Bearer eyJhbGciOiJIUzI1NiIsInR5cCI6IkpXVCJ9.eyJpZCI6IjY5ODEwMmZlOTg0MjcwMDAxYmU0MmQ2ZSIsImlhdCI6MTc3MDA2MjU5MCwiZXhwIjoxNzcwMDYzNzkwfQ.yCsFUMNV0sw3vGNWUbHtuLgVsz7c8IjeMaCmgAR9yeY
				Accept=*/*
Cookies:		<none>
Multiparts:		<none>
Body:			<none>
Request method:	DELETE
Request URI:	https://stellarburgers.education-services.ru/api/auth/user
Proxy:			<none>
Request params:	<none>
Query params:	<none>
Form params:	<none>
Path params:	<none>
Headers:		Authorization=Bearer eyJhbGciOiJIUzI1NiIsInR5cCI6IkpXVCJ9.eyJpZCI6IjY5ODEwMmZlOTg0MjcwMDAxYmU0MmQ2ZSIsImlhdCI6MTc3MDA2MjU5MCwiZXhwIjoxNzcwMDYzNzkwfQ.yCsFUMNV0sw3vGNWUbHtuLgVsz7c8IjeMaCmgAR9yeY
				Accept=*/*
Cookies:		<none>
Multiparts:		<none>
Body:			<none>
Request method:	DELETE
Request URI:	https://stellarburgers.education-services.ru/api/auth/user
Proxy:			<none>
Request params:	<none>
Query params:	<none>
Form params:	<none>
Path params:	<none>
Headers:		Authorization=Bearer eyJhbGciOiJIUzI1NiIsInR5cCI6IkpXVCJ9.eyJpZCI6IjY5ODEwMmZlOTg0MjcwMDAxYmU0MmQ2ZSIsImlhdCI6MTc3MDA2MjU5MCwiZXhwIjoxNzcwMDYzNzkwfQ.yCsFUMNV0sw3vGNWUbHtuLgVsz7c8IjeMaCmgAR9yeY
				Accept=*/*
Cookies:		<none>
Multiparts:		<none>
Body:			<none>
Request method:	DELETE
Request URI:	https://stellarburgers.education-services.ru/api/auth/user
Proxy:			<none>
Request params:	<none>
Query params:	<none>
Form params:	<none>
Path params:	<none>
Headers:		Authorization=Bearer eyJhbGciOiJIUzI1NiIsInR5cCI6IkpXVCJ9.eyJpZCI6IjY5ODEwMmZlOTg0MjcwMDAxYmU0MmQ2ZSIsImlhdCI6MTc3MDA2MjU5MCwiZXhwIjoxNzcwMDYzNzkwfQ.yCsFUMNV0sw3vGNWUbHtuLgVsz7c8IjeMaCmgAR9yeY
				Accept=*/*
Cookies:		<none>
Multiparts:		<none>
Body:			<none>
Request method:	DELETE
Request URI:	https://stellarburgers.education-services.ru/api/auth/user
Proxy:			<none>
Request params:	<none>
Query params:	<none>
Form params:	<none>
Path params:	<none>
Headers:		Authorization=Bearer eyJhbGciOiJIUzI1NiIsInR5cCI6IkpXVCJ9.eyJpZCI6IjY5ODEwMmZlOTg0MjcwMDAxYmU0MmQ2ZSIsImlhdCI6MTc3MDA2MjU5MCwiZXhwIjoxNzcwMDYzNzkwfQ.yCsFUMNV0sw3vGNWUbHtuLgVsz7c8IjeMaCmgAR9yeY
				Accept=*/*
Cookies:		<none>
Multiparts:		<none>
Body:			<none>
Request method:	DELETE
Request URI:	https://stellarburgers.education-services.ru/api/auth/user
Proxy:			<none>
Request params:	<none>
Query params:	<none>
Form params:	<none>
Path params:	<none>
Headers:		Authorization=Bearer eyJhbGciOiJIUzI1NiIsInR5cCI6IkpXVCJ9.eyJpZCI6IjY5ODEwMmZlOTg0MjcwMDAxYmU0MmQ2ZSIsImlhdCI6MTc3MDA2MjU5MCwiZXhwIjoxNzcwMDYzNzkwfQ.yCsFUMNV0sw3vGNWUbHtuLgVsz7c8IjeMaCmgAR9yeY
				Accept=*/*
Cookies:		<none>
Multiparts:		<none>
Body:			<none>
Request method:	DELETE
Request URI:	https://stellarburgers.education-services.ru/api/auth/user
Proxy:			<none>
Request params:	<none>
Query params:	<none>
Form params:	<none>
Path params:	<none>
Headers:		Authorization=Bearer eyJhbGciOiJIUzI1NiIsInR5cCI6IkpXVCJ9.eyJpZCI6IjY5ODEwMmZlOTg0MjcwMDAxYmU0MmQ2ZSIsImlhdCI6MTc3MDA2MjU5MCwiZXhwIjoxNzcwMDYzNzkwfQ.yCsFUMNV0sw3vGNWUbHtuLgVsz7c8IjeMaCmgAR9yeY
				Accept=*/*
Cookies:		<none>
Multiparts:		<none>
Body:			<none>
Request method:	DELETE
Request URI:	https://stellarburgers.education-services.ru/api/auth/user
Proxy:			<none>
Request params:	<none>
Query params:	<none>
Form params:	<none>
Path params:	<none>
Headers:		Authorization=Bearer eyJhbGciOiJIUzI1NiIsInR5cCI6IkpXVCJ9.eyJpZCI6IjY5ODEwMmZlOTg0MjcwMDAxYmU0MmQ2ZSIsImlhdCI6MTc3MDA2MjU5MCwiZXhwIjoxNzcwMDYzNzkwfQ.yCsFUMNV0sw3vGNWUbHtuLgVsz7c8IjeMaCmgAR9yeY
				Accept=*/*
Cookies:		<none>
Multiparts:		<none>
Body:			<none>
Request method:	DELETE
Request URI:	https://stellarburgers.education-services.ru/api/auth/user
Proxy:			<none>
Request params:	<none>
Query params:	<none>
Form params:	<none>
Path params:	<none>
Headers:		Authorization=Bearer eyJhbGciOiJIUzI1NiIsInR5cCI6IkpXVCJ9.eyJpZCI6IjY5ODEwMmZlOTg0MjcwMDAxYmU0MmQ2ZSIsImlhdCI6MTc3MDA2MjU5MCwiZXhwIjoxNzcwMDYzNzkwfQ.yCsFUMNV0sw3vGNWUbHtuLgVsz7c8IjeMaCmgAR9yeY
				Accept=*/*
Cookies:		<none>
Multiparts:		<none>
Body:			<none>
Request method:	DELETE
Request URI:	https://stellarburgers.education-services.ru/api/auth/user
Proxy:			<none>
Request params:	<none>
Query params:	<none>
Form params:	<none>
Path params:	<none>
Headers:		Authorization=Bearer eyJhbGciOiJIUzI1NiIsInR5cCI6IkpXVCJ9.eyJpZCI6IjY5ODEwMmZlOTg0MjcwMDAxYmU0MmQ2ZSIsImlhdCI6MTc3MDA2MjU5MCwiZXhwIjoxNzcwMDYzNzkwfQ.yCsFUMNV0sw3vGNWUbHtuLgVsz7c8IjeMaCmgAR9yeY
				Accept=*/*
Cookies:		<none>
Multiparts:		<none>
Body:			<none>
Request method:	DELETE
Request URI:	https://stellarburgers.education-services.ru/api/auth/user
Proxy:			<none>
Request params:	<none>
Query params:	<none>
Form params:	<none>
Path params:	<none>
Headers:		Authorization=Bearer eyJhbGciOiJIUzI1NiIsInR5cCI6IkpXVCJ9.eyJpZCI6IjY5ODEwMmZlOTg0MjcwMDAxYmU0MmQ2ZSIsImlhdCI6MTc3MDA2MjU5MCwiZXhwIjoxNzcwMDYzNzkwfQ.yCsFUMNV0sw3vGNWUbHtuLgVsz7c8IjeMaCmgAR9yeY
				Accept=*/*
Cookies:		<none>
Multiparts:		<none>
Body:			<none>
Request method:	DELETE
Request URI:	https://stellarburgers.education-services.ru/api/auth/user
Proxy:			<none>
Request params:	<none>
Query params:	<none>
Form params:	<none>
Path params:	<none>
Headers:		Authorization=Bearer eyJhbGciOiJIUzI1NiIsInR5cCI6IkpXVCJ9.eyJpZCI6IjY5ODEwMmZlOTg0MjcwMDAxYmU0MmQ2ZSIsImlhdCI6MTc3MDA2MjU5MCwiZXhwIjoxNzcwMDYzNzkwfQ.yCsFUMNV0sw3vGNWUbHtuLgVsz7c8IjeMaCmgAR9yeY
				Accept=*/*
Cookies:		<none>
Multiparts:		<none>
Body:			<none>
Request method:	DELETE
Request URI:	https://stellarburgers.education-services.ru/api/auth/user
Proxy:			<none>
Request params:	<none>
Query params:	<none>
Form params:	<none>
Path params:	<none>
Headers:		Authorization=Bearer eyJhbGciOiJIUzI1NiIsInR5cCI6IkpXVCJ9.eyJpZCI6IjY5ODEwMmZlOTg0MjcwMDAxYmU0MmQ2ZSIsImlhdCI6MTc3MDA2MjU5MCwiZXhwIjoxNzcwMDYzNzkwfQ.yCsFUMNV0sw3vGNWUbHtuLgVsz7c8IjeMaCmgAR9yeY
				Accept=*/*
Cookies:		<none>
Multiparts:		<none>
Body:			<none>
Request method:	DELETE
Request URI:	https://stellarburgers.education-services.ru/api/auth/user
Proxy:			<none>
Request params:	<none>
Query params:	<none>
Form params:	<none>
Path params:	<none>
Headers:		Authorization=Bearer eyJhbGciOiJIUzI1NiIsInR5cCI6IkpXVCJ9.eyJpZCI6IjY5ODEwMmZlOTg0MjcwMDAxYmU0MmQ2ZSIsImlhdCI6MTc3MDA2MjU5MCwiZXhwIjoxNzcwMDYzNzkwfQ.yCsFUMNV0sw3vGNWUbHtuLgVsz7c8IjeMaCmgAR9yeY
				Accept=*/*
Cookies:		<none>
Multiparts:		<none>
Body:			<none>
Request method:	DELETE
Request URI:	https://stellarburgers.education-services.ru/api/auth/user
Proxy:			<none>
Request params:	<none>
Query params:	<none>
Form params:	<none>
Path params:	<none>
Headers:		Authorization=Bearer eyJhbGciOiJIUzI1NiIsInR5cCI6IkpXVCJ9.eyJpZCI6IjY5ODEwMmZlOTg0MjcwMDAxYmU0MmQ2ZSIsImlhdCI6MTc3MDA2MjU5MCwiZXhwIjoxNzcwMDYzNzkwfQ.yCsFUMNV0sw3vGNWUbHtuLgVsz7c8IjeMaCmgAR9yeY
				Accept=*/*
Cookies:		<none>
Multiparts:		<none>
Body:			<none>
Request method:	DELETE
Request URI:	https://stellarburgers.education-services.ru/api/auth/user
Proxy:			<none>
Request params:	<none>
Query params:	<none>
Form params:	<none>
Path params:	<none>
Headers:		Authorization=Bearer eyJhbGciOiJIUzI1NiIsInR5cCI6IkpXVCJ9.eyJpZCI6IjY5ODEwMmZlOTg0MjcwMDAxYmU0MmQ2ZSIsImlhdCI6MTc3MDA2MjU5MCwiZXhwIjoxNzcwMDYzNzkwfQ.yCsFUMNV0sw3vGNWUbHtuLgVsz7c8IjeMaCmgAR9yeY
				Accept=*/*
Cookies:		<none>
Multiparts:		<none>
Body:			<none>
Request method:	DELETE
Request URI:	https://stellarburgers.education-services.ru/api/auth/user
Proxy:			<none>
Request params:	<none>
Query params:	<none>
Form params:	<none>
Path params:	<none>
Headers:		Authorization=Bearer eyJhbGciOiJIUzI1NiIsInR5cCI6IkpXVCJ9.eyJpZCI6IjY5ODEwMmZlOTg0MjcwMDAxYmU0MmQ2ZSIsImlhdCI6MTc3MDA2MjU5MCwiZXhwIjoxNzcwMDYzNzkwfQ.yCsFUMNV0sw3vGNWUbHtuLgVsz7c8IjeMaCmgAR9yeY
				Accept=*/*
Cookies:		<none>
Multiparts:		<none>
Body:			<none>
HTTP/1.1 202 Accepted
Server: nginx/1.24.0 (Ubuntu)
Date: Mon, 02 Feb 2026 20:03:11 GMT
Content-Type: application/json; charset=utf-8
Content-Length: 54
Connection: keep-alive
X-Powered-By: Express
Access-Control-Allow-Origin: *
ETag: W/"36-hDmZnQ3Ou/ynnqAeC6TYmyseuzY"

{
    "success": true,
    "message": "User successfully removed"
}
HTTP/1.1 202 Accepted
Server: nginx/1.24.0 (Ubuntu)
Date: Mon, 02 Feb 2026 20:03:11 GMT
Content-Type: application/json; charset=utf-8
Content-Length: 54
Connection: keep-alive
X-Powered-By: Express
Access-Control-Allow-Origin: *
ETag: W/"36-hDmZnQ3Ou/ynnqAeC6TYmyseuzY"

{
    "success": true,
    "message": "User successfully removed"
}
HTTP/1.1 202 Accepted
Server: nginx/1.24.0 (Ubuntu)
Date: Mon, 02 Feb 2026 20:03:11 GMT
Content-Type: application/json; charset=utf-8
Content-Length: 54
Connection: keep-alive
X-Powered-By: Express
Access-Control-Allow-Origin: *
ETag: W/"36-hDmZnQ3Ou/ynnqAeC6TYmyseuzY"

{
    "success": true,
    "message": "User successfully removed"
}
HTTP/1.1 202 Accepted
Server: nginx/1.24.0 (Ubuntu)
Date: Mon, 02 Feb 2026 20:03:11 GMT
Content-Type: application/json; charset=utf-8
Content-Length: 54
Connection: keep-alive
X-Powered-By: Express
Access-Control-Allow-Origin: *
ETag: W/"36-hDmZnQ3Ou/ynnqAeC6TYmyseuzY"

{
    "success": true,
    "message": "User successfully removed"
}
HTTP/1.1 202 Accepted
Server: nginx/1.24.0 (Ubuntu)
Date: Mon, 02 Feb 2026 20:03:11 GMT
Content-Type: application/json; charset=utf-8
Content-Length: 54
Connection: keep-alive
X-Powered-By: Express
Access-Control-Allow-Origin: *
ETag: W/"36-hDmZnQ3Ou/ynnqAeC6TYmyseuzY"

{
    "success": true,
    "message": "User successfully removed"
}
HTTP/1.1 202 Accepted
Server: nginx/1.24.0 (Ubuntu)
Date: Mon, 02 Feb 2026 20:03:11 GMT
Content-Type: application/json; charset=utf-8
Content-Length: 54
Connection: keep-alive
X-Powered-By: Express
Access-Control-Allow-Origin: *
ETag: W/"36-hDmZnQ3Ou/ynnqAeC6TYmyseuzY"

{
    "success": true,
    "message": "User successfully removed"
}
HTTP/1.1 202 Accepted
Server: nginx/1.24.0 (Ubuntu)
Date: Mon, 02 Feb 2026 20:03:11 GMT
Content-Type: application/json; charset=utf-8
Content-Length: 54
Connection: keep-alive
X-Powered-By: Express
Access-Control-Allow-Origin: *
ETag: W/"36-hDmZnQ3Ou/ynnqAeC6TYmyseuzY"

{
    "success": true,
    "message": "User successfully removed"
}
HTTP/1.1 202 Accepted
Server: nginx/1.24.0 (Ubuntu)
Date: Mon, 02 Feb 2026 20:03:11 GMT
Content-Type: application/json; charset=utf-8
Content-Length: 54
Connection: keep-alive
X-Powered-By: Express
Access-Control-Allow-Origin: *
ETag: W/"36-hDmZnQ3Ou/ynnqAeC6TYmyseuzY"

{
    "success": true,
    "message": "User successfully removed"
}
HTTP/1.1 202 Accepted
Server: nginx/1.24.0 (Ubuntu)
Date: Mon, 02 Feb 2026 20:03:11 GMT
Content-Type: application/json; charset=utf-8
Content-Length: 54
Connection: keep-alive
X-Powered-By: Express
Access-Control-Allow-Origin: *
ETag: W/"36-hDmZnQ3Ou/ynnqAeC6TYmyseuzY"

{
    "success": true,
    "message": "User successfully removed"
}
HTTP/1.1 202 Accepted
Server: nginx/1.24.0 (Ubuntu)
Date: Mon, 02 Feb 2026 20:03:11 GMT
Content-Type: application/json; charset=utf-8
Content-Length: 54
Connection: keep-alive
X-Powered-By: Express
Access-Control-Allow-Origin: *
ETag: W/"36-hDmZnQ3Ou/ynnqAeC6TYmyseuzY"

{
    "success": true,
    "message": "User successfully removed"
}
HTTP/1.1 202 Accepted
Server: nginx/1.24.0 (Ubuntu)
Date: Mon, 02 Feb 2026 20:03:11 GMT
Content-Type: application/json; charset=utf-8
Content-Length: 54
Connection: keep-alive
X-Powered-By: Express
Access-Control-Allow-Origin: *
ETag: W/"36-hDmZnQ3Ou/ynnqAeC6TYmyseuzY"

{
    "success": true,
    "message": "User successfully removed"
}
HTTP/1.1 202 Accepted
Server: nginx/1.24.0 (Ubuntu)
Date: Mon, 02 Feb 2026 20:03:11 GMT
Content-Type: application/json; charset=utf-8
Content-Length: 54
Connection: keep-alive
X-Powered-By: Express
Access-Control-Allow-Origin: *
ETag: W/"36-hDmZnQ3Ou/ynnqAeC6TYmyseuzY"

{
    "success": true,
    "message": "User successfully removed"
}
HTTP/1.1 202 Accepted
Server: nginx/1.24.0 (Ubuntu)
Date: Mon, 02 Feb 2026 20:03:11 GMT
Content-Type: application/json; charset=utf-8
Content-Length: 54
Connection: keep-alive
X-Powered-By: Express
Access-Control-Allow-Origin: *
ETag: W/"36-hDmZnQ3Ou/ynnqAeC6TYmyseuzY"

{
    "success": true,
    "message": "User successfully removed"
}
HTTP/1.1 202 Accepted
Server: nginx/1.24.0 (Ubuntu)
Date: Mon, 02 Feb 2026 20:03:11 GMT
Content-Type: application/json; charset=utf-8
Content-Length: 54
Connection: keep-alive
X-Powered-By: Express
Access-Control-Allow-Origin: *
ETag: W/"36-hDmZnQ3Ou/ynnqAeC6TYmyseuzY"

{
    "success": true,
    "message": "User successfully removed"
}
HTTP/1.1 202 Accepted
Server: nginx/1.24.0 (Ubuntu)
Date: Mon, 02 Feb 2026 20:03:11 GMT
Content-Type: application/json; charset=utf-8
Content-Length: 54
Connection: keep-alive
X-Powered-By: Express
Access-Control-Allow-Origin: *
ETag: W/"36-hDmZnQ3Ou/ynnqAeC6TYmyseuzY"

{
    "success": true,
    "message": "User successfully removed"
}
HTTP/1.1 202 Accepted
Server: nginx/1.24.0 (Ubuntu)
Date: Mon, 02 Feb 2026 20:03:11 GMT
Content-Type: application/json; charset=utf-8
Content-Length: 54
Connection: keep-alive
X-Powered-By: Express
Access-Control-Allow-Origin: *
ETag: W/"36-hDmZnQ3Ou/ynnqAeC6TYmyseuzY"

{
    "success": true,
    "message": "User successfully removed"
}
HTTP/1.1 202 Accepted
Server: nginx/1.24.0 (Ubuntu)
Date: Mon, 02 Feb 2026 20:03:11 GMT
Content-Type: application/json; charset=utf-8
Content-Length: 54
Connection: keep-alive
X-Powered-By: Express
Access-Control-Allow-Origin: *
ETag: W/"36-hDmZnQ3Ou/ynnqAeC6TYmyseuzY"

{
    "success": true,
    "message": "User successfully removed"
}
HTTP/1.1 202 Accepted
Server: nginx/1.24.0 (Ubuntu)
Date: Mon, 02 Feb 2026 20:03:11 GMT
Content-Type: application/json; charset=utf-8
Content-Length: 54
Connection: keep-alive
X-Powered-By: Express
Access-Control-Allow-Origin: *
ETag: W/"36-hDmZnQ3Ou/ynnqAeC6TYmyseuzY"

{
    "success": true,
    "message": "User successfully removed"
}
Request method:	POST
Request URI:	https://stellarburgers.education-services.ru/api/auth/register
Proxy:			<none>
Request params:	<none>
Query params:	<none>
Form params:	<none>
Path params:	<none>
Headers:		Accept=*/*
				Content-Type=application/json
Cookies:		<none>
Multiparts:		<none>
Body:
{
    "email": "test_1770062591284@yandex.ru",
    "password": null,
    "name": "Test User"
}
Request method:	POST
Request URI:	https://stellarburgers.education-services.ru/api/auth/register
Proxy:			<none>
Request params:	<none>
Query params:	<none>
Form params:	<none>
Path params:	<none>
Headers:		Accept=*/*
				Content-Type=application/json
Cookies:		<none>
Multiparts:		<none>
Body:
{
    "email": "test_1770062591284@yandex.ru",
    "password": null,
    "name": "Test User"
}
Request method:	POST
Request URI:	https://stellarburgers.education-services.ru/api/auth/register
Proxy:			<none>
Request params:	<none>
Query params:	<none>
Form params:	<none>
Path params:	<none>
Headers:		Accept=*/*
				Content-Type=application/json
Cookies:		<none>
Multiparts:		<none>
Body:
{
    "email": "test_1770062591284@yandex.ru",
    "password": null,
    "name": "Test User"
}
Request method:	POST
Request URI:	https://stellarburgers.education-services.ru/api/auth/register
Proxy:			<none>
Request params:	<none>
Query params:	<none>
Form params:	<none>
Path params:	<none>
Headers:		Accept=*/*
				Content-Type=application/json
Cookies:		<none>
Multiparts:		<none>
Body:
{
    "email": "test_1770062591284@yandex.ru",
    "password": null,
    "name": "Test User"
}
Request method:	POST
Request URI:	https://stellarburgers.education-services.ru/api/auth/register
Proxy:			<none>
Request params:	<none>
Query params:	<none>
Form params:	<none>
Path params:	<none>
Headers:		Accept=*/*
				Content-Type=application/json
Cookies:		<none>
Multiparts:		<none>
Body:
{
    "email": "test_1770062591284@yandex.ru",
    "password": null,
    "name": "Test User"
}
Request method:	POST
Request URI:	https://stellarburgers.education-services.ru/api/auth/register
Proxy:			<none>
Request params:	<none>
Query params:	<none>
Form params:	<none>
Path params:	<none>
Headers:		Accept=*/*
				Content-Type=application/json
Cookies:		<none>
Multiparts:		<none>
Body:
{
    "email": "test_1770062591284@yandex.ru",
    "password": null,
    "name": "Test User"
}
Request method:	POST
Request URI:	https://stellarburgers.education-services.ru/api/auth/register
Proxy:			<none>
Request params:	<none>
Query params:	<none>
Form params:	<none>
Path params:	<none>
Headers:		Accept=*/*
				Content-Type=application/json
Cookies:		<none>
Multiparts:		<none>
Body:
{
    "email": "test_1770062591284@yandex.ru",
    "password": null,
    "name": "Test User"
}
Request method:	POST
Request URI:	https://stellarburgers.education-services.ru/api/auth/register
Proxy:			<none>
Request params:	<none>
Query params:	<none>
Form params:	<none>
Path params:	<none>
Headers:		Accept=*/*
				Content-Type=application/json
Cookies:		<none>
Multiparts:		<none>
Body:
{
    "email": "test_1770062591284@yandex.ru",
    "password": null,
    "name": "Test User"
}
Request method:	POST
Request URI:	https://stellarburgers.education-services.ru/api/auth/register
Proxy:			<none>
Request params:	<none>
Query params:	<none>
Form params:	<none>
Path params:	<none>
Headers:		Accept=*/*
				Content-Type=application/json
Cookies:		<none>
Multiparts:		<none>
Body:
{
    "email": "test_1770062591284@yandex.ru",
    "password": null,
    "name": "Test User"
}
Request method:	POST
Request URI:	https://stellarburgers.education-services.ru/api/auth/register
Proxy:			<none>
Request params:	<none>
Query params:	<none>
Form params:	<none>
Path params:	<none>
Headers:		Accept=*/*
				Content-Type=application/json
Cookies:		<none>
Multiparts:		<none>
Body:
{
    "email": "test_1770062591284@yandex.ru",
    "password": null,
    "name": "Test User"
}
Request method:	POST
Request URI:	https://stellarburgers.education-services.ru/api/auth/register
Proxy:			<none>
Request params:	<none>
Query params:	<none>
Form params:	<none>
Path params:	<none>
Headers:		Accept=*/*
				Content-Type=application/json
Cookies:		<none>
Multiparts:		<none>
Body:
{
    "email": "test_1770062591284@yandex.ru",
    "password": null,
    "name": "Test User"
}
Request method:	POST
Request URI:	https://stellarburgers.education-services.ru/api/auth/register
Proxy:			<none>
Request params:	<none>
Query params:	<none>
Form params:	<none>
Path params:	<none>
Headers:		Accept=*/*
				Content-Type=application/json
Cookies:		<none>
Multiparts:		<none>
Body:
{
    "email": "test_1770062591284@yandex.ru",
    "password": null,
    "name": "Test User"
}
Request method:	POST
Request URI:	https://stellarburgers.education-services.ru/api/auth/register
Proxy:			<none>
Request params:	<none>
Query params:	<none>
Form params:	<none>
Path params:	<none>
Headers:		Accept=*/*
				Content-Type=application/json
Cookies:		<none>
Multiparts:		<none>
Body:
{
    "email": "test_1770062591284@yandex.ru",
    "password": null,
    "name": "Test User"
}
Request method:	POST
Request URI:	https://stellarburgers.education-services.ru/api/auth/register
Proxy:			<none>
Request params:	<none>
Query params:	<none>
Form params:	<none>
Path params:	<none>
Headers:		Accept=*/*
				Content-Type=application/json
Cookies:		<none>
Multiparts:		<none>
Body:
{
    "email": "test_1770062591284@yandex.ru",
    "password": null,
    "name": "Test User"
}
Request method:	POST
Request URI:	https://stellarburgers.education-services.ru/api/auth/register
Proxy:			<none>
Request params:	<none>
Query params:	<none>
Form params:	<none>
Path params:	<none>
Headers:		Accept=*/*
				Content-Type=application/json
Cookies:		<none>
Multiparts:		<none>
Body:
{
    "email": "test_1770062591284@yandex.ru",
    "password": null,
    "name": "Test User"
}
Request method:	POST
Request URI:	https://stellarburgers.education-services.ru/api/auth/register
Proxy:			<none>
Request params:	<none>
Query params:	<none>
Form params:	<none>
Path params:	<none>
Headers:		Accept=*/*
				Content-Type=application/json
Cookies:		<none>
Multiparts:		<none>
Body:
{
    "email": "test_1770062591284@yandex.ru",
    "password": null,
    "name": "Test User"
}
Request method:	POST
Request URI:	https://stellarburgers.education-services.ru/api/auth/register
Proxy:			<none>
Request params:	<none>
Query params:	<none>
Form params:	<none>
Path params:	<none>
Headers:		Accept=*/*
				Content-Type=application/json
Cookies:		<none>
Multiparts:		<none>
Body:
{
    "email": "test_1770062591284@yandex.ru",
    "password": null,
    "name": "Test User"
}
Request method:	POST
Request URI:	https://stellarburgers.education-services.ru/api/auth/register
Proxy:			<none>
Request params:	<none>
Query params:	<none>
Form params:	<none>
Path params:	<none>
Headers:		Accept=*/*
				Content-Type=application/json
Cookies:		<none>
Multiparts:		<none>
Body:
{
    "email": "test_1770062591284@yandex.ru",
    "password": null,
    "name": "Test User"
}
Request method:	POST
Request URI:	https://stellarburgers.education-services.ru/api/auth/register
Proxy:			<none>
Request params:	<none>
Query params:	<none>
Form params:	<none>
Path params:	<none>
Headers:		Accept=*/*
				Content-Type=application/json
Cookies:		<none>
Multiparts:		<none>
Body:
{
    "email": "test_1770062591284@yandex.ru",
    "password": null,
    "name": "Test User"
}
Request method:	POST
Request URI:	https://stellarburgers.education-services.ru/api/auth/register
Proxy:			<none>
Request params:	<none>
Query params:	<none>
Form params:	<none>
Path params:	<none>
Headers:		Accept=*/*
				Content-Type=application/json
Cookies:		<none>
Multiparts:		<none>
Body:
{
    "email": "test_1770062591284@yandex.ru",
    "password": null,
    "name": "Test User"
}
HTTP/1.1 403 Forbidden
Server: nginx/1.24.0 (Ubuntu)
Date: Mon, 02 Feb 2026 20:03:11 GMT
Content-Type: application/json; charset=utf-8
Content-Length: 74
Connection: keep-alive
X-Powered-By: Express
Access-Control-Allow-Origin: *
ETag: W/"4a-EmWdisR78lCFKIQWVZ3yQkk5Ixs"

{
    "success": false,
    "message": "Email, password and name are required fields"
}
HTTP/1.1 403 Forbidden
Server: nginx/1.24.0 (Ubuntu)
Date: Mon, 02 Feb 2026 20:03:11 GMT
Content-Type: application/json; charset=utf-8
Content-Length: 74
Connection: keep-alive
X-Powered-By: Express
Access-Control-Allow-Origin: *
ETag: W/"4a-EmWdisR78lCFKIQWVZ3yQkk5Ixs"

{
    "success": false,
    "message": "Email, password and name are required fields"
}
HTTP/1.1 403 Forbidden
Server: nginx/1.24.0 (Ubuntu)
Date: Mon, 02 Feb 2026 20:03:11 GMT
Content-Type: application/json; charset=utf-8
Content-Length: 74
Connection: keep-alive
X-Powered-By: Express
Access-Control-Allow-Origin: *
ETag: W/"4a-EmWdisR78lCFKIQWVZ3yQkk5Ixs"

{
    "success": false,
    "message": "Email, password and name are required fields"
}
HTTP/1.1 403 Forbidden
Server: nginx/1.24.0 (Ubuntu)
Date: Mon, 02 Feb 2026 20:03:11 GMT
Content-Type: application/json; charset=utf-8
Content-Length: 74
Connection: keep-alive
X-Powered-By: Express
Access-Control-Allow-Origin: *
ETag: W/"4a-EmWdisR78lCFKIQWVZ3yQkk5Ixs"

{
    "success": false,
    "message": "Email, password and name are required fields"
}
HTTP/1.1 403 Forbidden
Server: nginx/1.24.0 (Ubuntu)
Date: Mon, 02 Feb 2026 20:03:11 GMT
Content-Type: application/json; charset=utf-8
Content-Length: 74
Connection: keep-alive
X-Powered-By: Express
Access-Control-Allow-Origin: *
ETag: W/"4a-EmWdisR78lCFKIQWVZ3yQkk5Ixs"

{
    "success": false,
    "message": "Email, password and name are required fields"
}
HTTP/1.1 403 Forbidden
Server: nginx/1.24.0 (Ubuntu)
Date: Mon, 02 Feb 2026 20:03:11 GMT
Content-Type: application/json; charset=utf-8
Content-Length: 74
Connection: keep-alive
X-Powered-By: Express
Access-Control-Allow-Origin: *
ETag: W/"4a-EmWdisR78lCFKIQWVZ3yQkk5Ixs"

{
    "success": false,
    "message": "Email, password and name are required fields"
}
HTTP/1.1 403 Forbidden
Server: nginx/1.24.0 (Ubuntu)
Date: Mon, 02 Feb 2026 20:03:11 GMT
Content-Type: application/json; charset=utf-8
Content-Length: 74
Connection: keep-alive
X-Powered-By: Express
Access-Control-Allow-Origin: *
ETag: W/"4a-EmWdisR78lCFKIQWVZ3yQkk5Ixs"

{
    "success": false,
    "message": "Email, password and name are required fields"
}
HTTP/1.1 403 Forbidden
Server: nginx/1.24.0 (Ubuntu)
Date: Mon, 02 Feb 2026 20:03:11 GMT
Content-Type: application/json; charset=utf-8
Content-Length: 74
Connection: keep-alive
X-Powered-By: Express
Access-Control-Allow-Origin: *
ETag: W/"4a-EmWdisR78lCFKIQWVZ3yQkk5Ixs"

{
    "success": false,
    "message": "Email, password and name are required fields"
}
HTTP/1.1 403 Forbidden
Server: nginx/1.24.0 (Ubuntu)
Date: Mon, 02 Feb 2026 20:03:11 GMT
Content-Type: application/json; charset=utf-8
Content-Length: 74
Connection: keep-alive
X-Powered-By: Express
Access-Control-Allow-Origin: *
ETag: W/"4a-EmWdisR78lCFKIQWVZ3yQkk5Ixs"

{
    "success": false,
    "message": "Email, password and name are required fields"
}
HTTP/1.1 403 Forbidden
Server: nginx/1.24.0 (Ubuntu)
Date: Mon, 02 Feb 2026 20:03:11 GMT
Content-Type: application/json; charset=utf-8
Content-Length: 74
Connection: keep-alive
X-Powered-By: Express
Access-Control-Allow-Origin: *
ETag: W/"4a-EmWdisR78lCFKIQWVZ3yQkk5Ixs"

{
    "success": false,
    "message": "Email, password and name are required fields"
}
HTTP/1.1 403 Forbidden
Server: nginx/1.24.0 (Ubuntu)
Date: Mon, 02 Feb 2026 20:03:11 GMT
Content-Type: application/json; charset=utf-8
Content-Length: 74
Connection: keep-alive
X-Powered-By: Express
Access-Control-Allow-Origin: *
ETag: W/"4a-EmWdisR78lCFKIQWVZ3yQkk5Ixs"

{
    "success": false,
    "message": "Email, password and name are required fields"
}
HTTP/1.1 403 Forbidden
Server: nginx/1.24.0 (Ubuntu)
Date: Mon, 02 Feb 2026 20:03:11 GMT
Content-Type: application/json; charset=utf-8
Content-Length: 74
Connection: keep-alive
X-Powered-By: Express
Access-Control-Allow-Origin: *
ETag: W/"4a-EmWdisR78lCFKIQWVZ3yQkk5Ixs"

{
    "success": false,
    "message": "Email, password and name are required fields"
}
HTTP/1.1 403 Forbidden
Server: nginx/1.24.0 (Ubuntu)
Date: Mon, 02 Feb 2026 20:03:11 GMT
Content-Type: application/json; charset=utf-8
Content-Length: 74
Connection: keep-alive
X-Powered-By: Express
Access-Control-Allow-Origin: *
ETag: W/"4a-EmWdisR78lCFKIQWVZ3yQkk5Ixs"

{
    "success": false,
    "message": "Email, password and name are required fields"
}
HTTP/1.1 403 Forbidden
Server: nginx/1.24.0 (Ubuntu)
Date: Mon, 02 Feb 2026 20:03:11 GMT
Content-Type: application/json; charset=utf-8
Content-Length: 74
Connection: keep-alive
X-Powered-By: Express
Access-Control-Allow-Origin: *
ETag: W/"4a-EmWdisR78lCFKIQWVZ3yQkk5Ixs"

{
    "success": false,
    "message": "Email, password and name are required fields"
}
HTTP/1.1 403 Forbidden
Server: nginx/1.24.0 (Ubuntu)
Date: Mon, 02 Feb 2026 20:03:11 GMT
Content-Type: application/json; charset=utf-8
Content-Length: 74
Connection: keep-alive
X-Powered-By: Express
Access-Control-Allow-Origin: *
ETag: W/"4a-EmWdisR78lCFKIQWVZ3yQkk5Ixs"

{
    "success": false,
    "message": "Email, password and name are required fields"
}
HTTP/1.1 403 Forbidden
Server: nginx/1.24.0 (Ubuntu)
Date: Mon, 02 Feb 2026 20:03:11 GMT
Content-Type: application/json; charset=utf-8
Content-Length: 74
Connection: keep-alive
X-Powered-By: Express
Access-Control-Allow-Origin: *
ETag: W/"4a-EmWdisR78lCFKIQWVZ3yQkk5Ixs"

{
    "success": false,
    "message": "Email, password and name are required fields"
}
HTTP/1.1 403 Forbidden
Server: nginx/1.24.0 (Ubuntu)
Date: Mon, 02 Feb 2026 20:03:11 GMT
Content-Type: application/json; charset=utf-8
Content-Length: 74
Connection: keep-alive
X-Powered-By: Express
Access-Control-Allow-Origin: *
ETag: W/"4a-EmWdisR78lCFKIQWVZ3yQkk5Ixs"

{
    "success": false,
    "message": "Email, password and name are required fields"
}
HTTP/1.1 403 Forbidden
Server: nginx/1.24.0 (Ubuntu)
Date: Mon, 02 Feb 2026 20:03:11 GMT
Content-Type: application/json; charset=utf-8
Content-Length: 74
Connection: keep-alive
X-Powered-By: Express
Access-Control-Allow-Origin: *
ETag: W/"4a-EmWdisR78lCFKIQWVZ3yQkk5Ixs"

{
    "success": false,
    "message": "Email, password and name are required fields"
}
HTTP/1.1 403 Forbidden
Server: nginx/1.24.0 (Ubuntu)
Date: Mon, 02 Feb 2026 20:03:11 GMT
Content-Type: application/json; charset=utf-8
Content-Length: 74
Connection: keep-alive
X-Powered-By: Express
Access-Control-Allow-Origin: *
ETag: W/"4a-EmWdisR78lCFKIQWVZ3yQkk5Ixs"

{
    "success": false,
    "message": "Email, password and name are required fields"
}
HTTP/1.1 403 Forbidden
Server: nginx/1.24.0 (Ubuntu)
Date: Mon, 02 Feb 2026 20:03:11 GMT
Content-Type: application/json; charset=utf-8
Content-Length: 74
Connection: keep-alive
X-Powered-By: Express
Access-Control-Allow-Origin: *
ETag: W/"4a-EmWdisR78lCFKIQWVZ3yQkk5Ixs"

{
    "success": false,
    "message": "Email, password and name are required fields"
}
[INFO] Tests run: 5, Failures: 0, Errors: 0, Skipped: 0, Time elapsed: 1.261 s - in com.stellarburgers.api.UserRegistrationTest
[INFO] Running com.stellarburgers.api.OrderCreationTest
Request method:	POST
Request URI:	https://stellarburgers.education-services.ru/api/auth/register
Proxy:			<none>
Request params:	<none>
Query params:	<none>
Form params:	<none>
Path params:	<none>
Headers:		Accept=*/*
				Content-Type=application/json
Cookies:		<none>
Multiparts:		<none>
Body:
{
    "email": "order_test_1770062591399@yandex.ru",
    "password": "password123",
    "name": "Order Test User"
}
Request method:	POST
Request URI:	https://stellarburgers.education-services.ru/api/auth/register
Proxy:			<none>
Request params:	<none>
Query params:	<none>
Form params:	<none>
Path params:	<none>
Headers:		Accept=*/*
				Content-Type=application/json
Cookies:		<none>
Multiparts:		<none>
Body:
{
    "email": "order_test_1770062591399@yandex.ru",
    "password": "password123",
    "name": "Order Test User"
}
Request method:	POST
Request URI:	https://stellarburgers.education-services.ru/api/auth/register
Proxy:			<none>
Request params:	<none>
Query params:	<none>
Form params:	<none>
Path params:	<none>
Headers:		Accept=*/*
				Content-Type=application/json
Cookies:		<none>
Multiparts:		<none>
Body:
{
    "email": "order_test_1770062591399@yandex.ru",
    "password": "password123",
    "name": "Order Test User"
}
Request method:	POST
Request URI:	https://stellarburgers.education-services.ru/api/auth/register
Proxy:			<none>
Request params:	<none>
Query params:	<none>
Form params:	<none>
Path params:	<none>
Headers:		Accept=*/*
				Content-Type=application/json
Cookies:		<none>
Multiparts:		<none>
Body:
{
    "email": "order_test_1770062591399@yandex.ru",
    "password": "password123",
    "name": "Order Test User"
}
Request method:	POST
Request URI:	https://stellarburgers.education-services.ru/api/auth/register
Proxy:			<none>
Request params:	<none>
Query params:	<none>
Form params:	<none>
Path params:	<none>
Headers:		Accept=*/*
				Content-Type=application/json
Cookies:		<none>
Multiparts:		<none>
Body:
{
    "email": "order_test_1770062591399@yandex.ru",
    "password": "password123",
    "name": "Order Test User"
}
Request method:	POST
Request URI:	https://stellarburgers.education-services.ru/api/auth/register
Proxy:			<none>
Request params:	<none>
Query params:	<none>
Form params:	<none>
Path params:	<none>
Headers:		Accept=*/*
				Content-Type=application/json
Cookies:		<none>
Multiparts:		<none>
Body:
{
    "email": "order_test_1770062591399@yandex.ru",
    "password": "password123",
    "name": "Order Test User"
}
Request method:	POST
Request URI:	https://stellarburgers.education-services.ru/api/auth/register
Proxy:			<none>
Request params:	<none>
Query params:	<none>
Form params:	<none>
Path params:	<none>
Headers:		Accept=*/*
				Content-Type=application/json
Cookies:		<none>
Multiparts:		<none>
Body:
{
    "email": "order_test_1770062591399@yandex.ru",
    "password": "password123",
    "name": "Order Test User"
}
Request method:	POST
Request URI:	https://stellarburgers.education-services.ru/api/auth/register
Proxy:			<none>
Request params:	<none>
Query params:	<none>
Form params:	<none>
Path params:	<none>
Headers:		Accept=*/*
				Content-Type=application/json
Cookies:		<none>
Multiparts:		<none>
Body:
{
    "email": "order_test_1770062591399@yandex.ru",
    "password": "password123",
    "name": "Order Test User"
}
Request method:	POST
Request URI:	https://stellarburgers.education-services.ru/api/auth/register
Proxy:			<none>
Request params:	<none>
Query params:	<none>
Form params:	<none>
Path params:	<none>
Headers:		Accept=*/*
				Content-Type=application/json
Cookies:		<none>
Multiparts:		<none>
Body:
{
    "email": "order_test_1770062591399@yandex.ru",
    "password": "password123",
    "name": "Order Test User"
}
Request method:	POST
Request URI:	https://stellarburgers.education-services.ru/api/auth/register
Proxy:			<none>
Request params:	<none>
Query params:	<none>
Form params:	<none>
Path params:	<none>
Headers:		Accept=*/*
				Content-Type=application/json
Cookies:		<none>
Multiparts:		<none>
Body:
{
    "email": "order_test_1770062591399@yandex.ru",
    "password": "password123",
    "name": "Order Test User"
}
Request method:	POST
Request URI:	https://stellarburgers.education-services.ru/api/auth/register
Proxy:			<none>
Request params:	<none>
Query params:	<none>
Form params:	<none>
Path params:	<none>
Headers:		Accept=*/*
				Content-Type=application/json
Cookies:		<none>
Multiparts:		<none>
Body:
{
    "email": "order_test_1770062591399@yandex.ru",
    "password": "password123",
    "name": "Order Test User"
}
Request method:	POST
Request URI:	https://stellarburgers.education-services.ru/api/auth/register
Proxy:			<none>
Request params:	<none>
Query params:	<none>
Form params:	<none>
Path params:	<none>
Headers:		Accept=*/*
				Content-Type=application/json
Cookies:		<none>
Multiparts:		<none>
Body:
{
    "email": "order_test_1770062591399@yandex.ru",
    "password": "password123",
    "name": "Order Test User"
}
Request method:	POST
Request URI:	https://stellarburgers.education-services.ru/api/auth/register
Proxy:			<none>
Request params:	<none>
Query params:	<none>
Form params:	<none>
Path params:	<none>
Headers:		Accept=*/*
				Content-Type=application/json
Cookies:		<none>
Multiparts:		<none>
Body:
{
    "email": "order_test_1770062591399@yandex.ru",
    "password": "password123",
    "name": "Order Test User"
}
Request method:	POST
Request URI:	https://stellarburgers.education-services.ru/api/auth/register
Proxy:			<none>
Request params:	<none>
Query params:	<none>
Form params:	<none>
Path params:	<none>
Headers:		Accept=*/*
				Content-Type=application/json
Cookies:		<none>
Multiparts:		<none>
Body:
{
    "email": "order_test_1770062591399@yandex.ru",
    "password": "password123",
    "name": "Order Test User"
}
Request method:	POST
Request URI:	https://stellarburgers.education-services.ru/api/auth/register
Proxy:			<none>
Request params:	<none>
Query params:	<none>
Form params:	<none>
Path params:	<none>
Headers:		Accept=*/*
				Content-Type=application/json
Cookies:		<none>
Multiparts:		<none>
Body:
{
    "email": "order_test_1770062591399@yandex.ru",
    "password": "password123",
    "name": "Order Test User"
}
Request method:	POST
Request URI:	https://stellarburgers.education-services.ru/api/auth/register
Proxy:			<none>
Request params:	<none>
Query params:	<none>
Form params:	<none>
Path params:	<none>
Headers:		Accept=*/*
				Content-Type=application/json
Cookies:		<none>
Multiparts:		<none>
Body:
{
    "email": "order_test_1770062591399@yandex.ru",
    "password": "password123",
    "name": "Order Test User"
}
Request method:	POST
Request URI:	https://stellarburgers.education-services.ru/api/auth/register
Proxy:			<none>
Request params:	<none>
Query params:	<none>
Form params:	<none>
Path params:	<none>
Headers:		Accept=*/*
				Content-Type=application/json
Cookies:		<none>
Multiparts:		<none>
Body:
{
    "email": "order_test_1770062591399@yandex.ru",
    "password": "password123",
    "name": "Order Test User"
}
Request method:	POST
Request URI:	https://stellarburgers.education-services.ru/api/auth/register
Proxy:			<none>
Request params:	<none>
Query params:	<none>
Form params:	<none>
Path params:	<none>
Headers:		Accept=*/*
				Content-Type=application/json
Cookies:		<none>
Multiparts:		<none>
Body:
{
    "email": "order_test_1770062591399@yandex.ru",
    "password": "password123",
    "name": "Order Test User"
}
Request method:	POST
Request URI:	https://stellarburgers.education-services.ru/api/auth/register
Proxy:			<none>
Request params:	<none>
Query params:	<none>
Form params:	<none>
Path params:	<none>
Headers:		Accept=*/*
				Content-Type=application/json
Cookies:		<none>
Multiparts:		<none>
Body:
{
    "email": "order_test_1770062591399@yandex.ru",
    "password": "password123",
    "name": "Order Test User"
}
Request method:	POST
Request URI:	https://stellarburgers.education-services.ru/api/auth/register
Proxy:			<none>
Request params:	<none>
Query params:	<none>
Form params:	<none>
Path params:	<none>
Headers:		Accept=*/*
				Content-Type=application/json
Cookies:		<none>
Multiparts:		<none>
Body:
{
    "email": "order_test_1770062591399@yandex.ru",
    "password": "password123",
    "name": "Order Test User"
}
Request method:	POST
Request URI:	https://stellarburgers.education-services.ru/api/auth/register
Proxy:			<none>
Request params:	<none>
Query params:	<none>
Form params:	<none>
Path params:	<none>
Headers:		Accept=*/*
				Content-Type=application/json
Cookies:		<none>
Multiparts:		<none>
Body:
{
    "email": "order_test_1770062591399@yandex.ru",
    "password": "password123",
    "name": "Order Test User"
}
Request method:	POST
Request URI:	https://stellarburgers.education-services.ru/api/auth/register
Proxy:			<none>
Request params:	<none>
Query params:	<none>
Form params:	<none>
Path params:	<none>
Headers:		Accept=*/*
				Content-Type=application/json
Cookies:		<none>
Multiparts:		<none>
Body:
{
    "email": "order_test_1770062591399@yandex.ru",
    "password": "password123",
    "name": "Order Test User"
}
HTTP/1.1 200 OK
Server: nginx/1.24.0 (Ubuntu)
Date: Mon, 02 Feb 2026 20:03:11 GMT
Content-Type: application/json; charset=utf-8
Content-Length: 388
Connection: keep-alive
X-Powered-By: Express
Access-Control-Allow-Origin: *
authorization: Bearer eyJhbGciOiJIUzI1NiIsInR5cCI6IkpXVCJ9.eyJpZCI6IjY5ODEwMmZmOTg0MjcwMDAxYmU0MmQ3MCIsImlhdCI6MTc3MDA2MjU5MSwiZXhwIjoxNzcwMDYzNzkxfQ.cbvj-Xjhb4Fmg32N3ibrQTVl1eF4QcfInbABshiuoqE
ETag: W/"184-cLcQZudevP+9R8JZ7Uwica3+BaU"

{
    "success": true,
    "user": {
        "email": "order_test_1770062591399@yandex.ru",
        "name": "Order Test User"
    },
    "accessToken": "Bearer eyJhbGciOiJIUzI1NiIsInR5cCI6IkpXVCJ9.eyJpZCI6IjY5ODEwMmZmOTg0MjcwMDAxYmU0MmQ3MCIsImlhdCI6MTc3MDA2MjU5MSwiZXhwIjoxNzcwMDYzNzkxfQ.cbvj-Xjhb4Fmg32N3ibrQTVl1eF4QcfInbABshiuoqE",
    "refreshToken": "384756357cdf6846e08def7caefaa11ab6143a522797ade55f9a9e61ad5eb7fe3b067f11861525b0"
}
HTTP/1.1 200 OK
Server: nginx/1.24.0 (Ubuntu)
Date: Mon, 02 Feb 2026 20:03:11 GMT
Content-Type: application/json; charset=utf-8
Content-Length: 388
Connection: keep-alive
X-Powered-By: Express
Access-Control-Allow-Origin: *
authorization: Bearer eyJhbGciOiJIUzI1NiIsInR5cCI6IkpXVCJ9.eyJpZCI6IjY5ODEwMmZmOTg0MjcwMDAxYmU0MmQ3MCIsImlhdCI6MTc3MDA2MjU5MSwiZXhwIjoxNzcwMDYzNzkxfQ.cbvj-Xjhb4Fmg32N3ibrQTVl1eF4QcfInbABshiuoqE
ETag: W/"184-cLcQZudevP+9R8JZ7Uwica3+BaU"

{
    "success": true,
    "user": {
        "email": "order_test_1770062591399@yandex.ru",
        "name": "Order Test User"
    },
    "accessToken": "Bearer eyJhbGciOiJIUzI1NiIsInR5cCI6IkpXVCJ9.eyJpZCI6IjY5ODEwMmZmOTg0MjcwMDAxYmU0MmQ3MCIsImlhdCI6MTc3MDA2MjU5MSwiZXhwIjoxNzcwMDYzNzkxfQ.cbvj-Xjhb4Fmg32N3ibrQTVl1eF4QcfInbABshiuoqE",
    "refreshToken": "384756357cdf6846e08def7caefaa11ab6143a522797ade55f9a9e61ad5eb7fe3b067f11861525b0"
}
HTTP/1.1 200 OK
Server: nginx/1.24.0 (Ubuntu)
Date: Mon, 02 Feb 2026 20:03:11 GMT
Content-Type: application/json; charset=utf-8
Content-Length: 388
Connection: keep-alive
X-Powered-By: Express
Access-Control-Allow-Origin: *
authorization: Bearer eyJhbGciOiJIUzI1NiIsInR5cCI6IkpXVCJ9.eyJpZCI6IjY5ODEwMmZmOTg0MjcwMDAxYmU0MmQ3MCIsImlhdCI6MTc3MDA2MjU5MSwiZXhwIjoxNzcwMDYzNzkxfQ.cbvj-Xjhb4Fmg32N3ibrQTVl1eF4QcfInbABshiuoqE
ETag: W/"184-cLcQZudevP+9R8JZ7Uwica3+BaU"

{
    "success": true,
    "user": {
        "email": "order_test_1770062591399@yandex.ru",
        "name": "Order Test User"
    },
    "accessToken": "Bearer eyJhbGciOiJIUzI1NiIsInR5cCI6IkpXVCJ9.eyJpZCI6IjY5ODEwMmZmOTg0MjcwMDAxYmU0MmQ3MCIsImlhdCI6MTc3MDA2MjU5MSwiZXhwIjoxNzcwMDYzNzkxfQ.cbvj-Xjhb4Fmg32N3ibrQTVl1eF4QcfInbABshiuoqE",
    "refreshToken": "384756357cdf6846e08def7caefaa11ab6143a522797ade55f9a9e61ad5eb7fe3b067f11861525b0"
}
HTTP/1.1 200 OK
Server: nginx/1.24.0 (Ubuntu)
Date: Mon, 02 Feb 2026 20:03:11 GMT
Content-Type: application/json; charset=utf-8
Content-Length: 388
Connection: keep-alive
X-Powered-By: Express
Access-Control-Allow-Origin: *
authorization: Bearer eyJhbGciOiJIUzI1NiIsInR5cCI6IkpXVCJ9.eyJpZCI6IjY5ODEwMmZmOTg0MjcwMDAxYmU0MmQ3MCIsImlhdCI6MTc3MDA2MjU5MSwiZXhwIjoxNzcwMDYzNzkxfQ.cbvj-Xjhb4Fmg32N3ibrQTVl1eF4QcfInbABshiuoqE
ETag: W/"184-cLcQZudevP+9R8JZ7Uwica3+BaU"

{
    "success": true,
    "user": {
        "email": "order_test_1770062591399@yandex.ru",
        "name": "Order Test User"
    },
    "accessToken": "Bearer eyJhbGciOiJIUzI1NiIsInR5cCI6IkpXVCJ9.eyJpZCI6IjY5ODEwMmZmOTg0MjcwMDAxYmU0MmQ3MCIsImlhdCI6MTc3MDA2MjU5MSwiZXhwIjoxNzcwMDYzNzkxfQ.cbvj-Xjhb4Fmg32N3ibrQTVl1eF4QcfInbABshiuoqE",
    "refreshToken": "384756357cdf6846e08def7caefaa11ab6143a522797ade55f9a9e61ad5eb7fe3b067f11861525b0"
}
HTTP/1.1 200 OK
Server: nginx/1.24.0 (Ubuntu)
Date: Mon, 02 Feb 2026 20:03:11 GMT
Content-Type: application/json; charset=utf-8
Content-Length: 388
Connection: keep-alive
X-Powered-By: Express
Access-Control-Allow-Origin: *
authorization: Bearer eyJhbGciOiJIUzI1NiIsInR5cCI6IkpXVCJ9.eyJpZCI6IjY5ODEwMmZmOTg0MjcwMDAxYmU0MmQ3MCIsImlhdCI6MTc3MDA2MjU5MSwiZXhwIjoxNzcwMDYzNzkxfQ.cbvj-Xjhb4Fmg32N3ibrQTVl1eF4QcfInbABshiuoqE
ETag: W/"184-cLcQZudevP+9R8JZ7Uwica3+BaU"

{
    "success": true,
    "user": {
        "email": "order_test_1770062591399@yandex.ru",
        "name": "Order Test User"
    },
    "accessToken": "Bearer eyJhbGciOiJIUzI1NiIsInR5cCI6IkpXVCJ9.eyJpZCI6IjY5ODEwMmZmOTg0MjcwMDAxYmU0MmQ3MCIsImlhdCI6MTc3MDA2MjU5MSwiZXhwIjoxNzcwMDYzNzkxfQ.cbvj-Xjhb4Fmg32N3ibrQTVl1eF4QcfInbABshiuoqE",
    "refreshToken": "384756357cdf6846e08def7caefaa11ab6143a522797ade55f9a9e61ad5eb7fe3b067f11861525b0"
}
HTTP/1.1 200 OK
Server: nginx/1.24.0 (Ubuntu)
Date: Mon, 02 Feb 2026 20:03:11 GMT
Content-Type: application/json; charset=utf-8
Content-Length: 388
Connection: keep-alive
X-Powered-By: Express
Access-Control-Allow-Origin: *
authorization: Bearer eyJhbGciOiJIUzI1NiIsInR5cCI6IkpXVCJ9.eyJpZCI6IjY5ODEwMmZmOTg0MjcwMDAxYmU0MmQ3MCIsImlhdCI6MTc3MDA2MjU5MSwiZXhwIjoxNzcwMDYzNzkxfQ.cbvj-Xjhb4Fmg32N3ibrQTVl1eF4QcfInbABshiuoqE
ETag: W/"184-cLcQZudevP+9R8JZ7Uwica3+BaU"

{
    "success": true,
    "user": {
        "email": "order_test_1770062591399@yandex.ru",
        "name": "Order Test User"
    },
    "accessToken": "Bearer eyJhbGciOiJIUzI1NiIsInR5cCI6IkpXVCJ9.eyJpZCI6IjY5ODEwMmZmOTg0MjcwMDAxYmU0MmQ3MCIsImlhdCI6MTc3MDA2MjU5MSwiZXhwIjoxNzcwMDYzNzkxfQ.cbvj-Xjhb4Fmg32N3ibrQTVl1eF4QcfInbABshiuoqE",
    "refreshToken": "384756357cdf6846e08def7caefaa11ab6143a522797ade55f9a9e61ad5eb7fe3b067f11861525b0"
}
HTTP/1.1 200 OK
Server: nginx/1.24.0 (Ubuntu)
Date: Mon, 02 Feb 2026 20:03:11 GMT
Content-Type: application/json; charset=utf-8
Content-Length: 388
Connection: keep-alive
X-Powered-By: Express
Access-Control-Allow-Origin: *
authorization: Bearer eyJhbGciOiJIUzI1NiIsInR5cCI6IkpXVCJ9.eyJpZCI6IjY5ODEwMmZmOTg0MjcwMDAxYmU0MmQ3MCIsImlhdCI6MTc3MDA2MjU5MSwiZXhwIjoxNzcwMDYzNzkxfQ.cbvj-Xjhb4Fmg32N3ibrQTVl1eF4QcfInbABshiuoqE
ETag: W/"184-cLcQZudevP+9R8JZ7Uwica3+BaU"

{
    "success": true,
    "user": {
        "email": "order_test_1770062591399@yandex.ru",
        "name": "Order Test User"
    },
    "accessToken": "Bearer eyJhbGciOiJIUzI1NiIsInR5cCI6IkpXVCJ9.eyJpZCI6IjY5ODEwMmZmOTg0MjcwMDAxYmU0MmQ3MCIsImlhdCI6MTc3MDA2MjU5MSwiZXhwIjoxNzcwMDYzNzkxfQ.cbvj-Xjhb4Fmg32N3ibrQTVl1eF4QcfInbABshiuoqE",
    "refreshToken": "384756357cdf6846e08def7caefaa11ab6143a522797ade55f9a9e61ad5eb7fe3b067f11861525b0"
}
HTTP/1.1 200 OK
Server: nginx/1.24.0 (Ubuntu)
Date: Mon, 02 Feb 2026 20:03:11 GMT
Content-Type: application/json; charset=utf-8
Content-Length: 388
Connection: keep-alive
X-Powered-By: Express
Access-Control-Allow-Origin: *
authorization: Bearer eyJhbGciOiJIUzI1NiIsInR5cCI6IkpXVCJ9.eyJpZCI6IjY5ODEwMmZmOTg0MjcwMDAxYmU0MmQ3MCIsImlhdCI6MTc3MDA2MjU5MSwiZXhwIjoxNzcwMDYzNzkxfQ.cbvj-Xjhb4Fmg32N3ibrQTVl1eF4QcfInbABshiuoqE
ETag: W/"184-cLcQZudevP+9R8JZ7Uwica3+BaU"

{
    "success": true,
    "user": {
        "email": "order_test_1770062591399@yandex.ru",
        "name": "Order Test User"
    },
    "accessToken": "Bearer eyJhbGciOiJIUzI1NiIsInR5cCI6IkpXVCJ9.eyJpZCI6IjY5ODEwMmZmOTg0MjcwMDAxYmU0MmQ3MCIsImlhdCI6MTc3MDA2MjU5MSwiZXhwIjoxNzcwMDYzNzkxfQ.cbvj-Xjhb4Fmg32N3ibrQTVl1eF4QcfInbABshiuoqE",
    "refreshToken": "384756357cdf6846e08def7caefaa11ab6143a522797ade55f9a9e61ad5eb7fe3b067f11861525b0"
}
HTTP/1.1 200 OK
Server: nginx/1.24.0 (Ubuntu)
Date: Mon, 02 Feb 2026 20:03:11 GMT
Content-Type: application/json; charset=utf-8
Content-Length: 388
Connection: keep-alive
X-Powered-By: Express
Access-Control-Allow-Origin: *
authorization: Bearer eyJhbGciOiJIUzI1NiIsInR5cCI6IkpXVCJ9.eyJpZCI6IjY5ODEwMmZmOTg0MjcwMDAxYmU0MmQ3MCIsImlhdCI6MTc3MDA2MjU5MSwiZXhwIjoxNzcwMDYzNzkxfQ.cbvj-Xjhb4Fmg32N3ibrQTVl1eF4QcfInbABshiuoqE
ETag: W/"184-cLcQZudevP+9R8JZ7Uwica3+BaU"

{
    "success": true,
    "user": {
        "email": "order_test_1770062591399@yandex.ru",
        "name": "Order Test User"
    },
    "accessToken": "Bearer eyJhbGciOiJIUzI1NiIsInR5cCI6IkpXVCJ9.eyJpZCI6IjY5ODEwMmZmOTg0MjcwMDAxYmU0MmQ3MCIsImlhdCI6MTc3MDA2MjU5MSwiZXhwIjoxNzcwMDYzNzkxfQ.cbvj-Xjhb4Fmg32N3ibrQTVl1eF4QcfInbABshiuoqE",
    "refreshToken": "384756357cdf6846e08def7caefaa11ab6143a522797ade55f9a9e61ad5eb7fe3b067f11861525b0"
}
HTTP/1.1 200 OK
Server: nginx/1.24.0 (Ubuntu)
Date: Mon, 02 Feb 2026 20:03:11 GMT
Content-Type: application/json; charset=utf-8
Content-Length: 388
Connection: keep-alive
X-Powered-By: Express
Access-Control-Allow-Origin: *
authorization: Bearer eyJhbGciOiJIUzI1NiIsInR5cCI6IkpXVCJ9.eyJpZCI6IjY5ODEwMmZmOTg0MjcwMDAxYmU0MmQ3MCIsImlhdCI6MTc3MDA2MjU5MSwiZXhwIjoxNzcwMDYzNzkxfQ.cbvj-Xjhb4Fmg32N3ibrQTVl1eF4QcfInbABshiuoqE
ETag: W/"184-cLcQZudevP+9R8JZ7Uwica3+BaU"

{
    "success": true,
    "user": {
        "email": "order_test_1770062591399@yandex.ru",
        "name": "Order Test User"
    },
    "accessToken": "Bearer eyJhbGciOiJIUzI1NiIsInR5cCI6IkpXVCJ9.eyJpZCI6IjY5ODEwMmZmOTg0MjcwMDAxYmU0MmQ3MCIsImlhdCI6MTc3MDA2MjU5MSwiZXhwIjoxNzcwMDYzNzkxfQ.cbvj-Xjhb4Fmg32N3ibrQTVl1eF4QcfInbABshiuoqE",
    "refreshToken": "384756357cdf6846e08def7caefaa11ab6143a522797ade55f9a9e61ad5eb7fe3b067f11861525b0"
}
HTTP/1.1 200 OK
Server: nginx/1.24.0 (Ubuntu)
Date: Mon, 02 Feb 2026 20:03:11 GMT
Content-Type: application/json; charset=utf-8
Content-Length: 388
Connection: keep-alive
X-Powered-By: Express
Access-Control-Allow-Origin: *
authorization: Bearer eyJhbGciOiJIUzI1NiIsInR5cCI6IkpXVCJ9.eyJpZCI6IjY5ODEwMmZmOTg0MjcwMDAxYmU0MmQ3MCIsImlhdCI6MTc3MDA2MjU5MSwiZXhwIjoxNzcwMDYzNzkxfQ.cbvj-Xjhb4Fmg32N3ibrQTVl1eF4QcfInbABshiuoqE
ETag: W/"184-cLcQZudevP+9R8JZ7Uwica3+BaU"

{
    "success": true,
    "user": {
        "email": "order_test_1770062591399@yandex.ru",
        "name": "Order Test User"
    },
    "accessToken": "Bearer eyJhbGciOiJIUzI1NiIsInR5cCI6IkpXVCJ9.eyJpZCI6IjY5ODEwMmZmOTg0MjcwMDAxYmU0MmQ3MCIsImlhdCI6MTc3MDA2MjU5MSwiZXhwIjoxNzcwMDYzNzkxfQ.cbvj-Xjhb4Fmg32N3ibrQTVl1eF4QcfInbABshiuoqE",
    "refreshToken": "384756357cdf6846e08def7caefaa11ab6143a522797ade55f9a9e61ad5eb7fe3b067f11861525b0"
}
HTTP/1.1 200 OK
Server: nginx/1.24.0 (Ubuntu)
Date: Mon, 02 Feb 2026 20:03:11 GMT
Content-Type: application/json; charset=utf-8
Content-Length: 388
Connection: keep-alive
X-Powered-By: Express
Access-Control-Allow-Origin: *
authorization: Bearer eyJhbGciOiJIUzI1NiIsInR5cCI6IkpXVCJ9.eyJpZCI6IjY5ODEwMmZmOTg0MjcwMDAxYmU0MmQ3MCIsImlhdCI6MTc3MDA2MjU5MSwiZXhwIjoxNzcwMDYzNzkxfQ.cbvj-Xjhb4Fmg32N3ibrQTVl1eF4QcfInbABshiuoqE
ETag: W/"184-cLcQZudevP+9R8JZ7Uwica3+BaU"

{
    "success": true,
    "user": {
        "email": "order_test_1770062591399@yandex.ru",
        "name": "Order Test User"
    },
    "accessToken": "Bearer eyJhbGciOiJIUzI1NiIsInR5cCI6IkpXVCJ9.eyJpZCI6IjY5ODEwMmZmOTg0MjcwMDAxYmU0MmQ3MCIsImlhdCI6MTc3MDA2MjU5MSwiZXhwIjoxNzcwMDYzNzkxfQ.cbvj-Xjhb4Fmg32N3ibrQTVl1eF4QcfInbABshiuoqE",
    "refreshToken": "384756357cdf6846e08def7caefaa11ab6143a522797ade55f9a9e61ad5eb7fe3b067f11861525b0"
}
HTTP/1.1 200 OK
Server: nginx/1.24.0 (Ubuntu)
Date: Mon, 02 Feb 2026 20:03:11 GMT
Content-Type: application/json; charset=utf-8
Content-Length: 388
Connection: keep-alive
X-Powered-By: Express
Access-Control-Allow-Origin: *
authorization: Bearer eyJhbGciOiJIUzI1NiIsInR5cCI6IkpXVCJ9.eyJpZCI6IjY5ODEwMmZmOTg0MjcwMDAxYmU0MmQ3MCIsImlhdCI6MTc3MDA2MjU5MSwiZXhwIjoxNzcwMDYzNzkxfQ.cbvj-Xjhb4Fmg32N3ibrQTVl1eF4QcfInbABshiuoqE
ETag: W/"184-cLcQZudevP+9R8JZ7Uwica3+BaU"

{
    "success": true,
    "user": {
        "email": "order_test_1770062591399@yandex.ru",
        "name": "Order Test User"
    },
    "accessToken": "Bearer eyJhbGciOiJIUzI1NiIsInR5cCI6IkpXVCJ9.eyJpZCI6IjY5ODEwMmZmOTg0MjcwMDAxYmU0MmQ3MCIsImlhdCI6MTc3MDA2MjU5MSwiZXhwIjoxNzcwMDYzNzkxfQ.cbvj-Xjhb4Fmg32N3ibrQTVl1eF4QcfInbABshiuoqE",
    "refreshToken": "384756357cdf6846e08def7caefaa11ab6143a522797ade55f9a9e61ad5eb7fe3b067f11861525b0"
}
HTTP/1.1 200 OK
Server: nginx/1.24.0 (Ubuntu)
Date: Mon, 02 Feb 2026 20:03:11 GMT
Content-Type: application/json; charset=utf-8
Content-Length: 388
Connection: keep-alive
X-Powered-By: Express
Access-Control-Allow-Origin: *
authorization: Bearer eyJhbGciOiJIUzI1NiIsInR5cCI6IkpXVCJ9.eyJpZCI6IjY5ODEwMmZmOTg0MjcwMDAxYmU0MmQ3MCIsImlhdCI6MTc3MDA2MjU5MSwiZXhwIjoxNzcwMDYzNzkxfQ.cbvj-Xjhb4Fmg32N3ibrQTVl1eF4QcfInbABshiuoqE
ETag: W/"184-cLcQZudevP+9R8JZ7Uwica3+BaU"

{
    "success": true,
    "user": {
        "email": "order_test_1770062591399@yandex.ru",
        "name": "Order Test User"
    },
    "accessToken": "Bearer eyJhbGciOiJIUzI1NiIsInR5cCI6IkpXVCJ9.eyJpZCI6IjY5ODEwMmZmOTg0MjcwMDAxYmU0MmQ3MCIsImlhdCI6MTc3MDA2MjU5MSwiZXhwIjoxNzcwMDYzNzkxfQ.cbvj-Xjhb4Fmg32N3ibrQTVl1eF4QcfInbABshiuoqE",
    "refreshToken": "384756357cdf6846e08def7caefaa11ab6143a522797ade55f9a9e61ad5eb7fe3b067f11861525b0"
}
HTTP/1.1 200 OK
Server: nginx/1.24.0 (Ubuntu)
Date: Mon, 02 Feb 2026 20:03:11 GMT
Content-Type: application/json; charset=utf-8
Content-Length: 388
Connection: keep-alive
X-Powered-By: Express
Access-Control-Allow-Origin: *
authorization: Bearer eyJhbGciOiJIUzI1NiIsInR5cCI6IkpXVCJ9.eyJpZCI6IjY5ODEwMmZmOTg0MjcwMDAxYmU0MmQ3MCIsImlhdCI6MTc3MDA2MjU5MSwiZXhwIjoxNzcwMDYzNzkxfQ.cbvj-Xjhb4Fmg32N3ibrQTVl1eF4QcfInbABshiuoqE
ETag: W/"184-cLcQZudevP+9R8JZ7Uwica3+BaU"

{
    "success": true,
    "user": {
        "email": "order_test_1770062591399@yandex.ru",
        "name": "Order Test User"
    },
    "accessToken": "Bearer eyJhbGciOiJIUzI1NiIsInR5cCI6IkpXVCJ9.eyJpZCI6IjY5ODEwMmZmOTg0MjcwMDAxYmU0MmQ3MCIsImlhdCI6MTc3MDA2MjU5MSwiZXhwIjoxNzcwMDYzNzkxfQ.cbvj-Xjhb4Fmg32N3ibrQTVl1eF4QcfInbABshiuoqE",
    "refreshToken": "384756357cdf6846e08def7caefaa11ab6143a522797ade55f9a9e61ad5eb7fe3b067f11861525b0"
}
HTTP/1.1 200 OK
Server: nginx/1.24.0 (Ubuntu)
Date: Mon, 02 Feb 2026 20:03:11 GMT
Content-Type: application/json; charset=utf-8
Content-Length: 388
Connection: keep-alive
X-Powered-By: Express
Access-Control-Allow-Origin: *
authorization: Bearer eyJhbGciOiJIUzI1NiIsInR5cCI6IkpXVCJ9.eyJpZCI6IjY5ODEwMmZmOTg0MjcwMDAxYmU0MmQ3MCIsImlhdCI6MTc3MDA2MjU5MSwiZXhwIjoxNzcwMDYzNzkxfQ.cbvj-Xjhb4Fmg32N3ibrQTVl1eF4QcfInbABshiuoqE
ETag: W/"184-cLcQZudevP+9R8JZ7Uwica3+BaU"

{
    "success": true,
    "user": {
        "email": "order_test_1770062591399@yandex.ru",
        "name": "Order Test User"
    },
    "accessToken": "Bearer eyJhbGciOiJIUzI1NiIsInR5cCI6IkpXVCJ9.eyJpZCI6IjY5ODEwMmZmOTg0MjcwMDAxYmU0MmQ3MCIsImlhdCI6MTc3MDA2MjU5MSwiZXhwIjoxNzcwMDYzNzkxfQ.cbvj-Xjhb4Fmg32N3ibrQTVl1eF4QcfInbABshiuoqE",
    "refreshToken": "384756357cdf6846e08def7caefaa11ab6143a522797ade55f9a9e61ad5eb7fe3b067f11861525b0"
}
HTTP/1.1 200 OK
Server: nginx/1.24.0 (Ubuntu)
Date: Mon, 02 Feb 2026 20:03:11 GMT
Content-Type: application/json; charset=utf-8
Content-Length: 388
Connection: keep-alive
X-Powered-By: Express
Access-Control-Allow-Origin: *
authorization: Bearer eyJhbGciOiJIUzI1NiIsInR5cCI6IkpXVCJ9.eyJpZCI6IjY5ODEwMmZmOTg0MjcwMDAxYmU0MmQ3MCIsImlhdCI6MTc3MDA2MjU5MSwiZXhwIjoxNzcwMDYzNzkxfQ.cbvj-Xjhb4Fmg32N3ibrQTVl1eF4QcfInbABshiuoqE
ETag: W/"184-cLcQZudevP+9R8JZ7Uwica3+BaU"

{
    "success": true,
    "user": {
        "email": "order_test_1770062591399@yandex.ru",
        "name": "Order Test User"
    },
    "accessToken": "Bearer eyJhbGciOiJIUzI1NiIsInR5cCI6IkpXVCJ9.eyJpZCI6IjY5ODEwMmZmOTg0MjcwMDAxYmU0MmQ3MCIsImlhdCI6MTc3MDA2MjU5MSwiZXhwIjoxNzcwMDYzNzkxfQ.cbvj-Xjhb4Fmg32N3ibrQTVl1eF4QcfInbABshiuoqE",
    "refreshToken": "384756357cdf6846e08def7caefaa11ab6143a522797ade55f9a9e61ad5eb7fe3b067f11861525b0"
}
HTTP/1.1 200 OK
Server: nginx/1.24.0 (Ubuntu)
Date: Mon, 02 Feb 2026 20:03:11 GMT
Content-Type: application/json; charset=utf-8
Content-Length: 388
Connection: keep-alive
X-Powered-By: Express
Access-Control-Allow-Origin: *
authorization: Bearer eyJhbGciOiJIUzI1NiIsInR5cCI6IkpXVCJ9.eyJpZCI6IjY5ODEwMmZmOTg0MjcwMDAxYmU0MmQ3MCIsImlhdCI6MTc3MDA2MjU5MSwiZXhwIjoxNzcwMDYzNzkxfQ.cbvj-Xjhb4Fmg32N3ibrQTVl1eF4QcfInbABshiuoqE
ETag: W/"184-cLcQZudevP+9R8JZ7Uwica3+BaU"

{
    "success": true,
    "user": {
        "email": "order_test_1770062591399@yandex.ru",
        "name": "Order Test User"
    },
    "accessToken": "Bearer eyJhbGciOiJIUzI1NiIsInR5cCI6IkpXVCJ9.eyJpZCI6IjY5ODEwMmZmOTg0MjcwMDAxYmU0MmQ3MCIsImlhdCI6MTc3MDA2MjU5MSwiZXhwIjoxNzcwMDYzNzkxfQ.cbvj-Xjhb4Fmg32N3ibrQTVl1eF4QcfInbABshiuoqE",
    "refreshToken": "384756357cdf6846e08def7caefaa11ab6143a522797ade55f9a9e61ad5eb7fe3b067f11861525b0"
}
HTTP/1.1 200 OK
Server: nginx/1.24.0 (Ubuntu)
Date: Mon, 02 Feb 2026 20:03:11 GMT
Content-Type: application/json; charset=utf-8
Content-Length: 388
Connection: keep-alive
X-Powered-By: Express
Access-Control-Allow-Origin: *
authorization: Bearer eyJhbGciOiJIUzI1NiIsInR5cCI6IkpXVCJ9.eyJpZCI6IjY5ODEwMmZmOTg0MjcwMDAxYmU0MmQ3MCIsImlhdCI6MTc3MDA2MjU5MSwiZXhwIjoxNzcwMDYzNzkxfQ.cbvj-Xjhb4Fmg32N3ibrQTVl1eF4QcfInbABshiuoqE
ETag: W/"184-cLcQZudevP+9R8JZ7Uwica3+BaU"

{
    "success": true,
    "user": {
        "email": "order_test_1770062591399@yandex.ru",
        "name": "Order Test User"
    },
    "accessToken": "Bearer eyJhbGciOiJIUzI1NiIsInR5cCI6IkpXVCJ9.eyJpZCI6IjY5ODEwMmZmOTg0MjcwMDAxYmU0MmQ3MCIsImlhdCI6MTc3MDA2MjU5MSwiZXhwIjoxNzcwMDYzNzkxfQ.cbvj-Xjhb4Fmg32N3ibrQTVl1eF4QcfInbABshiuoqE",
    "refreshToken": "384756357cdf6846e08def7caefaa11ab6143a522797ade55f9a9e61ad5eb7fe3b067f11861525b0"
}
HTTP/1.1 200 OK
Server: nginx/1.24.0 (Ubuntu)
Date: Mon, 02 Feb 2026 20:03:11 GMT
Content-Type: application/json; charset=utf-8
Content-Length: 388
Connection: keep-alive
X-Powered-By: Express
Access-Control-Allow-Origin: *
authorization: Bearer eyJhbGciOiJIUzI1NiIsInR5cCI6IkpXVCJ9.eyJpZCI6IjY5ODEwMmZmOTg0MjcwMDAxYmU0MmQ3MCIsImlhdCI6MTc3MDA2MjU5MSwiZXhwIjoxNzcwMDYzNzkxfQ.cbvj-Xjhb4Fmg32N3ibrQTVl1eF4QcfInbABshiuoqE
ETag: W/"184-cLcQZudevP+9R8JZ7Uwica3+BaU"

{
    "success": true,
    "user": {
        "email": "order_test_1770062591399@yandex.ru",
        "name": "Order Test User"
    },
    "accessToken": "Bearer eyJhbGciOiJIUzI1NiIsInR5cCI6IkpXVCJ9.eyJpZCI6IjY5ODEwMmZmOTg0MjcwMDAxYmU0MmQ3MCIsImlhdCI6MTc3MDA2MjU5MSwiZXhwIjoxNzcwMDYzNzkxfQ.cbvj-Xjhb4Fmg32N3ibrQTVl1eF4QcfInbABshiuoqE",
    "refreshToken": "384756357cdf6846e08def7caefaa11ab6143a522797ade55f9a9e61ad5eb7fe3b067f11861525b0"
}
HTTP/1.1 200 OK
Server: nginx/1.24.0 (Ubuntu)
Date: Mon, 02 Feb 2026 20:03:11 GMT
Content-Type: application/json; charset=utf-8
Content-Length: 388
Connection: keep-alive
X-Powered-By: Express
Access-Control-Allow-Origin: *
authorization: Bearer eyJhbGciOiJIUzI1NiIsInR5cCI6IkpXVCJ9.eyJpZCI6IjY5ODEwMmZmOTg0MjcwMDAxYmU0MmQ3MCIsImlhdCI6MTc3MDA2MjU5MSwiZXhwIjoxNzcwMDYzNzkxfQ.cbvj-Xjhb4Fmg32N3ibrQTVl1eF4QcfInbABshiuoqE
ETag: W/"184-cLcQZudevP+9R8JZ7Uwica3+BaU"

{
    "success": true,
    "user": {
        "email": "order_test_1770062591399@yandex.ru",
        "name": "Order Test User"
    },
    "accessToken": "Bearer eyJhbGciOiJIUzI1NiIsInR5cCI6IkpXVCJ9.eyJpZCI6IjY5ODEwMmZmOTg0MjcwMDAxYmU0MmQ3MCIsImlhdCI6MTc3MDA2MjU5MSwiZXhwIjoxNzcwMDYzNzkxfQ.cbvj-Xjhb4Fmg32N3ibrQTVl1eF4QcfInbABshiuoqE",
    "refreshToken": "384756357cdf6846e08def7caefaa11ab6143a522797ade55f9a9e61ad5eb7fe3b067f11861525b0"
}
HTTP/1.1 200 OK
Server: nginx/1.24.0 (Ubuntu)
Date: Mon, 02 Feb 2026 20:03:11 GMT
Content-Type: application/json; charset=utf-8
Content-Length: 388
Connection: keep-alive
X-Powered-By: Express
Access-Control-Allow-Origin: *
authorization: Bearer eyJhbGciOiJIUzI1NiIsInR5cCI6IkpXVCJ9.eyJpZCI6IjY5ODEwMmZmOTg0MjcwMDAxYmU0MmQ3MCIsImlhdCI6MTc3MDA2MjU5MSwiZXhwIjoxNzcwMDYzNzkxfQ.cbvj-Xjhb4Fmg32N3ibrQTVl1eF4QcfInbABshiuoqE
ETag: W/"184-cLcQZudevP+9R8JZ7Uwica3+BaU"

{
    "success": true,
    "user": {
        "email": "order_test_1770062591399@yandex.ru",
        "name": "Order Test User"
    },
    "accessToken": "Bearer eyJhbGciOiJIUzI1NiIsInR5cCI6IkpXVCJ9.eyJpZCI6IjY5ODEwMmZmOTg0MjcwMDAxYmU0MmQ3MCIsImlhdCI6MTc3MDA2MjU5MSwiZXhwIjoxNzcwMDYzNzkxfQ.cbvj-Xjhb4Fmg32N3ibrQTVl1eF4QcfInbABshiuoqE",
    "refreshToken": "384756357cdf6846e08def7caefaa11ab6143a522797ade55f9a9e61ad5eb7fe3b067f11861525b0"
}
Request method:	GET
Request URI:	https://stellarburgers.education-services.ru/api/ingredients
Proxy:			<none>
Request params:	<none>
Query params:	<none>
Form params:	<none>
Path params:	<none>
Headers:		Accept=*/*
Cookies:		<none>
Multiparts:		<none>
Body:			<none>
Request method:	GET
Request URI:	https://stellarburgers.education-services.ru/api/ingredients
Proxy:			<none>
Request params:	<none>
Query params:	<none>
Form params:	<none>
Path params:	<none>
Headers:		Accept=*/*
Cookies:		<none>
Multiparts:		<none>
Body:			<none>
Request method:	GET
Request URI:	https://stellarburgers.education-services.ru/api/ingredients
Proxy:			<none>
Request params:	<none>
Query params:	<none>
Form params:	<none>
Path params:	<none>
Headers:		Accept=*/*
Cookies:		<none>
Multiparts:		<none>
Body:			<none>
Request method:	GET
Request URI:	https://stellarburgers.education-services.ru/api/ingredients
Proxy:			<none>
Request params:	<none>
Query params:	<none>
Form params:	<none>
Path params:	<none>
Headers:		Accept=*/*
Cookies:		<none>
Multiparts:		<none>
Body:			<none>
Request method:	GET
Request URI:	https://stellarburgers.education-services.ru/api/ingredients
Proxy:			<none>
Request params:	<none>
Query params:	<none>
Form params:	<none>
Path params:	<none>
Headers:		Accept=*/*
Cookies:		<none>
Multiparts:		<none>
Body:			<none>
Request method:	GET
Request URI:	https://stellarburgers.education-services.ru/api/ingredients
Proxy:			<none>
Request params:	<none>
Query params:	<none>
Form params:	<none>
Path params:	<none>
Headers:		Accept=*/*
Cookies:		<none>
Multiparts:		<none>
Body:			<none>
Request method:	GET
Request URI:	https://stellarburgers.education-services.ru/api/ingredients
Proxy:			<none>
Request params:	<none>
Query params:	<none>
Form params:	<none>
Path params:	<none>
Headers:		Accept=*/*
Cookies:		<none>
Multiparts:		<none>
Body:			<none>
Request method:	GET
Request URI:	https://stellarburgers.education-services.ru/api/ingredients
Proxy:			<none>
Request params:	<none>
Query params:	<none>
Form params:	<none>
Path params:	<none>
Headers:		Accept=*/*
Cookies:		<none>
Multiparts:		<none>
Body:			<none>
Request method:	GET
Request URI:	https://stellarburgers.education-services.ru/api/ingredients
Proxy:			<none>
Request params:	<none>
Query params:	<none>
Form params:	<none>
Path params:	<none>
Headers:		Accept=*/*
Cookies:		<none>
Multiparts:		<none>
Body:			<none>
Request method:	GET
Request URI:	https://stellarburgers.education-services.ru/api/ingredients
Proxy:			<none>
Request params:	<none>
Query params:	<none>
Form params:	<none>
Path params:	<none>
Headers:		Accept=*/*
Cookies:		<none>
Multiparts:		<none>
Body:			<none>
Request method:	GET
Request URI:	https://stellarburgers.education-services.ru/api/ingredients
Proxy:			<none>
Request params:	<none>
Query params:	<none>
Form params:	<none>
Path params:	<none>
Headers:		Accept=*/*
Cookies:		<none>
Multiparts:		<none>
Body:			<none>
Request method:	GET
Request URI:	https://stellarburgers.education-services.ru/api/ingredients
Proxy:			<none>
Request params:	<none>
Query params:	<none>
Form params:	<none>
Path params:	<none>
Headers:		Accept=*/*
Cookies:		<none>
Multiparts:		<none>
Body:			<none>
Request method:	GET
Request URI:	https://stellarburgers.education-services.ru/api/ingredients
Proxy:			<none>
Request params:	<none>
Query params:	<none>
Form params:	<none>
Path params:	<none>
Headers:		Accept=*/*
Cookies:		<none>
Multiparts:		<none>
Body:			<none>
Request method:	GET
Request URI:	https://stellarburgers.education-services.ru/api/ingredients
Proxy:			<none>
Request params:	<none>
Query params:	<none>
Form params:	<none>
Path params:	<none>
Headers:		Accept=*/*
Cookies:		<none>
Multiparts:		<none>
Body:			<none>
Request method:	GET
Request URI:	https://stellarburgers.education-services.ru/api/ingredients
Proxy:			<none>
Request params:	<none>
Query params:	<none>
Form params:	<none>
Path params:	<none>
Headers:		Accept=*/*
Cookies:		<none>
Multiparts:		<none>
Body:			<none>
Request method:	GET
Request URI:	https://stellarburgers.education-services.ru/api/ingredients
Proxy:			<none>
Request params:	<none>
Query params:	<none>
Form params:	<none>
Path params:	<none>
Headers:		Accept=*/*
Cookies:		<none>
Multiparts:		<none>
Body:			<none>
Request method:	GET
Request URI:	https://stellarburgers.education-services.ru/api/ingredients
Proxy:			<none>
Request params:	<none>
Query params:	<none>
Form params:	<none>
Path params:	<none>
Headers:		Accept=*/*
Cookies:		<none>
Multiparts:		<none>
Body:			<none>
Request method:	GET
Request URI:	https://stellarburgers.education-services.ru/api/ingredients
Proxy:			<none>
Request params:	<none>
Query params:	<none>
Form params:	<none>
Path params:	<none>
Headers:		Accept=*/*
Cookies:		<none>
Multiparts:		<none>
Body:			<none>
Request method:	GET
Request URI:	https://stellarburgers.education-services.ru/api/ingredients
Proxy:			<none>
Request params:	<none>
Query params:	<none>
Form params:	<none>
Path params:	<none>
Headers:		Accept=*/*
Cookies:		<none>
Multiparts:		<none>
Body:			<none>
Request method:	GET
Request URI:	https://stellarburgers.education-services.ru/api/ingredients
Proxy:			<none>
Request params:	<none>
Query params:	<none>
Form params:	<none>
Path params:	<none>
Headers:		Accept=*/*
Cookies:		<none>
Multiparts:		<none>
Body:			<none>
Request method:	GET
Request URI:	https://stellarburgers.education-services.ru/api/ingredients
Proxy:			<none>
Request params:	<none>
Query params:	<none>
Form params:	<none>
Path params:	<none>
Headers:		Accept=*/*
Cookies:		<none>
Multiparts:		<none>
Body:			<none>
Request method:	GET
Request URI:	https://stellarburgers.education-services.ru/api/ingredients
Proxy:			<none>
Request params:	<none>
Query params:	<none>
Form params:	<none>
Path params:	<none>
Headers:		Accept=*/*
Cookies:		<none>
Multiparts:		<none>
Body:			<none>
HTTP/1.1 200 OK
Server: nginx/1.24.0 (Ubuntu)
Date: Mon, 02 Feb 2026 20:03:11 GMT
Content-Type: application/json; charset=utf-8
Content-Length: 5957
Connection: keep-alive
X-Powered-By: Express
Access-Control-Allow-Origin: *
ETag: W/"1745-LHZ7D8kBZWcbCGljCoPXtjB5CeA"

{
    "success": true,
    "data": [
        {
            "_id": "61c0c5a71d1f82001bdaaa6d",
            "name": "Флюоресцентная булка R2-D3",
            "type": "bun",
            "proteins": 44,
            "fat": 26,
            "carbohydrates": 85,
            "calories": 643,
            "price": 988,
            "image": "https://code.s3.yandex.net/react/code/bun-01.png",
            "image_mobile": "https://code.s3.yandex.net/react/code/bun-01-mobile.png",
            "image_large": "https://code.s3.yandex.net/react/code/bun-01-large.png",
            "__v": 0
        },
        {
            "_id": "61c0c5a71d1f82001bdaaa6f",
            "name": "Мясо бессмертных моллюсков Protostomia",
            "type": "main",
            "proteins": 433,
            "fat": 244,
            "carbohydrates": 33,
            "calories": 420,
            "price": 1337,
            "image": "https://code.s3.yandex.net/react/code/meat-02.png",
            "image_mobile": "https://code.s3.yandex.net/react/code/meat-02-mobile.png",
            "image_large": "https://code.s3.yandex.net/react/code/meat-02-large.png",
            "__v": 0
        },
        {
            "_id": "61c0c5a71d1f82001bdaaa70",
            "name": "Говяжий метеорит (отбивная)",
            "type": "main",
            "proteins": 800,
            "fat": 800,
            "carbohydrates": 300,
            "calories": 2674,
            "price": 3000,
            "image": "https://code.s3.yandex.net/react/code/meat-04.png",
            "image_mobile": "https://code.s3.yandex.net/react/code/meat-04-mobile.png",
            "image_large": "https://code.s3.yandex.net/react/code/meat-04-large.png",
            "__v": 0
        },
        {
            "_id": "61c0c5a71d1f82001bdaaa71",
            "name": "Биокотлета из марсианской Магнолии",
            "type": "main",
            "proteins": 420,
            "fat": 142,
            "carbohydrates": 242,
            "calories": 4242,
            "price": 424,
            "image": "https://code.s3.yandex.net/react/code/meat-01.png",
            "image_mobile": "https://code.s3.yandex.net/react/code/meat-01-mobile.png",
            "image_large": "https://code.s3.yandex.net/react/code/meat-01-large.png",
            "__v": 0
        },
        {
            "_id": "61c0c5a71d1f82001bdaaa72",
            "name": "Соус Spicy-X",
            "type": "sauce",
            "proteins": 30,
            "fat": 20,
            "carbohydrates": 40,
            "calories": 30,
            "price": 90,
            "image": "https://code.s3.yandex.net/react/code/sauce-02.png",
            "image_mobile": "https://code.s3.yandex.net/react/code/sauce-02-mobile.png",
            "image_large": "https://code.s3.yandex.net/react/code/sauce-02-large.png",
            "__v": 0
        },
        {
            "_id": "61c0c5a71d1f82001bdaaa6e",
            "name": "Филе Люминесцентного тетраодонтимформа",
            "type": "main",
            "proteins": 44,
            "fat": 26,
            "carbohydrates": 85,
            "calories": 643,
            "price": 988,
            "image": "https://code.s3.yandex.net/react/code/meat-03.png",
            "image_mobile": "https://code.s3.yandex.net/react/code/meat-03-mobile.png",
            "image_large": "https://code.s3.yandex.net/react/code/meat-03-large.png",
            "__v": 0
        },
        {
            "_id": "61c0c5a71d1f82001bdaaa73",
            "name": "Соус фирменный Space Sauce",
            "type": "sauce",
            "proteins": 50,
            "fat": 22,
            "carbohydrates": 11,
            "calories": 14,
            "price": 80,
            "image": "https://code.s3.yandex.net/react/code/sauce-04.png",
            "image_mobile": "https://code.s3.yandex.net/react/code/sauce-04-mobile.png",
            "image_large": "https://code.s3.yandex.net/react/code/sauce-04-large.png",
            "__v": 0
        },
        {
            "_id": "61c0c5a71d1f82001bdaaa74",
            "name": "Соус традиционный галактический",
            "type": "sauce",
            "proteins": 42,
            "fat": 24,
            "carbohydrates": 42,
            "calories": 99,
            "price": 15,
            "image": "https://code.s3.yandex.net/react/code/sauce-03.png",
            "image_mobile": "https://code.s3.yandex.net/react/code/sauce-03-mobile.png",
            "image_large": "https://code.s3.yandex.net/react/code/sauce-03-large.png",
            "__v": 0
        },
        {
            "_id": "61c0c5a71d1f82001bdaaa6c",
            "name": "Краторная булка N-200i",
            "type": "bun",
            "proteins": 80,
            "fat": 24,
            "carbohydrates": 53,
            "calories": 420,
            "price": 1255,
            "image": "https://code.s3.yandex.net/react/code/bun-02.png",
            "image_mobile": "https://code.s3.yandex.net/react/code/bun-02-mobile.png",
            "image_large": "https://code.s3.yandex.net/react/code/bun-02-large.png",
            "__v": 0
        },
        {
            "_id": "61c0c5a71d1f82001bdaaa75",
            "name": "Соус с шипами Антарианского плоскоходца",
            "type": "sauce",
            "proteins": 101,
            "fat": 99,
            "carbohydrates": 100,
            "calories": 100,
            "price": 88,
            "image": "https://code.s3.yandex.net/react/code/sauce-01.png",
            "image_mobile": "https://code.s3.yandex.net/react/code/sauce-01-mobile.png",
            "image_large": "https://code.s3.yandex.net/react/code/sauce-01-large.png",
            "__v": 0
        },
        {
            "_id": "61c0c5a71d1f82001bdaaa76",
            "name": "Хрустящие минеральные кольца",
            "type": "main",
            "proteins": 808,
            "fat": 689,
            "carbohydrates": 609,
            "calories": 986,
            "price": 300,
            "image": "https://code.s3.yandex.net/react/code/mineral_rings.png",
            "image_mobile": "https://code.s3.yandex.net/react/code/mineral_rings-mobile.png",
            "image_large": "https://code.s3.yandex.net/react/code/mineral_rings-large.png",
            "__v": 0
        },
        {
            "_id": "61c0c5a71d1f82001bdaaa77",
            "name": "Плоды Фалленианского дерева",
            "type": "main",
            "proteins": 20,
            "fat": 5,
            "carbohydrates": 55,
            "calories": 77,
            "price": 874,
            "image": "https://code.s3.yandex.net/react/code/sp_1.png",
            "image_mobile": "https://code.s3.yandex.net/react/code/sp_1-mobile.png",
            "image_large": "https://code.s3.yandex.net/react/code/sp_1-large.png",
            "__v": 0
        },
        {
            "_id": "61c0c5a71d1f82001bdaaa78",
            "name": "Кристаллы марсианских альфа-сахаридов",
            "type": "main",
            "proteins": 234,
            "fat": 432,
            "carbohydrates": 111,
            "calories": 189,
            "price": 762,
            "image": "https://code.s3.yandex.net/react/code/core.png",
            "image_mobile": "https://code.s3.yandex.net/react/code/core-mobile.png",
            "image_large": "https://code.s3.yandex.net/react/code/core-large.png",
            "__v": 0
        },
        {
            "_id": "61c0c5a71d1f82001bdaaa79",
            "name": "Мини-салат Экзо-Плантаго",
            "type": "main",
            "proteins": 1,
            "fat": 2,
            "carbohydrates": 3,
            "calories": 6,
            "price": 4400,
            "image": "https://code.s3.yandex.net/react/code/salad.png",
            "image_mobile": "https://code.s3.yandex.net/react/code/salad-mobile.png",
            "image_large": "https://code.s3.yandex.net/react/code/salad-large.png",
            "__v": 0
        },
        {
            "_id": "61c0c5a71d1f82001bdaaa7a",
            "name": "Сыр с астероидной плесенью",
            "type": "main",
            "proteins": 84,
            "fat": 48,
            "carbohydrates": 420,
            "calories": 3377,
            "price": 4142,
            "image": "https://code.s3.yandex.net/react/code/cheese.png",
            "image_mobile": "https://code.s3.yandex.net/react/code/cheese-mobile.png",
            "image_large": "https://code.s3.yandex.net/react/code/cheese-large.png",
            "__v": 0
        }
    ]
}
HTTP/1.1 200 OK
Server: nginx/1.24.0 (Ubuntu)
Date: Mon, 02 Feb 2026 20:03:11 GMT
Content-Type: application/json; charset=utf-8
Content-Length: 5957
Connection: keep-alive
X-Powered-By: Express
Access-Control-Allow-Origin: *
ETag: W/"1745-LHZ7D8kBZWcbCGljCoPXtjB5CeA"

{
    "success": true,
    "data": [
        {
            "_id": "61c0c5a71d1f82001bdaaa6d",
            "name": "Флюоресцентная булка R2-D3",
            "type": "bun",
            "proteins": 44,
            "fat": 26,
            "carbohydrates": 85,
            "calories": 643,
            "price": 988,
            "image": "https://code.s3.yandex.net/react/code/bun-01.png",
            "image_mobile": "https://code.s3.yandex.net/react/code/bun-01-mobile.png",
            "image_large": "https://code.s3.yandex.net/react/code/bun-01-large.png",
            "__v": 0
        },
        {
            "_id": "61c0c5a71d1f82001bdaaa6f",
            "name": "Мясо бессмертных моллюсков Protostomia",
            "type": "main",
            "proteins": 433,
            "fat": 244,
            "carbohydrates": 33,
            "calories": 420,
            "price": 1337,
            "image": "https://code.s3.yandex.net/react/code/meat-02.png",
            "image_mobile": "https://code.s3.yandex.net/react/code/meat-02-mobile.png",
            "image_large": "https://code.s3.yandex.net/react/code/meat-02-large.png",
            "__v": 0
        },
        {
            "_id": "61c0c5a71d1f82001bdaaa70",
            "name": "Говяжий метеорит (отбивная)",
            "type": "main",
            "proteins": 800,
            "fat": 800,
            "carbohydrates": 300,
            "calories": 2674,
            "price": 3000,
            "image": "https://code.s3.yandex.net/react/code/meat-04.png",
            "image_mobile": "https://code.s3.yandex.net/react/code/meat-04-mobile.png",
            "image_large": "https://code.s3.yandex.net/react/code/meat-04-large.png",
            "__v": 0
        },
        {
            "_id": "61c0c5a71d1f82001bdaaa71",
            "name": "Биокотлета из марсианской Магнолии",
            "type": "main",
            "proteins": 420,
            "fat": 142,
            "carbohydrates": 242,
            "calories": 4242,
            "price": 424,
            "image": "https://code.s3.yandex.net/react/code/meat-01.png",
            "image_mobile": "https://code.s3.yandex.net/react/code/meat-01-mobile.png",
            "image_large": "https://code.s3.yandex.net/react/code/meat-01-large.png",
            "__v": 0
        },
        {
            "_id": "61c0c5a71d1f82001bdaaa72",
            "name": "Соус Spicy-X",
            "type": "sauce",
            "proteins": 30,
            "fat": 20,
            "carbohydrates": 40,
            "calories": 30,
            "price": 90,
            "image": "https://code.s3.yandex.net/react/code/sauce-02.png",
            "image_mobile": "https://code.s3.yandex.net/react/code/sauce-02-mobile.png",
            "image_large": "https://code.s3.yandex.net/react/code/sauce-02-large.png",
            "__v": 0
        },
        {
            "_id": "61c0c5a71d1f82001bdaaa6e",
            "name": "Филе Люминесцентного тетраодонтимформа",
            "type": "main",
            "proteins": 44,
            "fat": 26,
            "carbohydrates": 85,
            "calories": 643,
            "price": 988,
            "image": "https://code.s3.yandex.net/react/code/meat-03.png",
            "image_mobile": "https://code.s3.yandex.net/react/code/meat-03-mobile.png",
            "image_large": "https://code.s3.yandex.net/react/code/meat-03-large.png",
            "__v": 0
        },
        {
            "_id": "61c0c5a71d1f82001bdaaa73",
            "name": "Соус фирменный Space Sauce",
            "type": "sauce",
            "proteins": 50,
            "fat": 22,
            "carbohydrates": 11,
            "calories": 14,
            "price": 80,
            "image": "https://code.s3.yandex.net/react/code/sauce-04.png",
            "image_mobile": "https://code.s3.yandex.net/react/code/sauce-04-mobile.png",
            "image_large": "https://code.s3.yandex.net/react/code/sauce-04-large.png",
            "__v": 0
        },
        {
            "_id": "61c0c5a71d1f82001bdaaa74",
            "name": "Соус традиционный галактический",
            "type": "sauce",
            "proteins": 42,
            "fat": 24,
            "carbohydrates": 42,
            "calories": 99,
            "price": 15,
            "image": "https://code.s3.yandex.net/react/code/sauce-03.png",
            "image_mobile": "https://code.s3.yandex.net/react/code/sauce-03-mobile.png",
            "image_large": "https://code.s3.yandex.net/react/code/sauce-03-large.png",
            "__v": 0
        },
        {
            "_id": "61c0c5a71d1f82001bdaaa6c",
            "name": "Краторная булка N-200i",
            "type": "bun",
            "proteins": 80,
            "fat": 24,
            "carbohydrates": 53,
            "calories": 420,
            "price": 1255,
            "image": "https://code.s3.yandex.net/react/code/bun-02.png",
            "image_mobile": "https://code.s3.yandex.net/react/code/bun-02-mobile.png",
            "image_large": "https://code.s3.yandex.net/react/code/bun-02-large.png",
            "__v": 0
        },
        {
            "_id": "61c0c5a71d1f82001bdaaa75",
            "name": "Соус с шипами Антарианского плоскоходца",
            "type": "sauce",
            "proteins": 101,
            "fat": 99,
            "carbohydrates": 100,
            "calories": 100,
            "price": 88,
            "image": "https://code.s3.yandex.net/react/code/sauce-01.png",
            "image_mobile": "https://code.s3.yandex.net/react/code/sauce-01-mobile.png",
            "image_large": "https://code.s3.yandex.net/react/code/sauce-01-large.png",
            "__v": 0
        },
        {
            "_id": "61c0c5a71d1f82001bdaaa76",
            "name": "Хрустящие минеральные кольца",
            "type": "main",
            "proteins": 808,
            "fat": 689,
            "carbohydrates": 609,
            "calories": 986,
            "price": 300,
            "image": "https://code.s3.yandex.net/react/code/mineral_rings.png",
            "image_mobile": "https://code.s3.yandex.net/react/code/mineral_rings-mobile.png",
            "image_large": "https://code.s3.yandex.net/react/code/mineral_rings-large.png",
            "__v": 0
        },
        {
            "_id": "61c0c5a71d1f82001bdaaa77",
            "name": "Плоды Фалленианского дерева",
            "type": "main",
            "proteins": 20,
            "fat": 5,
            "carbohydrates": 55,
            "calories": 77,
            "price": 874,
            "image": "https://code.s3.yandex.net/react/code/sp_1.png",
            "image_mobile": "https://code.s3.yandex.net/react/code/sp_1-mobile.png",
            "image_large": "https://code.s3.yandex.net/react/code/sp_1-large.png",
            "__v": 0
        },
        {
            "_id": "61c0c5a71d1f82001bdaaa78",
            "name": "Кристаллы марсианских альфа-сахаридов",
            "type": "main",
            "proteins": 234,
            "fat": 432,
            "carbohydrates": 111,
            "calories": 189,
            "price": 762,
            "image": "https://code.s3.yandex.net/react/code/core.png",
            "image_mobile": "https://code.s3.yandex.net/react/code/core-mobile.png",
            "image_large": "https://code.s3.yandex.net/react/code/core-large.png",
            "__v": 0
        },
        {
            "_id": "61c0c5a71d1f82001bdaaa79",
            "name": "Мини-салат Экзо-Плантаго",
            "type": "main",
            "proteins": 1,
            "fat": 2,
            "carbohydrates": 3,
            "calories": 6,
            "price": 4400,
            "image": "https://code.s3.yandex.net/react/code/salad.png",
            "image_mobile": "https://code.s3.yandex.net/react/code/salad-mobile.png",
            "image_large": "https://code.s3.yandex.net/react/code/salad-large.png",
            "__v": 0
        },
        {
            "_id": "61c0c5a71d1f82001bdaaa7a",
            "name": "Сыр с астероидной плесенью",
            "type": "main",
            "proteins": 84,
            "fat": 48,
            "carbohydrates": 420,
            "calories": 3377,
            "price": 4142,
            "image": "https://code.s3.yandex.net/react/code/cheese.png",
            "image_mobile": "https://code.s3.yandex.net/react/code/cheese-mobile.png",
            "image_large": "https://code.s3.yandex.net/react/code/cheese-large.png",
            "__v": 0
        }
    ]
}
HTTP/1.1 200 OK
Server: nginx/1.24.0 (Ubuntu)
Date: Mon, 02 Feb 2026 20:03:11 GMT
Content-Type: application/json; charset=utf-8
Content-Length: 5957
Connection: keep-alive
X-Powered-By: Express
Access-Control-Allow-Origin: *
ETag: W/"1745-LHZ7D8kBZWcbCGljCoPXtjB5CeA"

{
    "success": true,
    "data": [
        {
            "_id": "61c0c5a71d1f82001bdaaa6d",
            "name": "Флюоресцентная булка R2-D3",
            "type": "bun",
            "proteins": 44,
            "fat": 26,
            "carbohydrates": 85,
            "calories": 643,
            "price": 988,
            "image": "https://code.s3.yandex.net/react/code/bun-01.png",
            "image_mobile": "https://code.s3.yandex.net/react/code/bun-01-mobile.png",
            "image_large": "https://code.s3.yandex.net/react/code/bun-01-large.png",
            "__v": 0
        },
        {
            "_id": "61c0c5a71d1f82001bdaaa6f",
            "name": "Мясо бессмертных моллюсков Protostomia",
            "type": "main",
            "proteins": 433,
            "fat": 244,
            "carbohydrates": 33,
            "calories": 420,
            "price": 1337,
            "image": "https://code.s3.yandex.net/react/code/meat-02.png",
            "image_mobile": "https://code.s3.yandex.net/react/code/meat-02-mobile.png",
            "image_large": "https://code.s3.yandex.net/react/code/meat-02-large.png",
            "__v": 0
        },
        {
            "_id": "61c0c5a71d1f82001bdaaa70",
            "name": "Говяжий метеорит (отбивная)",
            "type": "main",
            "proteins": 800,
            "fat": 800,
            "carbohydrates": 300,
            "calories": 2674,
            "price": 3000,
            "image": "https://code.s3.yandex.net/react/code/meat-04.png",
            "image_mobile": "https://code.s3.yandex.net/react/code/meat-04-mobile.png",
            "image_large": "https://code.s3.yandex.net/react/code/meat-04-large.png",
            "__v": 0
        },
        {
            "_id": "61c0c5a71d1f82001bdaaa71",
            "name": "Биокотлета из марсианской Магнолии",
            "type": "main",
            "proteins": 420,
            "fat": 142,
            "carbohydrates": 242,
            "calories": 4242,
            "price": 424,
            "image": "https://code.s3.yandex.net/react/code/meat-01.png",
            "image_mobile": "https://code.s3.yandex.net/react/code/meat-01-mobile.png",
            "image_large": "https://code.s3.yandex.net/react/code/meat-01-large.png",
            "__v": 0
        },
        {
            "_id": "61c0c5a71d1f82001bdaaa72",
            "name": "Соус Spicy-X",
            "type": "sauce",
            "proteins": 30,
            "fat": 20,
            "carbohydrates": 40,
            "calories": 30,
            "price": 90,
            "image": "https://code.s3.yandex.net/react/code/sauce-02.png",
            "image_mobile": "https://code.s3.yandex.net/react/code/sauce-02-mobile.png",
            "image_large": "https://code.s3.yandex.net/react/code/sauce-02-large.png",
            "__v": 0
        },
        {
            "_id": "61c0c5a71d1f82001bdaaa6e",
            "name": "Филе Люминесцентного тетраодонтимформа",
            "type": "main",
            "proteins": 44,
            "fat": 26,
            "carbohydrates": 85,
            "calories": 643,
            "price": 988,
            "image": "https://code.s3.yandex.net/react/code/meat-03.png",
            "image_mobile": "https://code.s3.yandex.net/react/code/meat-03-mobile.png",
            "image_large": "https://code.s3.yandex.net/react/code/meat-03-large.png",
            "__v": 0
        },
        {
            "_id": "61c0c5a71d1f82001bdaaa73",
            "name": "Соус фирменный Space Sauce",
            "type": "sauce",
            "proteins": 50,
            "fat": 22,
            "carbohydrates": 11,
            "calories": 14,
            "price": 80,
            "image": "https://code.s3.yandex.net/react/code/sauce-04.png",
            "image_mobile": "https://code.s3.yandex.net/react/code/sauce-04-mobile.png",
            "image_large": "https://code.s3.yandex.net/react/code/sauce-04-large.png",
            "__v": 0
        },
        {
            "_id": "61c0c5a71d1f82001bdaaa74",
            "name": "Соус традиционный галактический",
            "type": "sauce",
            "proteins": 42,
            "fat": 24,
            "carbohydrates": 42,
            "calories": 99,
            "price": 15,
            "image": "https://code.s3.yandex.net/react/code/sauce-03.png",
            "image_mobile": "https://code.s3.yandex.net/react/code/sauce-03-mobile.png",
            "image_large": "https://code.s3.yandex.net/react/code/sauce-03-large.png",
            "__v": 0
        },
        {
            "_id": "61c0c5a71d1f82001bdaaa6c",
            "name": "Краторная булка N-200i",
            "type": "bun",
            "proteins": 80,
            "fat": 24,
            "carbohydrates": 53,
            "calories": 420,
            "price": 1255,
            "image": "https://code.s3.yandex.net/react/code/bun-02.png",
            "image_mobile": "https://code.s3.yandex.net/react/code/bun-02-mobile.png",
            "image_large": "https://code.s3.yandex.net/react/code/bun-02-large.png",
            "__v": 0
        },
        {
            "_id": "61c0c5a71d1f82001bdaaa75",
            "name": "Соус с шипами Антарианского плоскоходца",
            "type": "sauce",
            "proteins": 101,
            "fat": 99,
            "carbohydrates": 100,
            "calories": 100,
            "price": 88,
            "image": "https://code.s3.yandex.net/react/code/sauce-01.png",
            "image_mobile": "https://code.s3.yandex.net/react/code/sauce-01-mobile.png",
            "image_large": "https://code.s3.yandex.net/react/code/sauce-01-large.png",
            "__v": 0
        },
        {
            "_id": "61c0c5a71d1f82001bdaaa76",
            "name": "Хрустящие минеральные кольца",
            "type": "main",
            "proteins": 808,
            "fat": 689,
            "carbohydrates": 609,
            "calories": 986,
            "price": 300,
            "image": "https://code.s3.yandex.net/react/code/mineral_rings.png",
            "image_mobile": "https://code.s3.yandex.net/react/code/mineral_rings-mobile.png",
            "image_large": "https://code.s3.yandex.net/react/code/mineral_rings-large.png",
            "__v": 0
        },
        {
            "_id": "61c0c5a71d1f82001bdaaa77",
            "name": "Плоды Фалленианского дерева",
            "type": "main",
            "proteins": 20,
            "fat": 5,
            "carbohydrates": 55,
            "calories": 77,
            "price": 874,
            "image": "https://code.s3.yandex.net/react/code/sp_1.png",
            "image_mobile": "https://code.s3.yandex.net/react/code/sp_1-mobile.png",
            "image_large": "https://code.s3.yandex.net/react/code/sp_1-large.png",
            "__v": 0
        },
        {
            "_id": "61c0c5a71d1f82001bdaaa78",
            "name": "Кристаллы марсианских альфа-сахаридов",
            "type": "main",
            "proteins": 234,
            "fat": 432,
            "carbohydrates": 111,
            "calories": 189,
            "price": 762,
            "image": "https://code.s3.yandex.net/react/code/core.png",
            "image_mobile": "https://code.s3.yandex.net/react/code/core-mobile.png",
            "image_large": "https://code.s3.yandex.net/react/code/core-large.png",
            "__v": 0
        },
        {
            "_id": "61c0c5a71d1f82001bdaaa79",
            "name": "Мини-салат Экзо-Плантаго",
            "type": "main",
            "proteins": 1,
            "fat": 2,
            "carbohydrates": 3,
            "calories": 6,
            "price": 4400,
            "image": "https://code.s3.yandex.net/react/code/salad.png",
            "image_mobile": "https://code.s3.yandex.net/react/code/salad-mobile.png",
            "image_large": "https://code.s3.yandex.net/react/code/salad-large.png",
            "__v": 0
        },
        {
            "_id": "61c0c5a71d1f82001bdaaa7a",
            "name": "Сыр с астероидной плесенью",
            "type": "main",
            "proteins": 84,
            "fat": 48,
            "carbohydrates": 420,
            "calories": 3377,
            "price": 4142,
            "image": "https://code.s3.yandex.net/react/code/cheese.png",
            "image_mobile": "https://code.s3.yandex.net/react/code/cheese-mobile.png",
            "image_large": "https://code.s3.yandex.net/react/code/cheese-large.png",
            "__v": 0
        }
    ]
}
HTTP/1.1 200 OK
Server: nginx/1.24.0 (Ubuntu)
Date: Mon, 02 Feb 2026 20:03:11 GMT
Content-Type: application/json; charset=utf-8
Content-Length: 5957
Connection: keep-alive
X-Powered-By: Express
Access-Control-Allow-Origin: *
ETag: W/"1745-LHZ7D8kBZWcbCGljCoPXtjB5CeA"

{
    "success": true,
    "data": [
        {
            "_id": "61c0c5a71d1f82001bdaaa6d",
            "name": "Флюоресцентная булка R2-D3",
            "type": "bun",
            "proteins": 44,
            "fat": 26,
            "carbohydrates": 85,
            "calories": 643,
            "price": 988,
            "image": "https://code.s3.yandex.net/react/code/bun-01.png",
            "image_mobile": "https://code.s3.yandex.net/react/code/bun-01-mobile.png",
            "image_large": "https://code.s3.yandex.net/react/code/bun-01-large.png",
            "__v": 0
        },
        {
            "_id": "61c0c5a71d1f82001bdaaa6f",
            "name": "Мясо бессмертных моллюсков Protostomia",
            "type": "main",
            "proteins": 433,
            "fat": 244,
            "carbohydrates": 33,
            "calories": 420,
            "price": 1337,
            "image": "https://code.s3.yandex.net/react/code/meat-02.png",
            "image_mobile": "https://code.s3.yandex.net/react/code/meat-02-mobile.png",
            "image_large": "https://code.s3.yandex.net/react/code/meat-02-large.png",
            "__v": 0
        },
        {
            "_id": "61c0c5a71d1f82001bdaaa70",
            "name": "Говяжий метеорит (отбивная)",
            "type": "main",
            "proteins": 800,
            "fat": 800,
            "carbohydrates": 300,
            "calories": 2674,
            "price": 3000,
            "image": "https://code.s3.yandex.net/react/code/meat-04.png",
            "image_mobile": "https://code.s3.yandex.net/react/code/meat-04-mobile.png",
            "image_large": "https://code.s3.yandex.net/react/code/meat-04-large.png",
            "__v": 0
        },
        {
            "_id": "61c0c5a71d1f82001bdaaa71",
            "name": "Биокотлета из марсианской Магнолии",
            "type": "main",
            "proteins": 420,
            "fat": 142,
            "carbohydrates": 242,
            "calories": 4242,
            "price": 424,
            "image": "https://code.s3.yandex.net/react/code/meat-01.png",
            "image_mobile": "https://code.s3.yandex.net/react/code/meat-01-mobile.png",
            "image_large": "https://code.s3.yandex.net/react/code/meat-01-large.png",
            "__v": 0
        },
        {
            "_id": "61c0c5a71d1f82001bdaaa72",
            "name": "Соус Spicy-X",
            "type": "sauce",
            "proteins": 30,
            "fat": 20,
            "carbohydrates": 40,
            "calories": 30,
            "price": 90,
            "image": "https://code.s3.yandex.net/react/code/sauce-02.png",
            "image_mobile": "https://code.s3.yandex.net/react/code/sauce-02-mobile.png",
            "image_large": "https://code.s3.yandex.net/react/code/sauce-02-large.png",
            "__v": 0
        },
        {
            "_id": "61c0c5a71d1f82001bdaaa6e",
            "name": "Филе Люминесцентного тетраодонтимформа",
            "type": "main",
            "proteins": 44,
            "fat": 26,
            "carbohydrates": 85,
            "calories": 643,
            "price": 988,
            "image": "https://code.s3.yandex.net/react/code/meat-03.png",
            "image_mobile": "https://code.s3.yandex.net/react/code/meat-03-mobile.png",
            "image_large": "https://code.s3.yandex.net/react/code/meat-03-large.png",
            "__v": 0
        },
        {
            "_id": "61c0c5a71d1f82001bdaaa73",
            "name": "Соус фирменный Space Sauce",
            "type": "sauce",
            "proteins": 50,
            "fat": 22,
            "carbohydrates": 11,
            "calories": 14,
            "price": 80,
            "image": "https://code.s3.yandex.net/react/code/sauce-04.png",
            "image_mobile": "https://code.s3.yandex.net/react/code/sauce-04-mobile.png",
            "image_large": "https://code.s3.yandex.net/react/code/sauce-04-large.png",
            "__v": 0
        },
        {
            "_id": "61c0c5a71d1f82001bdaaa74",
            "name": "Соус традиционный галактический",
            "type": "sauce",
            "proteins": 42,
            "fat": 24,
            "carbohydrates": 42,
            "calories": 99,
            "price": 15,
            "image": "https://code.s3.yandex.net/react/code/sauce-03.png",
            "image_mobile": "https://code.s3.yandex.net/react/code/sauce-03-mobile.png",
            "image_large": "https://code.s3.yandex.net/react/code/sauce-03-large.png",
            "__v": 0
        },
        {
            "_id": "61c0c5a71d1f82001bdaaa6c",
            "name": "Краторная булка N-200i",
            "type": "bun",
            "proteins": 80,
            "fat": 24,
            "carbohydrates": 53,
            "calories": 420,
            "price": 1255,
            "image": "https://code.s3.yandex.net/react/code/bun-02.png",
            "image_mobile": "https://code.s3.yandex.net/react/code/bun-02-mobile.png",
            "image_large": "https://code.s3.yandex.net/react/code/bun-02-large.png",
            "__v": 0
        },
        {
            "_id": "61c0c5a71d1f82001bdaaa75",
            "name": "Соус с шипами Антарианского плоскоходца",
            "type": "sauce",
            "proteins": 101,
            "fat": 99,
            "carbohydrates": 100,
            "calories": 100,
            "price": 88,
            "image": "https://code.s3.yandex.net/react/code/sauce-01.png",
            "image_mobile": "https://code.s3.yandex.net/react/code/sauce-01-mobile.png",
            "image_large": "https://code.s3.yandex.net/react/code/sauce-01-large.png",
            "__v": 0
        },
        {
            "_id": "61c0c5a71d1f82001bdaaa76",
            "name": "Хрустящие минеральные кольца",
            "type": "main",
            "proteins": 808,
            "fat": 689,
            "carbohydrates": 609,
            "calories": 986,
            "price": 300,
            "image": "https://code.s3.yandex.net/react/code/mineral_rings.png",
            "image_mobile": "https://code.s3.yandex.net/react/code/mineral_rings-mobile.png",
            "image_large": "https://code.s3.yandex.net/react/code/mineral_rings-large.png",
            "__v": 0
        },
        {
            "_id": "61c0c5a71d1f82001bdaaa77",
            "name": "Плоды Фалленианского дерева",
            "type": "main",
            "proteins": 20,
            "fat": 5,
            "carbohydrates": 55,
            "calories": 77,
            "price": 874,
            "image": "https://code.s3.yandex.net/react/code/sp_1.png",
            "image_mobile": "https://code.s3.yandex.net/react/code/sp_1-mobile.png",
            "image_large": "https://code.s3.yandex.net/react/code/sp_1-large.png",
            "__v": 0
        },
        {
            "_id": "61c0c5a71d1f82001bdaaa78",
            "name": "Кристаллы марсианских альфа-сахаридов",
            "type": "main",
            "proteins": 234,
            "fat": 432,
            "carbohydrates": 111,
            "calories": 189,
            "price": 762,
            "image": "https://code.s3.yandex.net/react/code/core.png",
            "image_mobile": "https://code.s3.yandex.net/react/code/core-mobile.png",
            "image_large": "https://code.s3.yandex.net/react/code/core-large.png",
            "__v": 0
        },
        {
            "_id": "61c0c5a71d1f82001bdaaa79",
            "name": "Мини-салат Экзо-Плантаго",
            "type": "main",
            "proteins": 1,
            "fat": 2,
            "carbohydrates": 3,
            "calories": 6,
            "price": 4400,
            "image": "https://code.s3.yandex.net/react/code/salad.png",
            "image_mobile": "https://code.s3.yandex.net/react/code/salad-mobile.png",
            "image_large": "https://code.s3.yandex.net/react/code/salad-large.png",
            "__v": 0
        },
        {
            "_id": "61c0c5a71d1f82001bdaaa7a",
            "name": "Сыр с астероидной плесенью",
            "type": "main",
            "proteins": 84,
            "fat": 48,
            "carbohydrates": 420,
            "calories": 3377,
            "price": 4142,
            "image": "https://code.s3.yandex.net/react/code/cheese.png",
            "image_mobile": "https://code.s3.yandex.net/react/code/cheese-mobile.png",
            "image_large": "https://code.s3.yandex.net/react/code/cheese-large.png",
            "__v": 0
        }
    ]
}
HTTP/1.1 200 OK
Server: nginx/1.24.0 (Ubuntu)
Date: Mon, 02 Feb 2026 20:03:11 GMT
Content-Type: application/json; charset=utf-8
Content-Length: 5957
Connection: keep-alive
X-Powered-By: Express
Access-Control-Allow-Origin: *
ETag: W/"1745-LHZ7D8kBZWcbCGljCoPXtjB5CeA"

{
    "success": true,
    "data": [
        {
            "_id": "61c0c5a71d1f82001bdaaa6d",
            "name": "Флюоресцентная булка R2-D3",
            "type": "bun",
            "proteins": 44,
            "fat": 26,
            "carbohydrates": 85,
            "calories": 643,
            "price": 988,
            "image": "https://code.s3.yandex.net/react/code/bun-01.png",
            "image_mobile": "https://code.s3.yandex.net/react/code/bun-01-mobile.png",
            "image_large": "https://code.s3.yandex.net/react/code/bun-01-large.png",
            "__v": 0
        },
        {
            "_id": "61c0c5a71d1f82001bdaaa6f",
            "name": "Мясо бессмертных моллюсков Protostomia",
            "type": "main",
            "proteins": 433,
            "fat": 244,
            "carbohydrates": 33,
            "calories": 420,
            "price": 1337,
            "image": "https://code.s3.yandex.net/react/code/meat-02.png",
            "image_mobile": "https://code.s3.yandex.net/react/code/meat-02-mobile.png",
            "image_large": "https://code.s3.yandex.net/react/code/meat-02-large.png",
            "__v": 0
        },
        {
            "_id": "61c0c5a71d1f82001bdaaa70",
            "name": "Говяжий метеорит (отбивная)",
            "type": "main",
            "proteins": 800,
            "fat": 800,
            "carbohydrates": 300,
            "calories": 2674,
            "price": 3000,
            "image": "https://code.s3.yandex.net/react/code/meat-04.png",
            "image_mobile": "https://code.s3.yandex.net/react/code/meat-04-mobile.png",
            "image_large": "https://code.s3.yandex.net/react/code/meat-04-large.png",
            "__v": 0
        },
        {
            "_id": "61c0c5a71d1f82001bdaaa71",
            "name": "Биокотлета из марсианской Магнолии",
            "type": "main",
            "proteins": 420,
            "fat": 142,
            "carbohydrates": 242,
            "calories": 4242,
            "price": 424,
            "image": "https://code.s3.yandex.net/react/code/meat-01.png",
            "image_mobile": "https://code.s3.yandex.net/react/code/meat-01-mobile.png",
            "image_large": "https://code.s3.yandex.net/react/code/meat-01-large.png",
            "__v": 0
        },
        {
            "_id": "61c0c5a71d1f82001bdaaa72",
            "name": "Соус Spicy-X",
            "type": "sauce",
            "proteins": 30,
            "fat": 20,
            "carbohydrates": 40,
            "calories": 30,
            "price": 90,
            "image": "https://code.s3.yandex.net/react/code/sauce-02.png",
            "image_mobile": "https://code.s3.yandex.net/react/code/sauce-02-mobile.png",
            "image_large": "https://code.s3.yandex.net/react/code/sauce-02-large.png",
            "__v": 0
        },
        {
            "_id": "61c0c5a71d1f82001bdaaa6e",
            "name": "Филе Люминесцентного тетраодонтимформа",
            "type": "main",
            "proteins": 44,
            "fat": 26,
            "carbohydrates": 85,
            "calories": 643,
            "price": 988,
            "image": "https://code.s3.yandex.net/react/code/meat-03.png",
            "image_mobile": "https://code.s3.yandex.net/react/code/meat-03-mobile.png",
            "image_large": "https://code.s3.yandex.net/react/code/meat-03-large.png",
            "__v": 0
        },
        {
            "_id": "61c0c5a71d1f82001bdaaa73",
            "name": "Соус фирменный Space Sauce",
            "type": "sauce",
            "proteins": 50,
            "fat": 22,
            "carbohydrates": 11,
            "calories": 14,
            "price": 80,
            "image": "https://code.s3.yandex.net/react/code/sauce-04.png",
            "image_mobile": "https://code.s3.yandex.net/react/code/sauce-04-mobile.png",
            "image_large": "https://code.s3.yandex.net/react/code/sauce-04-large.png",
            "__v": 0
        },
        {
            "_id": "61c0c5a71d1f82001bdaaa74",
            "name": "Соус традиционный галактический",
            "type": "sauce",
            "proteins": 42,
            "fat": 24,
            "carbohydrates": 42,
            "calories": 99,
            "price": 15,
            "image": "https://code.s3.yandex.net/react/code/sauce-03.png",
            "image_mobile": "https://code.s3.yandex.net/react/code/sauce-03-mobile.png",
            "image_large": "https://code.s3.yandex.net/react/code/sauce-03-large.png",
            "__v": 0
        },
        {
            "_id": "61c0c5a71d1f82001bdaaa6c",
            "name": "Краторная булка N-200i",
            "type": "bun",
            "proteins": 80,
            "fat": 24,
            "carbohydrates": 53,
            "calories": 420,
            "price": 1255,
            "image": "https://code.s3.yandex.net/react/code/bun-02.png",
            "image_mobile": "https://code.s3.yandex.net/react/code/bun-02-mobile.png",
            "image_large": "https://code.s3.yandex.net/react/code/bun-02-large.png",
            "__v": 0
        },
        {
            "_id": "61c0c5a71d1f82001bdaaa75",
            "name": "Соус с шипами Антарианского плоскоходца",
            "type": "sauce",
            "proteins": 101,
            "fat": 99,
            "carbohydrates": 100,
            "calories": 100,
            "price": 88,
            "image": "https://code.s3.yandex.net/react/code/sauce-01.png",
            "image_mobile": "https://code.s3.yandex.net/react/code/sauce-01-mobile.png",
            "image_large": "https://code.s3.yandex.net/react/code/sauce-01-large.png",
            "__v": 0
        },
        {
            "_id": "61c0c5a71d1f82001bdaaa76",
            "name": "Хрустящие минеральные кольца",
            "type": "main",
            "proteins": 808,
            "fat": 689,
            "carbohydrates": 609,
            "calories": 986,
            "price": 300,
            "image": "https://code.s3.yandex.net/react/code/mineral_rings.png",
            "image_mobile": "https://code.s3.yandex.net/react/code/mineral_rings-mobile.png",
            "image_large": "https://code.s3.yandex.net/react/code/mineral_rings-large.png",
            "__v": 0
        },
        {
            "_id": "61c0c5a71d1f82001bdaaa77",
            "name": "Плоды Фалленианского дерева",
            "type": "main",
            "proteins": 20,
            "fat": 5,
            "carbohydrates": 55,
            "calories": 77,
            "price": 874,
            "image": "https://code.s3.yandex.net/react/code/sp_1.png",
            "image_mobile": "https://code.s3.yandex.net/react/code/sp_1-mobile.png",
            "image_large": "https://code.s3.yandex.net/react/code/sp_1-large.png",
            "__v": 0
        },
        {
            "_id": "61c0c5a71d1f82001bdaaa78",
            "name": "Кристаллы марсианских альфа-сахаридов",
            "type": "main",
            "proteins": 234,
            "fat": 432,
            "carbohydrates": 111,
            "calories": 189,
            "price": 762,
            "image": "https://code.s3.yandex.net/react/code/core.png",
            "image_mobile": "https://code.s3.yandex.net/react/code/core-mobile.png",
            "image_large": "https://code.s3.yandex.net/react/code/core-large.png",
            "__v": 0
        },
        {
            "_id": "61c0c5a71d1f82001bdaaa79",
            "name": "Мини-салат Экзо-Плантаго",
            "type": "main",
            "proteins": 1,
            "fat": 2,
            "carbohydrates": 3,
            "calories": 6,
            "price": 4400,
            "image": "https://code.s3.yandex.net/react/code/salad.png",
            "image_mobile": "https://code.s3.yandex.net/react/code/salad-mobile.png",
            "image_large": "https://code.s3.yandex.net/react/code/salad-large.png",
            "__v": 0
        },
        {
            "_id": "61c0c5a71d1f82001bdaaa7a",
            "name": "Сыр с астероидной плесенью",
            "type": "main",
            "proteins": 84,
            "fat": 48,
            "carbohydrates": 420,
            "calories": 3377,
            "price": 4142,
            "image": "https://code.s3.yandex.net/react/code/cheese.png",
            "image_mobile": "https://code.s3.yandex.net/react/code/cheese-mobile.png",
            "image_large": "https://code.s3.yandex.net/react/code/cheese-large.png",
            "__v": 0
        }
    ]
}
HTTP/1.1 200 OK
Server: nginx/1.24.0 (Ubuntu)
Date: Mon, 02 Feb 2026 20:03:11 GMT
Content-Type: application/json; charset=utf-8
Content-Length: 5957
Connection: keep-alive
X-Powered-By: Express
Access-Control-Allow-Origin: *
ETag: W/"1745-LHZ7D8kBZWcbCGljCoPXtjB5CeA"

{
    "success": true,
    "data": [
        {
            "_id": "61c0c5a71d1f82001bdaaa6d",
            "name": "Флюоресцентная булка R2-D3",
            "type": "bun",
            "proteins": 44,
            "fat": 26,
            "carbohydrates": 85,
            "calories": 643,
            "price": 988,
            "image": "https://code.s3.yandex.net/react/code/bun-01.png",
            "image_mobile": "https://code.s3.yandex.net/react/code/bun-01-mobile.png",
            "image_large": "https://code.s3.yandex.net/react/code/bun-01-large.png",
            "__v": 0
        },
        {
            "_id": "61c0c5a71d1f82001bdaaa6f",
            "name": "Мясо бессмертных моллюсков Protostomia",
            "type": "main",
            "proteins": 433,
            "fat": 244,
            "carbohydrates": 33,
            "calories": 420,
            "price": 1337,
            "image": "https://code.s3.yandex.net/react/code/meat-02.png",
            "image_mobile": "https://code.s3.yandex.net/react/code/meat-02-mobile.png",
            "image_large": "https://code.s3.yandex.net/react/code/meat-02-large.png",
            "__v": 0
        },
        {
            "_id": "61c0c5a71d1f82001bdaaa70",
            "name": "Говяжий метеорит (отбивная)",
            "type": "main",
            "proteins": 800,
            "fat": 800,
            "carbohydrates": 300,
            "calories": 2674,
            "price": 3000,
            "image": "https://code.s3.yandex.net/react/code/meat-04.png",
            "image_mobile": "https://code.s3.yandex.net/react/code/meat-04-mobile.png",
            "image_large": "https://code.s3.yandex.net/react/code/meat-04-large.png",
            "__v": 0
        },
        {
            "_id": "61c0c5a71d1f82001bdaaa71",
            "name": "Биокотлета из марсианской Магнолии",
            "type": "main",
            "proteins": 420,
            "fat": 142,
            "carbohydrates": 242,
            "calories": 4242,
            "price": 424,
            "image": "https://code.s3.yandex.net/react/code/meat-01.png",
            "image_mobile": "https://code.s3.yandex.net/react/code/meat-01-mobile.png",
            "image_large": "https://code.s3.yandex.net/react/code/meat-01-large.png",
            "__v": 0
        },
        {
            "_id": "61c0c5a71d1f82001bdaaa72",
            "name": "Соус Spicy-X",
            "type": "sauce",
            "proteins": 30,
            "fat": 20,
            "carbohydrates": 40,
            "calories": 30,
            "price": 90,
            "image": "https://code.s3.yandex.net/react/code/sauce-02.png",
            "image_mobile": "https://code.s3.yandex.net/react/code/sauce-02-mobile.png",
            "image_large": "https://code.s3.yandex.net/react/code/sauce-02-large.png",
            "__v": 0
        },
        {
            "_id": "61c0c5a71d1f82001bdaaa6e",
            "name": "Филе Люминесцентного тетраодонтимформа",
            "type": "main",
            "proteins": 44,
            "fat": 26,
            "carbohydrates": 85,
            "calories": 643,
            "price": 988,
            "image": "https://code.s3.yandex.net/react/code/meat-03.png",
            "image_mobile": "https://code.s3.yandex.net/react/code/meat-03-mobile.png",
            "image_large": "https://code.s3.yandex.net/react/code/meat-03-large.png",
            "__v": 0
        },
        {
            "_id": "61c0c5a71d1f82001bdaaa73",
            "name": "Соус фирменный Space Sauce",
            "type": "sauce",
            "proteins": 50,
            "fat": 22,
            "carbohydrates": 11,
            "calories": 14,
            "price": 80,
            "image": "https://code.s3.yandex.net/react/code/sauce-04.png",
            "image_mobile": "https://code.s3.yandex.net/react/code/sauce-04-mobile.png",
            "image_large": "https://code.s3.yandex.net/react/code/sauce-04-large.png",
            "__v": 0
        },
        {
            "_id": "61c0c5a71d1f82001bdaaa74",
            "name": "Соус традиционный галактический",
            "type": "sauce",
            "proteins": 42,
            "fat": 24,
            "carbohydrates": 42,
            "calories": 99,
            "price": 15,
            "image": "https://code.s3.yandex.net/react/code/sauce-03.png",
            "image_mobile": "https://code.s3.yandex.net/react/code/sauce-03-mobile.png",
            "image_large": "https://code.s3.yandex.net/react/code/sauce-03-large.png",
            "__v": 0
        },
        {
            "_id": "61c0c5a71d1f82001bdaaa6c",
            "name": "Краторная булка N-200i",
            "type": "bun",
            "proteins": 80,
            "fat": 24,
            "carbohydrates": 53,
            "calories": 420,
            "price": 1255,
            "image": "https://code.s3.yandex.net/react/code/bun-02.png",
            "image_mobile": "https://code.s3.yandex.net/react/code/bun-02-mobile.png",
            "image_large": "https://code.s3.yandex.net/react/code/bun-02-large.png",
            "__v": 0
        },
        {
            "_id": "61c0c5a71d1f82001bdaaa75",
            "name": "Соус с шипами Антарианского плоскоходца",
            "type": "sauce",
            "proteins": 101,
            "fat": 99,
            "carbohydrates": 100,
            "calories": 100,
            "price": 88,
            "image": "https://code.s3.yandex.net/react/code/sauce-01.png",
            "image_mobile": "https://code.s3.yandex.net/react/code/sauce-01-mobile.png",
            "image_large": "https://code.s3.yandex.net/react/code/sauce-01-large.png",
            "__v": 0
        },
        {
            "_id": "61c0c5a71d1f82001bdaaa76",
            "name": "Хрустящие минеральные кольца",
            "type": "main",
            "proteins": 808,
            "fat": 689,
            "carbohydrates": 609,
            "calories": 986,
            "price": 300,
            "image": "https://code.s3.yandex.net/react/code/mineral_rings.png",
            "image_mobile": "https://code.s3.yandex.net/react/code/mineral_rings-mobile.png",
            "image_large": "https://code.s3.yandex.net/react/code/mineral_rings-large.png",
            "__v": 0
        },
        {
            "_id": "61c0c5a71d1f82001bdaaa77",
            "name": "Плоды Фалленианского дерева",
            "type": "main",
            "proteins": 20,
            "fat": 5,
            "carbohydrates": 55,
            "calories": 77,
            "price": 874,
            "image": "https://code.s3.yandex.net/react/code/sp_1.png",
            "image_mobile": "https://code.s3.yandex.net/react/code/sp_1-mobile.png",
            "image_large": "https://code.s3.yandex.net/react/code/sp_1-large.png",
            "__v": 0
        },
        {
            "_id": "61c0c5a71d1f82001bdaaa78",
            "name": "Кристаллы марсианских альфа-сахаридов",
            "type": "main",
            "proteins": 234,
            "fat": 432,
            "carbohydrates": 111,
            "calories": 189,
            "price": 762,
            "image": "https://code.s3.yandex.net/react/code/core.png",
            "image_mobile": "https://code.s3.yandex.net/react/code/core-mobile.png",
            "image_large": "https://code.s3.yandex.net/react/code/core-large.png",
            "__v": 0
        },
        {
            "_id": "61c0c5a71d1f82001bdaaa79",
            "name": "Мини-салат Экзо-Плантаго",
            "type": "main",
            "proteins": 1,
            "fat": 2,
            "carbohydrates": 3,
            "calories": 6,
            "price": 4400,
            "image": "https://code.s3.yandex.net/react/code/salad.png",
            "image_mobile": "https://code.s3.yandex.net/react/code/salad-mobile.png",
            "image_large": "https://code.s3.yandex.net/react/code/salad-large.png",
            "__v": 0
        },
        {
            "_id": "61c0c5a71d1f82001bdaaa7a",
            "name": "Сыр с астероидной плесенью",
            "type": "main",
            "proteins": 84,
            "fat": 48,
            "carbohydrates": 420,
            "calories": 3377,
            "price": 4142,
            "image": "https://code.s3.yandex.net/react/code/cheese.png",
            "image_mobile": "https://code.s3.yandex.net/react/code/cheese-mobile.png",
            "image_large": "https://code.s3.yandex.net/react/code/cheese-large.png",
            "__v": 0
        }
    ]
}
HTTP/1.1 200 OK
Server: nginx/1.24.0 (Ubuntu)
Date: Mon, 02 Feb 2026 20:03:11 GMT
Content-Type: application/json; charset=utf-8
Content-Length: 5957
Connection: keep-alive
X-Powered-By: Express
Access-Control-Allow-Origin: *
ETag: W/"1745-LHZ7D8kBZWcbCGljCoPXtjB5CeA"

{
    "success": true,
    "data": [
        {
            "_id": "61c0c5a71d1f82001bdaaa6d",
            "name": "Флюоресцентная булка R2-D3",
            "type": "bun",
            "proteins": 44,
            "fat": 26,
            "carbohydrates": 85,
            "calories": 643,
            "price": 988,
            "image": "https://code.s3.yandex.net/react/code/bun-01.png",
            "image_mobile": "https://code.s3.yandex.net/react/code/bun-01-mobile.png",
            "image_large": "https://code.s3.yandex.net/react/code/bun-01-large.png",
            "__v": 0
        },
        {
            "_id": "61c0c5a71d1f82001bdaaa6f",
            "name": "Мясо бессмертных моллюсков Protostomia",
            "type": "main",
            "proteins": 433,
            "fat": 244,
            "carbohydrates": 33,
            "calories": 420,
            "price": 1337,
            "image": "https://code.s3.yandex.net/react/code/meat-02.png",
            "image_mobile": "https://code.s3.yandex.net/react/code/meat-02-mobile.png",
            "image_large": "https://code.s3.yandex.net/react/code/meat-02-large.png",
            "__v": 0
        },
        {
            "_id": "61c0c5a71d1f82001bdaaa70",
            "name": "Говяжий метеорит (отбивная)",
            "type": "main",
            "proteins": 800,
            "fat": 800,
            "carbohydrates": 300,
            "calories": 2674,
            "price": 3000,
            "image": "https://code.s3.yandex.net/react/code/meat-04.png",
            "image_mobile": "https://code.s3.yandex.net/react/code/meat-04-mobile.png",
            "image_large": "https://code.s3.yandex.net/react/code/meat-04-large.png",
            "__v": 0
        },
        {
            "_id": "61c0c5a71d1f82001bdaaa71",
            "name": "Биокотлета из марсианской Магнолии",
            "type": "main",
            "proteins": 420,
            "fat": 142,
            "carbohydrates": 242,
            "calories": 4242,
            "price": 424,
            "image": "https://code.s3.yandex.net/react/code/meat-01.png",
            "image_mobile": "https://code.s3.yandex.net/react/code/meat-01-mobile.png",
            "image_large": "https://code.s3.yandex.net/react/code/meat-01-large.png",
            "__v": 0
        },
        {
            "_id": "61c0c5a71d1f82001bdaaa72",
            "name": "Соус Spicy-X",
            "type": "sauce",
            "proteins": 30,
            "fat": 20,
            "carbohydrates": 40,
            "calories": 30,
            "price": 90,
            "image": "https://code.s3.yandex.net/react/code/sauce-02.png",
            "image_mobile": "https://code.s3.yandex.net/react/code/sauce-02-mobile.png",
            "image_large": "https://code.s3.yandex.net/react/code/sauce-02-large.png",
            "__v": 0
        },
        {
            "_id": "61c0c5a71d1f82001bdaaa6e",
            "name": "Филе Люминесцентного тетраодонтимформа",
            "type": "main",
            "proteins": 44,
            "fat": 26,
            "carbohydrates": 85,
            "calories": 643,
            "price": 988,
            "image": "https://code.s3.yandex.net/react/code/meat-03.png",
            "image_mobile": "https://code.s3.yandex.net/react/code/meat-03-mobile.png",
            "image_large": "https://code.s3.yandex.net/react/code/meat-03-large.png",
            "__v": 0
        },
        {
            "_id": "61c0c5a71d1f82001bdaaa73",
            "name": "Соус фирменный Space Sauce",
            "type": "sauce",
            "proteins": 50,
            "fat": 22,
            "carbohydrates": 11,
            "calories": 14,
            "price": 80,
            "image": "https://code.s3.yandex.net/react/code/sauce-04.png",
            "image_mobile": "https://code.s3.yandex.net/react/code/sauce-04-mobile.png",
            "image_large": "https://code.s3.yandex.net/react/code/sauce-04-large.png",
            "__v": 0
        },
        {
            "_id": "61c0c5a71d1f82001bdaaa74",
            "name": "Соус традиционный галактический",
            "type": "sauce",
            "proteins": 42,
            "fat": 24,
            "carbohydrates": 42,
            "calories": 99,
            "price": 15,
            "image": "https://code.s3.yandex.net/react/code/sauce-03.png",
            "image_mobile": "https://code.s3.yandex.net/react/code/sauce-03-mobile.png",
            "image_large": "https://code.s3.yandex.net/react/code/sauce-03-large.png",
            "__v": 0
        },
        {
            "_id": "61c0c5a71d1f82001bdaaa6c",
            "name": "Краторная булка N-200i",
            "type": "bun",
            "proteins": 80,
            "fat": 24,
            "carbohydrates": 53,
            "calories": 420,
            "price": 1255,
            "image": "https://code.s3.yandex.net/react/code/bun-02.png",
            "image_mobile": "https://code.s3.yandex.net/react/code/bun-02-mobile.png",
            "image_large": "https://code.s3.yandex.net/react/code/bun-02-large.png",
            "__v": 0
        },
        {
            "_id": "61c0c5a71d1f82001bdaaa75",
            "name": "Соус с шипами Антарианского плоскоходца",
            "type": "sauce",
            "proteins": 101,
            "fat": 99,
            "carbohydrates": 100,
            "calories": 100,
            "price": 88,
            "image": "https://code.s3.yandex.net/react/code/sauce-01.png",
            "image_mobile": "https://code.s3.yandex.net/react/code/sauce-01-mobile.png",
            "image_large": "https://code.s3.yandex.net/react/code/sauce-01-large.png",
            "__v": 0
        },
        {
            "_id": "61c0c5a71d1f82001bdaaa76",
            "name": "Хрустящие минеральные кольца",
            "type": "main",
            "proteins": 808,
            "fat": 689,
            "carbohydrates": 609,
            "calories": 986,
            "price": 300,
            "image": "https://code.s3.yandex.net/react/code/mineral_rings.png",
            "image_mobile": "https://code.s3.yandex.net/react/code/mineral_rings-mobile.png",
            "image_large": "https://code.s3.yandex.net/react/code/mineral_rings-large.png",
            "__v": 0
        },
        {
            "_id": "61c0c5a71d1f82001bdaaa77",
            "name": "Плоды Фалленианского дерева",
            "type": "main",
            "proteins": 20,
            "fat": 5,
            "carbohydrates": 55,
            "calories": 77,
            "price": 874,
            "image": "https://code.s3.yandex.net/react/code/sp_1.png",
            "image_mobile": "https://code.s3.yandex.net/react/code/sp_1-mobile.png",
            "image_large": "https://code.s3.yandex.net/react/code/sp_1-large.png",
            "__v": 0
        },
        {
            "_id": "61c0c5a71d1f82001bdaaa78",
            "name": "Кристаллы марсианских альфа-сахаридов",
            "type": "main",
            "proteins": 234,
            "fat": 432,
            "carbohydrates": 111,
            "calories": 189,
            "price": 762,
            "image": "https://code.s3.yandex.net/react/code/core.png",
            "image_mobile": "https://code.s3.yandex.net/react/code/core-mobile.png",
            "image_large": "https://code.s3.yandex.net/react/code/core-large.png",
            "__v": 0
        },
        {
            "_id": "61c0c5a71d1f82001bdaaa79",
            "name": "Мини-салат Экзо-Плантаго",
            "type": "main",
            "proteins": 1,
            "fat": 2,
            "carbohydrates": 3,
            "calories": 6,
            "price": 4400,
            "image": "https://code.s3.yandex.net/react/code/salad.png",
            "image_mobile": "https://code.s3.yandex.net/react/code/salad-mobile.png",
            "image_large": "https://code.s3.yandex.net/react/code/salad-large.png",
            "__v": 0
        },
        {
            "_id": "61c0c5a71d1f82001bdaaa7a",
            "name": "Сыр с астероидной плесенью",
            "type": "main",
            "proteins": 84,
            "fat": 48,
            "carbohydrates": 420,
            "calories": 3377,
            "price": 4142,
            "image": "https://code.s3.yandex.net/react/code/cheese.png",
            "image_mobile": "https://code.s3.yandex.net/react/code/cheese-mobile.png",
            "image_large": "https://code.s3.yandex.net/react/code/cheese-large.png",
            "__v": 0
        }
    ]
}
HTTP/1.1 200 OK
Server: nginx/1.24.0 (Ubuntu)
Date: Mon, 02 Feb 2026 20:03:11 GMT
Content-Type: application/json; charset=utf-8
Content-Length: 5957
Connection: keep-alive
X-Powered-By: Express
Access-Control-Allow-Origin: *
ETag: W/"1745-LHZ7D8kBZWcbCGljCoPXtjB5CeA"

{
    "success": true,
    "data": [
        {
            "_id": "61c0c5a71d1f82001bdaaa6d",
            "name": "Флюоресцентная булка R2-D3",
            "type": "bun",
            "proteins": 44,
            "fat": 26,
            "carbohydrates": 85,
            "calories": 643,
            "price": 988,
            "image": "https://code.s3.yandex.net/react/code/bun-01.png",
            "image_mobile": "https://code.s3.yandex.net/react/code/bun-01-mobile.png",
            "image_large": "https://code.s3.yandex.net/react/code/bun-01-large.png",
            "__v": 0
        },
        {
            "_id": "61c0c5a71d1f82001bdaaa6f",
            "name": "Мясо бессмертных моллюсков Protostomia",
            "type": "main",
            "proteins": 433,
            "fat": 244,
            "carbohydrates": 33,
            "calories": 420,
            "price": 1337,
            "image": "https://code.s3.yandex.net/react/code/meat-02.png",
            "image_mobile": "https://code.s3.yandex.net/react/code/meat-02-mobile.png",
            "image_large": "https://code.s3.yandex.net/react/code/meat-02-large.png",
            "__v": 0
        },
        {
            "_id": "61c0c5a71d1f82001bdaaa70",
            "name": "Говяжий метеорит (отбивная)",
            "type": "main",
            "proteins": 800,
            "fat": 800,
            "carbohydrates": 300,
            "calories": 2674,
            "price": 3000,
            "image": "https://code.s3.yandex.net/react/code/meat-04.png",
            "image_mobile": "https://code.s3.yandex.net/react/code/meat-04-mobile.png",
            "image_large": "https://code.s3.yandex.net/react/code/meat-04-large.png",
            "__v": 0
        },
        {
            "_id": "61c0c5a71d1f82001bdaaa71",
            "name": "Биокотлета из марсианской Магнолии",
            "type": "main",
            "proteins": 420,
            "fat": 142,
            "carbohydrates": 242,
            "calories": 4242,
            "price": 424,
            "image": "https://code.s3.yandex.net/react/code/meat-01.png",
            "image_mobile": "https://code.s3.yandex.net/react/code/meat-01-mobile.png",
            "image_large": "https://code.s3.yandex.net/react/code/meat-01-large.png",
            "__v": 0
        },
        {
            "_id": "61c0c5a71d1f82001bdaaa72",
            "name": "Соус Spicy-X",
            "type": "sauce",
            "proteins": 30,
            "fat": 20,
            "carbohydrates": 40,
            "calories": 30,
            "price": 90,
            "image": "https://code.s3.yandex.net/react/code/sauce-02.png",
            "image_mobile": "https://code.s3.yandex.net/react/code/sauce-02-mobile.png",
            "image_large": "https://code.s3.yandex.net/react/code/sauce-02-large.png",
            "__v": 0
        },
        {
            "_id": "61c0c5a71d1f82001bdaaa6e",
            "name": "Филе Люминесцентного тетраодонтимформа",
            "type": "main",
            "proteins": 44,
            "fat": 26,
            "carbohydrates": 85,
            "calories": 643,
            "price": 988,
            "image": "https://code.s3.yandex.net/react/code/meat-03.png",
            "image_mobile": "https://code.s3.yandex.net/react/code/meat-03-mobile.png",
            "image_large": "https://code.s3.yandex.net/react/code/meat-03-large.png",
            "__v": 0
        },
        {
            "_id": "61c0c5a71d1f82001bdaaa73",
            "name": "Соус фирменный Space Sauce",
            "type": "sauce",
            "proteins": 50,
            "fat": 22,
            "carbohydrates": 11,
            "calories": 14,
            "price": 80,
            "image": "https://code.s3.yandex.net/react/code/sauce-04.png",
            "image_mobile": "https://code.s3.yandex.net/react/code/sauce-04-mobile.png",
            "image_large": "https://code.s3.yandex.net/react/code/sauce-04-large.png",
            "__v": 0
        },
        {
            "_id": "61c0c5a71d1f82001bdaaa74",
            "name": "Соус традиционный галактический",
            "type": "sauce",
            "proteins": 42,
            "fat": 24,
            "carbohydrates": 42,
            "calories": 99,
            "price": 15,
            "image": "https://code.s3.yandex.net/react/code/sauce-03.png",
            "image_mobile": "https://code.s3.yandex.net/react/code/sauce-03-mobile.png",
            "image_large": "https://code.s3.yandex.net/react/code/sauce-03-large.png",
            "__v": 0
        },
        {
            "_id": "61c0c5a71d1f82001bdaaa6c",
            "name": "Краторная булка N-200i",
            "type": "bun",
            "proteins": 80,
            "fat": 24,
            "carbohydrates": 53,
            "calories": 420,
            "price": 1255,
            "image": "https://code.s3.yandex.net/react/code/bun-02.png",
            "image_mobile": "https://code.s3.yandex.net/react/code/bun-02-mobile.png",
            "image_large": "https://code.s3.yandex.net/react/code/bun-02-large.png",
            "__v": 0
        },
        {
            "_id": "61c0c5a71d1f82001bdaaa75",
            "name": "Соус с шипами Антарианского плоскоходца",
            "type": "sauce",
            "proteins": 101,
            "fat": 99,
            "carbohydrates": 100,
            "calories": 100,
            "price": 88,
            "image": "https://code.s3.yandex.net/react/code/sauce-01.png",
            "image_mobile": "https://code.s3.yandex.net/react/code/sauce-01-mobile.png",
            "image_large": "https://code.s3.yandex.net/react/code/sauce-01-large.png",
            "__v": 0
        },
        {
            "_id": "61c0c5a71d1f82001bdaaa76",
            "name": "Хрустящие минеральные кольца",
            "type": "main",
            "proteins": 808,
            "fat": 689,
            "carbohydrates": 609,
            "calories": 986,
            "price": 300,
            "image": "https://code.s3.yandex.net/react/code/mineral_rings.png",
            "image_mobile": "https://code.s3.yandex.net/react/code/mineral_rings-mobile.png",
            "image_large": "https://code.s3.yandex.net/react/code/mineral_rings-large.png",
            "__v": 0
        },
        {
            "_id": "61c0c5a71d1f82001bdaaa77",
            "name": "Плоды Фалленианского дерева",
            "type": "main",
            "proteins": 20,
            "fat": 5,
            "carbohydrates": 55,
            "calories": 77,
            "price": 874,
            "image": "https://code.s3.yandex.net/react/code/sp_1.png",
            "image_mobile": "https://code.s3.yandex.net/react/code/sp_1-mobile.png",
            "image_large": "https://code.s3.yandex.net/react/code/sp_1-large.png",
            "__v": 0
        },
        {
            "_id": "61c0c5a71d1f82001bdaaa78",
            "name": "Кристаллы марсианских альфа-сахаридов",
            "type": "main",
            "proteins": 234,
            "fat": 432,
            "carbohydrates": 111,
            "calories": 189,
            "price": 762,
            "image": "https://code.s3.yandex.net/react/code/core.png",
            "image_mobile": "https://code.s3.yandex.net/react/code/core-mobile.png",
            "image_large": "https://code.s3.yandex.net/react/code/core-large.png",
            "__v": 0
        },
        {
            "_id": "61c0c5a71d1f82001bdaaa79",
            "name": "Мини-салат Экзо-Плантаго",
            "type": "main",
            "proteins": 1,
            "fat": 2,
            "carbohydrates": 3,
            "calories": 6,
            "price": 4400,
            "image": "https://code.s3.yandex.net/react/code/salad.png",
            "image_mobile": "https://code.s3.yandex.net/react/code/salad-mobile.png",
            "image_large": "https://code.s3.yandex.net/react/code/salad-large.png",
            "__v": 0
        },
        {
            "_id": "61c0c5a71d1f82001bdaaa7a",
            "name": "Сыр с астероидной плесенью",
            "type": "main",
            "proteins": 84,
            "fat": 48,
            "carbohydrates": 420,
            "calories": 3377,
            "price": 4142,
            "image": "https://code.s3.yandex.net/react/code/cheese.png",
            "image_mobile": "https://code.s3.yandex.net/react/code/cheese-mobile.png",
            "image_large": "https://code.s3.yandex.net/react/code/cheese-large.png",
            "__v": 0
        }
    ]
}
HTTP/1.1 200 OK
Server: nginx/1.24.0 (Ubuntu)
Date: Mon, 02 Feb 2026 20:03:11 GMT
Content-Type: application/json; charset=utf-8
Content-Length: 5957
Connection: keep-alive
X-Powered-By: Express
Access-Control-Allow-Origin: *
ETag: W/"1745-LHZ7D8kBZWcbCGljCoPXtjB5CeA"

{
    "success": true,
    "data": [
        {
            "_id": "61c0c5a71d1f82001bdaaa6d",
            "name": "Флюоресцентная булка R2-D3",
            "type": "bun",
            "proteins": 44,
            "fat": 26,
            "carbohydrates": 85,
            "calories": 643,
            "price": 988,
            "image": "https://code.s3.yandex.net/react/code/bun-01.png",
            "image_mobile": "https://code.s3.yandex.net/react/code/bun-01-mobile.png",
            "image_large": "https://code.s3.yandex.net/react/code/bun-01-large.png",
            "__v": 0
        },
        {
            "_id": "61c0c5a71d1f82001bdaaa6f",
            "name": "Мясо бессмертных моллюсков Protostomia",
            "type": "main",
            "proteins": 433,
            "fat": 244,
            "carbohydrates": 33,
            "calories": 420,
            "price": 1337,
            "image": "https://code.s3.yandex.net/react/code/meat-02.png",
            "image_mobile": "https://code.s3.yandex.net/react/code/meat-02-mobile.png",
            "image_large": "https://code.s3.yandex.net/react/code/meat-02-large.png",
            "__v": 0
        },
        {
            "_id": "61c0c5a71d1f82001bdaaa70",
            "name": "Говяжий метеорит (отбивная)",
            "type": "main",
            "proteins": 800,
            "fat": 800,
            "carbohydrates": 300,
            "calories": 2674,
            "price": 3000,
            "image": "https://code.s3.yandex.net/react/code/meat-04.png",
            "image_mobile": "https://code.s3.yandex.net/react/code/meat-04-mobile.png",
            "image_large": "https://code.s3.yandex.net/react/code/meat-04-large.png",
            "__v": 0
        },
        {
            "_id": "61c0c5a71d1f82001bdaaa71",
            "name": "Биокотлета из марсианской Магнолии",
            "type": "main",
            "proteins": 420,
            "fat": 142,
            "carbohydrates": 242,
            "calories": 4242,
            "price": 424,
            "image": "https://code.s3.yandex.net/react/code/meat-01.png",
            "image_mobile": "https://code.s3.yandex.net/react/code/meat-01-mobile.png",
            "image_large": "https://code.s3.yandex.net/react/code/meat-01-large.png",
            "__v": 0
        },
        {
            "_id": "61c0c5a71d1f82001bdaaa72",
            "name": "Соус Spicy-X",
            "type": "sauce",
            "proteins": 30,
            "fat": 20,
            "carbohydrates": 40,
            "calories": 30,
            "price": 90,
            "image": "https://code.s3.yandex.net/react/code/sauce-02.png",
            "image_mobile": "https://code.s3.yandex.net/react/code/sauce-02-mobile.png",
            "image_large": "https://code.s3.yandex.net/react/code/sauce-02-large.png",
            "__v": 0
        },
        {
            "_id": "61c0c5a71d1f82001bdaaa6e",
            "name": "Филе Люминесцентного тетраодонтимформа",
            "type": "main",
            "proteins": 44,
            "fat": 26,
            "carbohydrates": 85,
            "calories": 643,
            "price": 988,
            "image": "https://code.s3.yandex.net/react/code/meat-03.png",
            "image_mobile": "https://code.s3.yandex.net/react/code/meat-03-mobile.png",
            "image_large": "https://code.s3.yandex.net/react/code/meat-03-large.png",
            "__v": 0
        },
        {
            "_id": "61c0c5a71d1f82001bdaaa73",
            "name": "Соус фирменный Space Sauce",
            "type": "sauce",
            "proteins": 50,
            "fat": 22,
            "carbohydrates": 11,
            "calories": 14,
            "price": 80,
            "image": "https://code.s3.yandex.net/react/code/sauce-04.png",
            "image_mobile": "https://code.s3.yandex.net/react/code/sauce-04-mobile.png",
            "image_large": "https://code.s3.yandex.net/react/code/sauce-04-large.png",
            "__v": 0
        },
        {
            "_id": "61c0c5a71d1f82001bdaaa74",
            "name": "Соус традиционный галактический",
            "type": "sauce",
            "proteins": 42,
            "fat": 24,
            "carbohydrates": 42,
            "calories": 99,
            "price": 15,
            "image": "https://code.s3.yandex.net/react/code/sauce-03.png",
            "image_mobile": "https://code.s3.yandex.net/react/code/sauce-03-mobile.png",
            "image_large": "https://code.s3.yandex.net/react/code/sauce-03-large.png",
            "__v": 0
        },
        {
            "_id": "61c0c5a71d1f82001bdaaa6c",
            "name": "Краторная булка N-200i",
            "type": "bun",
            "proteins": 80,
            "fat": 24,
            "carbohydrates": 53,
            "calories": 420,
            "price": 1255,
            "image": "https://code.s3.yandex.net/react/code/bun-02.png",
            "image_mobile": "https://code.s3.yandex.net/react/code/bun-02-mobile.png",
            "image_large": "https://code.s3.yandex.net/react/code/bun-02-large.png",
            "__v": 0
        },
        {
            "_id": "61c0c5a71d1f82001bdaaa75",
            "name": "Соус с шипами Антарианского плоскоходца",
            "type": "sauce",
            "proteins": 101,
            "fat": 99,
            "carbohydrates": 100,
            "calories": 100,
            "price": 88,
            "image": "https://code.s3.yandex.net/react/code/sauce-01.png",
            "image_mobile": "https://code.s3.yandex.net/react/code/sauce-01-mobile.png",
            "image_large": "https://code.s3.yandex.net/react/code/sauce-01-large.png",
            "__v": 0
        },
        {
            "_id": "61c0c5a71d1f82001bdaaa76",
            "name": "Хрустящие минеральные кольца",
            "type": "main",
            "proteins": 808,
            "fat": 689,
            "carbohydrates": 609,
            "calories": 986,
            "price": 300,
            "image": "https://code.s3.yandex.net/react/code/mineral_rings.png",
            "image_mobile": "https://code.s3.yandex.net/react/code/mineral_rings-mobile.png",
            "image_large": "https://code.s3.yandex.net/react/code/mineral_rings-large.png",
            "__v": 0
        },
        {
            "_id": "61c0c5a71d1f82001bdaaa77",
            "name": "Плоды Фалленианского дерева",
            "type": "main",
            "proteins": 20,
            "fat": 5,
            "carbohydrates": 55,
            "calories": 77,
            "price": 874,
            "image": "https://code.s3.yandex.net/react/code/sp_1.png",
            "image_mobile": "https://code.s3.yandex.net/react/code/sp_1-mobile.png",
            "image_large": "https://code.s3.yandex.net/react/code/sp_1-large.png",
            "__v": 0
        },
        {
            "_id": "61c0c5a71d1f82001bdaaa78",
            "name": "Кристаллы марсианских альфа-сахаридов",
            "type": "main",
            "proteins": 234,
            "fat": 432,
            "carbohydrates": 111,
            "calories": 189,
            "price": 762,
            "image": "https://code.s3.yandex.net/react/code/core.png",
            "image_mobile": "https://code.s3.yandex.net/react/code/core-mobile.png",
            "image_large": "https://code.s3.yandex.net/react/code/core-large.png",
            "__v": 0
        },
        {
            "_id": "61c0c5a71d1f82001bdaaa79",
            "name": "Мини-салат Экзо-Плантаго",
            "type": "main",
            "proteins": 1,
            "fat": 2,
            "carbohydrates": 3,
            "calories": 6,
            "price": 4400,
            "image": "https://code.s3.yandex.net/react/code/salad.png",
            "image_mobile": "https://code.s3.yandex.net/react/code/salad-mobile.png",
            "image_large": "https://code.s3.yandex.net/react/code/salad-large.png",
            "__v": 0
        },
        {
            "_id": "61c0c5a71d1f82001bdaaa7a",
            "name": "Сыр с астероидной плесенью",
            "type": "main",
            "proteins": 84,
            "fat": 48,
            "carbohydrates": 420,
            "calories": 3377,
            "price": 4142,
            "image": "https://code.s3.yandex.net/react/code/cheese.png",
            "image_mobile": "https://code.s3.yandex.net/react/code/cheese-mobile.png",
            "image_large": "https://code.s3.yandex.net/react/code/cheese-large.png",
            "__v": 0
        }
    ]
}
HTTP/1.1 200 OK
Server: nginx/1.24.0 (Ubuntu)
Date: Mon, 02 Feb 2026 20:03:11 GMT
Content-Type: application/json; charset=utf-8
Content-Length: 5957
Connection: keep-alive
X-Powered-By: Express
Access-Control-Allow-Origin: *
ETag: W/"1745-LHZ7D8kBZWcbCGljCoPXtjB5CeA"

{
    "success": true,
    "data": [
        {
            "_id": "61c0c5a71d1f82001bdaaa6d",
            "name": "Флюоресцентная булка R2-D3",
            "type": "bun",
            "proteins": 44,
            "fat": 26,
            "carbohydrates": 85,
            "calories": 643,
            "price": 988,
            "image": "https://code.s3.yandex.net/react/code/bun-01.png",
            "image_mobile": "https://code.s3.yandex.net/react/code/bun-01-mobile.png",
            "image_large": "https://code.s3.yandex.net/react/code/bun-01-large.png",
            "__v": 0
        },
        {
            "_id": "61c0c5a71d1f82001bdaaa6f",
            "name": "Мясо бессмертных моллюсков Protostomia",
            "type": "main",
            "proteins": 433,
            "fat": 244,
            "carbohydrates": 33,
            "calories": 420,
            "price": 1337,
            "image": "https://code.s3.yandex.net/react/code/meat-02.png",
            "image_mobile": "https://code.s3.yandex.net/react/code/meat-02-mobile.png",
            "image_large": "https://code.s3.yandex.net/react/code/meat-02-large.png",
            "__v": 0
        },
        {
            "_id": "61c0c5a71d1f82001bdaaa70",
            "name": "Говяжий метеорит (отбивная)",
            "type": "main",
            "proteins": 800,
            "fat": 800,
            "carbohydrates": 300,
            "calories": 2674,
            "price": 3000,
            "image": "https://code.s3.yandex.net/react/code/meat-04.png",
            "image_mobile": "https://code.s3.yandex.net/react/code/meat-04-mobile.png",
            "image_large": "https://code.s3.yandex.net/react/code/meat-04-large.png",
            "__v": 0
        },
        {
            "_id": "61c0c5a71d1f82001bdaaa71",
            "name": "Биокотлета из марсианской Магнолии",
            "type": "main",
            "proteins": 420,
            "fat": 142,
            "carbohydrates": 242,
            "calories": 4242,
            "price": 424,
            "image": "https://code.s3.yandex.net/react/code/meat-01.png",
            "image_mobile": "https://code.s3.yandex.net/react/code/meat-01-mobile.png",
            "image_large": "https://code.s3.yandex.net/react/code/meat-01-large.png",
            "__v": 0
        },
        {
            "_id": "61c0c5a71d1f82001bdaaa72",
            "name": "Соус Spicy-X",
            "type": "sauce",
            "proteins": 30,
            "fat": 20,
            "carbohydrates": 40,
            "calories": 30,
            "price": 90,
            "image": "https://code.s3.yandex.net/react/code/sauce-02.png",
            "image_mobile": "https://code.s3.yandex.net/react/code/sauce-02-mobile.png",
            "image_large": "https://code.s3.yandex.net/react/code/sauce-02-large.png",
            "__v": 0
        },
        {
            "_id": "61c0c5a71d1f82001bdaaa6e",
            "name": "Филе Люминесцентного тетраодонтимформа",
            "type": "main",
            "proteins": 44,
            "fat": 26,
            "carbohydrates": 85,
            "calories": 643,
            "price": 988,
            "image": "https://code.s3.yandex.net/react/code/meat-03.png",
            "image_mobile": "https://code.s3.yandex.net/react/code/meat-03-mobile.png",
            "image_large": "https://code.s3.yandex.net/react/code/meat-03-large.png",
            "__v": 0
        },
        {
            "_id": "61c0c5a71d1f82001bdaaa73",
            "name": "Соус фирменный Space Sauce",
            "type": "sauce",
            "proteins": 50,
            "fat": 22,
            "carbohydrates": 11,
            "calories": 14,
            "price": 80,
            "image": "https://code.s3.yandex.net/react/code/sauce-04.png",
            "image_mobile": "https://code.s3.yandex.net/react/code/sauce-04-mobile.png",
            "image_large": "https://code.s3.yandex.net/react/code/sauce-04-large.png",
            "__v": 0
        },
        {
            "_id": "61c0c5a71d1f82001bdaaa74",
            "name": "Соус традиционный галактический",
            "type": "sauce",
            "proteins": 42,
            "fat": 24,
            "carbohydrates": 42,
            "calories": 99,
            "price": 15,
            "image": "https://code.s3.yandex.net/react/code/sauce-03.png",
            "image_mobile": "https://code.s3.yandex.net/react/code/sauce-03-mobile.png",
            "image_large": "https://code.s3.yandex.net/react/code/sauce-03-large.png",
            "__v": 0
        },
        {
            "_id": "61c0c5a71d1f82001bdaaa6c",
            "name": "Краторная булка N-200i",
            "type": "bun",
            "proteins": 80,
            "fat": 24,
            "carbohydrates": 53,
            "calories": 420,
            "price": 1255,
            "image": "https://code.s3.yandex.net/react/code/bun-02.png",
            "image_mobile": "https://code.s3.yandex.net/react/code/bun-02-mobile.png",
            "image_large": "https://code.s3.yandex.net/react/code/bun-02-large.png",
            "__v": 0
        },
        {
            "_id": "61c0c5a71d1f82001bdaaa75",
            "name": "Соус с шипами Антарианского плоскоходца",
            "type": "sauce",
            "proteins": 101,
            "fat": 99,
            "carbohydrates": 100,
            "calories": 100,
            "price": 88,
            "image": "https://code.s3.yandex.net/react/code/sauce-01.png",
            "image_mobile": "https://code.s3.yandex.net/react/code/sauce-01-mobile.png",
            "image_large": "https://code.s3.yandex.net/react/code/sauce-01-large.png",
            "__v": 0
        },
        {
            "_id": "61c0c5a71d1f82001bdaaa76",
            "name": "Хрустящие минеральные кольца",
            "type": "main",
            "proteins": 808,
            "fat": 689,
            "carbohydrates": 609,
            "calories": 986,
            "price": 300,
            "image": "https://code.s3.yandex.net/react/code/mineral_rings.png",
            "image_mobile": "https://code.s3.yandex.net/react/code/mineral_rings-mobile.png",
            "image_large": "https://code.s3.yandex.net/react/code/mineral_rings-large.png",
            "__v": 0
        },
        {
            "_id": "61c0c5a71d1f82001bdaaa77",
            "name": "Плоды Фалленианского дерева",
            "type": "main",
            "proteins": 20,
            "fat": 5,
            "carbohydrates": 55,
            "calories": 77,
            "price": 874,
            "image": "https://code.s3.yandex.net/react/code/sp_1.png",
            "image_mobile": "https://code.s3.yandex.net/react/code/sp_1-mobile.png",
            "image_large": "https://code.s3.yandex.net/react/code/sp_1-large.png",
            "__v": 0
        },
        {
            "_id": "61c0c5a71d1f82001bdaaa78",
            "name": "Кристаллы марсианских альфа-сахаридов",
            "type": "main",
            "proteins": 234,
            "fat": 432,
            "carbohydrates": 111,
            "calories": 189,
            "price": 762,
            "image": "https://code.s3.yandex.net/react/code/core.png",
            "image_mobile": "https://code.s3.yandex.net/react/code/core-mobile.png",
            "image_large": "https://code.s3.yandex.net/react/code/core-large.png",
            "__v": 0
        },
        {
            "_id": "61c0c5a71d1f82001bdaaa79",
            "name": "Мини-салат Экзо-Плантаго",
            "type": "main",
            "proteins": 1,
            "fat": 2,
            "carbohydrates": 3,
            "calories": 6,
            "price": 4400,
            "image": "https://code.s3.yandex.net/react/code/salad.png",
            "image_mobile": "https://code.s3.yandex.net/react/code/salad-mobile.png",
            "image_large": "https://code.s3.yandex.net/react/code/salad-large.png",
            "__v": 0
        },
        {
            "_id": "61c0c5a71d1f82001bdaaa7a",
            "name": "Сыр с астероидной плесенью",
            "type": "main",
            "proteins": 84,
            "fat": 48,
            "carbohydrates": 420,
            "calories": 3377,
            "price": 4142,
            "image": "https://code.s3.yandex.net/react/code/cheese.png",
            "image_mobile": "https://code.s3.yandex.net/react/code/cheese-mobile.png",
            "image_large": "https://code.s3.yandex.net/react/code/cheese-large.png",
            "__v": 0
        }
    ]
}
HTTP/1.1 200 OK
Server: nginx/1.24.0 (Ubuntu)
Date: Mon, 02 Feb 2026 20:03:11 GMT
Content-Type: application/json; charset=utf-8
Content-Length: 5957
Connection: keep-alive
X-Powered-By: Express
Access-Control-Allow-Origin: *
ETag: W/"1745-LHZ7D8kBZWcbCGljCoPXtjB5CeA"

{
    "success": true,
    "data": [
        {
            "_id": "61c0c5a71d1f82001bdaaa6d",
            "name": "Флюоресцентная булка R2-D3",
            "type": "bun",
            "proteins": 44,
            "fat": 26,
            "carbohydrates": 85,
            "calories": 643,
            "price": 988,
            "image": "https://code.s3.yandex.net/react/code/bun-01.png",
            "image_mobile": "https://code.s3.yandex.net/react/code/bun-01-mobile.png",
            "image_large": "https://code.s3.yandex.net/react/code/bun-01-large.png",
            "__v": 0
        },
        {
            "_id": "61c0c5a71d1f82001bdaaa6f",
            "name": "Мясо бессмертных моллюсков Protostomia",
            "type": "main",
            "proteins": 433,
            "fat": 244,
            "carbohydrates": 33,
            "calories": 420,
            "price": 1337,
            "image": "https://code.s3.yandex.net/react/code/meat-02.png",
            "image_mobile": "https://code.s3.yandex.net/react/code/meat-02-mobile.png",
            "image_large": "https://code.s3.yandex.net/react/code/meat-02-large.png",
            "__v": 0
        },
        {
            "_id": "61c0c5a71d1f82001bdaaa70",
            "name": "Говяжий метеорит (отбивная)",
            "type": "main",
            "proteins": 800,
            "fat": 800,
            "carbohydrates": 300,
            "calories": 2674,
            "price": 3000,
            "image": "https://code.s3.yandex.net/react/code/meat-04.png",
            "image_mobile": "https://code.s3.yandex.net/react/code/meat-04-mobile.png",
            "image_large": "https://code.s3.yandex.net/react/code/meat-04-large.png",
            "__v": 0
        },
        {
            "_id": "61c0c5a71d1f82001bdaaa71",
            "name": "Биокотлета из марсианской Магнолии",
            "type": "main",
            "proteins": 420,
            "fat": 142,
            "carbohydrates": 242,
            "calories": 4242,
            "price": 424,
            "image": "https://code.s3.yandex.net/react/code/meat-01.png",
            "image_mobile": "https://code.s3.yandex.net/react/code/meat-01-mobile.png",
            "image_large": "https://code.s3.yandex.net/react/code/meat-01-large.png",
            "__v": 0
        },
        {
            "_id": "61c0c5a71d1f82001bdaaa72",
            "name": "Соус Spicy-X",
            "type": "sauce",
            "proteins": 30,
            "fat": 20,
            "carbohydrates": 40,
            "calories": 30,
            "price": 90,
            "image": "https://code.s3.yandex.net/react/code/sauce-02.png",
            "image_mobile": "https://code.s3.yandex.net/react/code/sauce-02-mobile.png",
            "image_large": "https://code.s3.yandex.net/react/code/sauce-02-large.png",
            "__v": 0
        },
        {
            "_id": "61c0c5a71d1f82001bdaaa6e",
            "name": "Филе Люминесцентного тетраодонтимформа",
            "type": "main",
            "proteins": 44,
            "fat": 26,
            "carbohydrates": 85,
            "calories": 643,
            "price": 988,
            "image": "https://code.s3.yandex.net/react/code/meat-03.png",
            "image_mobile": "https://code.s3.yandex.net/react/code/meat-03-mobile.png",
            "image_large": "https://code.s3.yandex.net/react/code/meat-03-large.png",
            "__v": 0
        },
        {
            "_id": "61c0c5a71d1f82001bdaaa73",
            "name": "Соус фирменный Space Sauce",
            "type": "sauce",
            "proteins": 50,
            "fat": 22,
            "carbohydrates": 11,
            "calories": 14,
            "price": 80,
            "image": "https://code.s3.yandex.net/react/code/sauce-04.png",
            "image_mobile": "https://code.s3.yandex.net/react/code/sauce-04-mobile.png",
            "image_large": "https://code.s3.yandex.net/react/code/sauce-04-large.png",
            "__v": 0
        },
        {
            "_id": "61c0c5a71d1f82001bdaaa74",
            "name": "Соус традиционный галактический",
            "type": "sauce",
            "proteins": 42,
            "fat": 24,
            "carbohydrates": 42,
            "calories": 99,
            "price": 15,
            "image": "https://code.s3.yandex.net/react/code/sauce-03.png",
            "image_mobile": "https://code.s3.yandex.net/react/code/sauce-03-mobile.png",
            "image_large": "https://code.s3.yandex.net/react/code/sauce-03-large.png",
            "__v": 0
        },
        {
            "_id": "61c0c5a71d1f82001bdaaa6c",
            "name": "Краторная булка N-200i",
            "type": "bun",
            "proteins": 80,
            "fat": 24,
            "carbohydrates": 53,
            "calories": 420,
            "price": 1255,
            "image": "https://code.s3.yandex.net/react/code/bun-02.png",
            "image_mobile": "https://code.s3.yandex.net/react/code/bun-02-mobile.png",
            "image_large": "https://code.s3.yandex.net/react/code/bun-02-large.png",
            "__v": 0
        },
        {
            "_id": "61c0c5a71d1f82001bdaaa75",
            "name": "Соус с шипами Антарианского плоскоходца",
            "type": "sauce",
            "proteins": 101,
            "fat": 99,
            "carbohydrates": 100,
            "calories": 100,
            "price": 88,
            "image": "https://code.s3.yandex.net/react/code/sauce-01.png",
            "image_mobile": "https://code.s3.yandex.net/react/code/sauce-01-mobile.png",
            "image_large": "https://code.s3.yandex.net/react/code/sauce-01-large.png",
            "__v": 0
        },
        {
            "_id": "61c0c5a71d1f82001bdaaa76",
            "name": "Хрустящие минеральные кольца",
            "type": "main",
            "proteins": 808,
            "fat": 689,
            "carbohydrates": 609,
            "calories": 986,
            "price": 300,
            "image": "https://code.s3.yandex.net/react/code/mineral_rings.png",
            "image_mobile": "https://code.s3.yandex.net/react/code/mineral_rings-mobile.png",
            "image_large": "https://code.s3.yandex.net/react/code/mineral_rings-large.png",
            "__v": 0
        },
        {
            "_id": "61c0c5a71d1f82001bdaaa77",
            "name": "Плоды Фалленианского дерева",
            "type": "main",
            "proteins": 20,
            "fat": 5,
            "carbohydrates": 55,
            "calories": 77,
            "price": 874,
            "image": "https://code.s3.yandex.net/react/code/sp_1.png",
            "image_mobile": "https://code.s3.yandex.net/react/code/sp_1-mobile.png",
            "image_large": "https://code.s3.yandex.net/react/code/sp_1-large.png",
            "__v": 0
        },
        {
            "_id": "61c0c5a71d1f82001bdaaa78",
            "name": "Кристаллы марсианских альфа-сахаридов",
            "type": "main",
            "proteins": 234,
            "fat": 432,
            "carbohydrates": 111,
            "calories": 189,
            "price": 762,
            "image": "https://code.s3.yandex.net/react/code/core.png",
            "image_mobile": "https://code.s3.yandex.net/react/code/core-mobile.png",
            "image_large": "https://code.s3.yandex.net/react/code/core-large.png",
            "__v": 0
        },
        {
            "_id": "61c0c5a71d1f82001bdaaa79",
            "name": "Мини-салат Экзо-Плантаго",
            "type": "main",
            "proteins": 1,
            "fat": 2,
            "carbohydrates": 3,
            "calories": 6,
            "price": 4400,
            "image": "https://code.s3.yandex.net/react/code/salad.png",
            "image_mobile": "https://code.s3.yandex.net/react/code/salad-mobile.png",
            "image_large": "https://code.s3.yandex.net/react/code/salad-large.png",
            "__v": 0
        },
        {
            "_id": "61c0c5a71d1f82001bdaaa7a",
            "name": "Сыр с астероидной плесенью",
            "type": "main",
            "proteins": 84,
            "fat": 48,
            "carbohydrates": 420,
            "calories": 3377,
            "price": 4142,
            "image": "https://code.s3.yandex.net/react/code/cheese.png",
            "image_mobile": "https://code.s3.yandex.net/react/code/cheese-mobile.png",
            "image_large": "https://code.s3.yandex.net/react/code/cheese-large.png",
            "__v": 0
        }
    ]
}
HTTP/1.1 200 OK
Server: nginx/1.24.0 (Ubuntu)
Date: Mon, 02 Feb 2026 20:03:11 GMT
Content-Type: application/json; charset=utf-8
Content-Length: 5957
Connection: keep-alive
X-Powered-By: Express
Access-Control-Allow-Origin: *
ETag: W/"1745-LHZ7D8kBZWcbCGljCoPXtjB5CeA"

{
    "success": true,
    "data": [
        {
            "_id": "61c0c5a71d1f82001bdaaa6d",
            "name": "Флюоресцентная булка R2-D3",
            "type": "bun",
            "proteins": 44,
            "fat": 26,
            "carbohydrates": 85,
            "calories": 643,
            "price": 988,
            "image": "https://code.s3.yandex.net/react/code/bun-01.png",
            "image_mobile": "https://code.s3.yandex.net/react/code/bun-01-mobile.png",
            "image_large": "https://code.s3.yandex.net/react/code/bun-01-large.png",
            "__v": 0
        },
        {
            "_id": "61c0c5a71d1f82001bdaaa6f",
            "name": "Мясо бессмертных моллюсков Protostomia",
            "type": "main",
            "proteins": 433,
            "fat": 244,
            "carbohydrates": 33,
            "calories": 420,
            "price": 1337,
            "image": "https://code.s3.yandex.net/react/code/meat-02.png",
            "image_mobile": "https://code.s3.yandex.net/react/code/meat-02-mobile.png",
            "image_large": "https://code.s3.yandex.net/react/code/meat-02-large.png",
            "__v": 0
        },
        {
            "_id": "61c0c5a71d1f82001bdaaa70",
            "name": "Говяжий метеорит (отбивная)",
            "type": "main",
            "proteins": 800,
            "fat": 800,
            "carbohydrates": 300,
            "calories": 2674,
            "price": 3000,
            "image": "https://code.s3.yandex.net/react/code/meat-04.png",
            "image_mobile": "https://code.s3.yandex.net/react/code/meat-04-mobile.png",
            "image_large": "https://code.s3.yandex.net/react/code/meat-04-large.png",
            "__v": 0
        },
        {
            "_id": "61c0c5a71d1f82001bdaaa71",
            "name": "Биокотлета из марсианской Магнолии",
            "type": "main",
            "proteins": 420,
            "fat": 142,
            "carbohydrates": 242,
            "calories": 4242,
            "price": 424,
            "image": "https://code.s3.yandex.net/react/code/meat-01.png",
            "image_mobile": "https://code.s3.yandex.net/react/code/meat-01-mobile.png",
            "image_large": "https://code.s3.yandex.net/react/code/meat-01-large.png",
            "__v": 0
        },
        {
            "_id": "61c0c5a71d1f82001bdaaa72",
            "name": "Соус Spicy-X",
            "type": "sauce",
            "proteins": 30,
            "fat": 20,
            "carbohydrates": 40,
            "calories": 30,
            "price": 90,
            "image": "https://code.s3.yandex.net/react/code/sauce-02.png",
            "image_mobile": "https://code.s3.yandex.net/react/code/sauce-02-mobile.png",
            "image_large": "https://code.s3.yandex.net/react/code/sauce-02-large.png",
            "__v": 0
        },
        {
            "_id": "61c0c5a71d1f82001bdaaa6e",
            "name": "Филе Люминесцентного тетраодонтимформа",
            "type": "main",
            "proteins": 44,
            "fat": 26,
            "carbohydrates": 85,
            "calories": 643,
            "price": 988,
            "image": "https://code.s3.yandex.net/react/code/meat-03.png",
            "image_mobile": "https://code.s3.yandex.net/react/code/meat-03-mobile.png",
            "image_large": "https://code.s3.yandex.net/react/code/meat-03-large.png",
            "__v": 0
        },
        {
            "_id": "61c0c5a71d1f82001bdaaa73",
            "name": "Соус фирменный Space Sauce",
            "type": "sauce",
            "proteins": 50,
            "fat": 22,
            "carbohydrates": 11,
            "calories": 14,
            "price": 80,
            "image": "https://code.s3.yandex.net/react/code/sauce-04.png",
            "image_mobile": "https://code.s3.yandex.net/react/code/sauce-04-mobile.png",
            "image_large": "https://code.s3.yandex.net/react/code/sauce-04-large.png",
            "__v": 0
        },
        {
            "_id": "61c0c5a71d1f82001bdaaa74",
            "name": "Соус традиционный галактический",
            "type": "sauce",
            "proteins": 42,
            "fat": 24,
            "carbohydrates": 42,
            "calories": 99,
            "price": 15,
            "image": "https://code.s3.yandex.net/react/code/sauce-03.png",
            "image_mobile": "https://code.s3.yandex.net/react/code/sauce-03-mobile.png",
            "image_large": "https://code.s3.yandex.net/react/code/sauce-03-large.png",
            "__v": 0
        },
        {
            "_id": "61c0c5a71d1f82001bdaaa6c",
            "name": "Краторная булка N-200i",
            "type": "bun",
            "proteins": 80,
            "fat": 24,
            "carbohydrates": 53,
            "calories": 420,
            "price": 1255,
            "image": "https://code.s3.yandex.net/react/code/bun-02.png",
            "image_mobile": "https://code.s3.yandex.net/react/code/bun-02-mobile.png",
            "image_large": "https://code.s3.yandex.net/react/code/bun-02-large.png",
            "__v": 0
        },
        {
            "_id": "61c0c5a71d1f82001bdaaa75",
            "name": "Соус с шипами Антарианского плоскоходца",
            "type": "sauce",
            "proteins": 101,
            "fat": 99,
            "carbohydrates": 100,
            "calories": 100,
            "price": 88,
            "image": "https://code.s3.yandex.net/react/code/sauce-01.png",
            "image_mobile": "https://code.s3.yandex.net/react/code/sauce-01-mobile.png",
            "image_large": "https://code.s3.yandex.net/react/code/sauce-01-large.png",
            "__v": 0
        },
        {
            "_id": "61c0c5a71d1f82001bdaaa76",
            "name": "Хрустящие минеральные кольца",
            "type": "main",
            "proteins": 808,
            "fat": 689,
            "carbohydrates": 609,
            "calories": 986,
            "price": 300,
            "image": "https://code.s3.yandex.net/react/code/mineral_rings.png",
            "image_mobile": "https://code.s3.yandex.net/react/code/mineral_rings-mobile.png",
            "image_large": "https://code.s3.yandex.net/react/code/mineral_rings-large.png",
            "__v": 0
        },
        {
            "_id": "61c0c5a71d1f82001bdaaa77",
            "name": "Плоды Фалленианского дерева",
            "type": "main",
            "proteins": 20,
            "fat": 5,
            "carbohydrates": 55,
            "calories": 77,
            "price": 874,
            "image": "https://code.s3.yandex.net/react/code/sp_1.png",
            "image_mobile": "https://code.s3.yandex.net/react/code/sp_1-mobile.png",
            "image_large": "https://code.s3.yandex.net/react/code/sp_1-large.png",
            "__v": 0
        },
        {
            "_id": "61c0c5a71d1f82001bdaaa78",
            "name": "Кристаллы марсианских альфа-сахаридов",
            "type": "main",
            "proteins": 234,
            "fat": 432,
            "carbohydrates": 111,
            "calories": 189,
            "price": 762,
            "image": "https://code.s3.yandex.net/react/code/core.png",
            "image_mobile": "https://code.s3.yandex.net/react/code/core-mobile.png",
            "image_large": "https://code.s3.yandex.net/react/code/core-large.png",
            "__v": 0
        },
        {
            "_id": "61c0c5a71d1f82001bdaaa79",
            "name": "Мини-салат Экзо-Плантаго",
            "type": "main",
            "proteins": 1,
            "fat": 2,
            "carbohydrates": 3,
            "calories": 6,
            "price": 4400,
            "image": "https://code.s3.yandex.net/react/code/salad.png",
            "image_mobile": "https://code.s3.yandex.net/react/code/salad-mobile.png",
            "image_large": "https://code.s3.yandex.net/react/code/salad-large.png",
            "__v": 0
        },
        {
            "_id": "61c0c5a71d1f82001bdaaa7a",
            "name": "Сыр с астероидной плесенью",
            "type": "main",
            "proteins": 84,
            "fat": 48,
            "carbohydrates": 420,
            "calories": 3377,
            "price": 4142,
            "image": "https://code.s3.yandex.net/react/code/cheese.png",
            "image_mobile": "https://code.s3.yandex.net/react/code/cheese-mobile.png",
            "image_large": "https://code.s3.yandex.net/react/code/cheese-large.png",
            "__v": 0
        }
    ]
}
HTTP/1.1 200 OK
Server: nginx/1.24.0 (Ubuntu)
Date: Mon, 02 Feb 2026 20:03:11 GMT
Content-Type: application/json; charset=utf-8
Content-Length: 5957
Connection: keep-alive
X-Powered-By: Express
Access-Control-Allow-Origin: *
ETag: W/"1745-LHZ7D8kBZWcbCGljCoPXtjB5CeA"

{
    "success": true,
    "data": [
        {
            "_id": "61c0c5a71d1f82001bdaaa6d",
            "name": "Флюоресцентная булка R2-D3",
            "type": "bun",
            "proteins": 44,
            "fat": 26,
            "carbohydrates": 85,
            "calories": 643,
            "price": 988,
            "image": "https://code.s3.yandex.net/react/code/bun-01.png",
            "image_mobile": "https://code.s3.yandex.net/react/code/bun-01-mobile.png",
            "image_large": "https://code.s3.yandex.net/react/code/bun-01-large.png",
            "__v": 0
        },
        {
            "_id": "61c0c5a71d1f82001bdaaa6f",
            "name": "Мясо бессмертных моллюсков Protostomia",
            "type": "main",
            "proteins": 433,
            "fat": 244,
            "carbohydrates": 33,
            "calories": 420,
            "price": 1337,
            "image": "https://code.s3.yandex.net/react/code/meat-02.png",
            "image_mobile": "https://code.s3.yandex.net/react/code/meat-02-mobile.png",
            "image_large": "https://code.s3.yandex.net/react/code/meat-02-large.png",
            "__v": 0
        },
        {
            "_id": "61c0c5a71d1f82001bdaaa70",
            "name": "Говяжий метеорит (отбивная)",
            "type": "main",
            "proteins": 800,
            "fat": 800,
            "carbohydrates": 300,
            "calories": 2674,
            "price": 3000,
            "image": "https://code.s3.yandex.net/react/code/meat-04.png",
            "image_mobile": "https://code.s3.yandex.net/react/code/meat-04-mobile.png",
            "image_large": "https://code.s3.yandex.net/react/code/meat-04-large.png",
            "__v": 0
        },
        {
            "_id": "61c0c5a71d1f82001bdaaa71",
            "name": "Биокотлета из марсианской Магнолии",
            "type": "main",
            "proteins": 420,
            "fat": 142,
            "carbohydrates": 242,
            "calories": 4242,
            "price": 424,
            "image": "https://code.s3.yandex.net/react/code/meat-01.png",
            "image_mobile": "https://code.s3.yandex.net/react/code/meat-01-mobile.png",
            "image_large": "https://code.s3.yandex.net/react/code/meat-01-large.png",
            "__v": 0
        },
        {
            "_id": "61c0c5a71d1f82001bdaaa72",
            "name": "Соус Spicy-X",
            "type": "sauce",
            "proteins": 30,
            "fat": 20,
            "carbohydrates": 40,
            "calories": 30,
            "price": 90,
            "image": "https://code.s3.yandex.net/react/code/sauce-02.png",
            "image_mobile": "https://code.s3.yandex.net/react/code/sauce-02-mobile.png",
            "image_large": "https://code.s3.yandex.net/react/code/sauce-02-large.png",
            "__v": 0
        },
        {
            "_id": "61c0c5a71d1f82001bdaaa6e",
            "name": "Филе Люминесцентного тетраодонтимформа",
            "type": "main",
            "proteins": 44,
            "fat": 26,
            "carbohydrates": 85,
            "calories": 643,
            "price": 988,
            "image": "https://code.s3.yandex.net/react/code/meat-03.png",
            "image_mobile": "https://code.s3.yandex.net/react/code/meat-03-mobile.png",
            "image_large": "https://code.s3.yandex.net/react/code/meat-03-large.png",
            "__v": 0
        },
        {
            "_id": "61c0c5a71d1f82001bdaaa73",
            "name": "Соус фирменный Space Sauce",
            "type": "sauce",
            "proteins": 50,
            "fat": 22,
            "carbohydrates": 11,
            "calories": 14,
            "price": 80,
            "image": "https://code.s3.yandex.net/react/code/sauce-04.png",
            "image_mobile": "https://code.s3.yandex.net/react/code/sauce-04-mobile.png",
            "image_large": "https://code.s3.yandex.net/react/code/sauce-04-large.png",
            "__v": 0
        },
        {
            "_id": "61c0c5a71d1f82001bdaaa74",
            "name": "Соус традиционный галактический",
            "type": "sauce",
            "proteins": 42,
            "fat": 24,
            "carbohydrates": 42,
            "calories": 99,
            "price": 15,
            "image": "https://code.s3.yandex.net/react/code/sauce-03.png",
            "image_mobile": "https://code.s3.yandex.net/react/code/sauce-03-mobile.png",
            "image_large": "https://code.s3.yandex.net/react/code/sauce-03-large.png",
            "__v": 0
        },
        {
            "_id": "61c0c5a71d1f82001bdaaa6c",
            "name": "Краторная булка N-200i",
            "type": "bun",
            "proteins": 80,
            "fat": 24,
            "carbohydrates": 53,
            "calories": 420,
            "price": 1255,
            "image": "https://code.s3.yandex.net/react/code/bun-02.png",
            "image_mobile": "https://code.s3.yandex.net/react/code/bun-02-mobile.png",
            "image_large": "https://code.s3.yandex.net/react/code/bun-02-large.png",
            "__v": 0
        },
        {
            "_id": "61c0c5a71d1f82001bdaaa75",
            "name": "Соус с шипами Антарианского плоскоходца",
            "type": "sauce",
            "proteins": 101,
            "fat": 99,
            "carbohydrates": 100,
            "calories": 100,
            "price": 88,
            "image": "https://code.s3.yandex.net/react/code/sauce-01.png",
            "image_mobile": "https://code.s3.yandex.net/react/code/sauce-01-mobile.png",
            "image_large": "https://code.s3.yandex.net/react/code/sauce-01-large.png",
            "__v": 0
        },
        {
            "_id": "61c0c5a71d1f82001bdaaa76",
            "name": "Хрустящие минеральные кольца",
            "type": "main",
            "proteins": 808,
            "fat": 689,
            "carbohydrates": 609,
            "calories": 986,
            "price": 300,
            "image": "https://code.s3.yandex.net/react/code/mineral_rings.png",
            "image_mobile": "https://code.s3.yandex.net/react/code/mineral_rings-mobile.png",
            "image_large": "https://code.s3.yandex.net/react/code/mineral_rings-large.png",
            "__v": 0
        },
        {
            "_id": "61c0c5a71d1f82001bdaaa77",
            "name": "Плоды Фалленианского дерева",
            "type": "main",
            "proteins": 20,
            "fat": 5,
            "carbohydrates": 55,
            "calories": 77,
            "price": 874,
            "image": "https://code.s3.yandex.net/react/code/sp_1.png",
            "image_mobile": "https://code.s3.yandex.net/react/code/sp_1-mobile.png",
            "image_large": "https://code.s3.yandex.net/react/code/sp_1-large.png",
            "__v": 0
        },
        {
            "_id": "61c0c5a71d1f82001bdaaa78",
            "name": "Кристаллы марсианских альфа-сахаридов",
            "type": "main",
            "proteins": 234,
            "fat": 432,
            "carbohydrates": 111,
            "calories": 189,
            "price": 762,
            "image": "https://code.s3.yandex.net/react/code/core.png",
            "image_mobile": "https://code.s3.yandex.net/react/code/core-mobile.png",
            "image_large": "https://code.s3.yandex.net/react/code/core-large.png",
            "__v": 0
        },
        {
            "_id": "61c0c5a71d1f82001bdaaa79",
            "name": "Мини-салат Экзо-Плантаго",
            "type": "main",
            "proteins": 1,
            "fat": 2,
            "carbohydrates": 3,
            "calories": 6,
            "price": 4400,
            "image": "https://code.s3.yandex.net/react/code/salad.png",
            "image_mobile": "https://code.s3.yandex.net/react/code/salad-mobile.png",
            "image_large": "https://code.s3.yandex.net/react/code/salad-large.png",
            "__v": 0
        },
        {
            "_id": "61c0c5a71d1f82001bdaaa7a",
            "name": "Сыр с астероидной плесенью",
            "type": "main",
            "proteins": 84,
            "fat": 48,
            "carbohydrates": 420,
            "calories": 3377,
            "price": 4142,
            "image": "https://code.s3.yandex.net/react/code/cheese.png",
            "image_mobile": "https://code.s3.yandex.net/react/code/cheese-mobile.png",
            "image_large": "https://code.s3.yandex.net/react/code/cheese-large.png",
            "__v": 0
        }
    ]
}
HTTP/1.1 200 OK
Server: nginx/1.24.0 (Ubuntu)
Date: Mon, 02 Feb 2026 20:03:11 GMT
Content-Type: application/json; charset=utf-8
Content-Length: 5957
Connection: keep-alive
X-Powered-By: Express
Access-Control-Allow-Origin: *
ETag: W/"1745-LHZ7D8kBZWcbCGljCoPXtjB5CeA"

{
    "success": true,
    "data": [
        {
            "_id": "61c0c5a71d1f82001bdaaa6d",
            "name": "Флюоресцентная булка R2-D3",
            "type": "bun",
            "proteins": 44,
            "fat": 26,
            "carbohydrates": 85,
            "calories": 643,
            "price": 988,
            "image": "https://code.s3.yandex.net/react/code/bun-01.png",
            "image_mobile": "https://code.s3.yandex.net/react/code/bun-01-mobile.png",
            "image_large": "https://code.s3.yandex.net/react/code/bun-01-large.png",
            "__v": 0
        },
        {
            "_id": "61c0c5a71d1f82001bdaaa6f",
            "name": "Мясо бессмертных моллюсков Protostomia",
            "type": "main",
            "proteins": 433,
            "fat": 244,
            "carbohydrates": 33,
            "calories": 420,
            "price": 1337,
            "image": "https://code.s3.yandex.net/react/code/meat-02.png",
            "image_mobile": "https://code.s3.yandex.net/react/code/meat-02-mobile.png",
            "image_large": "https://code.s3.yandex.net/react/code/meat-02-large.png",
            "__v": 0
        },
        {
            "_id": "61c0c5a71d1f82001bdaaa70",
            "name": "Говяжий метеорит (отбивная)",
            "type": "main",
            "proteins": 800,
            "fat": 800,
            "carbohydrates": 300,
            "calories": 2674,
            "price": 3000,
            "image": "https://code.s3.yandex.net/react/code/meat-04.png",
            "image_mobile": "https://code.s3.yandex.net/react/code/meat-04-mobile.png",
            "image_large": "https://code.s3.yandex.net/react/code/meat-04-large.png",
            "__v": 0
        },
        {
            "_id": "61c0c5a71d1f82001bdaaa71",
            "name": "Биокотлета из марсианской Магнолии",
            "type": "main",
            "proteins": 420,
            "fat": 142,
            "carbohydrates": 242,
            "calories": 4242,
            "price": 424,
            "image": "https://code.s3.yandex.net/react/code/meat-01.png",
            "image_mobile": "https://code.s3.yandex.net/react/code/meat-01-mobile.png",
            "image_large": "https://code.s3.yandex.net/react/code/meat-01-large.png",
            "__v": 0
        },
        {
            "_id": "61c0c5a71d1f82001bdaaa72",
            "name": "Соус Spicy-X",
            "type": "sauce",
            "proteins": 30,
            "fat": 20,
            "carbohydrates": 40,
            "calories": 30,
            "price": 90,
            "image": "https://code.s3.yandex.net/react/code/sauce-02.png",
            "image_mobile": "https://code.s3.yandex.net/react/code/sauce-02-mobile.png",
            "image_large": "https://code.s3.yandex.net/react/code/sauce-02-large.png",
            "__v": 0
        },
        {
            "_id": "61c0c5a71d1f82001bdaaa6e",
            "name": "Филе Люминесцентного тетраодонтимформа",
            "type": "main",
            "proteins": 44,
            "fat": 26,
            "carbohydrates": 85,
            "calories": 643,
            "price": 988,
            "image": "https://code.s3.yandex.net/react/code/meat-03.png",
            "image_mobile": "https://code.s3.yandex.net/react/code/meat-03-mobile.png",
            "image_large": "https://code.s3.yandex.net/react/code/meat-03-large.png",
            "__v": 0
        },
        {
            "_id": "61c0c5a71d1f82001bdaaa73",
            "name": "Соус фирменный Space Sauce",
            "type": "sauce",
            "proteins": 50,
            "fat": 22,
            "carbohydrates": 11,
            "calories": 14,
            "price": 80,
            "image": "https://code.s3.yandex.net/react/code/sauce-04.png",
            "image_mobile": "https://code.s3.yandex.net/react/code/sauce-04-mobile.png",
            "image_large": "https://code.s3.yandex.net/react/code/sauce-04-large.png",
            "__v": 0
        },
        {
            "_id": "61c0c5a71d1f82001bdaaa74",
            "name": "Соус традиционный галактический",
            "type": "sauce",
            "proteins": 42,
            "fat": 24,
            "carbohydrates": 42,
            "calories": 99,
            "price": 15,
            "image": "https://code.s3.yandex.net/react/code/sauce-03.png",
            "image_mobile": "https://code.s3.yandex.net/react/code/sauce-03-mobile.png",
            "image_large": "https://code.s3.yandex.net/react/code/sauce-03-large.png",
            "__v": 0
        },
        {
            "_id": "61c0c5a71d1f82001bdaaa6c",
            "name": "Краторная булка N-200i",
            "type": "bun",
            "proteins": 80,
            "fat": 24,
            "carbohydrates": 53,
            "calories": 420,
            "price": 1255,
            "image": "https://code.s3.yandex.net/react/code/bun-02.png",
            "image_mobile": "https://code.s3.yandex.net/react/code/bun-02-mobile.png",
            "image_large": "https://code.s3.yandex.net/react/code/bun-02-large.png",
            "__v": 0
        },
        {
            "_id": "61c0c5a71d1f82001bdaaa75",
            "name": "Соус с шипами Антарианского плоскоходца",
            "type": "sauce",
            "proteins": 101,
            "fat": 99,
            "carbohydrates": 100,
            "calories": 100,
            "price": 88,
            "image": "https://code.s3.yandex.net/react/code/sauce-01.png",
            "image_mobile": "https://code.s3.yandex.net/react/code/sauce-01-mobile.png",
            "image_large": "https://code.s3.yandex.net/react/code/sauce-01-large.png",
            "__v": 0
        },
        {
            "_id": "61c0c5a71d1f82001bdaaa76",
            "name": "Хрустящие минеральные кольца",
            "type": "main",
            "proteins": 808,
            "fat": 689,
            "carbohydrates": 609,
            "calories": 986,
            "price": 300,
            "image": "https://code.s3.yandex.net/react/code/mineral_rings.png",
            "image_mobile": "https://code.s3.yandex.net/react/code/mineral_rings-mobile.png",
            "image_large": "https://code.s3.yandex.net/react/code/mineral_rings-large.png",
            "__v": 0
        },
        {
            "_id": "61c0c5a71d1f82001bdaaa77",
            "name": "Плоды Фалленианского дерева",
            "type": "main",
            "proteins": 20,
            "fat": 5,
            "carbohydrates": 55,
            "calories": 77,
            "price": 874,
            "image": "https://code.s3.yandex.net/react/code/sp_1.png",
            "image_mobile": "https://code.s3.yandex.net/react/code/sp_1-mobile.png",
            "image_large": "https://code.s3.yandex.net/react/code/sp_1-large.png",
            "__v": 0
        },
        {
            "_id": "61c0c5a71d1f82001bdaaa78",
            "name": "Кристаллы марсианских альфа-сахаридов",
            "type": "main",
            "proteins": 234,
            "fat": 432,
            "carbohydrates": 111,
            "calories": 189,
            "price": 762,
            "image": "https://code.s3.yandex.net/react/code/core.png",
            "image_mobile": "https://code.s3.yandex.net/react/code/core-mobile.png",
            "image_large": "https://code.s3.yandex.net/react/code/core-large.png",
            "__v": 0
        },
        {
            "_id": "61c0c5a71d1f82001bdaaa79",
            "name": "Мини-салат Экзо-Плантаго",
            "type": "main",
            "proteins": 1,
            "fat": 2,
            "carbohydrates": 3,
            "calories": 6,
            "price": 4400,
            "image": "https://code.s3.yandex.net/react/code/salad.png",
            "image_mobile": "https://code.s3.yandex.net/react/code/salad-mobile.png",
            "image_large": "https://code.s3.yandex.net/react/code/salad-large.png",
            "__v": 0
        },
        {
            "_id": "61c0c5a71d1f82001bdaaa7a",
            "name": "Сыр с астероидной плесенью",
            "type": "main",
            "proteins": 84,
            "fat": 48,
            "carbohydrates": 420,
            "calories": 3377,
            "price": 4142,
            "image": "https://code.s3.yandex.net/react/code/cheese.png",
            "image_mobile": "https://code.s3.yandex.net/react/code/cheese-mobile.png",
            "image_large": "https://code.s3.yandex.net/react/code/cheese-large.png",
            "__v": 0
        }
    ]
}
HTTP/1.1 200 OK
Server: nginx/1.24.0 (Ubuntu)
Date: Mon, 02 Feb 2026 20:03:11 GMT
Content-Type: application/json; charset=utf-8
Content-Length: 5957
Connection: keep-alive
X-Powered-By: Express
Access-Control-Allow-Origin: *
ETag: W/"1745-LHZ7D8kBZWcbCGljCoPXtjB5CeA"

{
    "success": true,
    "data": [
        {
            "_id": "61c0c5a71d1f82001bdaaa6d",
            "name": "Флюоресцентная булка R2-D3",
            "type": "bun",
            "proteins": 44,
            "fat": 26,
            "carbohydrates": 85,
            "calories": 643,
            "price": 988,
            "image": "https://code.s3.yandex.net/react/code/bun-01.png",
            "image_mobile": "https://code.s3.yandex.net/react/code/bun-01-mobile.png",
            "image_large": "https://code.s3.yandex.net/react/code/bun-01-large.png",
            "__v": 0
        },
        {
            "_id": "61c0c5a71d1f82001bdaaa6f",
            "name": "Мясо бессмертных моллюсков Protostomia",
            "type": "main",
            "proteins": 433,
            "fat": 244,
            "carbohydrates": 33,
            "calories": 420,
            "price": 1337,
            "image": "https://code.s3.yandex.net/react/code/meat-02.png",
            "image_mobile": "https://code.s3.yandex.net/react/code/meat-02-mobile.png",
            "image_large": "https://code.s3.yandex.net/react/code/meat-02-large.png",
            "__v": 0
        },
        {
            "_id": "61c0c5a71d1f82001bdaaa70",
            "name": "Говяжий метеорит (отбивная)",
            "type": "main",
            "proteins": 800,
            "fat": 800,
            "carbohydrates": 300,
            "calories": 2674,
            "price": 3000,
            "image": "https://code.s3.yandex.net/react/code/meat-04.png",
            "image_mobile": "https://code.s3.yandex.net/react/code/meat-04-mobile.png",
            "image_large": "https://code.s3.yandex.net/react/code/meat-04-large.png",
            "__v": 0
        },
        {
            "_id": "61c0c5a71d1f82001bdaaa71",
            "name": "Биокотлета из марсианской Магнолии",
            "type": "main",
            "proteins": 420,
            "fat": 142,
            "carbohydrates": 242,
            "calories": 4242,
            "price": 424,
            "image": "https://code.s3.yandex.net/react/code/meat-01.png",
            "image_mobile": "https://code.s3.yandex.net/react/code/meat-01-mobile.png",
            "image_large": "https://code.s3.yandex.net/react/code/meat-01-large.png",
            "__v": 0
        },
        {
            "_id": "61c0c5a71d1f82001bdaaa72",
            "name": "Соус Spicy-X",
            "type": "sauce",
            "proteins": 30,
            "fat": 20,
            "carbohydrates": 40,
            "calories": 30,
            "price": 90,
            "image": "https://code.s3.yandex.net/react/code/sauce-02.png",
            "image_mobile": "https://code.s3.yandex.net/react/code/sauce-02-mobile.png",
            "image_large": "https://code.s3.yandex.net/react/code/sauce-02-large.png",
            "__v": 0
        },
        {
            "_id": "61c0c5a71d1f82001bdaaa6e",
            "name": "Филе Люминесцентного тетраодонтимформа",
            "type": "main",
            "proteins": 44,
            "fat": 26,
            "carbohydrates": 85,
            "calories": 643,
            "price": 988,
            "image": "https://code.s3.yandex.net/react/code/meat-03.png",
            "image_mobile": "https://code.s3.yandex.net/react/code/meat-03-mobile.png",
            "image_large": "https://code.s3.yandex.net/react/code/meat-03-large.png",
            "__v": 0
        },
        {
            "_id": "61c0c5a71d1f82001bdaaa73",
            "name": "Соус фирменный Space Sauce",
            "type": "sauce",
            "proteins": 50,
            "fat": 22,
            "carbohydrates": 11,
            "calories": 14,
            "price": 80,
            "image": "https://code.s3.yandex.net/react/code/sauce-04.png",
            "image_mobile": "https://code.s3.yandex.net/react/code/sauce-04-mobile.png",
            "image_large": "https://code.s3.yandex.net/react/code/sauce-04-large.png",
            "__v": 0
        },
        {
            "_id": "61c0c5a71d1f82001bdaaa74",
            "name": "Соус традиционный галактический",
            "type": "sauce",
            "proteins": 42,
            "fat": 24,
            "carbohydrates": 42,
            "calories": 99,
            "price": 15,
            "image": "https://code.s3.yandex.net/react/code/sauce-03.png",
            "image_mobile": "https://code.s3.yandex.net/react/code/sauce-03-mobile.png",
            "image_large": "https://code.s3.yandex.net/react/code/sauce-03-large.png",
            "__v": 0
        },
        {
            "_id": "61c0c5a71d1f82001bdaaa6c",
            "name": "Краторная булка N-200i",
            "type": "bun",
            "proteins": 80,
            "fat": 24,
            "carbohydrates": 53,
            "calories": 420,
            "price": 1255,
            "image": "https://code.s3.yandex.net/react/code/bun-02.png",
            "image_mobile": "https://code.s3.yandex.net/react/code/bun-02-mobile.png",
            "image_large": "https://code.s3.yandex.net/react/code/bun-02-large.png",
            "__v": 0
        },
        {
            "_id": "61c0c5a71d1f82001bdaaa75",
            "name": "Соус с шипами Антарианского плоскоходца",
            "type": "sauce",
            "proteins": 101,
            "fat": 99,
            "carbohydrates": 100,
            "calories": 100,
            "price": 88,
            "image": "https://code.s3.yandex.net/react/code/sauce-01.png",
            "image_mobile": "https://code.s3.yandex.net/react/code/sauce-01-mobile.png",
            "image_large": "https://code.s3.yandex.net/react/code/sauce-01-large.png",
            "__v": 0
        },
        {
            "_id": "61c0c5a71d1f82001bdaaa76",
            "name": "Хрустящие минеральные кольца",
            "type": "main",
            "proteins": 808,
            "fat": 689,
            "carbohydrates": 609,
            "calories": 986,
            "price": 300,
            "image": "https://code.s3.yandex.net/react/code/mineral_rings.png",
            "image_mobile": "https://code.s3.yandex.net/react/code/mineral_rings-mobile.png",
            "image_large": "https://code.s3.yandex.net/react/code/mineral_rings-large.png",
            "__v": 0
        },
        {
            "_id": "61c0c5a71d1f82001bdaaa77",
            "name": "Плоды Фалленианского дерева",
            "type": "main",
            "proteins": 20,
            "fat": 5,
            "carbohydrates": 55,
            "calories": 77,
            "price": 874,
            "image": "https://code.s3.yandex.net/react/code/sp_1.png",
            "image_mobile": "https://code.s3.yandex.net/react/code/sp_1-mobile.png",
            "image_large": "https://code.s3.yandex.net/react/code/sp_1-large.png",
            "__v": 0
        },
        {
            "_id": "61c0c5a71d1f82001bdaaa78",
            "name": "Кристаллы марсианских альфа-сахаридов",
            "type": "main",
            "proteins": 234,
            "fat": 432,
            "carbohydrates": 111,
            "calories": 189,
            "price": 762,
            "image": "https://code.s3.yandex.net/react/code/core.png",
            "image_mobile": "https://code.s3.yandex.net/react/code/core-mobile.png",
            "image_large": "https://code.s3.yandex.net/react/code/core-large.png",
            "__v": 0
        },
        {
            "_id": "61c0c5a71d1f82001bdaaa79",
            "name": "Мини-салат Экзо-Плантаго",
            "type": "main",
            "proteins": 1,
            "fat": 2,
            "carbohydrates": 3,
            "calories": 6,
            "price": 4400,
            "image": "https://code.s3.yandex.net/react/code/salad.png",
            "image_mobile": "https://code.s3.yandex.net/react/code/salad-mobile.png",
            "image_large": "https://code.s3.yandex.net/react/code/salad-large.png",
            "__v": 0
        },
        {
            "_id": "61c0c5a71d1f82001bdaaa7a",
            "name": "Сыр с астероидной плесенью",
            "type": "main",
            "proteins": 84,
            "fat": 48,
            "carbohydrates": 420,
            "calories": 3377,
            "price": 4142,
            "image": "https://code.s3.yandex.net/react/code/cheese.png",
            "image_mobile": "https://code.s3.yandex.net/react/code/cheese-mobile.png",
            "image_large": "https://code.s3.yandex.net/react/code/cheese-large.png",
            "__v": 0
        }
    ]
}
HTTP/1.1 200 OK
Server: nginx/1.24.0 (Ubuntu)
Date: Mon, 02 Feb 2026 20:03:11 GMT
Content-Type: application/json; charset=utf-8
Content-Length: 5957
Connection: keep-alive
X-Powered-By: Express
Access-Control-Allow-Origin: *
ETag: W/"1745-LHZ7D8kBZWcbCGljCoPXtjB5CeA"

{
    "success": true,
    "data": [
        {
            "_id": "61c0c5a71d1f82001bdaaa6d",
            "name": "Флюоресцентная булка R2-D3",
            "type": "bun",
            "proteins": 44,
            "fat": 26,
            "carbohydrates": 85,
            "calories": 643,
            "price": 988,
            "image": "https://code.s3.yandex.net/react/code/bun-01.png",
            "image_mobile": "https://code.s3.yandex.net/react/code/bun-01-mobile.png",
            "image_large": "https://code.s3.yandex.net/react/code/bun-01-large.png",
            "__v": 0
        },
        {
            "_id": "61c0c5a71d1f82001bdaaa6f",
            "name": "Мясо бессмертных моллюсков Protostomia",
            "type": "main",
            "proteins": 433,
            "fat": 244,
            "carbohydrates": 33,
            "calories": 420,
            "price": 1337,
            "image": "https://code.s3.yandex.net/react/code/meat-02.png",
            "image_mobile": "https://code.s3.yandex.net/react/code/meat-02-mobile.png",
            "image_large": "https://code.s3.yandex.net/react/code/meat-02-large.png",
            "__v": 0
        },
        {
            "_id": "61c0c5a71d1f82001bdaaa70",
            "name": "Говяжий метеорит (отбивная)",
            "type": "main",
            "proteins": 800,
            "fat": 800,
            "carbohydrates": 300,
            "calories": 2674,
            "price": 3000,
            "image": "https://code.s3.yandex.net/react/code/meat-04.png",
            "image_mobile": "https://code.s3.yandex.net/react/code/meat-04-mobile.png",
            "image_large": "https://code.s3.yandex.net/react/code/meat-04-large.png",
            "__v": 0
        },
        {
            "_id": "61c0c5a71d1f82001bdaaa71",
            "name": "Биокотлета из марсианской Магнолии",
            "type": "main",
            "proteins": 420,
            "fat": 142,
            "carbohydrates": 242,
            "calories": 4242,
            "price": 424,
            "image": "https://code.s3.yandex.net/react/code/meat-01.png",
            "image_mobile": "https://code.s3.yandex.net/react/code/meat-01-mobile.png",
            "image_large": "https://code.s3.yandex.net/react/code/meat-01-large.png",
            "__v": 0
        },
        {
            "_id": "61c0c5a71d1f82001bdaaa72",
            "name": "Соус Spicy-X",
            "type": "sauce",
            "proteins": 30,
            "fat": 20,
            "carbohydrates": 40,
            "calories": 30,
            "price": 90,
            "image": "https://code.s3.yandex.net/react/code/sauce-02.png",
            "image_mobile": "https://code.s3.yandex.net/react/code/sauce-02-mobile.png",
            "image_large": "https://code.s3.yandex.net/react/code/sauce-02-large.png",
            "__v": 0
        },
        {
            "_id": "61c0c5a71d1f82001bdaaa6e",
            "name": "Филе Люминесцентного тетраодонтимформа",
            "type": "main",
            "proteins": 44,
            "fat": 26,
            "carbohydrates": 85,
            "calories": 643,
            "price": 988,
            "image": "https://code.s3.yandex.net/react/code/meat-03.png",
            "image_mobile": "https://code.s3.yandex.net/react/code/meat-03-mobile.png",
            "image_large": "https://code.s3.yandex.net/react/code/meat-03-large.png",
            "__v": 0
        },
        {
            "_id": "61c0c5a71d1f82001bdaaa73",
            "name": "Соус фирменный Space Sauce",
            "type": "sauce",
            "proteins": 50,
            "fat": 22,
            "carbohydrates": 11,
            "calories": 14,
            "price": 80,
            "image": "https://code.s3.yandex.net/react/code/sauce-04.png",
            "image_mobile": "https://code.s3.yandex.net/react/code/sauce-04-mobile.png",
            "image_large": "https://code.s3.yandex.net/react/code/sauce-04-large.png",
            "__v": 0
        },
        {
            "_id": "61c0c5a71d1f82001bdaaa74",
            "name": "Соус традиционный галактический",
            "type": "sauce",
            "proteins": 42,
            "fat": 24,
            "carbohydrates": 42,
            "calories": 99,
            "price": 15,
            "image": "https://code.s3.yandex.net/react/code/sauce-03.png",
            "image_mobile": "https://code.s3.yandex.net/react/code/sauce-03-mobile.png",
            "image_large": "https://code.s3.yandex.net/react/code/sauce-03-large.png",
            "__v": 0
        },
        {
            "_id": "61c0c5a71d1f82001bdaaa6c",
            "name": "Краторная булка N-200i",
            "type": "bun",
            "proteins": 80,
            "fat": 24,
            "carbohydrates": 53,
            "calories": 420,
            "price": 1255,
            "image": "https://code.s3.yandex.net/react/code/bun-02.png",
            "image_mobile": "https://code.s3.yandex.net/react/code/bun-02-mobile.png",
            "image_large": "https://code.s3.yandex.net/react/code/bun-02-large.png",
            "__v": 0
        },
        {
            "_id": "61c0c5a71d1f82001bdaaa75",
            "name": "Соус с шипами Антарианского плоскоходца",
            "type": "sauce",
            "proteins": 101,
            "fat": 99,
            "carbohydrates": 100,
            "calories": 100,
            "price": 88,
            "image": "https://code.s3.yandex.net/react/code/sauce-01.png",
            "image_mobile": "https://code.s3.yandex.net/react/code/sauce-01-mobile.png",
            "image_large": "https://code.s3.yandex.net/react/code/sauce-01-large.png",
            "__v": 0
        },
        {
            "_id": "61c0c5a71d1f82001bdaaa76",
            "name": "Хрустящие минеральные кольца",
            "type": "main",
            "proteins": 808,
            "fat": 689,
            "carbohydrates": 609,
            "calories": 986,
            "price": 300,
            "image": "https://code.s3.yandex.net/react/code/mineral_rings.png",
            "image_mobile": "https://code.s3.yandex.net/react/code/mineral_rings-mobile.png",
            "image_large": "https://code.s3.yandex.net/react/code/mineral_rings-large.png",
            "__v": 0
        },
        {
            "_id": "61c0c5a71d1f82001bdaaa77",
            "name": "Плоды Фалленианского дерева",
            "type": "main",
            "proteins": 20,
            "fat": 5,
            "carbohydrates": 55,
            "calories": 77,
            "price": 874,
            "image": "https://code.s3.yandex.net/react/code/sp_1.png",
            "image_mobile": "https://code.s3.yandex.net/react/code/sp_1-mobile.png",
            "image_large": "https://code.s3.yandex.net/react/code/sp_1-large.png",
            "__v": 0
        },
        {
            "_id": "61c0c5a71d1f82001bdaaa78",
            "name": "Кристаллы марсианских альфа-сахаридов",
            "type": "main",
            "proteins": 234,
            "fat": 432,
            "carbohydrates": 111,
            "calories": 189,
            "price": 762,
            "image": "https://code.s3.yandex.net/react/code/core.png",
            "image_mobile": "https://code.s3.yandex.net/react/code/core-mobile.png",
            "image_large": "https://code.s3.yandex.net/react/code/core-large.png",
            "__v": 0
        },
        {
            "_id": "61c0c5a71d1f82001bdaaa79",
            "name": "Мини-салат Экзо-Плантаго",
            "type": "main",
            "proteins": 1,
            "fat": 2,
            "carbohydrates": 3,
            "calories": 6,
            "price": 4400,
            "image": "https://code.s3.yandex.net/react/code/salad.png",
            "image_mobile": "https://code.s3.yandex.net/react/code/salad-mobile.png",
            "image_large": "https://code.s3.yandex.net/react/code/salad-large.png",
            "__v": 0
        },
        {
            "_id": "61c0c5a71d1f82001bdaaa7a",
            "name": "Сыр с астероидной плесенью",
            "type": "main",
            "proteins": 84,
            "fat": 48,
            "carbohydrates": 420,
            "calories": 3377,
            "price": 4142,
            "image": "https://code.s3.yandex.net/react/code/cheese.png",
            "image_mobile": "https://code.s3.yandex.net/react/code/cheese-mobile.png",
            "image_large": "https://code.s3.yandex.net/react/code/cheese-large.png",
            "__v": 0
        }
    ]
}
HTTP/1.1 200 OK
Server: nginx/1.24.0 (Ubuntu)
Date: Mon, 02 Feb 2026 20:03:11 GMT
Content-Type: application/json; charset=utf-8
Content-Length: 5957
Connection: keep-alive
X-Powered-By: Express
Access-Control-Allow-Origin: *
ETag: W/"1745-LHZ7D8kBZWcbCGljCoPXtjB5CeA"

{
    "success": true,
    "data": [
        {
            "_id": "61c0c5a71d1f82001bdaaa6d",
            "name": "Флюоресцентная булка R2-D3",
            "type": "bun",
            "proteins": 44,
            "fat": 26,
            "carbohydrates": 85,
            "calories": 643,
            "price": 988,
            "image": "https://code.s3.yandex.net/react/code/bun-01.png",
            "image_mobile": "https://code.s3.yandex.net/react/code/bun-01-mobile.png",
            "image_large": "https://code.s3.yandex.net/react/code/bun-01-large.png",
            "__v": 0
        },
        {
            "_id": "61c0c5a71d1f82001bdaaa6f",
            "name": "Мясо бессмертных моллюсков Protostomia",
            "type": "main",
            "proteins": 433,
            "fat": 244,
            "carbohydrates": 33,
            "calories": 420,
            "price": 1337,
            "image": "https://code.s3.yandex.net/react/code/meat-02.png",
            "image_mobile": "https://code.s3.yandex.net/react/code/meat-02-mobile.png",
            "image_large": "https://code.s3.yandex.net/react/code/meat-02-large.png",
            "__v": 0
        },
        {
            "_id": "61c0c5a71d1f82001bdaaa70",
            "name": "Говяжий метеорит (отбивная)",
            "type": "main",
            "proteins": 800,
            "fat": 800,
            "carbohydrates": 300,
            "calories": 2674,
            "price": 3000,
            "image": "https://code.s3.yandex.net/react/code/meat-04.png",
            "image_mobile": "https://code.s3.yandex.net/react/code/meat-04-mobile.png",
            "image_large": "https://code.s3.yandex.net/react/code/meat-04-large.png",
            "__v": 0
        },
        {
            "_id": "61c0c5a71d1f82001bdaaa71",
            "name": "Биокотлета из марсианской Магнолии",
            "type": "main",
            "proteins": 420,
            "fat": 142,
            "carbohydrates": 242,
            "calories": 4242,
            "price": 424,
            "image": "https://code.s3.yandex.net/react/code/meat-01.png",
            "image_mobile": "https://code.s3.yandex.net/react/code/meat-01-mobile.png",
            "image_large": "https://code.s3.yandex.net/react/code/meat-01-large.png",
            "__v": 0
        },
        {
            "_id": "61c0c5a71d1f82001bdaaa72",
            "name": "Соус Spicy-X",
            "type": "sauce",
            "proteins": 30,
            "fat": 20,
            "carbohydrates": 40,
            "calories": 30,
            "price": 90,
            "image": "https://code.s3.yandex.net/react/code/sauce-02.png",
            "image_mobile": "https://code.s3.yandex.net/react/code/sauce-02-mobile.png",
            "image_large": "https://code.s3.yandex.net/react/code/sauce-02-large.png",
            "__v": 0
        },
        {
            "_id": "61c0c5a71d1f82001bdaaa6e",
            "name": "Филе Люминесцентного тетраодонтимформа",
            "type": "main",
            "proteins": 44,
            "fat": 26,
            "carbohydrates": 85,
            "calories": 643,
            "price": 988,
            "image": "https://code.s3.yandex.net/react/code/meat-03.png",
            "image_mobile": "https://code.s3.yandex.net/react/code/meat-03-mobile.png",
            "image_large": "https://code.s3.yandex.net/react/code/meat-03-large.png",
            "__v": 0
        },
        {
            "_id": "61c0c5a71d1f82001bdaaa73",
            "name": "Соус фирменный Space Sauce",
            "type": "sauce",
            "proteins": 50,
            "fat": 22,
            "carbohydrates": 11,
            "calories": 14,
            "price": 80,
            "image": "https://code.s3.yandex.net/react/code/sauce-04.png",
            "image_mobile": "https://code.s3.yandex.net/react/code/sauce-04-mobile.png",
            "image_large": "https://code.s3.yandex.net/react/code/sauce-04-large.png",
            "__v": 0
        },
        {
            "_id": "61c0c5a71d1f82001bdaaa74",
            "name": "Соус традиционный галактический",
            "type": "sauce",
            "proteins": 42,
            "fat": 24,
            "carbohydrates": 42,
            "calories": 99,
            "price": 15,
            "image": "https://code.s3.yandex.net/react/code/sauce-03.png",
            "image_mobile": "https://code.s3.yandex.net/react/code/sauce-03-mobile.png",
            "image_large": "https://code.s3.yandex.net/react/code/sauce-03-large.png",
            "__v": 0
        },
        {
            "_id": "61c0c5a71d1f82001bdaaa6c",
            "name": "Краторная булка N-200i",
            "type": "bun",
            "proteins": 80,
            "fat": 24,
            "carbohydrates": 53,
            "calories": 420,
            "price": 1255,
            "image": "https://code.s3.yandex.net/react/code/bun-02.png",
            "image_mobile": "https://code.s3.yandex.net/react/code/bun-02-mobile.png",
            "image_large": "https://code.s3.yandex.net/react/code/bun-02-large.png",
            "__v": 0
        },
        {
            "_id": "61c0c5a71d1f82001bdaaa75",
            "name": "Соус с шипами Антарианского плоскоходца",
            "type": "sauce",
            "proteins": 101,
            "fat": 99,
            "carbohydrates": 100,
            "calories": 100,
            "price": 88,
            "image": "https://code.s3.yandex.net/react/code/sauce-01.png",
            "image_mobile": "https://code.s3.yandex.net/react/code/sauce-01-mobile.png",
            "image_large": "https://code.s3.yandex.net/react/code/sauce-01-large.png",
            "__v": 0
        },
        {
            "_id": "61c0c5a71d1f82001bdaaa76",
            "name": "Хрустящие минеральные кольца",
            "type": "main",
            "proteins": 808,
            "fat": 689,
            "carbohydrates": 609,
            "calories": 986,
            "price": 300,
            "image": "https://code.s3.yandex.net/react/code/mineral_rings.png",
            "image_mobile": "https://code.s3.yandex.net/react/code/mineral_rings-mobile.png",
            "image_large": "https://code.s3.yandex.net/react/code/mineral_rings-large.png",
            "__v": 0
        },
        {
            "_id": "61c0c5a71d1f82001bdaaa77",
            "name": "Плоды Фалленианского дерева",
            "type": "main",
            "proteins": 20,
            "fat": 5,
            "carbohydrates": 55,
            "calories": 77,
            "price": 874,
            "image": "https://code.s3.yandex.net/react/code/sp_1.png",
            "image_mobile": "https://code.s3.yandex.net/react/code/sp_1-mobile.png",
            "image_large": "https://code.s3.yandex.net/react/code/sp_1-large.png",
            "__v": 0
        },
        {
            "_id": "61c0c5a71d1f82001bdaaa78",
            "name": "Кристаллы марсианских альфа-сахаридов",
            "type": "main",
            "proteins": 234,
            "fat": 432,
            "carbohydrates": 111,
            "calories": 189,
            "price": 762,
            "image": "https://code.s3.yandex.net/react/code/core.png",
            "image_mobile": "https://code.s3.yandex.net/react/code/core-mobile.png",
            "image_large": "https://code.s3.yandex.net/react/code/core-large.png",
            "__v": 0
        },
        {
            "_id": "61c0c5a71d1f82001bdaaa79",
            "name": "Мини-салат Экзо-Плантаго",
            "type": "main",
            "proteins": 1,
            "fat": 2,
            "carbohydrates": 3,
            "calories": 6,
            "price": 4400,
            "image": "https://code.s3.yandex.net/react/code/salad.png",
            "image_mobile": "https://code.s3.yandex.net/react/code/salad-mobile.png",
            "image_large": "https://code.s3.yandex.net/react/code/salad-large.png",
            "__v": 0
        },
        {
            "_id": "61c0c5a71d1f82001bdaaa7a",
            "name": "Сыр с астероидной плесенью",
            "type": "main",
            "proteins": 84,
            "fat": 48,
            "carbohydrates": 420,
            "calories": 3377,
            "price": 4142,
            "image": "https://code.s3.yandex.net/react/code/cheese.png",
            "image_mobile": "https://code.s3.yandex.net/react/code/cheese-mobile.png",
            "image_large": "https://code.s3.yandex.net/react/code/cheese-large.png",
            "__v": 0
        }
    ]
}
HTTP/1.1 200 OK
Server: nginx/1.24.0 (Ubuntu)
Date: Mon, 02 Feb 2026 20:03:11 GMT
Content-Type: application/json; charset=utf-8
Content-Length: 5957
Connection: keep-alive
X-Powered-By: Express
Access-Control-Allow-Origin: *
ETag: W/"1745-LHZ7D8kBZWcbCGljCoPXtjB5CeA"

{
    "success": true,
    "data": [
        {
            "_id": "61c0c5a71d1f82001bdaaa6d",
            "name": "Флюоресцентная булка R2-D3",
            "type": "bun",
            "proteins": 44,
            "fat": 26,
            "carbohydrates": 85,
            "calories": 643,
            "price": 988,
            "image": "https://code.s3.yandex.net/react/code/bun-01.png",
            "image_mobile": "https://code.s3.yandex.net/react/code/bun-01-mobile.png",
            "image_large": "https://code.s3.yandex.net/react/code/bun-01-large.png",
            "__v": 0
        },
        {
            "_id": "61c0c5a71d1f82001bdaaa6f",
            "name": "Мясо бессмертных моллюсков Protostomia",
            "type": "main",
            "proteins": 433,
            "fat": 244,
            "carbohydrates": 33,
            "calories": 420,
            "price": 1337,
            "image": "https://code.s3.yandex.net/react/code/meat-02.png",
            "image_mobile": "https://code.s3.yandex.net/react/code/meat-02-mobile.png",
            "image_large": "https://code.s3.yandex.net/react/code/meat-02-large.png",
            "__v": 0
        },
        {
            "_id": "61c0c5a71d1f82001bdaaa70",
            "name": "Говяжий метеорит (отбивная)",
            "type": "main",
            "proteins": 800,
            "fat": 800,
            "carbohydrates": 300,
            "calories": 2674,
            "price": 3000,
            "image": "https://code.s3.yandex.net/react/code/meat-04.png",
            "image_mobile": "https://code.s3.yandex.net/react/code/meat-04-mobile.png",
            "image_large": "https://code.s3.yandex.net/react/code/meat-04-large.png",
            "__v": 0
        },
        {
            "_id": "61c0c5a71d1f82001bdaaa71",
            "name": "Биокотлета из марсианской Магнолии",
            "type": "main",
            "proteins": 420,
            "fat": 142,
            "carbohydrates": 242,
            "calories": 4242,
            "price": 424,
            "image": "https://code.s3.yandex.net/react/code/meat-01.png",
            "image_mobile": "https://code.s3.yandex.net/react/code/meat-01-mobile.png",
            "image_large": "https://code.s3.yandex.net/react/code/meat-01-large.png",
            "__v": 0
        },
        {
            "_id": "61c0c5a71d1f82001bdaaa72",
            "name": "Соус Spicy-X",
            "type": "sauce",
            "proteins": 30,
            "fat": 20,
            "carbohydrates": 40,
            "calories": 30,
            "price": 90,
            "image": "https://code.s3.yandex.net/react/code/sauce-02.png",
            "image_mobile": "https://code.s3.yandex.net/react/code/sauce-02-mobile.png",
            "image_large": "https://code.s3.yandex.net/react/code/sauce-02-large.png",
            "__v": 0
        },
        {
            "_id": "61c0c5a71d1f82001bdaaa6e",
            "name": "Филе Люминесцентного тетраодонтимформа",
            "type": "main",
            "proteins": 44,
            "fat": 26,
            "carbohydrates": 85,
            "calories": 643,
            "price": 988,
            "image": "https://code.s3.yandex.net/react/code/meat-03.png",
            "image_mobile": "https://code.s3.yandex.net/react/code/meat-03-mobile.png",
            "image_large": "https://code.s3.yandex.net/react/code/meat-03-large.png",
            "__v": 0
        },
        {
            "_id": "61c0c5a71d1f82001bdaaa73",
            "name": "Соус фирменный Space Sauce",
            "type": "sauce",
            "proteins": 50,
            "fat": 22,
            "carbohydrates": 11,
            "calories": 14,
            "price": 80,
            "image": "https://code.s3.yandex.net/react/code/sauce-04.png",
            "image_mobile": "https://code.s3.yandex.net/react/code/sauce-04-mobile.png",
            "image_large": "https://code.s3.yandex.net/react/code/sauce-04-large.png",
            "__v": 0
        },
        {
            "_id": "61c0c5a71d1f82001bdaaa74",
            "name": "Соус традиционный галактический",
            "type": "sauce",
            "proteins": 42,
            "fat": 24,
            "carbohydrates": 42,
            "calories": 99,
            "price": 15,
            "image": "https://code.s3.yandex.net/react/code/sauce-03.png",
            "image_mobile": "https://code.s3.yandex.net/react/code/sauce-03-mobile.png",
            "image_large": "https://code.s3.yandex.net/react/code/sauce-03-large.png",
            "__v": 0
        },
        {
            "_id": "61c0c5a71d1f82001bdaaa6c",
            "name": "Краторная булка N-200i",
            "type": "bun",
            "proteins": 80,
            "fat": 24,
            "carbohydrates": 53,
            "calories": 420,
            "price": 1255,
            "image": "https://code.s3.yandex.net/react/code/bun-02.png",
            "image_mobile": "https://code.s3.yandex.net/react/code/bun-02-mobile.png",
            "image_large": "https://code.s3.yandex.net/react/code/bun-02-large.png",
            "__v": 0
        },
        {
            "_id": "61c0c5a71d1f82001bdaaa75",
            "name": "Соус с шипами Антарианского плоскоходца",
            "type": "sauce",
            "proteins": 101,
            "fat": 99,
            "carbohydrates": 100,
            "calories": 100,
            "price": 88,
            "image": "https://code.s3.yandex.net/react/code/sauce-01.png",
            "image_mobile": "https://code.s3.yandex.net/react/code/sauce-01-mobile.png",
            "image_large": "https://code.s3.yandex.net/react/code/sauce-01-large.png",
            "__v": 0
        },
        {
            "_id": "61c0c5a71d1f82001bdaaa76",
            "name": "Хрустящие минеральные кольца",
            "type": "main",
            "proteins": 808,
            "fat": 689,
            "carbohydrates": 609,
            "calories": 986,
            "price": 300,
            "image": "https://code.s3.yandex.net/react/code/mineral_rings.png",
            "image_mobile": "https://code.s3.yandex.net/react/code/mineral_rings-mobile.png",
            "image_large": "https://code.s3.yandex.net/react/code/mineral_rings-large.png",
            "__v": 0
        },
        {
            "_id": "61c0c5a71d1f82001bdaaa77",
            "name": "Плоды Фалленианского дерева",
            "type": "main",
            "proteins": 20,
            "fat": 5,
            "carbohydrates": 55,
            "calories": 77,
            "price": 874,
            "image": "https://code.s3.yandex.net/react/code/sp_1.png",
            "image_mobile": "https://code.s3.yandex.net/react/code/sp_1-mobile.png",
            "image_large": "https://code.s3.yandex.net/react/code/sp_1-large.png",
            "__v": 0
        },
        {
            "_id": "61c0c5a71d1f82001bdaaa78",
            "name": "Кристаллы марсианских альфа-сахаридов",
            "type": "main",
            "proteins": 234,
            "fat": 432,
            "carbohydrates": 111,
            "calories": 189,
            "price": 762,
            "image": "https://code.s3.yandex.net/react/code/core.png",
            "image_mobile": "https://code.s3.yandex.net/react/code/core-mobile.png",
            "image_large": "https://code.s3.yandex.net/react/code/core-large.png",
            "__v": 0
        },
        {
            "_id": "61c0c5a71d1f82001bdaaa79",
            "name": "Мини-салат Экзо-Плантаго",
            "type": "main",
            "proteins": 1,
            "fat": 2,
            "carbohydrates": 3,
            "calories": 6,
            "price": 4400,
            "image": "https://code.s3.yandex.net/react/code/salad.png",
            "image_mobile": "https://code.s3.yandex.net/react/code/salad-mobile.png",
            "image_large": "https://code.s3.yandex.net/react/code/salad-large.png",
            "__v": 0
        },
        {
            "_id": "61c0c5a71d1f82001bdaaa7a",
            "name": "Сыр с астероидной плесенью",
            "type": "main",
            "proteins": 84,
            "fat": 48,
            "carbohydrates": 420,
            "calories": 3377,
            "price": 4142,
            "image": "https://code.s3.yandex.net/react/code/cheese.png",
            "image_mobile": "https://code.s3.yandex.net/react/code/cheese-mobile.png",
            "image_large": "https://code.s3.yandex.net/react/code/cheese-large.png",
            "__v": 0
        }
    ]
}
HTTP/1.1 200 OK
Server: nginx/1.24.0 (Ubuntu)
Date: Mon, 02 Feb 2026 20:03:11 GMT
Content-Type: application/json; charset=utf-8
Content-Length: 5957
Connection: keep-alive
X-Powered-By: Express
Access-Control-Allow-Origin: *
ETag: W/"1745-LHZ7D8kBZWcbCGljCoPXtjB5CeA"

{
    "success": true,
    "data": [
        {
            "_id": "61c0c5a71d1f82001bdaaa6d",
            "name": "Флюоресцентная булка R2-D3",
            "type": "bun",
            "proteins": 44,
            "fat": 26,
            "carbohydrates": 85,
            "calories": 643,
            "price": 988,
            "image": "https://code.s3.yandex.net/react/code/bun-01.png",
            "image_mobile": "https://code.s3.yandex.net/react/code/bun-01-mobile.png",
            "image_large": "https://code.s3.yandex.net/react/code/bun-01-large.png",
            "__v": 0
        },
        {
            "_id": "61c0c5a71d1f82001bdaaa6f",
            "name": "Мясо бессмертных моллюсков Protostomia",
            "type": "main",
            "proteins": 433,
            "fat": 244,
            "carbohydrates": 33,
            "calories": 420,
            "price": 1337,
            "image": "https://code.s3.yandex.net/react/code/meat-02.png",
            "image_mobile": "https://code.s3.yandex.net/react/code/meat-02-mobile.png",
            "image_large": "https://code.s3.yandex.net/react/code/meat-02-large.png",
            "__v": 0
        },
        {
            "_id": "61c0c5a71d1f82001bdaaa70",
            "name": "Говяжий метеорит (отбивная)",
            "type": "main",
            "proteins": 800,
            "fat": 800,
            "carbohydrates": 300,
            "calories": 2674,
            "price": 3000,
            "image": "https://code.s3.yandex.net/react/code/meat-04.png",
            "image_mobile": "https://code.s3.yandex.net/react/code/meat-04-mobile.png",
            "image_large": "https://code.s3.yandex.net/react/code/meat-04-large.png",
            "__v": 0
        },
        {
            "_id": "61c0c5a71d1f82001bdaaa71",
            "name": "Биокотлета из марсианской Магнолии",
            "type": "main",
            "proteins": 420,
            "fat": 142,
            "carbohydrates": 242,
            "calories": 4242,
            "price": 424,
            "image": "https://code.s3.yandex.net/react/code/meat-01.png",
            "image_mobile": "https://code.s3.yandex.net/react/code/meat-01-mobile.png",
            "image_large": "https://code.s3.yandex.net/react/code/meat-01-large.png",
            "__v": 0
        },
        {
            "_id": "61c0c5a71d1f82001bdaaa72",
            "name": "Соус Spicy-X",
            "type": "sauce",
            "proteins": 30,
            "fat": 20,
            "carbohydrates": 40,
            "calories": 30,
            "price": 90,
            "image": "https://code.s3.yandex.net/react/code/sauce-02.png",
            "image_mobile": "https://code.s3.yandex.net/react/code/sauce-02-mobile.png",
            "image_large": "https://code.s3.yandex.net/react/code/sauce-02-large.png",
            "__v": 0
        },
        {
            "_id": "61c0c5a71d1f82001bdaaa6e",
            "name": "Филе Люминесцентного тетраодонтимформа",
            "type": "main",
            "proteins": 44,
            "fat": 26,
            "carbohydrates": 85,
            "calories": 643,
            "price": 988,
            "image": "https://code.s3.yandex.net/react/code/meat-03.png",
            "image_mobile": "https://code.s3.yandex.net/react/code/meat-03-mobile.png",
            "image_large": "https://code.s3.yandex.net/react/code/meat-03-large.png",
            "__v": 0
        },
        {
            "_id": "61c0c5a71d1f82001bdaaa73",
            "name": "Соус фирменный Space Sauce",
            "type": "sauce",
            "proteins": 50,
            "fat": 22,
            "carbohydrates": 11,
            "calories": 14,
            "price": 80,
            "image": "https://code.s3.yandex.net/react/code/sauce-04.png",
            "image_mobile": "https://code.s3.yandex.net/react/code/sauce-04-mobile.png",
            "image_large": "https://code.s3.yandex.net/react/code/sauce-04-large.png",
            "__v": 0
        },
        {
            "_id": "61c0c5a71d1f82001bdaaa74",
            "name": "Соус традиционный галактический",
            "type": "sauce",
            "proteins": 42,
            "fat": 24,
            "carbohydrates": 42,
            "calories": 99,
            "price": 15,
            "image": "https://code.s3.yandex.net/react/code/sauce-03.png",
            "image_mobile": "https://code.s3.yandex.net/react/code/sauce-03-mobile.png",
            "image_large": "https://code.s3.yandex.net/react/code/sauce-03-large.png",
            "__v": 0
        },
        {
            "_id": "61c0c5a71d1f82001bdaaa6c",
            "name": "Краторная булка N-200i",
            "type": "bun",
            "proteins": 80,
            "fat": 24,
            "carbohydrates": 53,
            "calories": 420,
            "price": 1255,
            "image": "https://code.s3.yandex.net/react/code/bun-02.png",
            "image_mobile": "https://code.s3.yandex.net/react/code/bun-02-mobile.png",
            "image_large": "https://code.s3.yandex.net/react/code/bun-02-large.png",
            "__v": 0
        },
        {
            "_id": "61c0c5a71d1f82001bdaaa75",
            "name": "Соус с шипами Антарианского плоскоходца",
            "type": "sauce",
            "proteins": 101,
            "fat": 99,
            "carbohydrates": 100,
            "calories": 100,
            "price": 88,
            "image": "https://code.s3.yandex.net/react/code/sauce-01.png",
            "image_mobile": "https://code.s3.yandex.net/react/code/sauce-01-mobile.png",
            "image_large": "https://code.s3.yandex.net/react/code/sauce-01-large.png",
            "__v": 0
        },
        {
            "_id": "61c0c5a71d1f82001bdaaa76",
            "name": "Хрустящие минеральные кольца",
            "type": "main",
            "proteins": 808,
            "fat": 689,
            "carbohydrates": 609,
            "calories": 986,
            "price": 300,
            "image": "https://code.s3.yandex.net/react/code/mineral_rings.png",
            "image_mobile": "https://code.s3.yandex.net/react/code/mineral_rings-mobile.png",
            "image_large": "https://code.s3.yandex.net/react/code/mineral_rings-large.png",
            "__v": 0
        },
        {
            "_id": "61c0c5a71d1f82001bdaaa77",
            "name": "Плоды Фалленианского дерева",
            "type": "main",
            "proteins": 20,
            "fat": 5,
            "carbohydrates": 55,
            "calories": 77,
            "price": 874,
            "image": "https://code.s3.yandex.net/react/code/sp_1.png",
            "image_mobile": "https://code.s3.yandex.net/react/code/sp_1-mobile.png",
            "image_large": "https://code.s3.yandex.net/react/code/sp_1-large.png",
            "__v": 0
        },
        {
            "_id": "61c0c5a71d1f82001bdaaa78",
            "name": "Кристаллы марсианских альфа-сахаридов",
            "type": "main",
            "proteins": 234,
            "fat": 432,
            "carbohydrates": 111,
            "calories": 189,
            "price": 762,
            "image": "https://code.s3.yandex.net/react/code/core.png",
            "image_mobile": "https://code.s3.yandex.net/react/code/core-mobile.png",
            "image_large": "https://code.s3.yandex.net/react/code/core-large.png",
            "__v": 0
        },
        {
            "_id": "61c0c5a71d1f82001bdaaa79",
            "name": "Мини-салат Экзо-Плантаго",
            "type": "main",
            "proteins": 1,
            "fat": 2,
            "carbohydrates": 3,
            "calories": 6,
            "price": 4400,
            "image": "https://code.s3.yandex.net/react/code/salad.png",
            "image_mobile": "https://code.s3.yandex.net/react/code/salad-mobile.png",
            "image_large": "https://code.s3.yandex.net/react/code/salad-large.png",
            "__v": 0
        },
        {
            "_id": "61c0c5a71d1f82001bdaaa7a",
            "name": "Сыр с астероидной плесенью",
            "type": "main",
            "proteins": 84,
            "fat": 48,
            "carbohydrates": 420,
            "calories": 3377,
            "price": 4142,
            "image": "https://code.s3.yandex.net/react/code/cheese.png",
            "image_mobile": "https://code.s3.yandex.net/react/code/cheese-mobile.png",
            "image_large": "https://code.s3.yandex.net/react/code/cheese-large.png",
            "__v": 0
        }
    ]
}
HTTP/1.1 200 OK
Server: nginx/1.24.0 (Ubuntu)
Date: Mon, 02 Feb 2026 20:03:11 GMT
Content-Type: application/json; charset=utf-8
Content-Length: 5957
Connection: keep-alive
X-Powered-By: Express
Access-Control-Allow-Origin: *
ETag: W/"1745-LHZ7D8kBZWcbCGljCoPXtjB5CeA"

{
    "success": true,
    "data": [
        {
            "_id": "61c0c5a71d1f82001bdaaa6d",
            "name": "Флюоресцентная булка R2-D3",
            "type": "bun",
            "proteins": 44,
            "fat": 26,
            "carbohydrates": 85,
            "calories": 643,
            "price": 988,
            "image": "https://code.s3.yandex.net/react/code/bun-01.png",
            "image_mobile": "https://code.s3.yandex.net/react/code/bun-01-mobile.png",
            "image_large": "https://code.s3.yandex.net/react/code/bun-01-large.png",
            "__v": 0
        },
        {
            "_id": "61c0c5a71d1f82001bdaaa6f",
            "name": "Мясо бессмертных моллюсков Protostomia",
            "type": "main",
            "proteins": 433,
            "fat": 244,
            "carbohydrates": 33,
            "calories": 420,
            "price": 1337,
            "image": "https://code.s3.yandex.net/react/code/meat-02.png",
            "image_mobile": "https://code.s3.yandex.net/react/code/meat-02-mobile.png",
            "image_large": "https://code.s3.yandex.net/react/code/meat-02-large.png",
            "__v": 0
        },
        {
            "_id": "61c0c5a71d1f82001bdaaa70",
            "name": "Говяжий метеорит (отбивная)",
            "type": "main",
            "proteins": 800,
            "fat": 800,
            "carbohydrates": 300,
            "calories": 2674,
            "price": 3000,
            "image": "https://code.s3.yandex.net/react/code/meat-04.png",
            "image_mobile": "https://code.s3.yandex.net/react/code/meat-04-mobile.png",
            "image_large": "https://code.s3.yandex.net/react/code/meat-04-large.png",
            "__v": 0
        },
        {
            "_id": "61c0c5a71d1f82001bdaaa71",
            "name": "Биокотлета из марсианской Магнолии",
            "type": "main",
            "proteins": 420,
            "fat": 142,
            "carbohydrates": 242,
            "calories": 4242,
            "price": 424,
            "image": "https://code.s3.yandex.net/react/code/meat-01.png",
            "image_mobile": "https://code.s3.yandex.net/react/code/meat-01-mobile.png",
            "image_large": "https://code.s3.yandex.net/react/code/meat-01-large.png",
            "__v": 0
        },
        {
            "_id": "61c0c5a71d1f82001bdaaa72",
            "name": "Соус Spicy-X",
            "type": "sauce",
            "proteins": 30,
            "fat": 20,
            "carbohydrates": 40,
            "calories": 30,
            "price": 90,
            "image": "https://code.s3.yandex.net/react/code/sauce-02.png",
            "image_mobile": "https://code.s3.yandex.net/react/code/sauce-02-mobile.png",
            "image_large": "https://code.s3.yandex.net/react/code/sauce-02-large.png",
            "__v": 0
        },
        {
            "_id": "61c0c5a71d1f82001bdaaa6e",
            "name": "Филе Люминесцентного тетраодонтимформа",
            "type": "main",
            "proteins": 44,
            "fat": 26,
            "carbohydrates": 85,
            "calories": 643,
            "price": 988,
            "image": "https://code.s3.yandex.net/react/code/meat-03.png",
            "image_mobile": "https://code.s3.yandex.net/react/code/meat-03-mobile.png",
            "image_large": "https://code.s3.yandex.net/react/code/meat-03-large.png",
            "__v": 0
        },
        {
            "_id": "61c0c5a71d1f82001bdaaa73",
            "name": "Соус фирменный Space Sauce",
            "type": "sauce",
            "proteins": 50,
            "fat": 22,
            "carbohydrates": 11,
            "calories": 14,
            "price": 80,
            "image": "https://code.s3.yandex.net/react/code/sauce-04.png",
            "image_mobile": "https://code.s3.yandex.net/react/code/sauce-04-mobile.png",
            "image_large": "https://code.s3.yandex.net/react/code/sauce-04-large.png",
            "__v": 0
        },
        {
            "_id": "61c0c5a71d1f82001bdaaa74",
            "name": "Соус традиционный галактический",
            "type": "sauce",
            "proteins": 42,
            "fat": 24,
            "carbohydrates": 42,
            "calories": 99,
            "price": 15,
            "image": "https://code.s3.yandex.net/react/code/sauce-03.png",
            "image_mobile": "https://code.s3.yandex.net/react/code/sauce-03-mobile.png",
            "image_large": "https://code.s3.yandex.net/react/code/sauce-03-large.png",
            "__v": 0
        },
        {
            "_id": "61c0c5a71d1f82001bdaaa6c",
            "name": "Краторная булка N-200i",
            "type": "bun",
            "proteins": 80,
            "fat": 24,
            "carbohydrates": 53,
            "calories": 420,
            "price": 1255,
            "image": "https://code.s3.yandex.net/react/code/bun-02.png",
            "image_mobile": "https://code.s3.yandex.net/react/code/bun-02-mobile.png",
            "image_large": "https://code.s3.yandex.net/react/code/bun-02-large.png",
            "__v": 0
        },
        {
            "_id": "61c0c5a71d1f82001bdaaa75",
            "name": "Соус с шипами Антарианского плоскоходца",
            "type": "sauce",
            "proteins": 101,
            "fat": 99,
            "carbohydrates": 100,
            "calories": 100,
            "price": 88,
            "image": "https://code.s3.yandex.net/react/code/sauce-01.png",
            "image_mobile": "https://code.s3.yandex.net/react/code/sauce-01-mobile.png",
            "image_large": "https://code.s3.yandex.net/react/code/sauce-01-large.png",
            "__v": 0
        },
        {
            "_id": "61c0c5a71d1f82001bdaaa76",
            "name": "Хрустящие минеральные кольца",
            "type": "main",
            "proteins": 808,
            "fat": 689,
            "carbohydrates": 609,
            "calories": 986,
            "price": 300,
            "image": "https://code.s3.yandex.net/react/code/mineral_rings.png",
            "image_mobile": "https://code.s3.yandex.net/react/code/mineral_rings-mobile.png",
            "image_large": "https://code.s3.yandex.net/react/code/mineral_rings-large.png",
            "__v": 0
        },
        {
            "_id": "61c0c5a71d1f82001bdaaa77",
            "name": "Плоды Фалленианского дерева",
            "type": "main",
            "proteins": 20,
            "fat": 5,
            "carbohydrates": 55,
            "calories": 77,
            "price": 874,
            "image": "https://code.s3.yandex.net/react/code/sp_1.png",
            "image_mobile": "https://code.s3.yandex.net/react/code/sp_1-mobile.png",
            "image_large": "https://code.s3.yandex.net/react/code/sp_1-large.png",
            "__v": 0
        },
        {
            "_id": "61c0c5a71d1f82001bdaaa78",
            "name": "Кристаллы марсианских альфа-сахаридов",
            "type": "main",
            "proteins": 234,
            "fat": 432,
            "carbohydrates": 111,
            "calories": 189,
            "price": 762,
            "image": "https://code.s3.yandex.net/react/code/core.png",
            "image_mobile": "https://code.s3.yandex.net/react/code/core-mobile.png",
            "image_large": "https://code.s3.yandex.net/react/code/core-large.png",
            "__v": 0
        },
        {
            "_id": "61c0c5a71d1f82001bdaaa79",
            "name": "Мини-салат Экзо-Плантаго",
            "type": "main",
            "proteins": 1,
            "fat": 2,
            "carbohydrates": 3,
            "calories": 6,
            "price": 4400,
            "image": "https://code.s3.yandex.net/react/code/salad.png",
            "image_mobile": "https://code.s3.yandex.net/react/code/salad-mobile.png",
            "image_large": "https://code.s3.yandex.net/react/code/salad-large.png",
            "__v": 0
        },
        {
            "_id": "61c0c5a71d1f82001bdaaa7a",
            "name": "Сыр с астероидной плесенью",
            "type": "main",
            "proteins": 84,
            "fat": 48,
            "carbohydrates": 420,
            "calories": 3377,
            "price": 4142,
            "image": "https://code.s3.yandex.net/react/code/cheese.png",
            "image_mobile": "https://code.s3.yandex.net/react/code/cheese-mobile.png",
            "image_large": "https://code.s3.yandex.net/react/code/cheese-large.png",
            "__v": 0
        }
    ]
}
HTTP/1.1 200 OK
Server: nginx/1.24.0 (Ubuntu)
Date: Mon, 02 Feb 2026 20:03:11 GMT
Content-Type: application/json; charset=utf-8
Content-Length: 5957
Connection: keep-alive
X-Powered-By: Express
Access-Control-Allow-Origin: *
ETag: W/"1745-LHZ7D8kBZWcbCGljCoPXtjB5CeA"

{
    "success": true,
    "data": [
        {
            "_id": "61c0c5a71d1f82001bdaaa6d",
            "name": "Флюоресцентная булка R2-D3",
            "type": "bun",
            "proteins": 44,
            "fat": 26,
            "carbohydrates": 85,
            "calories": 643,
            "price": 988,
            "image": "https://code.s3.yandex.net/react/code/bun-01.png",
            "image_mobile": "https://code.s3.yandex.net/react/code/bun-01-mobile.png",
            "image_large": "https://code.s3.yandex.net/react/code/bun-01-large.png",
            "__v": 0
        },
        {
            "_id": "61c0c5a71d1f82001bdaaa6f",
            "name": "Мясо бессмертных моллюсков Protostomia",
            "type": "main",
            "proteins": 433,
            "fat": 244,
            "carbohydrates": 33,
            "calories": 420,
            "price": 1337,
            "image": "https://code.s3.yandex.net/react/code/meat-02.png",
            "image_mobile": "https://code.s3.yandex.net/react/code/meat-02-mobile.png",
            "image_large": "https://code.s3.yandex.net/react/code/meat-02-large.png",
            "__v": 0
        },
        {
            "_id": "61c0c5a71d1f82001bdaaa70",
            "name": "Говяжий метеорит (отбивная)",
            "type": "main",
            "proteins": 800,
            "fat": 800,
            "carbohydrates": 300,
            "calories": 2674,
            "price": 3000,
            "image": "https://code.s3.yandex.net/react/code/meat-04.png",
            "image_mobile": "https://code.s3.yandex.net/react/code/meat-04-mobile.png",
            "image_large": "https://code.s3.yandex.net/react/code/meat-04-large.png",
            "__v": 0
        },
        {
            "_id": "61c0c5a71d1f82001bdaaa71",
            "name": "Биокотлета из марсианской Магнолии",
            "type": "main",
            "proteins": 420,
            "fat": 142,
            "carbohydrates": 242,
            "calories": 4242,
            "price": 424,
            "image": "https://code.s3.yandex.net/react/code/meat-01.png",
            "image_mobile": "https://code.s3.yandex.net/react/code/meat-01-mobile.png",
            "image_large": "https://code.s3.yandex.net/react/code/meat-01-large.png",
            "__v": 0
        },
        {
            "_id": "61c0c5a71d1f82001bdaaa72",
            "name": "Соус Spicy-X",
            "type": "sauce",
            "proteins": 30,
            "fat": 20,
            "carbohydrates": 40,
            "calories": 30,
            "price": 90,
            "image": "https://code.s3.yandex.net/react/code/sauce-02.png",
            "image_mobile": "https://code.s3.yandex.net/react/code/sauce-02-mobile.png",
            "image_large": "https://code.s3.yandex.net/react/code/sauce-02-large.png",
            "__v": 0
        },
        {
            "_id": "61c0c5a71d1f82001bdaaa6e",
            "name": "Филе Люминесцентного тетраодонтимформа",
            "type": "main",
            "proteins": 44,
            "fat": 26,
            "carbohydrates": 85,
            "calories": 643,
            "price": 988,
            "image": "https://code.s3.yandex.net/react/code/meat-03.png",
            "image_mobile": "https://code.s3.yandex.net/react/code/meat-03-mobile.png",
            "image_large": "https://code.s3.yandex.net/react/code/meat-03-large.png",
            "__v": 0
        },
        {
            "_id": "61c0c5a71d1f82001bdaaa73",
            "name": "Соус фирменный Space Sauce",
            "type": "sauce",
            "proteins": 50,
            "fat": 22,
            "carbohydrates": 11,
            "calories": 14,
            "price": 80,
            "image": "https://code.s3.yandex.net/react/code/sauce-04.png",
            "image_mobile": "https://code.s3.yandex.net/react/code/sauce-04-mobile.png",
            "image_large": "https://code.s3.yandex.net/react/code/sauce-04-large.png",
            "__v": 0
        },
        {
            "_id": "61c0c5a71d1f82001bdaaa74",
            "name": "Соус традиционный галактический",
            "type": "sauce",
            "proteins": 42,
            "fat": 24,
            "carbohydrates": 42,
            "calories": 99,
            "price": 15,
            "image": "https://code.s3.yandex.net/react/code/sauce-03.png",
            "image_mobile": "https://code.s3.yandex.net/react/code/sauce-03-mobile.png",
            "image_large": "https://code.s3.yandex.net/react/code/sauce-03-large.png",
            "__v": 0
        },
        {
            "_id": "61c0c5a71d1f82001bdaaa6c",
            "name": "Краторная булка N-200i",
            "type": "bun",
            "proteins": 80,
            "fat": 24,
            "carbohydrates": 53,
            "calories": 420,
            "price": 1255,
            "image": "https://code.s3.yandex.net/react/code/bun-02.png",
            "image_mobile": "https://code.s3.yandex.net/react/code/bun-02-mobile.png",
            "image_large": "https://code.s3.yandex.net/react/code/bun-02-large.png",
            "__v": 0
        },
        {
            "_id": "61c0c5a71d1f82001bdaaa75",
            "name": "Соус с шипами Антарианского плоскоходца",
            "type": "sauce",
            "proteins": 101,
            "fat": 99,
            "carbohydrates": 100,
            "calories": 100,
            "price": 88,
            "image": "https://code.s3.yandex.net/react/code/sauce-01.png",
            "image_mobile": "https://code.s3.yandex.net/react/code/sauce-01-mobile.png",
            "image_large": "https://code.s3.yandex.net/react/code/sauce-01-large.png",
            "__v": 0
        },
        {
            "_id": "61c0c5a71d1f82001bdaaa76",
            "name": "Хрустящие минеральные кольца",
            "type": "main",
            "proteins": 808,
            "fat": 689,
            "carbohydrates": 609,
            "calories": 986,
            "price": 300,
            "image": "https://code.s3.yandex.net/react/code/mineral_rings.png",
            "image_mobile": "https://code.s3.yandex.net/react/code/mineral_rings-mobile.png",
            "image_large": "https://code.s3.yandex.net/react/code/mineral_rings-large.png",
            "__v": 0
        },
        {
            "_id": "61c0c5a71d1f82001bdaaa77",
            "name": "Плоды Фалленианского дерева",
            "type": "main",
            "proteins": 20,
            "fat": 5,
            "carbohydrates": 55,
            "calories": 77,
            "price": 874,
            "image": "https://code.s3.yandex.net/react/code/sp_1.png",
            "image_mobile": "https://code.s3.yandex.net/react/code/sp_1-mobile.png",
            "image_large": "https://code.s3.yandex.net/react/code/sp_1-large.png",
            "__v": 0
        },
        {
            "_id": "61c0c5a71d1f82001bdaaa78",
            "name": "Кристаллы марсианских альфа-сахаридов",
            "type": "main",
            "proteins": 234,
            "fat": 432,
            "carbohydrates": 111,
            "calories": 189,
            "price": 762,
            "image": "https://code.s3.yandex.net/react/code/core.png",
            "image_mobile": "https://code.s3.yandex.net/react/code/core-mobile.png",
            "image_large": "https://code.s3.yandex.net/react/code/core-large.png",
            "__v": 0
        },
        {
            "_id": "61c0c5a71d1f82001bdaaa79",
            "name": "Мини-салат Экзо-Плантаго",
            "type": "main",
            "proteins": 1,
            "fat": 2,
            "carbohydrates": 3,
            "calories": 6,
            "price": 4400,
            "image": "https://code.s3.yandex.net/react/code/salad.png",
            "image_mobile": "https://code.s3.yandex.net/react/code/salad-mobile.png",
            "image_large": "https://code.s3.yandex.net/react/code/salad-large.png",
            "__v": 0
        },
        {
            "_id": "61c0c5a71d1f82001bdaaa7a",
            "name": "Сыр с астероидной плесенью",
            "type": "main",
            "proteins": 84,
            "fat": 48,
            "carbohydrates": 420,
            "calories": 3377,
            "price": 4142,
            "image": "https://code.s3.yandex.net/react/code/cheese.png",
            "image_mobile": "https://code.s3.yandex.net/react/code/cheese-mobile.png",
            "image_large": "https://code.s3.yandex.net/react/code/cheese-large.png",
            "__v": 0
        }
    ]
}
HTTP/1.1 200 OK
Server: nginx/1.24.0 (Ubuntu)
Date: Mon, 02 Feb 2026 20:03:11 GMT
Content-Type: application/json; charset=utf-8
Content-Length: 5957
Connection: keep-alive
X-Powered-By: Express
Access-Control-Allow-Origin: *
ETag: W/"1745-LHZ7D8kBZWcbCGljCoPXtjB5CeA"

{
    "success": true,
    "data": [
        {
            "_id": "61c0c5a71d1f82001bdaaa6d",
            "name": "Флюоресцентная булка R2-D3",
            "type": "bun",
            "proteins": 44,
            "fat": 26,
            "carbohydrates": 85,
            "calories": 643,
            "price": 988,
            "image": "https://code.s3.yandex.net/react/code/bun-01.png",
            "image_mobile": "https://code.s3.yandex.net/react/code/bun-01-mobile.png",
            "image_large": "https://code.s3.yandex.net/react/code/bun-01-large.png",
            "__v": 0
        },
        {
            "_id": "61c0c5a71d1f82001bdaaa6f",
            "name": "Мясо бессмертных моллюсков Protostomia",
            "type": "main",
            "proteins": 433,
            "fat": 244,
            "carbohydrates": 33,
            "calories": 420,
            "price": 1337,
            "image": "https://code.s3.yandex.net/react/code/meat-02.png",
            "image_mobile": "https://code.s3.yandex.net/react/code/meat-02-mobile.png",
            "image_large": "https://code.s3.yandex.net/react/code/meat-02-large.png",
            "__v": 0
        },
        {
            "_id": "61c0c5a71d1f82001bdaaa70",
            "name": "Говяжий метеорит (отбивная)",
            "type": "main",
            "proteins": 800,
            "fat": 800,
            "carbohydrates": 300,
            "calories": 2674,
            "price": 3000,
            "image": "https://code.s3.yandex.net/react/code/meat-04.png",
            "image_mobile": "https://code.s3.yandex.net/react/code/meat-04-mobile.png",
            "image_large": "https://code.s3.yandex.net/react/code/meat-04-large.png",
            "__v": 0
        },
        {
            "_id": "61c0c5a71d1f82001bdaaa71",
            "name": "Биокотлета из марсианской Магнолии",
            "type": "main",
            "proteins": 420,
            "fat": 142,
            "carbohydrates": 242,
            "calories": 4242,
            "price": 424,
            "image": "https://code.s3.yandex.net/react/code/meat-01.png",
            "image_mobile": "https://code.s3.yandex.net/react/code/meat-01-mobile.png",
            "image_large": "https://code.s3.yandex.net/react/code/meat-01-large.png",
            "__v": 0
        },
        {
            "_id": "61c0c5a71d1f82001bdaaa72",
            "name": "Соус Spicy-X",
            "type": "sauce",
            "proteins": 30,
            "fat": 20,
            "carbohydrates": 40,
            "calories": 30,
            "price": 90,
            "image": "https://code.s3.yandex.net/react/code/sauce-02.png",
            "image_mobile": "https://code.s3.yandex.net/react/code/sauce-02-mobile.png",
            "image_large": "https://code.s3.yandex.net/react/code/sauce-02-large.png",
            "__v": 0
        },
        {
            "_id": "61c0c5a71d1f82001bdaaa6e",
            "name": "Филе Люминесцентного тетраодонтимформа",
            "type": "main",
            "proteins": 44,
            "fat": 26,
            "carbohydrates": 85,
            "calories": 643,
            "price": 988,
            "image": "https://code.s3.yandex.net/react/code/meat-03.png",
            "image_mobile": "https://code.s3.yandex.net/react/code/meat-03-mobile.png",
            "image_large": "https://code.s3.yandex.net/react/code/meat-03-large.png",
            "__v": 0
        },
        {
            "_id": "61c0c5a71d1f82001bdaaa73",
            "name": "Соус фирменный Space Sauce",
            "type": "sauce",
            "proteins": 50,
            "fat": 22,
            "carbohydrates": 11,
            "calories": 14,
            "price": 80,
            "image": "https://code.s3.yandex.net/react/code/sauce-04.png",
            "image_mobile": "https://code.s3.yandex.net/react/code/sauce-04-mobile.png",
            "image_large": "https://code.s3.yandex.net/react/code/sauce-04-large.png",
            "__v": 0
        },
        {
            "_id": "61c0c5a71d1f82001bdaaa74",
            "name": "Соус традиционный галактический",
            "type": "sauce",
            "proteins": 42,
            "fat": 24,
            "carbohydrates": 42,
            "calories": 99,
            "price": 15,
            "image": "https://code.s3.yandex.net/react/code/sauce-03.png",
            "image_mobile": "https://code.s3.yandex.net/react/code/sauce-03-mobile.png",
            "image_large": "https://code.s3.yandex.net/react/code/sauce-03-large.png",
            "__v": 0
        },
        {
            "_id": "61c0c5a71d1f82001bdaaa6c",
            "name": "Краторная булка N-200i",
            "type": "bun",
            "proteins": 80,
            "fat": 24,
            "carbohydrates": 53,
            "calories": 420,
            "price": 1255,
            "image": "https://code.s3.yandex.net/react/code/bun-02.png",
            "image_mobile": "https://code.s3.yandex.net/react/code/bun-02-mobile.png",
            "image_large": "https://code.s3.yandex.net/react/code/bun-02-large.png",
            "__v": 0
        },
        {
            "_id": "61c0c5a71d1f82001bdaaa75",
            "name": "Соус с шипами Антарианского плоскоходца",
            "type": "sauce",
            "proteins": 101,
            "fat": 99,
            "carbohydrates": 100,
            "calories": 100,
            "price": 88,
            "image": "https://code.s3.yandex.net/react/code/sauce-01.png",
            "image_mobile": "https://code.s3.yandex.net/react/code/sauce-01-mobile.png",
            "image_large": "https://code.s3.yandex.net/react/code/sauce-01-large.png",
            "__v": 0
        },
        {
            "_id": "61c0c5a71d1f82001bdaaa76",
            "name": "Хрустящие минеральные кольца",
            "type": "main",
            "proteins": 808,
            "fat": 689,
            "carbohydrates": 609,
            "calories": 986,
            "price": 300,
            "image": "https://code.s3.yandex.net/react/code/mineral_rings.png",
            "image_mobile": "https://code.s3.yandex.net/react/code/mineral_rings-mobile.png",
            "image_large": "https://code.s3.yandex.net/react/code/mineral_rings-large.png",
            "__v": 0
        },
        {
            "_id": "61c0c5a71d1f82001bdaaa77",
            "name": "Плоды Фалленианского дерева",
            "type": "main",
            "proteins": 20,
            "fat": 5,
            "carbohydrates": 55,
            "calories": 77,
            "price": 874,
            "image": "https://code.s3.yandex.net/react/code/sp_1.png",
            "image_mobile": "https://code.s3.yandex.net/react/code/sp_1-mobile.png",
            "image_large": "https://code.s3.yandex.net/react/code/sp_1-large.png",
            "__v": 0
        },
        {
            "_id": "61c0c5a71d1f82001bdaaa78",
            "name": "Кристаллы марсианских альфа-сахаридов",
            "type": "main",
            "proteins": 234,
            "fat": 432,
            "carbohydrates": 111,
            "calories": 189,
            "price": 762,
            "image": "https://code.s3.yandex.net/react/code/core.png",
            "image_mobile": "https://code.s3.yandex.net/react/code/core-mobile.png",
            "image_large": "https://code.s3.yandex.net/react/code/core-large.png",
            "__v": 0
        },
        {
            "_id": "61c0c5a71d1f82001bdaaa79",
            "name": "Мини-салат Экзо-Плантаго",
            "type": "main",
            "proteins": 1,
            "fat": 2,
            "carbohydrates": 3,
            "calories": 6,
            "price": 4400,
            "image": "https://code.s3.yandex.net/react/code/salad.png",
            "image_mobile": "https://code.s3.yandex.net/react/code/salad-mobile.png",
            "image_large": "https://code.s3.yandex.net/react/code/salad-large.png",
            "__v": 0
        },
        {
            "_id": "61c0c5a71d1f82001bdaaa7a",
            "name": "Сыр с астероидной плесенью",
            "type": "main",
            "proteins": 84,
            "fat": 48,
            "carbohydrates": 420,
            "calories": 3377,
            "price": 4142,
            "image": "https://code.s3.yandex.net/react/code/cheese.png",
            "image_mobile": "https://code.s3.yandex.net/react/code/cheese-mobile.png",
            "image_large": "https://code.s3.yandex.net/react/code/cheese-large.png",
            "__v": 0
        }
    ]
}
Найдено ингредиентов: 15
Request method:	POST
Request URI:	https://stellarburgers.education-services.ru/api/orders
Proxy:			<none>
Request params:	<none>
Query params:	<none>
Form params:	<none>
Path params:	<none>
Headers:		Authorization=Bearer eyJhbGciOiJIUzI1NiIsInR5cCI6IkpXVCJ9.eyJpZCI6IjY5ODEwMmZmOTg0MjcwMDAxYmU0MmQ3MCIsImlhdCI6MTc3MDA2MjU5MSwiZXhwIjoxNzcwMDYzNzkxfQ.cbvj-Xjhb4Fmg32N3ibrQTVl1eF4QcfInbABshiuoqE
				Accept=*/*
				Content-Type=application/json
Cookies:		<none>
Multiparts:		<none>
Body:
{
    "ingredients": [
        "61c0c5a71d1f82001bdaaa6d",
        "61c0c5a71d1f82001bdaaa6f"
    ]
}
Request method:	POST
Request URI:	https://stellarburgers.education-services.ru/api/orders
Proxy:			<none>
Request params:	<none>
Query params:	<none>
Form params:	<none>
Path params:	<none>
Headers:		Authorization=Bearer eyJhbGciOiJIUzI1NiIsInR5cCI6IkpXVCJ9.eyJpZCI6IjY5ODEwMmZmOTg0MjcwMDAxYmU0MmQ3MCIsImlhdCI6MTc3MDA2MjU5MSwiZXhwIjoxNzcwMDYzNzkxfQ.cbvj-Xjhb4Fmg32N3ibrQTVl1eF4QcfInbABshiuoqE
				Accept=*/*
				Content-Type=application/json
Cookies:		<none>
Multiparts:		<none>
Body:
{
    "ingredients": [
        "61c0c5a71d1f82001bdaaa6d",
        "61c0c5a71d1f82001bdaaa6f"
    ]
}
Request method:	POST
Request URI:	https://stellarburgers.education-services.ru/api/orders
Proxy:			<none>
Request params:	<none>
Query params:	<none>
Form params:	<none>
Path params:	<none>
Headers:		Authorization=Bearer eyJhbGciOiJIUzI1NiIsInR5cCI6IkpXVCJ9.eyJpZCI6IjY5ODEwMmZmOTg0MjcwMDAxYmU0MmQ3MCIsImlhdCI6MTc3MDA2MjU5MSwiZXhwIjoxNzcwMDYzNzkxfQ.cbvj-Xjhb4Fmg32N3ibrQTVl1eF4QcfInbABshiuoqE
				Accept=*/*
				Content-Type=application/json
Cookies:		<none>
Multiparts:		<none>
Body:
{
    "ingredients": [
        "61c0c5a71d1f82001bdaaa6d",
        "61c0c5a71d1f82001bdaaa6f"
    ]
}
Request method:	POST
Request URI:	https://stellarburgers.education-services.ru/api/orders
Proxy:			<none>
Request params:	<none>
Query params:	<none>
Form params:	<none>
Path params:	<none>
Headers:		Authorization=Bearer eyJhbGciOiJIUzI1NiIsInR5cCI6IkpXVCJ9.eyJpZCI6IjY5ODEwMmZmOTg0MjcwMDAxYmU0MmQ3MCIsImlhdCI6MTc3MDA2MjU5MSwiZXhwIjoxNzcwMDYzNzkxfQ.cbvj-Xjhb4Fmg32N3ibrQTVl1eF4QcfInbABshiuoqE
				Accept=*/*
				Content-Type=application/json
Cookies:		<none>
Multiparts:		<none>
Body:
{
    "ingredients": [
        "61c0c5a71d1f82001bdaaa6d",
        "61c0c5a71d1f82001bdaaa6f"
    ]
}
Request method:	POST
Request URI:	https://stellarburgers.education-services.ru/api/orders
Proxy:			<none>
Request params:	<none>
Query params:	<none>
Form params:	<none>
Path params:	<none>
Headers:		Authorization=Bearer eyJhbGciOiJIUzI1NiIsInR5cCI6IkpXVCJ9.eyJpZCI6IjY5ODEwMmZmOTg0MjcwMDAxYmU0MmQ3MCIsImlhdCI6MTc3MDA2MjU5MSwiZXhwIjoxNzcwMDYzNzkxfQ.cbvj-Xjhb4Fmg32N3ibrQTVl1eF4QcfInbABshiuoqE
				Accept=*/*
				Content-Type=application/json
Cookies:		<none>
Multiparts:		<none>
Body:
{
    "ingredients": [
        "61c0c5a71d1f82001bdaaa6d",
        "61c0c5a71d1f82001bdaaa6f"
    ]
}
Request method:	POST
Request URI:	https://stellarburgers.education-services.ru/api/orders
Proxy:			<none>
Request params:	<none>
Query params:	<none>
Form params:	<none>
Path params:	<none>
Headers:		Authorization=Bearer eyJhbGciOiJIUzI1NiIsInR5cCI6IkpXVCJ9.eyJpZCI6IjY5ODEwMmZmOTg0MjcwMDAxYmU0MmQ3MCIsImlhdCI6MTc3MDA2MjU5MSwiZXhwIjoxNzcwMDYzNzkxfQ.cbvj-Xjhb4Fmg32N3ibrQTVl1eF4QcfInbABshiuoqE
				Accept=*/*
				Content-Type=application/json
Cookies:		<none>
Multiparts:		<none>
Body:
{
    "ingredients": [
        "61c0c5a71d1f82001bdaaa6d",
        "61c0c5a71d1f82001bdaaa6f"
    ]
}
Request method:	POST
Request URI:	https://stellarburgers.education-services.ru/api/orders
Proxy:			<none>
Request params:	<none>
Query params:	<none>
Form params:	<none>
Path params:	<none>
Headers:		Authorization=Bearer eyJhbGciOiJIUzI1NiIsInR5cCI6IkpXVCJ9.eyJpZCI6IjY5ODEwMmZmOTg0MjcwMDAxYmU0MmQ3MCIsImlhdCI6MTc3MDA2MjU5MSwiZXhwIjoxNzcwMDYzNzkxfQ.cbvj-Xjhb4Fmg32N3ibrQTVl1eF4QcfInbABshiuoqE
				Accept=*/*
				Content-Type=application/json
Cookies:		<none>
Multiparts:		<none>
Body:
{
    "ingredients": [
        "61c0c5a71d1f82001bdaaa6d",
        "61c0c5a71d1f82001bdaaa6f"
    ]
}
Request method:	POST
Request URI:	https://stellarburgers.education-services.ru/api/orders
Proxy:			<none>
Request params:	<none>
Query params:	<none>
Form params:	<none>
Path params:	<none>
Headers:		Authorization=Bearer eyJhbGciOiJIUzI1NiIsInR5cCI6IkpXVCJ9.eyJpZCI6IjY5ODEwMmZmOTg0MjcwMDAxYmU0MmQ3MCIsImlhdCI6MTc3MDA2MjU5MSwiZXhwIjoxNzcwMDYzNzkxfQ.cbvj-Xjhb4Fmg32N3ibrQTVl1eF4QcfInbABshiuoqE
				Accept=*/*
				Content-Type=application/json
Cookies:		<none>
Multiparts:		<none>
Body:
{
    "ingredients": [
        "61c0c5a71d1f82001bdaaa6d",
        "61c0c5a71d1f82001bdaaa6f"
    ]
}
Request method:	POST
Request URI:	https://stellarburgers.education-services.ru/api/orders
Proxy:			<none>
Request params:	<none>
Query params:	<none>
Form params:	<none>
Path params:	<none>
Headers:		Authorization=Bearer eyJhbGciOiJIUzI1NiIsInR5cCI6IkpXVCJ9.eyJpZCI6IjY5ODEwMmZmOTg0MjcwMDAxYmU0MmQ3MCIsImlhdCI6MTc3MDA2MjU5MSwiZXhwIjoxNzcwMDYzNzkxfQ.cbvj-Xjhb4Fmg32N3ibrQTVl1eF4QcfInbABshiuoqE
				Accept=*/*
				Content-Type=application/json
Cookies:		<none>
Multiparts:		<none>
Body:
{
    "ingredients": [
        "61c0c5a71d1f82001bdaaa6d",
        "61c0c5a71d1f82001bdaaa6f"
    ]
}
Request method:	POST
Request URI:	https://stellarburgers.education-services.ru/api/orders
Proxy:			<none>
Request params:	<none>
Query params:	<none>
Form params:	<none>
Path params:	<none>
Headers:		Authorization=Bearer eyJhbGciOiJIUzI1NiIsInR5cCI6IkpXVCJ9.eyJpZCI6IjY5ODEwMmZmOTg0MjcwMDAxYmU0MmQ3MCIsImlhdCI6MTc3MDA2MjU5MSwiZXhwIjoxNzcwMDYzNzkxfQ.cbvj-Xjhb4Fmg32N3ibrQTVl1eF4QcfInbABshiuoqE
				Accept=*/*
				Content-Type=application/json
Cookies:		<none>
Multiparts:		<none>
Body:
{
    "ingredients": [
        "61c0c5a71d1f82001bdaaa6d",
        "61c0c5a71d1f82001bdaaa6f"
    ]
}
Request method:	POST
Request URI:	https://stellarburgers.education-services.ru/api/orders
Proxy:			<none>
Request params:	<none>
Query params:	<none>
Form params:	<none>
Path params:	<none>
Headers:		Authorization=Bearer eyJhbGciOiJIUzI1NiIsInR5cCI6IkpXVCJ9.eyJpZCI6IjY5ODEwMmZmOTg0MjcwMDAxYmU0MmQ3MCIsImlhdCI6MTc3MDA2MjU5MSwiZXhwIjoxNzcwMDYzNzkxfQ.cbvj-Xjhb4Fmg32N3ibrQTVl1eF4QcfInbABshiuoqE
				Accept=*/*
				Content-Type=application/json
Cookies:		<none>
Multiparts:		<none>
Body:
{
    "ingredients": [
        "61c0c5a71d1f82001bdaaa6d",
        "61c0c5a71d1f82001bdaaa6f"
    ]
}
Request method:	POST
Request URI:	https://stellarburgers.education-services.ru/api/orders
Proxy:			<none>
Request params:	<none>
Query params:	<none>
Form params:	<none>
Path params:	<none>
Headers:		Authorization=Bearer eyJhbGciOiJIUzI1NiIsInR5cCI6IkpXVCJ9.eyJpZCI6IjY5ODEwMmZmOTg0MjcwMDAxYmU0MmQ3MCIsImlhdCI6MTc3MDA2MjU5MSwiZXhwIjoxNzcwMDYzNzkxfQ.cbvj-Xjhb4Fmg32N3ibrQTVl1eF4QcfInbABshiuoqE
				Accept=*/*
				Content-Type=application/json
Cookies:		<none>
Multiparts:		<none>
Body:
{
    "ingredients": [
        "61c0c5a71d1f82001bdaaa6d",
        "61c0c5a71d1f82001bdaaa6f"
    ]
}
Request method:	POST
Request URI:	https://stellarburgers.education-services.ru/api/orders
Proxy:			<none>
Request params:	<none>
Query params:	<none>
Form params:	<none>
Path params:	<none>
Headers:		Authorization=Bearer eyJhbGciOiJIUzI1NiIsInR5cCI6IkpXVCJ9.eyJpZCI6IjY5ODEwMmZmOTg0MjcwMDAxYmU0MmQ3MCIsImlhdCI6MTc3MDA2MjU5MSwiZXhwIjoxNzcwMDYzNzkxfQ.cbvj-Xjhb4Fmg32N3ibrQTVl1eF4QcfInbABshiuoqE
				Accept=*/*
				Content-Type=application/json
Cookies:		<none>
Multiparts:		<none>
Body:
{
    "ingredients": [
        "61c0c5a71d1f82001bdaaa6d",
        "61c0c5a71d1f82001bdaaa6f"
    ]
}
Request method:	POST
Request URI:	https://stellarburgers.education-services.ru/api/orders
Proxy:			<none>
Request params:	<none>
Query params:	<none>
Form params:	<none>
Path params:	<none>
Headers:		Authorization=Bearer eyJhbGciOiJIUzI1NiIsInR5cCI6IkpXVCJ9.eyJpZCI6IjY5ODEwMmZmOTg0MjcwMDAxYmU0MmQ3MCIsImlhdCI6MTc3MDA2MjU5MSwiZXhwIjoxNzcwMDYzNzkxfQ.cbvj-Xjhb4Fmg32N3ibrQTVl1eF4QcfInbABshiuoqE
				Accept=*/*
				Content-Type=application/json
Cookies:		<none>
Multiparts:		<none>
Body:
{
    "ingredients": [
        "61c0c5a71d1f82001bdaaa6d",
        "61c0c5a71d1f82001bdaaa6f"
    ]
}
Request method:	POST
Request URI:	https://stellarburgers.education-services.ru/api/orders
Proxy:			<none>
Request params:	<none>
Query params:	<none>
Form params:	<none>
Path params:	<none>
Headers:		Authorization=Bearer eyJhbGciOiJIUzI1NiIsInR5cCI6IkpXVCJ9.eyJpZCI6IjY5ODEwMmZmOTg0MjcwMDAxYmU0MmQ3MCIsImlhdCI6MTc3MDA2MjU5MSwiZXhwIjoxNzcwMDYzNzkxfQ.cbvj-Xjhb4Fmg32N3ibrQTVl1eF4QcfInbABshiuoqE
				Accept=*/*
				Content-Type=application/json
Cookies:		<none>
Multiparts:		<none>
Body:
{
    "ingredients": [
        "61c0c5a71d1f82001bdaaa6d",
        "61c0c5a71d1f82001bdaaa6f"
    ]
}
Request method:	POST
Request URI:	https://stellarburgers.education-services.ru/api/orders
Proxy:			<none>
Request params:	<none>
Query params:	<none>
Form params:	<none>
Path params:	<none>
Headers:		Authorization=Bearer eyJhbGciOiJIUzI1NiIsInR5cCI6IkpXVCJ9.eyJpZCI6IjY5ODEwMmZmOTg0MjcwMDAxYmU0MmQ3MCIsImlhdCI6MTc3MDA2MjU5MSwiZXhwIjoxNzcwMDYzNzkxfQ.cbvj-Xjhb4Fmg32N3ibrQTVl1eF4QcfInbABshiuoqE
				Accept=*/*
				Content-Type=application/json
Cookies:		<none>
Multiparts:		<none>
Body:
{
    "ingredients": [
        "61c0c5a71d1f82001bdaaa6d",
        "61c0c5a71d1f82001bdaaa6f"
    ]
}
Request method:	POST
Request URI:	https://stellarburgers.education-services.ru/api/orders
Proxy:			<none>
Request params:	<none>
Query params:	<none>
Form params:	<none>
Path params:	<none>
Headers:		Authorization=Bearer eyJhbGciOiJIUzI1NiIsInR5cCI6IkpXVCJ9.eyJpZCI6IjY5ODEwMmZmOTg0MjcwMDAxYmU0MmQ3MCIsImlhdCI6MTc3MDA2MjU5MSwiZXhwIjoxNzcwMDYzNzkxfQ.cbvj-Xjhb4Fmg32N3ibrQTVl1eF4QcfInbABshiuoqE
				Accept=*/*
				Content-Type=application/json
Cookies:		<none>
Multiparts:		<none>
Body:
{
    "ingredients": [
        "61c0c5a71d1f82001bdaaa6d",
        "61c0c5a71d1f82001bdaaa6f"
    ]
}
Request method:	POST
Request URI:	https://stellarburgers.education-services.ru/api/orders
Proxy:			<none>
Request params:	<none>
Query params:	<none>
Form params:	<none>
Path params:	<none>
Headers:		Authorization=Bearer eyJhbGciOiJIUzI1NiIsInR5cCI6IkpXVCJ9.eyJpZCI6IjY5ODEwMmZmOTg0MjcwMDAxYmU0MmQ3MCIsImlhdCI6MTc3MDA2MjU5MSwiZXhwIjoxNzcwMDYzNzkxfQ.cbvj-Xjhb4Fmg32N3ibrQTVl1eF4QcfInbABshiuoqE
				Accept=*/*
				Content-Type=application/json
Cookies:		<none>
Multiparts:		<none>
Body:
{
    "ingredients": [
        "61c0c5a71d1f82001bdaaa6d",
        "61c0c5a71d1f82001bdaaa6f"
    ]
}
Request method:	POST
Request URI:	https://stellarburgers.education-services.ru/api/orders
Proxy:			<none>
Request params:	<none>
Query params:	<none>
Form params:	<none>
Path params:	<none>
Headers:		Authorization=Bearer eyJhbGciOiJIUzI1NiIsInR5cCI6IkpXVCJ9.eyJpZCI6IjY5ODEwMmZmOTg0MjcwMDAxYmU0MmQ3MCIsImlhdCI6MTc3MDA2MjU5MSwiZXhwIjoxNzcwMDYzNzkxfQ.cbvj-Xjhb4Fmg32N3ibrQTVl1eF4QcfInbABshiuoqE
				Accept=*/*
				Content-Type=application/json
Cookies:		<none>
Multiparts:		<none>
Body:
{
    "ingredients": [
        "61c0c5a71d1f82001bdaaa6d",
        "61c0c5a71d1f82001bdaaa6f"
    ]
}
Request method:	POST
Request URI:	https://stellarburgers.education-services.ru/api/orders
Proxy:			<none>
Request params:	<none>
Query params:	<none>
Form params:	<none>
Path params:	<none>
Headers:		Authorization=Bearer eyJhbGciOiJIUzI1NiIsInR5cCI6IkpXVCJ9.eyJpZCI6IjY5ODEwMmZmOTg0MjcwMDAxYmU0MmQ3MCIsImlhdCI6MTc3MDA2MjU5MSwiZXhwIjoxNzcwMDYzNzkxfQ.cbvj-Xjhb4Fmg32N3ibrQTVl1eF4QcfInbABshiuoqE
				Accept=*/*
				Content-Type=application/json
Cookies:		<none>
Multiparts:		<none>
Body:
{
    "ingredients": [
        "61c0c5a71d1f82001bdaaa6d",
        "61c0c5a71d1f82001bdaaa6f"
    ]
}
Request method:	POST
Request URI:	https://stellarburgers.education-services.ru/api/orders
Proxy:			<none>
Request params:	<none>
Query params:	<none>
Form params:	<none>
Path params:	<none>
Headers:		Authorization=Bearer eyJhbGciOiJIUzI1NiIsInR5cCI6IkpXVCJ9.eyJpZCI6IjY5ODEwMmZmOTg0MjcwMDAxYmU0MmQ3MCIsImlhdCI6MTc3MDA2MjU5MSwiZXhwIjoxNzcwMDYzNzkxfQ.cbvj-Xjhb4Fmg32N3ibrQTVl1eF4QcfInbABshiuoqE
				Accept=*/*
				Content-Type=application/json
Cookies:		<none>
Multiparts:		<none>
Body:
{
    "ingredients": [
        "61c0c5a71d1f82001bdaaa6d",
        "61c0c5a71d1f82001bdaaa6f"
    ]
}
Request method:	POST
Request URI:	https://stellarburgers.education-services.ru/api/orders
Proxy:			<none>
Request params:	<none>
Query params:	<none>
Form params:	<none>
Path params:	<none>
Headers:		Authorization=Bearer eyJhbGciOiJIUzI1NiIsInR5cCI6IkpXVCJ9.eyJpZCI6IjY5ODEwMmZmOTg0MjcwMDAxYmU0MmQ3MCIsImlhdCI6MTc3MDA2MjU5MSwiZXhwIjoxNzcwMDYzNzkxfQ.cbvj-Xjhb4Fmg32N3ibrQTVl1eF4QcfInbABshiuoqE
				Accept=*/*
				Content-Type=application/json
Cookies:		<none>
Multiparts:		<none>
Body:
{
    "ingredients": [
        "61c0c5a71d1f82001bdaaa6d",
        "61c0c5a71d1f82001bdaaa6f"
    ]
}
HTTP/1.1 200 OK
Server: nginx/1.24.0 (Ubuntu)
Date: Mon, 02 Feb 2026 20:03:14 GMT
Content-Type: application/json; charset=utf-8
Content-Length: 1294
Connection: keep-alive
X-Powered-By: Express
Access-Control-Allow-Origin: *
ETag: W/"50e-zBB6xafyeaLb0NCAAijHBDf4R7g"

{
    "success": true,
    "name": "Флюоресцентный бессмертный бургер",
    "order": {
        "ingredients": [
            {
                "_id": "61c0c5a71d1f82001bdaaa6d",
                "name": "Флюоресцентная булка R2-D3",
                "type": "bun",
                "proteins": 44,
                "fat": 26,
                "carbohydrates": 85,
                "calories": 643,
                "price": 988,
                "image": "https://code.s3.yandex.net/react/code/bun-01.png",
                "image_mobile": "https://code.s3.yandex.net/react/code/bun-01-mobile.png",
                "image_large": "https://code.s3.yandex.net/react/code/bun-01-large.png",
                "__v": 0
            },
            {
                "_id": "61c0c5a71d1f82001bdaaa6f",
                "name": "Мясо бессмертных моллюсков Protostomia",
                "type": "main",
                "proteins": 433,
                "fat": 244,
                "carbohydrates": 33,
                "calories": 420,
                "price": 1337,
                "image": "https://code.s3.yandex.net/react/code/meat-02.png",
                "image_mobile": "https://code.s3.yandex.net/react/code/meat-02-mobile.png",
                "image_large": "https://code.s3.yandex.net/react/code/meat-02-large.png",
                "__v": 0
            }
        ],
        "_id": "698102ff984270001be42d72",
        "owner": {
            "name": "Order Test User",
            "email": "order_test_1770062591399@yandex.ru",
            "createdAt": "2026-02-02T20:03:11.535Z",
            "updatedAt": "2026-02-02T20:03:11.535Z"
        },
        "status": "done",
        "name": "Флюоресцентный бессмертный бургер",
        "createdAt": "2026-02-02T20:03:11.719Z",
        "updatedAt": "2026-02-02T20:03:13.512Z",
        "number": 348034,
        "price": 2325
    }
}
HTTP/1.1 200 OK
Server: nginx/1.24.0 (Ubuntu)
Date: Mon, 02 Feb 2026 20:03:14 GMT
Content-Type: application/json; charset=utf-8
Content-Length: 1294
Connection: keep-alive
X-Powered-By: Express
Access-Control-Allow-Origin: *
ETag: W/"50e-zBB6xafyeaLb0NCAAijHBDf4R7g"

{
    "success": true,
    "name": "Флюоресцентный бессмертный бургер",
    "order": {
        "ingredients": [
            {
                "_id": "61c0c5a71d1f82001bdaaa6d",
                "name": "Флюоресцентная булка R2-D3",
                "type": "bun",
                "proteins": 44,
                "fat": 26,
                "carbohydrates": 85,
                "calories": 643,
                "price": 988,
                "image": "https://code.s3.yandex.net/react/code/bun-01.png",
                "image_mobile": "https://code.s3.yandex.net/react/code/bun-01-mobile.png",
                "image_large": "https://code.s3.yandex.net/react/code/bun-01-large.png",
                "__v": 0
            },
            {
                "_id": "61c0c5a71d1f82001bdaaa6f",
                "name": "Мясо бессмертных моллюсков Protostomia",
                "type": "main",
                "proteins": 433,
                "fat": 244,
                "carbohydrates": 33,
                "calories": 420,
                "price": 1337,
                "image": "https://code.s3.yandex.net/react/code/meat-02.png",
                "image_mobile": "https://code.s3.yandex.net/react/code/meat-02-mobile.png",
                "image_large": "https://code.s3.yandex.net/react/code/meat-02-large.png",
                "__v": 0
            }
        ],
        "_id": "698102ff984270001be42d72",
        "owner": {
            "name": "Order Test User",
            "email": "order_test_1770062591399@yandex.ru",
            "createdAt": "2026-02-02T20:03:11.535Z",
            "updatedAt": "2026-02-02T20:03:11.535Z"
        },
        "status": "done",
        "name": "Флюоресцентный бессмертный бургер",
        "createdAt": "2026-02-02T20:03:11.719Z",
        "updatedAt": "2026-02-02T20:03:13.512Z",
        "number": 348034,
        "price": 2325
    }
}
HTTP/1.1 200 OK
Server: nginx/1.24.0 (Ubuntu)
Date: Mon, 02 Feb 2026 20:03:14 GMT
Content-Type: application/json; charset=utf-8
Content-Length: 1294
Connection: keep-alive
X-Powered-By: Express
Access-Control-Allow-Origin: *
ETag: W/"50e-zBB6xafyeaLb0NCAAijHBDf4R7g"

{
    "success": true,
    "name": "Флюоресцентный бессмертный бургер",
    "order": {
        "ingredients": [
            {
                "_id": "61c0c5a71d1f82001bdaaa6d",
                "name": "Флюоресцентная булка R2-D3",
                "type": "bun",
                "proteins": 44,
                "fat": 26,
                "carbohydrates": 85,
                "calories": 643,
                "price": 988,
                "image": "https://code.s3.yandex.net/react/code/bun-01.png",
                "image_mobile": "https://code.s3.yandex.net/react/code/bun-01-mobile.png",
                "image_large": "https://code.s3.yandex.net/react/code/bun-01-large.png",
                "__v": 0
            },
            {
                "_id": "61c0c5a71d1f82001bdaaa6f",
                "name": "Мясо бессмертных моллюсков Protostomia",
                "type": "main",
                "proteins": 433,
                "fat": 244,
                "carbohydrates": 33,
                "calories": 420,
                "price": 1337,
                "image": "https://code.s3.yandex.net/react/code/meat-02.png",
                "image_mobile": "https://code.s3.yandex.net/react/code/meat-02-mobile.png",
                "image_large": "https://code.s3.yandex.net/react/code/meat-02-large.png",
                "__v": 0
            }
        ],
        "_id": "698102ff984270001be42d72",
        "owner": {
            "name": "Order Test User",
            "email": "order_test_1770062591399@yandex.ru",
            "createdAt": "2026-02-02T20:03:11.535Z",
            "updatedAt": "2026-02-02T20:03:11.535Z"
        },
        "status": "done",
        "name": "Флюоресцентный бессмертный бургер",
        "createdAt": "2026-02-02T20:03:11.719Z",
        "updatedAt": "2026-02-02T20:03:13.512Z",
        "number": 348034,
        "price": 2325
    }
}
HTTP/1.1 200 OK
Server: nginx/1.24.0 (Ubuntu)
Date: Mon, 02 Feb 2026 20:03:14 GMT
Content-Type: application/json; charset=utf-8
Content-Length: 1294
Connection: keep-alive
X-Powered-By: Express
Access-Control-Allow-Origin: *
ETag: W/"50e-zBB6xafyeaLb0NCAAijHBDf4R7g"

{
    "success": true,
    "name": "Флюоресцентный бессмертный бургер",
    "order": {
        "ingredients": [
            {
                "_id": "61c0c5a71d1f82001bdaaa6d",
                "name": "Флюоресцентная булка R2-D3",
                "type": "bun",
                "proteins": 44,
                "fat": 26,
                "carbohydrates": 85,
                "calories": 643,
                "price": 988,
                "image": "https://code.s3.yandex.net/react/code/bun-01.png",
                "image_mobile": "https://code.s3.yandex.net/react/code/bun-01-mobile.png",
                "image_large": "https://code.s3.yandex.net/react/code/bun-01-large.png",
                "__v": 0
            },
            {
                "_id": "61c0c5a71d1f82001bdaaa6f",
                "name": "Мясо бессмертных моллюсков Protostomia",
                "type": "main",
                "proteins": 433,
                "fat": 244,
                "carbohydrates": 33,
                "calories": 420,
                "price": 1337,
                "image": "https://code.s3.yandex.net/react/code/meat-02.png",
                "image_mobile": "https://code.s3.yandex.net/react/code/meat-02-mobile.png",
                "image_large": "https://code.s3.yandex.net/react/code/meat-02-large.png",
                "__v": 0
            }
        ],
        "_id": "698102ff984270001be42d72",
        "owner": {
            "name": "Order Test User",
            "email": "order_test_1770062591399@yandex.ru",
            "createdAt": "2026-02-02T20:03:11.535Z",
            "updatedAt": "2026-02-02T20:03:11.535Z"
        },
        "status": "done",
        "name": "Флюоресцентный бессмертный бургер",
        "createdAt": "2026-02-02T20:03:11.719Z",
        "updatedAt": "2026-02-02T20:03:13.512Z",
        "number": 348034,
        "price": 2325
    }
}
HTTP/1.1 200 OK
Server: nginx/1.24.0 (Ubuntu)
Date: Mon, 02 Feb 2026 20:03:14 GMT
Content-Type: application/json; charset=utf-8
Content-Length: 1294
Connection: keep-alive
X-Powered-By: Express
Access-Control-Allow-Origin: *
ETag: W/"50e-zBB6xafyeaLb0NCAAijHBDf4R7g"

{
    "success": true,
    "name": "Флюоресцентный бессмертный бургер",
    "order": {
        "ingredients": [
            {
                "_id": "61c0c5a71d1f82001bdaaa6d",
                "name": "Флюоресцентная булка R2-D3",
                "type": "bun",
                "proteins": 44,
                "fat": 26,
                "carbohydrates": 85,
                "calories": 643,
                "price": 988,
                "image": "https://code.s3.yandex.net/react/code/bun-01.png",
                "image_mobile": "https://code.s3.yandex.net/react/code/bun-01-mobile.png",
                "image_large": "https://code.s3.yandex.net/react/code/bun-01-large.png",
                "__v": 0
            },
            {
                "_id": "61c0c5a71d1f82001bdaaa6f",
                "name": "Мясо бессмертных моллюсков Protostomia",
                "type": "main",
                "proteins": 433,
                "fat": 244,
                "carbohydrates": 33,
                "calories": 420,
                "price": 1337,
                "image": "https://code.s3.yandex.net/react/code/meat-02.png",
                "image_mobile": "https://code.s3.yandex.net/react/code/meat-02-mobile.png",
                "image_large": "https://code.s3.yandex.net/react/code/meat-02-large.png",
                "__v": 0
            }
        ],
        "_id": "698102ff984270001be42d72",
        "owner": {
            "name": "Order Test User",
            "email": "order_test_1770062591399@yandex.ru",
            "createdAt": "2026-02-02T20:03:11.535Z",
            "updatedAt": "2026-02-02T20:03:11.535Z"
        },
        "status": "done",
        "name": "Флюоресцентный бессмертный бургер",
        "createdAt": "2026-02-02T20:03:11.719Z",
        "updatedAt": "2026-02-02T20:03:13.512Z",
        "number": 348034,
        "price": 2325
    }
}
HTTP/1.1 200 OK
Server: nginx/1.24.0 (Ubuntu)
Date: Mon, 02 Feb 2026 20:03:14 GMT
Content-Type: application/json; charset=utf-8
Content-Length: 1294
Connection: keep-alive
X-Powered-By: Express
Access-Control-Allow-Origin: *
ETag: W/"50e-zBB6xafyeaLb0NCAAijHBDf4R7g"

{
    "success": true,
    "name": "Флюоресцентный бессмертный бургер",
    "order": {
        "ingredients": [
            {
                "_id": "61c0c5a71d1f82001bdaaa6d",
                "name": "Флюоресцентная булка R2-D3",
                "type": "bun",
                "proteins": 44,
                "fat": 26,
                "carbohydrates": 85,
                "calories": 643,
                "price": 988,
                "image": "https://code.s3.yandex.net/react/code/bun-01.png",
                "image_mobile": "https://code.s3.yandex.net/react/code/bun-01-mobile.png",
                "image_large": "https://code.s3.yandex.net/react/code/bun-01-large.png",
                "__v": 0
            },
            {
                "_id": "61c0c5a71d1f82001bdaaa6f",
                "name": "Мясо бессмертных моллюсков Protostomia",
                "type": "main",
                "proteins": 433,
                "fat": 244,
                "carbohydrates": 33,
                "calories": 420,
                "price": 1337,
                "image": "https://code.s3.yandex.net/react/code/meat-02.png",
                "image_mobile": "https://code.s3.yandex.net/react/code/meat-02-mobile.png",
                "image_large": "https://code.s3.yandex.net/react/code/meat-02-large.png",
                "__v": 0
            }
        ],
        "_id": "698102ff984270001be42d72",
        "owner": {
            "name": "Order Test User",
            "email": "order_test_1770062591399@yandex.ru",
            "createdAt": "2026-02-02T20:03:11.535Z",
            "updatedAt": "2026-02-02T20:03:11.535Z"
        },
        "status": "done",
        "name": "Флюоресцентный бессмертный бургер",
        "createdAt": "2026-02-02T20:03:11.719Z",
        "updatedAt": "2026-02-02T20:03:13.512Z",
        "number": 348034,
        "price": 2325
    }
}
HTTP/1.1 200 OK
Server: nginx/1.24.0 (Ubuntu)
Date: Mon, 02 Feb 2026 20:03:14 GMT
Content-Type: application/json; charset=utf-8
Content-Length: 1294
Connection: keep-alive
X-Powered-By: Express
Access-Control-Allow-Origin: *
ETag: W/"50e-zBB6xafyeaLb0NCAAijHBDf4R7g"

{
    "success": true,
    "name": "Флюоресцентный бессмертный бургер",
    "order": {
        "ingredients": [
            {
                "_id": "61c0c5a71d1f82001bdaaa6d",
                "name": "Флюоресцентная булка R2-D3",
                "type": "bun",
                "proteins": 44,
                "fat": 26,
                "carbohydrates": 85,
                "calories": 643,
                "price": 988,
                "image": "https://code.s3.yandex.net/react/code/bun-01.png",
                "image_mobile": "https://code.s3.yandex.net/react/code/bun-01-mobile.png",
                "image_large": "https://code.s3.yandex.net/react/code/bun-01-large.png",
                "__v": 0
            },
            {
                "_id": "61c0c5a71d1f82001bdaaa6f",
                "name": "Мясо бессмертных моллюсков Protostomia",
                "type": "main",
                "proteins": 433,
                "fat": 244,
                "carbohydrates": 33,
                "calories": 420,
                "price": 1337,
                "image": "https://code.s3.yandex.net/react/code/meat-02.png",
                "image_mobile": "https://code.s3.yandex.net/react/code/meat-02-mobile.png",
                "image_large": "https://code.s3.yandex.net/react/code/meat-02-large.png",
                "__v": 0
            }
        ],
        "_id": "698102ff984270001be42d72",
        "owner": {
            "name": "Order Test User",
            "email": "order_test_1770062591399@yandex.ru",
            "createdAt": "2026-02-02T20:03:11.535Z",
            "updatedAt": "2026-02-02T20:03:11.535Z"
        },
        "status": "done",
        "name": "Флюоресцентный бессмертный бургер",
        "createdAt": "2026-02-02T20:03:11.719Z",
        "updatedAt": "2026-02-02T20:03:13.512Z",
        "number": 348034,
        "price": 2325
    }
}
HTTP/1.1 200 OK
Server: nginx/1.24.0 (Ubuntu)
Date: Mon, 02 Feb 2026 20:03:14 GMT
Content-Type: application/json; charset=utf-8
Content-Length: 1294
Connection: keep-alive
X-Powered-By: Express
Access-Control-Allow-Origin: *
ETag: W/"50e-zBB6xafyeaLb0NCAAijHBDf4R7g"

{
    "success": true,
    "name": "Флюоресцентный бессмертный бургер",
    "order": {
        "ingredients": [
            {
                "_id": "61c0c5a71d1f82001bdaaa6d",
                "name": "Флюоресцентная булка R2-D3",
                "type": "bun",
                "proteins": 44,
                "fat": 26,
                "carbohydrates": 85,
                "calories": 643,
                "price": 988,
                "image": "https://code.s3.yandex.net/react/code/bun-01.png",
                "image_mobile": "https://code.s3.yandex.net/react/code/bun-01-mobile.png",
                "image_large": "https://code.s3.yandex.net/react/code/bun-01-large.png",
                "__v": 0
            },
            {
                "_id": "61c0c5a71d1f82001bdaaa6f",
                "name": "Мясо бессмертных моллюсков Protostomia",
                "type": "main",
                "proteins": 433,
                "fat": 244,
                "carbohydrates": 33,
                "calories": 420,
                "price": 1337,
                "image": "https://code.s3.yandex.net/react/code/meat-02.png",
                "image_mobile": "https://code.s3.yandex.net/react/code/meat-02-mobile.png",
                "image_large": "https://code.s3.yandex.net/react/code/meat-02-large.png",
                "__v": 0
            }
        ],
        "_id": "698102ff984270001be42d72",
        "owner": {
            "name": "Order Test User",
            "email": "order_test_1770062591399@yandex.ru",
            "createdAt": "2026-02-02T20:03:11.535Z",
            "updatedAt": "2026-02-02T20:03:11.535Z"
        },
        "status": "done",
        "name": "Флюоресцентный бессмертный бургер",
        "createdAt": "2026-02-02T20:03:11.719Z",
        "updatedAt": "2026-02-02T20:03:13.512Z",
        "number": 348034,
        "price": 2325
    }
}
HTTP/1.1 200 OK
Server: nginx/1.24.0 (Ubuntu)
Date: Mon, 02 Feb 2026 20:03:14 GMT
Content-Type: application/json; charset=utf-8
Content-Length: 1294
Connection: keep-alive
X-Powered-By: Express
Access-Control-Allow-Origin: *
ETag: W/"50e-zBB6xafyeaLb0NCAAijHBDf4R7g"

{
    "success": true,
    "name": "Флюоресцентный бессмертный бургер",
    "order": {
        "ingredients": [
            {
                "_id": "61c0c5a71d1f82001bdaaa6d",
                "name": "Флюоресцентная булка R2-D3",
                "type": "bun",
                "proteins": 44,
                "fat": 26,
                "carbohydrates": 85,
                "calories": 643,
                "price": 988,
                "image": "https://code.s3.yandex.net/react/code/bun-01.png",
                "image_mobile": "https://code.s3.yandex.net/react/code/bun-01-mobile.png",
                "image_large": "https://code.s3.yandex.net/react/code/bun-01-large.png",
                "__v": 0
            },
            {
                "_id": "61c0c5a71d1f82001bdaaa6f",
                "name": "Мясо бессмертных моллюсков Protostomia",
                "type": "main",
                "proteins": 433,
                "fat": 244,
                "carbohydrates": 33,
                "calories": 420,
                "price": 1337,
                "image": "https://code.s3.yandex.net/react/code/meat-02.png",
                "image_mobile": "https://code.s3.yandex.net/react/code/meat-02-mobile.png",
                "image_large": "https://code.s3.yandex.net/react/code/meat-02-large.png",
                "__v": 0
            }
        ],
        "_id": "698102ff984270001be42d72",
        "owner": {
            "name": "Order Test User",
            "email": "order_test_1770062591399@yandex.ru",
            "createdAt": "2026-02-02T20:03:11.535Z",
            "updatedAt": "2026-02-02T20:03:11.535Z"
        },
        "status": "done",
        "name": "Флюоресцентный бессмертный бургер",
        "createdAt": "2026-02-02T20:03:11.719Z",
        "updatedAt": "2026-02-02T20:03:13.512Z",
        "number": 348034,
        "price": 2325
    }
}
HTTP/1.1 200 OK
Server: nginx/1.24.0 (Ubuntu)
Date: Mon, 02 Feb 2026 20:03:14 GMT
Content-Type: application/json; charset=utf-8
Content-Length: 1294
Connection: keep-alive
X-Powered-By: Express
Access-Control-Allow-Origin: *
ETag: W/"50e-zBB6xafyeaLb0NCAAijHBDf4R7g"

{
    "success": true,
    "name": "Флюоресцентный бессмертный бургер",
    "order": {
        "ingredients": [
            {
                "_id": "61c0c5a71d1f82001bdaaa6d",
                "name": "Флюоресцентная булка R2-D3",
                "type": "bun",
                "proteins": 44,
                "fat": 26,
                "carbohydrates": 85,
                "calories": 643,
                "price": 988,
                "image": "https://code.s3.yandex.net/react/code/bun-01.png",
                "image_mobile": "https://code.s3.yandex.net/react/code/bun-01-mobile.png",
                "image_large": "https://code.s3.yandex.net/react/code/bun-01-large.png",
                "__v": 0
            },
            {
                "_id": "61c0c5a71d1f82001bdaaa6f",
                "name": "Мясо бессмертных моллюсков Protostomia",
                "type": "main",
                "proteins": 433,
                "fat": 244,
                "carbohydrates": 33,
                "calories": 420,
                "price": 1337,
                "image": "https://code.s3.yandex.net/react/code/meat-02.png",
                "image_mobile": "https://code.s3.yandex.net/react/code/meat-02-mobile.png",
                "image_large": "https://code.s3.yandex.net/react/code/meat-02-large.png",
                "__v": 0
            }
        ],
        "_id": "698102ff984270001be42d72",
        "owner": {
            "name": "Order Test User",
            "email": "order_test_1770062591399@yandex.ru",
            "createdAt": "2026-02-02T20:03:11.535Z",
            "updatedAt": "2026-02-02T20:03:11.535Z"
        },
        "status": "done",
        "name": "Флюоресцентный бессмертный бургер",
        "createdAt": "2026-02-02T20:03:11.719Z",
        "updatedAt": "2026-02-02T20:03:13.512Z",
        "number": 348034,
        "price": 2325
    }
}
HTTP/1.1 200 OK
Server: nginx/1.24.0 (Ubuntu)
Date: Mon, 02 Feb 2026 20:03:14 GMT
Content-Type: application/json; charset=utf-8
Content-Length: 1294
Connection: keep-alive
X-Powered-By: Express
Access-Control-Allow-Origin: *
ETag: W/"50e-zBB6xafyeaLb0NCAAijHBDf4R7g"

{
    "success": true,
    "name": "Флюоресцентный бессмертный бургер",
    "order": {
        "ingredients": [
            {
                "_id": "61c0c5a71d1f82001bdaaa6d",
                "name": "Флюоресцентная булка R2-D3",
                "type": "bun",
                "proteins": 44,
                "fat": 26,
                "carbohydrates": 85,
                "calories": 643,
                "price": 988,
                "image": "https://code.s3.yandex.net/react/code/bun-01.png",
                "image_mobile": "https://code.s3.yandex.net/react/code/bun-01-mobile.png",
                "image_large": "https://code.s3.yandex.net/react/code/bun-01-large.png",
                "__v": 0
            },
            {
                "_id": "61c0c5a71d1f82001bdaaa6f",
                "name": "Мясо бессмертных моллюсков Protostomia",
                "type": "main",
                "proteins": 433,
                "fat": 244,
                "carbohydrates": 33,
                "calories": 420,
                "price": 1337,
                "image": "https://code.s3.yandex.net/react/code/meat-02.png",
                "image_mobile": "https://code.s3.yandex.net/react/code/meat-02-mobile.png",
                "image_large": "https://code.s3.yandex.net/react/code/meat-02-large.png",
                "__v": 0
            }
        ],
        "_id": "698102ff984270001be42d72",
        "owner": {
            "name": "Order Test User",
            "email": "order_test_1770062591399@yandex.ru",
            "createdAt": "2026-02-02T20:03:11.535Z",
            "updatedAt": "2026-02-02T20:03:11.535Z"
        },
        "status": "done",
        "name": "Флюоресцентный бессмертный бургер",
        "createdAt": "2026-02-02T20:03:11.719Z",
        "updatedAt": "2026-02-02T20:03:13.512Z",
        "number": 348034,
        "price": 2325
    }
}
HTTP/1.1 200 OK
Server: nginx/1.24.0 (Ubuntu)
Date: Mon, 02 Feb 2026 20:03:14 GMT
Content-Type: application/json; charset=utf-8
Content-Length: 1294
Connection: keep-alive
X-Powered-By: Express
Access-Control-Allow-Origin: *
ETag: W/"50e-zBB6xafyeaLb0NCAAijHBDf4R7g"

{
    "success": true,
    "name": "Флюоресцентный бессмертный бургер",
    "order": {
        "ingredients": [
            {
                "_id": "61c0c5a71d1f82001bdaaa6d",
                "name": "Флюоресцентная булка R2-D3",
                "type": "bun",
                "proteins": 44,
                "fat": 26,
                "carbohydrates": 85,
                "calories": 643,
                "price": 988,
                "image": "https://code.s3.yandex.net/react/code/bun-01.png",
                "image_mobile": "https://code.s3.yandex.net/react/code/bun-01-mobile.png",
                "image_large": "https://code.s3.yandex.net/react/code/bun-01-large.png",
                "__v": 0
            },
            {
                "_id": "61c0c5a71d1f82001bdaaa6f",
                "name": "Мясо бессмертных моллюсков Protostomia",
                "type": "main",
                "proteins": 433,
                "fat": 244,
                "carbohydrates": 33,
                "calories": 420,
                "price": 1337,
                "image": "https://code.s3.yandex.net/react/code/meat-02.png",
                "image_mobile": "https://code.s3.yandex.net/react/code/meat-02-mobile.png",
                "image_large": "https://code.s3.yandex.net/react/code/meat-02-large.png",
                "__v": 0
            }
        ],
        "_id": "698102ff984270001be42d72",
        "owner": {
            "name": "Order Test User",
            "email": "order_test_1770062591399@yandex.ru",
            "createdAt": "2026-02-02T20:03:11.535Z",
            "updatedAt": "2026-02-02T20:03:11.535Z"
        },
        "status": "done",
        "name": "Флюоресцентный бессмертный бургер",
        "createdAt": "2026-02-02T20:03:11.719Z",
        "updatedAt": "2026-02-02T20:03:13.512Z",
        "number": 348034,
        "price": 2325
    }
}
HTTP/1.1 200 OK
Server: nginx/1.24.0 (Ubuntu)
Date: Mon, 02 Feb 2026 20:03:14 GMT
Content-Type: application/json; charset=utf-8
Content-Length: 1294
Connection: keep-alive
X-Powered-By: Express
Access-Control-Allow-Origin: *
ETag: W/"50e-zBB6xafyeaLb0NCAAijHBDf4R7g"

{
    "success": true,
    "name": "Флюоресцентный бессмертный бургер",
    "order": {
        "ingredients": [
            {
                "_id": "61c0c5a71d1f82001bdaaa6d",
                "name": "Флюоресцентная булка R2-D3",
                "type": "bun",
                "proteins": 44,
                "fat": 26,
                "carbohydrates": 85,
                "calories": 643,
                "price": 988,
                "image": "https://code.s3.yandex.net/react/code/bun-01.png",
                "image_mobile": "https://code.s3.yandex.net/react/code/bun-01-mobile.png",
                "image_large": "https://code.s3.yandex.net/react/code/bun-01-large.png",
                "__v": 0
            },
            {
                "_id": "61c0c5a71d1f82001bdaaa6f",
                "name": "Мясо бессмертных моллюсков Protostomia",
                "type": "main",
                "proteins": 433,
                "fat": 244,
                "carbohydrates": 33,
                "calories": 420,
                "price": 1337,
                "image": "https://code.s3.yandex.net/react/code/meat-02.png",
                "image_mobile": "https://code.s3.yandex.net/react/code/meat-02-mobile.png",
                "image_large": "https://code.s3.yandex.net/react/code/meat-02-large.png",
                "__v": 0
            }
        ],
        "_id": "698102ff984270001be42d72",
        "owner": {
            "name": "Order Test User",
            "email": "order_test_1770062591399@yandex.ru",
            "createdAt": "2026-02-02T20:03:11.535Z",
            "updatedAt": "2026-02-02T20:03:11.535Z"
        },
        "status": "done",
        "name": "Флюоресцентный бессмертный бургер",
        "createdAt": "2026-02-02T20:03:11.719Z",
        "updatedAt": "2026-02-02T20:03:13.512Z",
        "number": 348034,
        "price": 2325
    }
}
HTTP/1.1 200 OK
Server: nginx/1.24.0 (Ubuntu)
Date: Mon, 02 Feb 2026 20:03:14 GMT
Content-Type: application/json; charset=utf-8
Content-Length: 1294
Connection: keep-alive
X-Powered-By: Express
Access-Control-Allow-Origin: *
ETag: W/"50e-zBB6xafyeaLb0NCAAijHBDf4R7g"

{
    "success": true,
    "name": "Флюоресцентный бессмертный бургер",
    "order": {
        "ingredients": [
            {
                "_id": "61c0c5a71d1f82001bdaaa6d",
                "name": "Флюоресцентная булка R2-D3",
                "type": "bun",
                "proteins": 44,
                "fat": 26,
                "carbohydrates": 85,
                "calories": 643,
                "price": 988,
                "image": "https://code.s3.yandex.net/react/code/bun-01.png",
                "image_mobile": "https://code.s3.yandex.net/react/code/bun-01-mobile.png",
                "image_large": "https://code.s3.yandex.net/react/code/bun-01-large.png",
                "__v": 0
            },
            {
                "_id": "61c0c5a71d1f82001bdaaa6f",
                "name": "Мясо бессмертных моллюсков Protostomia",
                "type": "main",
                "proteins": 433,
                "fat": 244,
                "carbohydrates": 33,
                "calories": 420,
                "price": 1337,
                "image": "https://code.s3.yandex.net/react/code/meat-02.png",
                "image_mobile": "https://code.s3.yandex.net/react/code/meat-02-mobile.png",
                "image_large": "https://code.s3.yandex.net/react/code/meat-02-large.png",
                "__v": 0
            }
        ],
        "_id": "698102ff984270001be42d72",
        "owner": {
            "name": "Order Test User",
            "email": "order_test_1770062591399@yandex.ru",
            "createdAt": "2026-02-02T20:03:11.535Z",
            "updatedAt": "2026-02-02T20:03:11.535Z"
        },
        "status": "done",
        "name": "Флюоресцентный бессмертный бургер",
        "createdAt": "2026-02-02T20:03:11.719Z",
        "updatedAt": "2026-02-02T20:03:13.512Z",
        "number": 348034,
        "price": 2325
    }
}
HTTP/1.1 200 OK
Server: nginx/1.24.0 (Ubuntu)
Date: Mon, 02 Feb 2026 20:03:14 GMT
Content-Type: application/json; charset=utf-8
Content-Length: 1294
Connection: keep-alive
X-Powered-By: Express
Access-Control-Allow-Origin: *
ETag: W/"50e-zBB6xafyeaLb0NCAAijHBDf4R7g"

{
    "success": true,
    "name": "Флюоресцентный бессмертный бургер",
    "order": {
        "ingredients": [
            {
                "_id": "61c0c5a71d1f82001bdaaa6d",
                "name": "Флюоресцентная булка R2-D3",
                "type": "bun",
                "proteins": 44,
                "fat": 26,
                "carbohydrates": 85,
                "calories": 643,
                "price": 988,
                "image": "https://code.s3.yandex.net/react/code/bun-01.png",
                "image_mobile": "https://code.s3.yandex.net/react/code/bun-01-mobile.png",
                "image_large": "https://code.s3.yandex.net/react/code/bun-01-large.png",
                "__v": 0
            },
            {
                "_id": "61c0c5a71d1f82001bdaaa6f",
                "name": "Мясо бессмертных моллюсков Protostomia",
                "type": "main",
                "proteins": 433,
                "fat": 244,
                "carbohydrates": 33,
                "calories": 420,
                "price": 1337,
                "image": "https://code.s3.yandex.net/react/code/meat-02.png",
                "image_mobile": "https://code.s3.yandex.net/react/code/meat-02-mobile.png",
                "image_large": "https://code.s3.yandex.net/react/code/meat-02-large.png",
                "__v": 0
            }
        ],
        "_id": "698102ff984270001be42d72",
        "owner": {
            "name": "Order Test User",
            "email": "order_test_1770062591399@yandex.ru",
            "createdAt": "2026-02-02T20:03:11.535Z",
            "updatedAt": "2026-02-02T20:03:11.535Z"
        },
        "status": "done",
        "name": "Флюоресцентный бессмертный бургер",
        "createdAt": "2026-02-02T20:03:11.719Z",
        "updatedAt": "2026-02-02T20:03:13.512Z",
        "number": 348034,
        "price": 2325
    }
}
HTTP/1.1 200 OK
Server: nginx/1.24.0 (Ubuntu)
Date: Mon, 02 Feb 2026 20:03:14 GMT
Content-Type: application/json; charset=utf-8
Content-Length: 1294
Connection: keep-alive
X-Powered-By: Express
Access-Control-Allow-Origin: *
ETag: W/"50e-zBB6xafyeaLb0NCAAijHBDf4R7g"

{
    "success": true,
    "name": "Флюоресцентный бессмертный бургер",
    "order": {
        "ingredients": [
            {
                "_id": "61c0c5a71d1f82001bdaaa6d",
                "name": "Флюоресцентная булка R2-D3",
                "type": "bun",
                "proteins": 44,
                "fat": 26,
                "carbohydrates": 85,
                "calories": 643,
                "price": 988,
                "image": "https://code.s3.yandex.net/react/code/bun-01.png",
                "image_mobile": "https://code.s3.yandex.net/react/code/bun-01-mobile.png",
                "image_large": "https://code.s3.yandex.net/react/code/bun-01-large.png",
                "__v": 0
            },
            {
                "_id": "61c0c5a71d1f82001bdaaa6f",
                "name": "Мясо бессмертных моллюсков Protostomia",
                "type": "main",
                "proteins": 433,
                "fat": 244,
                "carbohydrates": 33,
                "calories": 420,
                "price": 1337,
                "image": "https://code.s3.yandex.net/react/code/meat-02.png",
                "image_mobile": "https://code.s3.yandex.net/react/code/meat-02-mobile.png",
                "image_large": "https://code.s3.yandex.net/react/code/meat-02-large.png",
                "__v": 0
            }
        ],
        "_id": "698102ff984270001be42d72",
        "owner": {
            "name": "Order Test User",
            "email": "order_test_1770062591399@yandex.ru",
            "createdAt": "2026-02-02T20:03:11.535Z",
            "updatedAt": "2026-02-02T20:03:11.535Z"
        },
        "status": "done",
        "name": "Флюоресцентный бессмертный бургер",
        "createdAt": "2026-02-02T20:03:11.719Z",
        "updatedAt": "2026-02-02T20:03:13.512Z",
        "number": 348034,
        "price": 2325
    }
}
HTTP/1.1 200 OK
Server: nginx/1.24.0 (Ubuntu)
Date: Mon, 02 Feb 2026 20:03:14 GMT
Content-Type: application/json; charset=utf-8
Content-Length: 1294
Connection: keep-alive
X-Powered-By: Express
Access-Control-Allow-Origin: *
ETag: W/"50e-zBB6xafyeaLb0NCAAijHBDf4R7g"

{
    "success": true,
    "name": "Флюоресцентный бессмертный бургер",
    "order": {
        "ingredients": [
            {
                "_id": "61c0c5a71d1f82001bdaaa6d",
                "name": "Флюоресцентная булка R2-D3",
                "type": "bun",
                "proteins": 44,
                "fat": 26,
                "carbohydrates": 85,
                "calories": 643,
                "price": 988,
                "image": "https://code.s3.yandex.net/react/code/bun-01.png",
                "image_mobile": "https://code.s3.yandex.net/react/code/bun-01-mobile.png",
                "image_large": "https://code.s3.yandex.net/react/code/bun-01-large.png",
                "__v": 0
            },
            {
                "_id": "61c0c5a71d1f82001bdaaa6f",
                "name": "Мясо бессмертных моллюсков Protostomia",
                "type": "main",
                "proteins": 433,
                "fat": 244,
                "carbohydrates": 33,
                "calories": 420,
                "price": 1337,
                "image": "https://code.s3.yandex.net/react/code/meat-02.png",
                "image_mobile": "https://code.s3.yandex.net/react/code/meat-02-mobile.png",
                "image_large": "https://code.s3.yandex.net/react/code/meat-02-large.png",
                "__v": 0
            }
        ],
        "_id": "698102ff984270001be42d72",
        "owner": {
            "name": "Order Test User",
            "email": "order_test_1770062591399@yandex.ru",
            "createdAt": "2026-02-02T20:03:11.535Z",
            "updatedAt": "2026-02-02T20:03:11.535Z"
        },
        "status": "done",
        "name": "Флюоресцентный бессмертный бургер",
        "createdAt": "2026-02-02T20:03:11.719Z",
        "updatedAt": "2026-02-02T20:03:13.512Z",
        "number": 348034,
        "price": 2325
    }
}
HTTP/1.1 200 OK
Server: nginx/1.24.0 (Ubuntu)
Date: Mon, 02 Feb 2026 20:03:14 GMT
Content-Type: application/json; charset=utf-8
Content-Length: 1294
Connection: keep-alive
X-Powered-By: Express
Access-Control-Allow-Origin: *
ETag: W/"50e-zBB6xafyeaLb0NCAAijHBDf4R7g"

{
    "success": true,
    "name": "Флюоресцентный бессмертный бургер",
    "order": {
        "ingredients": [
            {
                "_id": "61c0c5a71d1f82001bdaaa6d",
                "name": "Флюоресцентная булка R2-D3",
                "type": "bun",
                "proteins": 44,
                "fat": 26,
                "carbohydrates": 85,
                "calories": 643,
                "price": 988,
                "image": "https://code.s3.yandex.net/react/code/bun-01.png",
                "image_mobile": "https://code.s3.yandex.net/react/code/bun-01-mobile.png",
                "image_large": "https://code.s3.yandex.net/react/code/bun-01-large.png",
                "__v": 0
            },
            {
                "_id": "61c0c5a71d1f82001bdaaa6f",
                "name": "Мясо бессмертных моллюсков Protostomia",
                "type": "main",
                "proteins": 433,
                "fat": 244,
                "carbohydrates": 33,
                "calories": 420,
                "price": 1337,
                "image": "https://code.s3.yandex.net/react/code/meat-02.png",
                "image_mobile": "https://code.s3.yandex.net/react/code/meat-02-mobile.png",
                "image_large": "https://code.s3.yandex.net/react/code/meat-02-large.png",
                "__v": 0
            }
        ],
        "_id": "698102ff984270001be42d72",
        "owner": {
            "name": "Order Test User",
            "email": "order_test_1770062591399@yandex.ru",
            "createdAt": "2026-02-02T20:03:11.535Z",
            "updatedAt": "2026-02-02T20:03:11.535Z"
        },
        "status": "done",
        "name": "Флюоресцентный бессмертный бургер",
        "createdAt": "2026-02-02T20:03:11.719Z",
        "updatedAt": "2026-02-02T20:03:13.512Z",
        "number": 348034,
        "price": 2325
    }
}
HTTP/1.1 200 OK
Server: nginx/1.24.0 (Ubuntu)
Date: Mon, 02 Feb 2026 20:03:14 GMT
Content-Type: application/json; charset=utf-8
Content-Length: 1294
Connection: keep-alive
X-Powered-By: Express
Access-Control-Allow-Origin: *
ETag: W/"50e-zBB6xafyeaLb0NCAAijHBDf4R7g"

{
    "success": true,
    "name": "Флюоресцентный бессмертный бургер",
    "order": {
        "ingredients": [
            {
                "_id": "61c0c5a71d1f82001bdaaa6d",
                "name": "Флюоресцентная булка R2-D3",
                "type": "bun",
                "proteins": 44,
                "fat": 26,
                "carbohydrates": 85,
                "calories": 643,
                "price": 988,
                "image": "https://code.s3.yandex.net/react/code/bun-01.png",
                "image_mobile": "https://code.s3.yandex.net/react/code/bun-01-mobile.png",
                "image_large": "https://code.s3.yandex.net/react/code/bun-01-large.png",
                "__v": 0
            },
            {
                "_id": "61c0c5a71d1f82001bdaaa6f",
                "name": "Мясо бессмертных моллюсков Protostomia",
                "type": "main",
                "proteins": 433,
                "fat": 244,
                "carbohydrates": 33,
                "calories": 420,
                "price": 1337,
                "image": "https://code.s3.yandex.net/react/code/meat-02.png",
                "image_mobile": "https://code.s3.yandex.net/react/code/meat-02-mobile.png",
                "image_large": "https://code.s3.yandex.net/react/code/meat-02-large.png",
                "__v": 0
            }
        ],
        "_id": "698102ff984270001be42d72",
        "owner": {
            "name": "Order Test User",
            "email": "order_test_1770062591399@yandex.ru",
            "createdAt": "2026-02-02T20:03:11.535Z",
            "updatedAt": "2026-02-02T20:03:11.535Z"
        },
        "status": "done",
        "name": "Флюоресцентный бессмертный бургер",
        "createdAt": "2026-02-02T20:03:11.719Z",
        "updatedAt": "2026-02-02T20:03:13.512Z",
        "number": 348034,
        "price": 2325
    }
}
HTTP/1.1 200 OK
Server: nginx/1.24.0 (Ubuntu)
Date: Mon, 02 Feb 2026 20:03:14 GMT
Content-Type: application/json; charset=utf-8
Content-Length: 1294
Connection: keep-alive
X-Powered-By: Express
Access-Control-Allow-Origin: *
ETag: W/"50e-zBB6xafyeaLb0NCAAijHBDf4R7g"

{
    "success": true,
    "name": "Флюоресцентный бессмертный бургер",
    "order": {
        "ingredients": [
            {
                "_id": "61c0c5a71d1f82001bdaaa6d",
                "name": "Флюоресцентная булка R2-D3",
                "type": "bun",
                "proteins": 44,
                "fat": 26,
                "carbohydrates": 85,
                "calories": 643,
                "price": 988,
                "image": "https://code.s3.yandex.net/react/code/bun-01.png",
                "image_mobile": "https://code.s3.yandex.net/react/code/bun-01-mobile.png",
                "image_large": "https://code.s3.yandex.net/react/code/bun-01-large.png",
                "__v": 0
            },
            {
                "_id": "61c0c5a71d1f82001bdaaa6f",
                "name": "Мясо бессмертных моллюсков Protostomia",
                "type": "main",
                "proteins": 433,
                "fat": 244,
                "carbohydrates": 33,
                "calories": 420,
                "price": 1337,
                "image": "https://code.s3.yandex.net/react/code/meat-02.png",
                "image_mobile": "https://code.s3.yandex.net/react/code/meat-02-mobile.png",
                "image_large": "https://code.s3.yandex.net/react/code/meat-02-large.png",
                "__v": 0
            }
        ],
        "_id": "698102ff984270001be42d72",
        "owner": {
            "name": "Order Test User",
            "email": "order_test_1770062591399@yandex.ru",
            "createdAt": "2026-02-02T20:03:11.535Z",
            "updatedAt": "2026-02-02T20:03:11.535Z"
        },
        "status": "done",
        "name": "Флюоресцентный бессмертный бургер",
        "createdAt": "2026-02-02T20:03:11.719Z",
        "updatedAt": "2026-02-02T20:03:13.512Z",
        "number": 348034,
        "price": 2325
    }
}
HTTP/1.1 200 OK
Server: nginx/1.24.0 (Ubuntu)
Date: Mon, 02 Feb 2026 20:03:14 GMT
Content-Type: application/json; charset=utf-8
Content-Length: 1294
Connection: keep-alive
X-Powered-By: Express
Access-Control-Allow-Origin: *
ETag: W/"50e-zBB6xafyeaLb0NCAAijHBDf4R7g"

{
    "success": true,
    "name": "Флюоресцентный бессмертный бургер",
    "order": {
        "ingredients": [
            {
                "_id": "61c0c5a71d1f82001bdaaa6d",
                "name": "Флюоресцентная булка R2-D3",
                "type": "bun",
                "proteins": 44,
                "fat": 26,
                "carbohydrates": 85,
                "calories": 643,
                "price": 988,
                "image": "https://code.s3.yandex.net/react/code/bun-01.png",
                "image_mobile": "https://code.s3.yandex.net/react/code/bun-01-mobile.png",
                "image_large": "https://code.s3.yandex.net/react/code/bun-01-large.png",
                "__v": 0
            },
            {
                "_id": "61c0c5a71d1f82001bdaaa6f",
                "name": "Мясо бессмертных моллюсков Protostomia",
                "type": "main",
                "proteins": 433,
                "fat": 244,
                "carbohydrates": 33,
                "calories": 420,
                "price": 1337,
                "image": "https://code.s3.yandex.net/react/code/meat-02.png",
                "image_mobile": "https://code.s3.yandex.net/react/code/meat-02-mobile.png",
                "image_large": "https://code.s3.yandex.net/react/code/meat-02-large.png",
                "__v": 0
            }
        ],
        "_id": "698102ff984270001be42d72",
        "owner": {
            "name": "Order Test User",
            "email": "order_test_1770062591399@yandex.ru",
            "createdAt": "2026-02-02T20:03:11.535Z",
            "updatedAt": "2026-02-02T20:03:11.535Z"
        },
        "status": "done",
        "name": "Флюоресцентный бессмертный бургер",
        "createdAt": "2026-02-02T20:03:11.719Z",
        "updatedAt": "2026-02-02T20:03:13.512Z",
        "number": 348034,
        "price": 2325
    }
}
HTTP/1.1 200 OK
Server: nginx/1.24.0 (Ubuntu)
Date: Mon, 02 Feb 2026 20:03:14 GMT
Content-Type: application/json; charset=utf-8
Content-Length: 1294
Connection: keep-alive
X-Powered-By: Express
Access-Control-Allow-Origin: *
ETag: W/"50e-zBB6xafyeaLb0NCAAijHBDf4R7g"

{
    "success": true,
    "name": "Флюоресцентный бессмертный бургер",
    "order": {
        "ingredients": [
            {
                "_id": "61c0c5a71d1f82001bdaaa6d",
                "name": "Флюоресцентная булка R2-D3",
                "type": "bun",
                "proteins": 44,
                "fat": 26,
                "carbohydrates": 85,
                "calories": 643,
                "price": 988,
                "image": "https://code.s3.yandex.net/react/code/bun-01.png",
                "image_mobile": "https://code.s3.yandex.net/react/code/bun-01-mobile.png",
                "image_large": "https://code.s3.yandex.net/react/code/bun-01-large.png",
                "__v": 0
            },
            {
                "_id": "61c0c5a71d1f82001bdaaa6f",
                "name": "Мясо бессмертных моллюсков Protostomia",
                "type": "main",
                "proteins": 433,
                "fat": 244,
                "carbohydrates": 33,
                "calories": 420,
                "price": 1337,
                "image": "https://code.s3.yandex.net/react/code/meat-02.png",
                "image_mobile": "https://code.s3.yandex.net/react/code/meat-02-mobile.png",
                "image_large": "https://code.s3.yandex.net/react/code/meat-02-large.png",
                "__v": 0
            }
        ],
        "_id": "698102ff984270001be42d72",
        "owner": {
            "name": "Order Test User",
            "email": "order_test_1770062591399@yandex.ru",
            "createdAt": "2026-02-02T20:03:11.535Z",
            "updatedAt": "2026-02-02T20:03:11.535Z"
        },
        "status": "done",
        "name": "Флюоресцентный бессмертный бургер",
        "createdAt": "2026-02-02T20:03:11.719Z",
        "updatedAt": "2026-02-02T20:03:13.512Z",
        "number": 348034,
        "price": 2325
    }
}
Заказ создан: 348034
Request method:	DELETE
Request URI:	https://stellarburgers.education-services.ru/api/auth/user
Proxy:			<none>
Request params:	<none>
Query params:	<none>
Form params:	<none>
Path params:	<none>
Headers:		Authorization=Bearer eyJhbGciOiJIUzI1NiIsInR5cCI6IkpXVCJ9.eyJpZCI6IjY5ODEwMmZmOTg0MjcwMDAxYmU0MmQ3MCIsImlhdCI6MTc3MDA2MjU5MSwiZXhwIjoxNzcwMDYzNzkxfQ.cbvj-Xjhb4Fmg32N3ibrQTVl1eF4QcfInbABshiuoqE
				Accept=*/*
Cookies:		<none>
Multiparts:		<none>
Body:			<none>
Request method:	DELETE
Request URI:	https://stellarburgers.education-services.ru/api/auth/user
Proxy:			<none>
Request params:	<none>
Query params:	<none>
Form params:	<none>
Path params:	<none>
Headers:		Authorization=Bearer eyJhbGciOiJIUzI1NiIsInR5cCI6IkpXVCJ9.eyJpZCI6IjY5ODEwMmZmOTg0MjcwMDAxYmU0MmQ3MCIsImlhdCI6MTc3MDA2MjU5MSwiZXhwIjoxNzcwMDYzNzkxfQ.cbvj-Xjhb4Fmg32N3ibrQTVl1eF4QcfInbABshiuoqE
				Accept=*/*
Cookies:		<none>
Multiparts:		<none>
Body:			<none>
Request method:	DELETE
Request URI:	https://stellarburgers.education-services.ru/api/auth/user
Proxy:			<none>
Request params:	<none>
Query params:	<none>
Form params:	<none>
Path params:	<none>
Headers:		Authorization=Bearer eyJhbGciOiJIUzI1NiIsInR5cCI6IkpXVCJ9.eyJpZCI6IjY5ODEwMmZmOTg0MjcwMDAxYmU0MmQ3MCIsImlhdCI6MTc3MDA2MjU5MSwiZXhwIjoxNzcwMDYzNzkxfQ.cbvj-Xjhb4Fmg32N3ibrQTVl1eF4QcfInbABshiuoqE
				Accept=*/*
Cookies:		<none>
Multiparts:		<none>
Body:			<none>
Request method:	DELETE
Request URI:	https://stellarburgers.education-services.ru/api/auth/user
Proxy:			<none>
Request params:	<none>
Query params:	<none>
Form params:	<none>
Path params:	<none>
Headers:		Authorization=Bearer eyJhbGciOiJIUzI1NiIsInR5cCI6IkpXVCJ9.eyJpZCI6IjY5ODEwMmZmOTg0MjcwMDAxYmU0MmQ3MCIsImlhdCI6MTc3MDA2MjU5MSwiZXhwIjoxNzcwMDYzNzkxfQ.cbvj-Xjhb4Fmg32N3ibrQTVl1eF4QcfInbABshiuoqE
				Accept=*/*
Cookies:		<none>
Multiparts:		<none>
Body:			<none>
Request method:	DELETE
Request URI:	https://stellarburgers.education-services.ru/api/auth/user
Proxy:			<none>
Request params:	<none>
Query params:	<none>
Form params:	<none>
Path params:	<none>
Headers:		Authorization=Bearer eyJhbGciOiJIUzI1NiIsInR5cCI6IkpXVCJ9.eyJpZCI6IjY5ODEwMmZmOTg0MjcwMDAxYmU0MmQ3MCIsImlhdCI6MTc3MDA2MjU5MSwiZXhwIjoxNzcwMDYzNzkxfQ.cbvj-Xjhb4Fmg32N3ibrQTVl1eF4QcfInbABshiuoqE
				Accept=*/*
Cookies:		<none>
Multiparts:		<none>
Body:			<none>
Request method:	DELETE
Request URI:	https://stellarburgers.education-services.ru/api/auth/user
Proxy:			<none>
Request params:	<none>
Query params:	<none>
Form params:	<none>
Path params:	<none>
Headers:		Authorization=Bearer eyJhbGciOiJIUzI1NiIsInR5cCI6IkpXVCJ9.eyJpZCI6IjY5ODEwMmZmOTg0MjcwMDAxYmU0MmQ3MCIsImlhdCI6MTc3MDA2MjU5MSwiZXhwIjoxNzcwMDYzNzkxfQ.cbvj-Xjhb4Fmg32N3ibrQTVl1eF4QcfInbABshiuoqE
				Accept=*/*
Cookies:		<none>
Multiparts:		<none>
Body:			<none>
Request method:	DELETE
Request URI:	https://stellarburgers.education-services.ru/api/auth/user
Proxy:			<none>
Request params:	<none>
Query params:	<none>
Form params:	<none>
Path params:	<none>
Headers:		Authorization=Bearer eyJhbGciOiJIUzI1NiIsInR5cCI6IkpXVCJ9.eyJpZCI6IjY5ODEwMmZmOTg0MjcwMDAxYmU0MmQ3MCIsImlhdCI6MTc3MDA2MjU5MSwiZXhwIjoxNzcwMDYzNzkxfQ.cbvj-Xjhb4Fmg32N3ibrQTVl1eF4QcfInbABshiuoqE
				Accept=*/*
Cookies:		<none>
Multiparts:		<none>
Body:			<none>
Request method:	DELETE
Request URI:	https://stellarburgers.education-services.ru/api/auth/user
Proxy:			<none>
Request params:	<none>
Query params:	<none>
Form params:	<none>
Path params:	<none>
Headers:		Authorization=Bearer eyJhbGciOiJIUzI1NiIsInR5cCI6IkpXVCJ9.eyJpZCI6IjY5ODEwMmZmOTg0MjcwMDAxYmU0MmQ3MCIsImlhdCI6MTc3MDA2MjU5MSwiZXhwIjoxNzcwMDYzNzkxfQ.cbvj-Xjhb4Fmg32N3ibrQTVl1eF4QcfInbABshiuoqE
				Accept=*/*
Cookies:		<none>
Multiparts:		<none>
Body:			<none>
Request method:	DELETE
Request URI:	https://stellarburgers.education-services.ru/api/auth/user
Proxy:			<none>
Request params:	<none>
Query params:	<none>
Form params:	<none>
Path params:	<none>
Headers:		Authorization=Bearer eyJhbGciOiJIUzI1NiIsInR5cCI6IkpXVCJ9.eyJpZCI6IjY5ODEwMmZmOTg0MjcwMDAxYmU0MmQ3MCIsImlhdCI6MTc3MDA2MjU5MSwiZXhwIjoxNzcwMDYzNzkxfQ.cbvj-Xjhb4Fmg32N3ibrQTVl1eF4QcfInbABshiuoqE
				Accept=*/*
Cookies:		<none>
Multiparts:		<none>
Body:			<none>
Request method:	DELETE
Request URI:	https://stellarburgers.education-services.ru/api/auth/user
Proxy:			<none>
Request params:	<none>
Query params:	<none>
Form params:	<none>
Path params:	<none>
Headers:		Authorization=Bearer eyJhbGciOiJIUzI1NiIsInR5cCI6IkpXVCJ9.eyJpZCI6IjY5ODEwMmZmOTg0MjcwMDAxYmU0MmQ3MCIsImlhdCI6MTc3MDA2MjU5MSwiZXhwIjoxNzcwMDYzNzkxfQ.cbvj-Xjhb4Fmg32N3ibrQTVl1eF4QcfInbABshiuoqE
				Accept=*/*
Cookies:		<none>
Multiparts:		<none>
Body:			<none>
Request method:	DELETE
Request URI:	https://stellarburgers.education-services.ru/api/auth/user
Proxy:			<none>
Request params:	<none>
Query params:	<none>
Form params:	<none>
Path params:	<none>
Headers:		Authorization=Bearer eyJhbGciOiJIUzI1NiIsInR5cCI6IkpXVCJ9.eyJpZCI6IjY5ODEwMmZmOTg0MjcwMDAxYmU0MmQ3MCIsImlhdCI6MTc3MDA2MjU5MSwiZXhwIjoxNzcwMDYzNzkxfQ.cbvj-Xjhb4Fmg32N3ibrQTVl1eF4QcfInbABshiuoqE
				Accept=*/*
Cookies:		<none>
Multiparts:		<none>
Body:			<none>
Request method:	DELETE
Request URI:	https://stellarburgers.education-services.ru/api/auth/user
Proxy:			<none>
Request params:	<none>
Query params:	<none>
Form params:	<none>
Path params:	<none>
Headers:		Authorization=Bearer eyJhbGciOiJIUzI1NiIsInR5cCI6IkpXVCJ9.eyJpZCI6IjY5ODEwMmZmOTg0MjcwMDAxYmU0MmQ3MCIsImlhdCI6MTc3MDA2MjU5MSwiZXhwIjoxNzcwMDYzNzkxfQ.cbvj-Xjhb4Fmg32N3ibrQTVl1eF4QcfInbABshiuoqE
				Accept=*/*
Cookies:		<none>
Multiparts:		<none>
Body:			<none>
Request method:	DELETE
Request URI:	https://stellarburgers.education-services.ru/api/auth/user
Proxy:			<none>
Request params:	<none>
Query params:	<none>
Form params:	<none>
Path params:	<none>
Headers:		Authorization=Bearer eyJhbGciOiJIUzI1NiIsInR5cCI6IkpXVCJ9.eyJpZCI6IjY5ODEwMmZmOTg0MjcwMDAxYmU0MmQ3MCIsImlhdCI6MTc3MDA2MjU5MSwiZXhwIjoxNzcwMDYzNzkxfQ.cbvj-Xjhb4Fmg32N3ibrQTVl1eF4QcfInbABshiuoqE
				Accept=*/*
Cookies:		<none>
Multiparts:		<none>
Body:			<none>
Request method:	DELETE
Request URI:	https://stellarburgers.education-services.ru/api/auth/user
Proxy:			<none>
Request params:	<none>
Query params:	<none>
Form params:	<none>
Path params:	<none>
Headers:		Authorization=Bearer eyJhbGciOiJIUzI1NiIsInR5cCI6IkpXVCJ9.eyJpZCI6IjY5ODEwMmZmOTg0MjcwMDAxYmU0MmQ3MCIsImlhdCI6MTc3MDA2MjU5MSwiZXhwIjoxNzcwMDYzNzkxfQ.cbvj-Xjhb4Fmg32N3ibrQTVl1eF4QcfInbABshiuoqE
				Accept=*/*
Cookies:		<none>
Multiparts:		<none>
Body:			<none>
Request method:	DELETE
Request URI:	https://stellarburgers.education-services.ru/api/auth/user
Proxy:			<none>
Request params:	<none>
Query params:	<none>
Form params:	<none>
Path params:	<none>
Headers:		Authorization=Bearer eyJhbGciOiJIUzI1NiIsInR5cCI6IkpXVCJ9.eyJpZCI6IjY5ODEwMmZmOTg0MjcwMDAxYmU0MmQ3MCIsImlhdCI6MTc3MDA2MjU5MSwiZXhwIjoxNzcwMDYzNzkxfQ.cbvj-Xjhb4Fmg32N3ibrQTVl1eF4QcfInbABshiuoqE
				Accept=*/*
Cookies:		<none>
Multiparts:		<none>
Body:			<none>
Request method:	DELETE
Request URI:	https://stellarburgers.education-services.ru/api/auth/user
Proxy:			<none>
Request params:	<none>
Query params:	<none>
Form params:	<none>
Path params:	<none>
Headers:		Authorization=Bearer eyJhbGciOiJIUzI1NiIsInR5cCI6IkpXVCJ9.eyJpZCI6IjY5ODEwMmZmOTg0MjcwMDAxYmU0MmQ3MCIsImlhdCI6MTc3MDA2MjU5MSwiZXhwIjoxNzcwMDYzNzkxfQ.cbvj-Xjhb4Fmg32N3ibrQTVl1eF4QcfInbABshiuoqE
				Accept=*/*
Cookies:		<none>
Multiparts:		<none>
Body:			<none>
Request method:	DELETE
Request URI:	https://stellarburgers.education-services.ru/api/auth/user
Proxy:			<none>
Request params:	<none>
Query params:	<none>
Form params:	<none>
Path params:	<none>
Headers:		Authorization=Bearer eyJhbGciOiJIUzI1NiIsInR5cCI6IkpXVCJ9.eyJpZCI6IjY5ODEwMmZmOTg0MjcwMDAxYmU0MmQ3MCIsImlhdCI6MTc3MDA2MjU5MSwiZXhwIjoxNzcwMDYzNzkxfQ.cbvj-Xjhb4Fmg32N3ibrQTVl1eF4QcfInbABshiuoqE
				Accept=*/*
Cookies:		<none>
Multiparts:		<none>
Body:			<none>
Request method:	DELETE
Request URI:	https://stellarburgers.education-services.ru/api/auth/user
Proxy:			<none>
Request params:	<none>
Query params:	<none>
Form params:	<none>
Path params:	<none>
Headers:		Authorization=Bearer eyJhbGciOiJIUzI1NiIsInR5cCI6IkpXVCJ9.eyJpZCI6IjY5ODEwMmZmOTg0MjcwMDAxYmU0MmQ3MCIsImlhdCI6MTc3MDA2MjU5MSwiZXhwIjoxNzcwMDYzNzkxfQ.cbvj-Xjhb4Fmg32N3ibrQTVl1eF4QcfInbABshiuoqE
				Accept=*/*
Cookies:		<none>
Multiparts:		<none>
Body:			<none>
Request method:	DELETE
Request URI:	https://stellarburgers.education-services.ru/api/auth/user
Proxy:			<none>
Request params:	<none>
Query params:	<none>
Form params:	<none>
Path params:	<none>
Headers:		Authorization=Bearer eyJhbGciOiJIUzI1NiIsInR5cCI6IkpXVCJ9.eyJpZCI6IjY5ODEwMmZmOTg0MjcwMDAxYmU0MmQ3MCIsImlhdCI6MTc3MDA2MjU5MSwiZXhwIjoxNzcwMDYzNzkxfQ.cbvj-Xjhb4Fmg32N3ibrQTVl1eF4QcfInbABshiuoqE
				Accept=*/*
Cookies:		<none>
Multiparts:		<none>
Body:			<none>
Request method:	DELETE
Request URI:	https://stellarburgers.education-services.ru/api/auth/user
Proxy:			<none>
Request params:	<none>
Query params:	<none>
Form params:	<none>
Path params:	<none>
Headers:		Authorization=Bearer eyJhbGciOiJIUzI1NiIsInR5cCI6IkpXVCJ9.eyJpZCI6IjY5ODEwMmZmOTg0MjcwMDAxYmU0MmQ3MCIsImlhdCI6MTc3MDA2MjU5MSwiZXhwIjoxNzcwMDYzNzkxfQ.cbvj-Xjhb4Fmg32N3ibrQTVl1eF4QcfInbABshiuoqE
				Accept=*/*
Cookies:		<none>
Multiparts:		<none>
Body:			<none>
Request method:	DELETE
Request URI:	https://stellarburgers.education-services.ru/api/auth/user
Proxy:			<none>
Request params:	<none>
Query params:	<none>
Form params:	<none>
Path params:	<none>
Headers:		Authorization=Bearer eyJhbGciOiJIUzI1NiIsInR5cCI6IkpXVCJ9.eyJpZCI6IjY5ODEwMmZmOTg0MjcwMDAxYmU0MmQ3MCIsImlhdCI6MTc3MDA2MjU5MSwiZXhwIjoxNzcwMDYzNzkxfQ.cbvj-Xjhb4Fmg32N3ibrQTVl1eF4QcfInbABshiuoqE
				Accept=*/*
Cookies:		<none>
Multiparts:		<none>
Body:			<none>
Request method:	DELETE
Request URI:	https://stellarburgers.education-services.ru/api/auth/user
Proxy:			<none>
Request params:	<none>
Query params:	<none>
Form params:	<none>
Path params:	<none>
Headers:		Authorization=Bearer eyJhbGciOiJIUzI1NiIsInR5cCI6IkpXVCJ9.eyJpZCI6IjY5ODEwMmZmOTg0MjcwMDAxYmU0MmQ3MCIsImlhdCI6MTc3MDA2MjU5MSwiZXhwIjoxNzcwMDYzNzkxfQ.cbvj-Xjhb4Fmg32N3ibrQTVl1eF4QcfInbABshiuoqE
				Accept=*/*
Cookies:		<none>
Multiparts:		<none>
Body:			<none>
HTTP/1.1 202 Accepted
Server: nginx/1.24.0 (Ubuntu)
Date: Mon, 02 Feb 2026 20:03:15 GMT
Content-Type: application/json; charset=utf-8
Content-Length: 54
Connection: keep-alive
X-Powered-By: Express
Access-Control-Allow-Origin: *
ETag: W/"36-hDmZnQ3Ou/ynnqAeC6TYmyseuzY"

{
    "success": true,
    "message": "User successfully removed"
}
HTTP/1.1 202 Accepted
Server: nginx/1.24.0 (Ubuntu)
Date: Mon, 02 Feb 2026 20:03:15 GMT
Content-Type: application/json; charset=utf-8
Content-Length: 54
Connection: keep-alive
X-Powered-By: Express
Access-Control-Allow-Origin: *
ETag: W/"36-hDmZnQ3Ou/ynnqAeC6TYmyseuzY"

{
    "success": true,
    "message": "User successfully removed"
}
HTTP/1.1 202 Accepted
Server: nginx/1.24.0 (Ubuntu)
Date: Mon, 02 Feb 2026 20:03:15 GMT
Content-Type: application/json; charset=utf-8
Content-Length: 54
Connection: keep-alive
X-Powered-By: Express
Access-Control-Allow-Origin: *
ETag: W/"36-hDmZnQ3Ou/ynnqAeC6TYmyseuzY"

{
    "success": true,
    "message": "User successfully removed"
}
HTTP/1.1 202 Accepted
Server: nginx/1.24.0 (Ubuntu)
Date: Mon, 02 Feb 2026 20:03:15 GMT
Content-Type: application/json; charset=utf-8
Content-Length: 54
Connection: keep-alive
X-Powered-By: Express
Access-Control-Allow-Origin: *
ETag: W/"36-hDmZnQ3Ou/ynnqAeC6TYmyseuzY"

{
    "success": true,
    "message": "User successfully removed"
}
HTTP/1.1 202 Accepted
Server: nginx/1.24.0 (Ubuntu)
Date: Mon, 02 Feb 2026 20:03:15 GMT
Content-Type: application/json; charset=utf-8
Content-Length: 54
Connection: keep-alive
X-Powered-By: Express
Access-Control-Allow-Origin: *
ETag: W/"36-hDmZnQ3Ou/ynnqAeC6TYmyseuzY"

{
    "success": true,
    "message": "User successfully removed"
}
HTTP/1.1 202 Accepted
Server: nginx/1.24.0 (Ubuntu)
Date: Mon, 02 Feb 2026 20:03:15 GMT
Content-Type: application/json; charset=utf-8
Content-Length: 54
Connection: keep-alive
X-Powered-By: Express
Access-Control-Allow-Origin: *
ETag: W/"36-hDmZnQ3Ou/ynnqAeC6TYmyseuzY"

{
    "success": true,
    "message": "User successfully removed"
}
HTTP/1.1 202 Accepted
Server: nginx/1.24.0 (Ubuntu)
Date: Mon, 02 Feb 2026 20:03:15 GMT
Content-Type: application/json; charset=utf-8
Content-Length: 54
Connection: keep-alive
X-Powered-By: Express
Access-Control-Allow-Origin: *
ETag: W/"36-hDmZnQ3Ou/ynnqAeC6TYmyseuzY"

{
    "success": true,
    "message": "User successfully removed"
}
HTTP/1.1 202 Accepted
Server: nginx/1.24.0 (Ubuntu)
Date: Mon, 02 Feb 2026 20:03:15 GMT
Content-Type: application/json; charset=utf-8
Content-Length: 54
Connection: keep-alive
X-Powered-By: Express
Access-Control-Allow-Origin: *
ETag: W/"36-hDmZnQ3Ou/ynnqAeC6TYmyseuzY"

{
    "success": true,
    "message": "User successfully removed"
}
HTTP/1.1 202 Accepted
Server: nginx/1.24.0 (Ubuntu)
Date: Mon, 02 Feb 2026 20:03:15 GMT
Content-Type: application/json; charset=utf-8
Content-Length: 54
Connection: keep-alive
X-Powered-By: Express
Access-Control-Allow-Origin: *
ETag: W/"36-hDmZnQ3Ou/ynnqAeC6TYmyseuzY"

{
    "success": true,
    "message": "User successfully removed"
}
HTTP/1.1 202 Accepted
Server: nginx/1.24.0 (Ubuntu)
Date: Mon, 02 Feb 2026 20:03:15 GMT
Content-Type: application/json; charset=utf-8
Content-Length: 54
Connection: keep-alive
X-Powered-By: Express
Access-Control-Allow-Origin: *
ETag: W/"36-hDmZnQ3Ou/ynnqAeC6TYmyseuzY"

{
    "success": true,
    "message": "User successfully removed"
}
HTTP/1.1 202 Accepted
Server: nginx/1.24.0 (Ubuntu)
Date: Mon, 02 Feb 2026 20:03:15 GMT
Content-Type: application/json; charset=utf-8
Content-Length: 54
Connection: keep-alive
X-Powered-By: Express
Access-Control-Allow-Origin: *
ETag: W/"36-hDmZnQ3Ou/ynnqAeC6TYmyseuzY"

{
    "success": true,
    "message": "User successfully removed"
}
HTTP/1.1 202 Accepted
Server: nginx/1.24.0 (Ubuntu)
Date: Mon, 02 Feb 2026 20:03:15 GMT
Content-Type: application/json; charset=utf-8
Content-Length: 54
Connection: keep-alive
X-Powered-By: Express
Access-Control-Allow-Origin: *
ETag: W/"36-hDmZnQ3Ou/ynnqAeC6TYmyseuzY"

{
    "success": true,
    "message": "User successfully removed"
}
HTTP/1.1 202 Accepted
Server: nginx/1.24.0 (Ubuntu)
Date: Mon, 02 Feb 2026 20:03:15 GMT
Content-Type: application/json; charset=utf-8
Content-Length: 54
Connection: keep-alive
X-Powered-By: Express
Access-Control-Allow-Origin: *
ETag: W/"36-hDmZnQ3Ou/ynnqAeC6TYmyseuzY"

{
    "success": true,
    "message": "User successfully removed"
}
HTTP/1.1 202 Accepted
Server: nginx/1.24.0 (Ubuntu)
Date: Mon, 02 Feb 2026 20:03:15 GMT
Content-Type: application/json; charset=utf-8
Content-Length: 54
Connection: keep-alive
X-Powered-By: Express
Access-Control-Allow-Origin: *
ETag: W/"36-hDmZnQ3Ou/ynnqAeC6TYmyseuzY"

{
    "success": true,
    "message": "User successfully removed"
}
HTTP/1.1 202 Accepted
Server: nginx/1.24.0 (Ubuntu)
Date: Mon, 02 Feb 2026 20:03:15 GMT
Content-Type: application/json; charset=utf-8
Content-Length: 54
Connection: keep-alive
X-Powered-By: Express
Access-Control-Allow-Origin: *
ETag: W/"36-hDmZnQ3Ou/ynnqAeC6TYmyseuzY"

{
    "success": true,
    "message": "User successfully removed"
}
HTTP/1.1 202 Accepted
Server: nginx/1.24.0 (Ubuntu)
Date: Mon, 02 Feb 2026 20:03:15 GMT
Content-Type: application/json; charset=utf-8
Content-Length: 54
Connection: keep-alive
X-Powered-By: Express
Access-Control-Allow-Origin: *
ETag: W/"36-hDmZnQ3Ou/ynnqAeC6TYmyseuzY"

{
    "success": true,
    "message": "User successfully removed"
}
HTTP/1.1 202 Accepted
Server: nginx/1.24.0 (Ubuntu)
Date: Mon, 02 Feb 2026 20:03:15 GMT
Content-Type: application/json; charset=utf-8
Content-Length: 54
Connection: keep-alive
X-Powered-By: Express
Access-Control-Allow-Origin: *
ETag: W/"36-hDmZnQ3Ou/ynnqAeC6TYmyseuzY"

{
    "success": true,
    "message": "User successfully removed"
}
HTTP/1.1 202 Accepted
Server: nginx/1.24.0 (Ubuntu)
Date: Mon, 02 Feb 2026 20:03:15 GMT
Content-Type: application/json; charset=utf-8
Content-Length: 54
Connection: keep-alive
X-Powered-By: Express
Access-Control-Allow-Origin: *
ETag: W/"36-hDmZnQ3Ou/ynnqAeC6TYmyseuzY"

{
    "success": true,
    "message": "User successfully removed"
}
HTTP/1.1 202 Accepted
Server: nginx/1.24.0 (Ubuntu)
Date: Mon, 02 Feb 2026 20:03:15 GMT
Content-Type: application/json; charset=utf-8
Content-Length: 54
Connection: keep-alive
X-Powered-By: Express
Access-Control-Allow-Origin: *
ETag: W/"36-hDmZnQ3Ou/ynnqAeC6TYmyseuzY"

{
    "success": true,
    "message": "User successfully removed"
}
HTTP/1.1 202 Accepted
Server: nginx/1.24.0 (Ubuntu)
Date: Mon, 02 Feb 2026 20:03:15 GMT
Content-Type: application/json; charset=utf-8
Content-Length: 54
Connection: keep-alive
X-Powered-By: Express
Access-Control-Allow-Origin: *
ETag: W/"36-hDmZnQ3Ou/ynnqAeC6TYmyseuzY"

{
    "success": true,
    "message": "User successfully removed"
}
HTTP/1.1 202 Accepted
Server: nginx/1.24.0 (Ubuntu)
Date: Mon, 02 Feb 2026 20:03:15 GMT
Content-Type: application/json; charset=utf-8
Content-Length: 54
Connection: keep-alive
X-Powered-By: Express
Access-Control-Allow-Origin: *
ETag: W/"36-hDmZnQ3Ou/ynnqAeC6TYmyseuzY"

{
    "success": true,
    "message": "User successfully removed"
}
HTTP/1.1 202 Accepted
Server: nginx/1.24.0 (Ubuntu)
Date: Mon, 02 Feb 2026 20:03:15 GMT
Content-Type: application/json; charset=utf-8
Content-Length: 54
Connection: keep-alive
X-Powered-By: Express
Access-Control-Allow-Origin: *
ETag: W/"36-hDmZnQ3Ou/ynnqAeC6TYmyseuzY"

{
    "success": true,
    "message": "User successfully removed"
}
Request method:	POST
Request URI:	https://stellarburgers.education-services.ru/api/auth/register
Proxy:			<none>
Request params:	<none>
Query params:	<none>
Form params:	<none>
Path params:	<none>
Headers:		Accept=*/*
				Content-Type=application/json
Cookies:		<none>
Multiparts:		<none>
Body:
{
    "email": "order_test_1770062595263@yandex.ru",
    "password": "password123",
    "name": "Order Test User"
}
Request method:	POST
Request URI:	https://stellarburgers.education-services.ru/api/auth/register
Proxy:			<none>
Request params:	<none>
Query params:	<none>
Form params:	<none>
Path params:	<none>
Headers:		Accept=*/*
				Content-Type=application/json
Cookies:		<none>
Multiparts:		<none>
Body:
{
    "email": "order_test_1770062595263@yandex.ru",
    "password": "password123",
    "name": "Order Test User"
}
Request method:	POST
Request URI:	https://stellarburgers.education-services.ru/api/auth/register
Proxy:			<none>
Request params:	<none>
Query params:	<none>
Form params:	<none>
Path params:	<none>
Headers:		Accept=*/*
				Content-Type=application/json
Cookies:		<none>
Multiparts:		<none>
Body:
{
    "email": "order_test_1770062595263@yandex.ru",
    "password": "password123",
    "name": "Order Test User"
}
Request method:	POST
Request URI:	https://stellarburgers.education-services.ru/api/auth/register
Proxy:			<none>
Request params:	<none>
Query params:	<none>
Form params:	<none>
Path params:	<none>
Headers:		Accept=*/*
				Content-Type=application/json
Cookies:		<none>
Multiparts:		<none>
Body:
{
    "email": "order_test_1770062595263@yandex.ru",
    "password": "password123",
    "name": "Order Test User"
}
Request method:	POST
Request URI:	https://stellarburgers.education-services.ru/api/auth/register
Proxy:			<none>
Request params:	<none>
Query params:	<none>
Form params:	<none>
Path params:	<none>
Headers:		Accept=*/*
				Content-Type=application/json
Cookies:		<none>
Multiparts:		<none>
Body:
{
    "email": "order_test_1770062595263@yandex.ru",
    "password": "password123",
    "name": "Order Test User"
}
Request method:	POST
Request URI:	https://stellarburgers.education-services.ru/api/auth/register
Proxy:			<none>
Request params:	<none>
Query params:	<none>
Form params:	<none>
Path params:	<none>
Headers:		Accept=*/*
				Content-Type=application/json
Cookies:		<none>
Multiparts:		<none>
Body:
{
    "email": "order_test_1770062595263@yandex.ru",
    "password": "password123",
    "name": "Order Test User"
}
Request method:	POST
Request URI:	https://stellarburgers.education-services.ru/api/auth/register
Proxy:			<none>
Request params:	<none>
Query params:	<none>
Form params:	<none>
Path params:	<none>
Headers:		Accept=*/*
				Content-Type=application/json
Cookies:		<none>
Multiparts:		<none>
Body:
{
    "email": "order_test_1770062595263@yandex.ru",
    "password": "password123",
    "name": "Order Test User"
}
Request method:	POST
Request URI:	https://stellarburgers.education-services.ru/api/auth/register
Proxy:			<none>
Request params:	<none>
Query params:	<none>
Form params:	<none>
Path params:	<none>
Headers:		Accept=*/*
				Content-Type=application/json
Cookies:		<none>
Multiparts:		<none>
Body:
{
    "email": "order_test_1770062595263@yandex.ru",
    "password": "password123",
    "name": "Order Test User"
}
Request method:	POST
Request URI:	https://stellarburgers.education-services.ru/api/auth/register
Proxy:			<none>
Request params:	<none>
Query params:	<none>
Form params:	<none>
Path params:	<none>
Headers:		Accept=*/*
				Content-Type=application/json
Cookies:		<none>
Multiparts:		<none>
Body:
{
    "email": "order_test_1770062595263@yandex.ru",
    "password": "password123",
    "name": "Order Test User"
}
Request method:	POST
Request URI:	https://stellarburgers.education-services.ru/api/auth/register
Proxy:			<none>
Request params:	<none>
Query params:	<none>
Form params:	<none>
Path params:	<none>
Headers:		Accept=*/*
				Content-Type=application/json
Cookies:		<none>
Multiparts:		<none>
Body:
{
    "email": "order_test_1770062595263@yandex.ru",
    "password": "password123",
    "name": "Order Test User"
}
Request method:	POST
Request URI:	https://stellarburgers.education-services.ru/api/auth/register
Proxy:			<none>
Request params:	<none>
Query params:	<none>
Form params:	<none>
Path params:	<none>
Headers:		Accept=*/*
				Content-Type=application/json
Cookies:		<none>
Multiparts:		<none>
Body:
{
    "email": "order_test_1770062595263@yandex.ru",
    "password": "password123",
    "name": "Order Test User"
}
Request method:	POST
Request URI:	https://stellarburgers.education-services.ru/api/auth/register
Proxy:			<none>
Request params:	<none>
Query params:	<none>
Form params:	<none>
Path params:	<none>
Headers:		Accept=*/*
				Content-Type=application/json
Cookies:		<none>
Multiparts:		<none>
Body:
{
    "email": "order_test_1770062595263@yandex.ru",
    "password": "password123",
    "name": "Order Test User"
}
Request method:	POST
Request URI:	https://stellarburgers.education-services.ru/api/auth/register
Proxy:			<none>
Request params:	<none>
Query params:	<none>
Form params:	<none>
Path params:	<none>
Headers:		Accept=*/*
				Content-Type=application/json
Cookies:		<none>
Multiparts:		<none>
Body:
{
    "email": "order_test_1770062595263@yandex.ru",
    "password": "password123",
    "name": "Order Test User"
}
Request method:	POST
Request URI:	https://stellarburgers.education-services.ru/api/auth/register
Proxy:			<none>
Request params:	<none>
Query params:	<none>
Form params:	<none>
Path params:	<none>
Headers:		Accept=*/*
				Content-Type=application/json
Cookies:		<none>
Multiparts:		<none>
Body:
{
    "email": "order_test_1770062595263@yandex.ru",
    "password": "password123",
    "name": "Order Test User"
}
Request method:	POST
Request URI:	https://stellarburgers.education-services.ru/api/auth/register
Proxy:			<none>
Request params:	<none>
Query params:	<none>
Form params:	<none>
Path params:	<none>
Headers:		Accept=*/*
				Content-Type=application/json
Cookies:		<none>
Multiparts:		<none>
Body:
{
    "email": "order_test_1770062595263@yandex.ru",
    "password": "password123",
    "name": "Order Test User"
}
Request method:	POST
Request URI:	https://stellarburgers.education-services.ru/api/auth/register
Proxy:			<none>
Request params:	<none>
Query params:	<none>
Form params:	<none>
Path params:	<none>
Headers:		Accept=*/*
				Content-Type=application/json
Cookies:		<none>
Multiparts:		<none>
Body:
{
    "email": "order_test_1770062595263@yandex.ru",
    "password": "password123",
    "name": "Order Test User"
}
Request method:	POST
Request URI:	https://stellarburgers.education-services.ru/api/auth/register
Proxy:			<none>
Request params:	<none>
Query params:	<none>
Form params:	<none>
Path params:	<none>
Headers:		Accept=*/*
				Content-Type=application/json
Cookies:		<none>
Multiparts:		<none>
Body:
{
    "email": "order_test_1770062595263@yandex.ru",
    "password": "password123",
    "name": "Order Test User"
}
Request method:	POST
Request URI:	https://stellarburgers.education-services.ru/api/auth/register
Proxy:			<none>
Request params:	<none>
Query params:	<none>
Form params:	<none>
Path params:	<none>
Headers:		Accept=*/*
				Content-Type=application/json
Cookies:		<none>
Multiparts:		<none>
Body:
{
    "email": "order_test_1770062595263@yandex.ru",
    "password": "password123",
    "name": "Order Test User"
}
Request method:	POST
Request URI:	https://stellarburgers.education-services.ru/api/auth/register
Proxy:			<none>
Request params:	<none>
Query params:	<none>
Form params:	<none>
Path params:	<none>
Headers:		Accept=*/*
				Content-Type=application/json
Cookies:		<none>
Multiparts:		<none>
Body:
{
    "email": "order_test_1770062595263@yandex.ru",
    "password": "password123",
    "name": "Order Test User"
}
Request method:	POST
Request URI:	https://stellarburgers.education-services.ru/api/auth/register
Proxy:			<none>
Request params:	<none>
Query params:	<none>
Form params:	<none>
Path params:	<none>
Headers:		Accept=*/*
				Content-Type=application/json
Cookies:		<none>
Multiparts:		<none>
Body:
{
    "email": "order_test_1770062595263@yandex.ru",
    "password": "password123",
    "name": "Order Test User"
}
Request method:	POST
Request URI:	https://stellarburgers.education-services.ru/api/auth/register
Proxy:			<none>
Request params:	<none>
Query params:	<none>
Form params:	<none>
Path params:	<none>
Headers:		Accept=*/*
				Content-Type=application/json
Cookies:		<none>
Multiparts:		<none>
Body:
{
    "email": "order_test_1770062595263@yandex.ru",
    "password": "password123",
    "name": "Order Test User"
}
Request method:	POST
Request URI:	https://stellarburgers.education-services.ru/api/auth/register
Proxy:			<none>
Request params:	<none>
Query params:	<none>
Form params:	<none>
Path params:	<none>
Headers:		Accept=*/*
				Content-Type=application/json
Cookies:		<none>
Multiparts:		<none>
Body:
{
    "email": "order_test_1770062595263@yandex.ru",
    "password": "password123",
    "name": "Order Test User"
}
Request method:	POST
Request URI:	https://stellarburgers.education-services.ru/api/auth/register
Proxy:			<none>
Request params:	<none>
Query params:	<none>
Form params:	<none>
Path params:	<none>
Headers:		Accept=*/*
				Content-Type=application/json
Cookies:		<none>
Multiparts:		<none>
Body:
{
    "email": "order_test_1770062595263@yandex.ru",
    "password": "password123",
    "name": "Order Test User"
}
Request method:	POST
Request URI:	https://stellarburgers.education-services.ru/api/auth/register
Proxy:			<none>
Request params:	<none>
Query params:	<none>
Form params:	<none>
Path params:	<none>
Headers:		Accept=*/*
				Content-Type=application/json
Cookies:		<none>
Multiparts:		<none>
Body:
{
    "email": "order_test_1770062595263@yandex.ru",
    "password": "password123",
    "name": "Order Test User"
}
HTTP/1.1 200 OK
Server: nginx/1.24.0 (Ubuntu)
Date: Mon, 02 Feb 2026 20:03:15 GMT
Content-Type: application/json; charset=utf-8
Content-Length: 388
Connection: keep-alive
X-Powered-By: Express
Access-Control-Allow-Origin: *
authorization: Bearer eyJhbGciOiJIUzI1NiIsInR5cCI6IkpXVCJ9.eyJpZCI6IjY5ODEwMzAzOTg0MjcwMDAxYmU0MmQ3MyIsImlhdCI6MTc3MDA2MjU5NSwiZXhwIjoxNzcwMDYzNzk1fQ.8wJIF0wcy-69ocIzhqsqNUV9s49dXTCTHqW0iVZTbNI
ETag: W/"184-W1qKKOhPeWFvtu3l6mcQJ5yVNQE"

{
    "success": true,
    "user": {
        "email": "order_test_1770062595263@yandex.ru",
        "name": "Order Test User"
    },
    "accessToken": "Bearer eyJhbGciOiJIUzI1NiIsInR5cCI6IkpXVCJ9.eyJpZCI6IjY5ODEwMzAzOTg0MjcwMDAxYmU0MmQ3MyIsImlhdCI6MTc3MDA2MjU5NSwiZXhwIjoxNzcwMDYzNzk1fQ.8wJIF0wcy-69ocIzhqsqNUV9s49dXTCTHqW0iVZTbNI",
    "refreshToken": "a4470efc10b090b49b53bfc2266c8b240db2b568dd2f7cc5d8b5d0929e69dabee1739e8396bf1d04"
}
HTTP/1.1 200 OK
Server: nginx/1.24.0 (Ubuntu)
Date: Mon, 02 Feb 2026 20:03:15 GMT
Content-Type: application/json; charset=utf-8
Content-Length: 388
Connection: keep-alive
X-Powered-By: Express
Access-Control-Allow-Origin: *
authorization: Bearer eyJhbGciOiJIUzI1NiIsInR5cCI6IkpXVCJ9.eyJpZCI6IjY5ODEwMzAzOTg0MjcwMDAxYmU0MmQ3MyIsImlhdCI6MTc3MDA2MjU5NSwiZXhwIjoxNzcwMDYzNzk1fQ.8wJIF0wcy-69ocIzhqsqNUV9s49dXTCTHqW0iVZTbNI
ETag: W/"184-W1qKKOhPeWFvtu3l6mcQJ5yVNQE"

{
    "success": true,
    "user": {
        "email": "order_test_1770062595263@yandex.ru",
        "name": "Order Test User"
    },
    "accessToken": "Bearer eyJhbGciOiJIUzI1NiIsInR5cCI6IkpXVCJ9.eyJpZCI6IjY5ODEwMzAzOTg0MjcwMDAxYmU0MmQ3MyIsImlhdCI6MTc3MDA2MjU5NSwiZXhwIjoxNzcwMDYzNzk1fQ.8wJIF0wcy-69ocIzhqsqNUV9s49dXTCTHqW0iVZTbNI",
    "refreshToken": "a4470efc10b090b49b53bfc2266c8b240db2b568dd2f7cc5d8b5d0929e69dabee1739e8396bf1d04"
}
HTTP/1.1 200 OK
Server: nginx/1.24.0 (Ubuntu)
Date: Mon, 02 Feb 2026 20:03:15 GMT
Content-Type: application/json; charset=utf-8
Content-Length: 388
Connection: keep-alive
X-Powered-By: Express
Access-Control-Allow-Origin: *
authorization: Bearer eyJhbGciOiJIUzI1NiIsInR5cCI6IkpXVCJ9.eyJpZCI6IjY5ODEwMzAzOTg0MjcwMDAxYmU0MmQ3MyIsImlhdCI6MTc3MDA2MjU5NSwiZXhwIjoxNzcwMDYzNzk1fQ.8wJIF0wcy-69ocIzhqsqNUV9s49dXTCTHqW0iVZTbNI
ETag: W/"184-W1qKKOhPeWFvtu3l6mcQJ5yVNQE"

{
    "success": true,
    "user": {
        "email": "order_test_1770062595263@yandex.ru",
        "name": "Order Test User"
    },
    "accessToken": "Bearer eyJhbGciOiJIUzI1NiIsInR5cCI6IkpXVCJ9.eyJpZCI6IjY5ODEwMzAzOTg0MjcwMDAxYmU0MmQ3MyIsImlhdCI6MTc3MDA2MjU5NSwiZXhwIjoxNzcwMDYzNzk1fQ.8wJIF0wcy-69ocIzhqsqNUV9s49dXTCTHqW0iVZTbNI",
    "refreshToken": "a4470efc10b090b49b53bfc2266c8b240db2b568dd2f7cc5d8b5d0929e69dabee1739e8396bf1d04"
}
HTTP/1.1 200 OK
Server: nginx/1.24.0 (Ubuntu)
Date: Mon, 02 Feb 2026 20:03:15 GMT
Content-Type: application/json; charset=utf-8
Content-Length: 388
Connection: keep-alive
X-Powered-By: Express
Access-Control-Allow-Origin: *
authorization: Bearer eyJhbGciOiJIUzI1NiIsInR5cCI6IkpXVCJ9.eyJpZCI6IjY5ODEwMzAzOTg0MjcwMDAxYmU0MmQ3MyIsImlhdCI6MTc3MDA2MjU5NSwiZXhwIjoxNzcwMDYzNzk1fQ.8wJIF0wcy-69ocIzhqsqNUV9s49dXTCTHqW0iVZTbNI
ETag: W/"184-W1qKKOhPeWFvtu3l6mcQJ5yVNQE"

{
    "success": true,
    "user": {
        "email": "order_test_1770062595263@yandex.ru",
        "name": "Order Test User"
    },
    "accessToken": "Bearer eyJhbGciOiJIUzI1NiIsInR5cCI6IkpXVCJ9.eyJpZCI6IjY5ODEwMzAzOTg0MjcwMDAxYmU0MmQ3MyIsImlhdCI6MTc3MDA2MjU5NSwiZXhwIjoxNzcwMDYzNzk1fQ.8wJIF0wcy-69ocIzhqsqNUV9s49dXTCTHqW0iVZTbNI",
    "refreshToken": "a4470efc10b090b49b53bfc2266c8b240db2b568dd2f7cc5d8b5d0929e69dabee1739e8396bf1d04"
}
HTTP/1.1 200 OK
Server: nginx/1.24.0 (Ubuntu)
Date: Mon, 02 Feb 2026 20:03:15 GMT
Content-Type: application/json; charset=utf-8
Content-Length: 388
Connection: keep-alive
X-Powered-By: Express
Access-Control-Allow-Origin: *
authorization: Bearer eyJhbGciOiJIUzI1NiIsInR5cCI6IkpXVCJ9.eyJpZCI6IjY5ODEwMzAzOTg0MjcwMDAxYmU0MmQ3MyIsImlhdCI6MTc3MDA2MjU5NSwiZXhwIjoxNzcwMDYzNzk1fQ.8wJIF0wcy-69ocIzhqsqNUV9s49dXTCTHqW0iVZTbNI
ETag: W/"184-W1qKKOhPeWFvtu3l6mcQJ5yVNQE"

{
    "success": true,
    "user": {
        "email": "order_test_1770062595263@yandex.ru",
        "name": "Order Test User"
    },
    "accessToken": "Bearer eyJhbGciOiJIUzI1NiIsInR5cCI6IkpXVCJ9.eyJpZCI6IjY5ODEwMzAzOTg0MjcwMDAxYmU0MmQ3MyIsImlhdCI6MTc3MDA2MjU5NSwiZXhwIjoxNzcwMDYzNzk1fQ.8wJIF0wcy-69ocIzhqsqNUV9s49dXTCTHqW0iVZTbNI",
    "refreshToken": "a4470efc10b090b49b53bfc2266c8b240db2b568dd2f7cc5d8b5d0929e69dabee1739e8396bf1d04"
}
HTTP/1.1 200 OK
Server: nginx/1.24.0 (Ubuntu)
Date: Mon, 02 Feb 2026 20:03:15 GMT
Content-Type: application/json; charset=utf-8
Content-Length: 388
Connection: keep-alive
X-Powered-By: Express
Access-Control-Allow-Origin: *
authorization: Bearer eyJhbGciOiJIUzI1NiIsInR5cCI6IkpXVCJ9.eyJpZCI6IjY5ODEwMzAzOTg0MjcwMDAxYmU0MmQ3MyIsImlhdCI6MTc3MDA2MjU5NSwiZXhwIjoxNzcwMDYzNzk1fQ.8wJIF0wcy-69ocIzhqsqNUV9s49dXTCTHqW0iVZTbNI
ETag: W/"184-W1qKKOhPeWFvtu3l6mcQJ5yVNQE"

{
    "success": true,
    "user": {
        "email": "order_test_1770062595263@yandex.ru",
        "name": "Order Test User"
    },
    "accessToken": "Bearer eyJhbGciOiJIUzI1NiIsInR5cCI6IkpXVCJ9.eyJpZCI6IjY5ODEwMzAzOTg0MjcwMDAxYmU0MmQ3MyIsImlhdCI6MTc3MDA2MjU5NSwiZXhwIjoxNzcwMDYzNzk1fQ.8wJIF0wcy-69ocIzhqsqNUV9s49dXTCTHqW0iVZTbNI",
    "refreshToken": "a4470efc10b090b49b53bfc2266c8b240db2b568dd2f7cc5d8b5d0929e69dabee1739e8396bf1d04"
}
HTTP/1.1 200 OK
Server: nginx/1.24.0 (Ubuntu)
Date: Mon, 02 Feb 2026 20:03:15 GMT
Content-Type: application/json; charset=utf-8
Content-Length: 388
Connection: keep-alive
X-Powered-By: Express
Access-Control-Allow-Origin: *
authorization: Bearer eyJhbGciOiJIUzI1NiIsInR5cCI6IkpXVCJ9.eyJpZCI6IjY5ODEwMzAzOTg0MjcwMDAxYmU0MmQ3MyIsImlhdCI6MTc3MDA2MjU5NSwiZXhwIjoxNzcwMDYzNzk1fQ.8wJIF0wcy-69ocIzhqsqNUV9s49dXTCTHqW0iVZTbNI
ETag: W/"184-W1qKKOhPeWFvtu3l6mcQJ5yVNQE"

{
    "success": true,
    "user": {
        "email": "order_test_1770062595263@yandex.ru",
        "name": "Order Test User"
    },
    "accessToken": "Bearer eyJhbGciOiJIUzI1NiIsInR5cCI6IkpXVCJ9.eyJpZCI6IjY5ODEwMzAzOTg0MjcwMDAxYmU0MmQ3MyIsImlhdCI6MTc3MDA2MjU5NSwiZXhwIjoxNzcwMDYzNzk1fQ.8wJIF0wcy-69ocIzhqsqNUV9s49dXTCTHqW0iVZTbNI",
    "refreshToken": "a4470efc10b090b49b53bfc2266c8b240db2b568dd2f7cc5d8b5d0929e69dabee1739e8396bf1d04"
}
HTTP/1.1 200 OK
Server: nginx/1.24.0 (Ubuntu)
Date: Mon, 02 Feb 2026 20:03:15 GMT
Content-Type: application/json; charset=utf-8
Content-Length: 388
Connection: keep-alive
X-Powered-By: Express
Access-Control-Allow-Origin: *
authorization: Bearer eyJhbGciOiJIUzI1NiIsInR5cCI6IkpXVCJ9.eyJpZCI6IjY5ODEwMzAzOTg0MjcwMDAxYmU0MmQ3MyIsImlhdCI6MTc3MDA2MjU5NSwiZXhwIjoxNzcwMDYzNzk1fQ.8wJIF0wcy-69ocIzhqsqNUV9s49dXTCTHqW0iVZTbNI
ETag: W/"184-W1qKKOhPeWFvtu3l6mcQJ5yVNQE"

{
    "success": true,
    "user": {
        "email": "order_test_1770062595263@yandex.ru",
        "name": "Order Test User"
    },
    "accessToken": "Bearer eyJhbGciOiJIUzI1NiIsInR5cCI6IkpXVCJ9.eyJpZCI6IjY5ODEwMzAzOTg0MjcwMDAxYmU0MmQ3MyIsImlhdCI6MTc3MDA2MjU5NSwiZXhwIjoxNzcwMDYzNzk1fQ.8wJIF0wcy-69ocIzhqsqNUV9s49dXTCTHqW0iVZTbNI",
    "refreshToken": "a4470efc10b090b49b53bfc2266c8b240db2b568dd2f7cc5d8b5d0929e69dabee1739e8396bf1d04"
}
HTTP/1.1 200 OK
Server: nginx/1.24.0 (Ubuntu)
Date: Mon, 02 Feb 2026 20:03:15 GMT
Content-Type: application/json; charset=utf-8
Content-Length: 388
Connection: keep-alive
X-Powered-By: Express
Access-Control-Allow-Origin: *
authorization: Bearer eyJhbGciOiJIUzI1NiIsInR5cCI6IkpXVCJ9.eyJpZCI6IjY5ODEwMzAzOTg0MjcwMDAxYmU0MmQ3MyIsImlhdCI6MTc3MDA2MjU5NSwiZXhwIjoxNzcwMDYzNzk1fQ.8wJIF0wcy-69ocIzhqsqNUV9s49dXTCTHqW0iVZTbNI
ETag: W/"184-W1qKKOhPeWFvtu3l6mcQJ5yVNQE"

{
    "success": true,
    "user": {
        "email": "order_test_1770062595263@yandex.ru",
        "name": "Order Test User"
    },
    "accessToken": "Bearer eyJhbGciOiJIUzI1NiIsInR5cCI6IkpXVCJ9.eyJpZCI6IjY5ODEwMzAzOTg0MjcwMDAxYmU0MmQ3MyIsImlhdCI6MTc3MDA2MjU5NSwiZXhwIjoxNzcwMDYzNzk1fQ.8wJIF0wcy-69ocIzhqsqNUV9s49dXTCTHqW0iVZTbNI",
    "refreshToken": "a4470efc10b090b49b53bfc2266c8b240db2b568dd2f7cc5d8b5d0929e69dabee1739e8396bf1d04"
}
HTTP/1.1 200 OK
Server: nginx/1.24.0 (Ubuntu)
Date: Mon, 02 Feb 2026 20:03:15 GMT
Content-Type: application/json; charset=utf-8
Content-Length: 388
Connection: keep-alive
X-Powered-By: Express
Access-Control-Allow-Origin: *
authorization: Bearer eyJhbGciOiJIUzI1NiIsInR5cCI6IkpXVCJ9.eyJpZCI6IjY5ODEwMzAzOTg0MjcwMDAxYmU0MmQ3MyIsImlhdCI6MTc3MDA2MjU5NSwiZXhwIjoxNzcwMDYzNzk1fQ.8wJIF0wcy-69ocIzhqsqNUV9s49dXTCTHqW0iVZTbNI
ETag: W/"184-W1qKKOhPeWFvtu3l6mcQJ5yVNQE"

{
    "success": true,
    "user": {
        "email": "order_test_1770062595263@yandex.ru",
        "name": "Order Test User"
    },
    "accessToken": "Bearer eyJhbGciOiJIUzI1NiIsInR5cCI6IkpXVCJ9.eyJpZCI6IjY5ODEwMzAzOTg0MjcwMDAxYmU0MmQ3MyIsImlhdCI6MTc3MDA2MjU5NSwiZXhwIjoxNzcwMDYzNzk1fQ.8wJIF0wcy-69ocIzhqsqNUV9s49dXTCTHqW0iVZTbNI",
    "refreshToken": "a4470efc10b090b49b53bfc2266c8b240db2b568dd2f7cc5d8b5d0929e69dabee1739e8396bf1d04"
}
HTTP/1.1 200 OK
Server: nginx/1.24.0 (Ubuntu)
Date: Mon, 02 Feb 2026 20:03:15 GMT
Content-Type: application/json; charset=utf-8
Content-Length: 388
Connection: keep-alive
X-Powered-By: Express
Access-Control-Allow-Origin: *
authorization: Bearer eyJhbGciOiJIUzI1NiIsInR5cCI6IkpXVCJ9.eyJpZCI6IjY5ODEwMzAzOTg0MjcwMDAxYmU0MmQ3MyIsImlhdCI6MTc3MDA2MjU5NSwiZXhwIjoxNzcwMDYzNzk1fQ.8wJIF0wcy-69ocIzhqsqNUV9s49dXTCTHqW0iVZTbNI
ETag: W/"184-W1qKKOhPeWFvtu3l6mcQJ5yVNQE"

{
    "success": true,
    "user": {
        "email": "order_test_1770062595263@yandex.ru",
        "name": "Order Test User"
    },
    "accessToken": "Bearer eyJhbGciOiJIUzI1NiIsInR5cCI6IkpXVCJ9.eyJpZCI6IjY5ODEwMzAzOTg0MjcwMDAxYmU0MmQ3MyIsImlhdCI6MTc3MDA2MjU5NSwiZXhwIjoxNzcwMDYzNzk1fQ.8wJIF0wcy-69ocIzhqsqNUV9s49dXTCTHqW0iVZTbNI",
    "refreshToken": "a4470efc10b090b49b53bfc2266c8b240db2b568dd2f7cc5d8b5d0929e69dabee1739e8396bf1d04"
}
HTTP/1.1 200 OK
Server: nginx/1.24.0 (Ubuntu)
Date: Mon, 02 Feb 2026 20:03:15 GMT
Content-Type: application/json; charset=utf-8
Content-Length: 388
Connection: keep-alive
X-Powered-By: Express
Access-Control-Allow-Origin: *
authorization: Bearer eyJhbGciOiJIUzI1NiIsInR5cCI6IkpXVCJ9.eyJpZCI6IjY5ODEwMzAzOTg0MjcwMDAxYmU0MmQ3MyIsImlhdCI6MTc3MDA2MjU5NSwiZXhwIjoxNzcwMDYzNzk1fQ.8wJIF0wcy-69ocIzhqsqNUV9s49dXTCTHqW0iVZTbNI
ETag: W/"184-W1qKKOhPeWFvtu3l6mcQJ5yVNQE"

{
    "success": true,
    "user": {
        "email": "order_test_1770062595263@yandex.ru",
        "name": "Order Test User"
    },
    "accessToken": "Bearer eyJhbGciOiJIUzI1NiIsInR5cCI6IkpXVCJ9.eyJpZCI6IjY5ODEwMzAzOTg0MjcwMDAxYmU0MmQ3MyIsImlhdCI6MTc3MDA2MjU5NSwiZXhwIjoxNzcwMDYzNzk1fQ.8wJIF0wcy-69ocIzhqsqNUV9s49dXTCTHqW0iVZTbNI",
    "refreshToken": "a4470efc10b090b49b53bfc2266c8b240db2b568dd2f7cc5d8b5d0929e69dabee1739e8396bf1d04"
}
HTTP/1.1 200 OK
Server: nginx/1.24.0 (Ubuntu)
Date: Mon, 02 Feb 2026 20:03:15 GMT
Content-Type: application/json; charset=utf-8
Content-Length: 388
Connection: keep-alive
X-Powered-By: Express
Access-Control-Allow-Origin: *
authorization: Bearer eyJhbGciOiJIUzI1NiIsInR5cCI6IkpXVCJ9.eyJpZCI6IjY5ODEwMzAzOTg0MjcwMDAxYmU0MmQ3MyIsImlhdCI6MTc3MDA2MjU5NSwiZXhwIjoxNzcwMDYzNzk1fQ.8wJIF0wcy-69ocIzhqsqNUV9s49dXTCTHqW0iVZTbNI
ETag: W/"184-W1qKKOhPeWFvtu3l6mcQJ5yVNQE"

{
    "success": true,
    "user": {
        "email": "order_test_1770062595263@yandex.ru",
        "name": "Order Test User"
    },
    "accessToken": "Bearer eyJhbGciOiJIUzI1NiIsInR5cCI6IkpXVCJ9.eyJpZCI6IjY5ODEwMzAzOTg0MjcwMDAxYmU0MmQ3MyIsImlhdCI6MTc3MDA2MjU5NSwiZXhwIjoxNzcwMDYzNzk1fQ.8wJIF0wcy-69ocIzhqsqNUV9s49dXTCTHqW0iVZTbNI",
    "refreshToken": "a4470efc10b090b49b53bfc2266c8b240db2b568dd2f7cc5d8b5d0929e69dabee1739e8396bf1d04"
}
HTTP/1.1 200 OK
Server: nginx/1.24.0 (Ubuntu)
Date: Mon, 02 Feb 2026 20:03:15 GMT
Content-Type: application/json; charset=utf-8
Content-Length: 388
Connection: keep-alive
X-Powered-By: Express
Access-Control-Allow-Origin: *
authorization: Bearer eyJhbGciOiJIUzI1NiIsInR5cCI6IkpXVCJ9.eyJpZCI6IjY5ODEwMzAzOTg0MjcwMDAxYmU0MmQ3MyIsImlhdCI6MTc3MDA2MjU5NSwiZXhwIjoxNzcwMDYzNzk1fQ.8wJIF0wcy-69ocIzhqsqNUV9s49dXTCTHqW0iVZTbNI
ETag: W/"184-W1qKKOhPeWFvtu3l6mcQJ5yVNQE"

{
    "success": true,
    "user": {
        "email": "order_test_1770062595263@yandex.ru",
        "name": "Order Test User"
    },
    "accessToken": "Bearer eyJhbGciOiJIUzI1NiIsInR5cCI6IkpXVCJ9.eyJpZCI6IjY5ODEwMzAzOTg0MjcwMDAxYmU0MmQ3MyIsImlhdCI6MTc3MDA2MjU5NSwiZXhwIjoxNzcwMDYzNzk1fQ.8wJIF0wcy-69ocIzhqsqNUV9s49dXTCTHqW0iVZTbNI",
    "refreshToken": "a4470efc10b090b49b53bfc2266c8b240db2b568dd2f7cc5d8b5d0929e69dabee1739e8396bf1d04"
}
HTTP/1.1 200 OK
Server: nginx/1.24.0 (Ubuntu)
Date: Mon, 02 Feb 2026 20:03:15 GMT
Content-Type: application/json; charset=utf-8
Content-Length: 388
Connection: keep-alive
X-Powered-By: Express
Access-Control-Allow-Origin: *
authorization: Bearer eyJhbGciOiJIUzI1NiIsInR5cCI6IkpXVCJ9.eyJpZCI6IjY5ODEwMzAzOTg0MjcwMDAxYmU0MmQ3MyIsImlhdCI6MTc3MDA2MjU5NSwiZXhwIjoxNzcwMDYzNzk1fQ.8wJIF0wcy-69ocIzhqsqNUV9s49dXTCTHqW0iVZTbNI
ETag: W/"184-W1qKKOhPeWFvtu3l6mcQJ5yVNQE"

{
    "success": true,
    "user": {
        "email": "order_test_1770062595263@yandex.ru",
        "name": "Order Test User"
    },
    "accessToken": "Bearer eyJhbGciOiJIUzI1NiIsInR5cCI6IkpXVCJ9.eyJpZCI6IjY5ODEwMzAzOTg0MjcwMDAxYmU0MmQ3MyIsImlhdCI6MTc3MDA2MjU5NSwiZXhwIjoxNzcwMDYzNzk1fQ.8wJIF0wcy-69ocIzhqsqNUV9s49dXTCTHqW0iVZTbNI",
    "refreshToken": "a4470efc10b090b49b53bfc2266c8b240db2b568dd2f7cc5d8b5d0929e69dabee1739e8396bf1d04"
}
HTTP/1.1 200 OK
Server: nginx/1.24.0 (Ubuntu)
Date: Mon, 02 Feb 2026 20:03:15 GMT
Content-Type: application/json; charset=utf-8
Content-Length: 388
Connection: keep-alive
X-Powered-By: Express
Access-Control-Allow-Origin: *
authorization: Bearer eyJhbGciOiJIUzI1NiIsInR5cCI6IkpXVCJ9.eyJpZCI6IjY5ODEwMzAzOTg0MjcwMDAxYmU0MmQ3MyIsImlhdCI6MTc3MDA2MjU5NSwiZXhwIjoxNzcwMDYzNzk1fQ.8wJIF0wcy-69ocIzhqsqNUV9s49dXTCTHqW0iVZTbNI
ETag: W/"184-W1qKKOhPeWFvtu3l6mcQJ5yVNQE"

{
    "success": true,
    "user": {
        "email": "order_test_1770062595263@yandex.ru",
        "name": "Order Test User"
    },
    "accessToken": "Bearer eyJhbGciOiJIUzI1NiIsInR5cCI6IkpXVCJ9.eyJpZCI6IjY5ODEwMzAzOTg0MjcwMDAxYmU0MmQ3MyIsImlhdCI6MTc3MDA2MjU5NSwiZXhwIjoxNzcwMDYzNzk1fQ.8wJIF0wcy-69ocIzhqsqNUV9s49dXTCTHqW0iVZTbNI",
    "refreshToken": "a4470efc10b090b49b53bfc2266c8b240db2b568dd2f7cc5d8b5d0929e69dabee1739e8396bf1d04"
}
HTTP/1.1 200 OK
Server: nginx/1.24.0 (Ubuntu)
Date: Mon, 02 Feb 2026 20:03:15 GMT
Content-Type: application/json; charset=utf-8
Content-Length: 388
Connection: keep-alive
X-Powered-By: Express
Access-Control-Allow-Origin: *
authorization: Bearer eyJhbGciOiJIUzI1NiIsInR5cCI6IkpXVCJ9.eyJpZCI6IjY5ODEwMzAzOTg0MjcwMDAxYmU0MmQ3MyIsImlhdCI6MTc3MDA2MjU5NSwiZXhwIjoxNzcwMDYzNzk1fQ.8wJIF0wcy-69ocIzhqsqNUV9s49dXTCTHqW0iVZTbNI
ETag: W/"184-W1qKKOhPeWFvtu3l6mcQJ5yVNQE"

{
    "success": true,
    "user": {
        "email": "order_test_1770062595263@yandex.ru",
        "name": "Order Test User"
    },
    "accessToken": "Bearer eyJhbGciOiJIUzI1NiIsInR5cCI6IkpXVCJ9.eyJpZCI6IjY5ODEwMzAzOTg0MjcwMDAxYmU0MmQ3MyIsImlhdCI6MTc3MDA2MjU5NSwiZXhwIjoxNzcwMDYzNzk1fQ.8wJIF0wcy-69ocIzhqsqNUV9s49dXTCTHqW0iVZTbNI",
    "refreshToken": "a4470efc10b090b49b53bfc2266c8b240db2b568dd2f7cc5d8b5d0929e69dabee1739e8396bf1d04"
}
HTTP/1.1 200 OK
Server: nginx/1.24.0 (Ubuntu)
Date: Mon, 02 Feb 2026 20:03:15 GMT
Content-Type: application/json; charset=utf-8
Content-Length: 388
Connection: keep-alive
X-Powered-By: Express
Access-Control-Allow-Origin: *
authorization: Bearer eyJhbGciOiJIUzI1NiIsInR5cCI6IkpXVCJ9.eyJpZCI6IjY5ODEwMzAzOTg0MjcwMDAxYmU0MmQ3MyIsImlhdCI6MTc3MDA2MjU5NSwiZXhwIjoxNzcwMDYzNzk1fQ.8wJIF0wcy-69ocIzhqsqNUV9s49dXTCTHqW0iVZTbNI
ETag: W/"184-W1qKKOhPeWFvtu3l6mcQJ5yVNQE"

{
    "success": true,
    "user": {
        "email": "order_test_1770062595263@yandex.ru",
        "name": "Order Test User"
    },
    "accessToken": "Bearer eyJhbGciOiJIUzI1NiIsInR5cCI6IkpXVCJ9.eyJpZCI6IjY5ODEwMzAzOTg0MjcwMDAxYmU0MmQ3MyIsImlhdCI6MTc3MDA2MjU5NSwiZXhwIjoxNzcwMDYzNzk1fQ.8wJIF0wcy-69ocIzhqsqNUV9s49dXTCTHqW0iVZTbNI",
    "refreshToken": "a4470efc10b090b49b53bfc2266c8b240db2b568dd2f7cc5d8b5d0929e69dabee1739e8396bf1d04"
}
HTTP/1.1 200 OK
Server: nginx/1.24.0 (Ubuntu)
Date: Mon, 02 Feb 2026 20:03:15 GMT
Content-Type: application/json; charset=utf-8
Content-Length: 388
Connection: keep-alive
X-Powered-By: Express
Access-Control-Allow-Origin: *
authorization: Bearer eyJhbGciOiJIUzI1NiIsInR5cCI6IkpXVCJ9.eyJpZCI6IjY5ODEwMzAzOTg0MjcwMDAxYmU0MmQ3MyIsImlhdCI6MTc3MDA2MjU5NSwiZXhwIjoxNzcwMDYzNzk1fQ.8wJIF0wcy-69ocIzhqsqNUV9s49dXTCTHqW0iVZTbNI
ETag: W/"184-W1qKKOhPeWFvtu3l6mcQJ5yVNQE"

{
    "success": true,
    "user": {
        "email": "order_test_1770062595263@yandex.ru",
        "name": "Order Test User"
    },
    "accessToken": "Bearer eyJhbGciOiJIUzI1NiIsInR5cCI6IkpXVCJ9.eyJpZCI6IjY5ODEwMzAzOTg0MjcwMDAxYmU0MmQ3MyIsImlhdCI6MTc3MDA2MjU5NSwiZXhwIjoxNzcwMDYzNzk1fQ.8wJIF0wcy-69ocIzhqsqNUV9s49dXTCTHqW0iVZTbNI",
    "refreshToken": "a4470efc10b090b49b53bfc2266c8b240db2b568dd2f7cc5d8b5d0929e69dabee1739e8396bf1d04"
}
HTTP/1.1 200 OK
Server: nginx/1.24.0 (Ubuntu)
Date: Mon, 02 Feb 2026 20:03:15 GMT
Content-Type: application/json; charset=utf-8
Content-Length: 388
Connection: keep-alive
X-Powered-By: Express
Access-Control-Allow-Origin: *
authorization: Bearer eyJhbGciOiJIUzI1NiIsInR5cCI6IkpXVCJ9.eyJpZCI6IjY5ODEwMzAzOTg0MjcwMDAxYmU0MmQ3MyIsImlhdCI6MTc3MDA2MjU5NSwiZXhwIjoxNzcwMDYzNzk1fQ.8wJIF0wcy-69ocIzhqsqNUV9s49dXTCTHqW0iVZTbNI
ETag: W/"184-W1qKKOhPeWFvtu3l6mcQJ5yVNQE"

{
    "success": true,
    "user": {
        "email": "order_test_1770062595263@yandex.ru",
        "name": "Order Test User"
    },
    "accessToken": "Bearer eyJhbGciOiJIUzI1NiIsInR5cCI6IkpXVCJ9.eyJpZCI6IjY5ODEwMzAzOTg0MjcwMDAxYmU0MmQ3MyIsImlhdCI6MTc3MDA2MjU5NSwiZXhwIjoxNzcwMDYzNzk1fQ.8wJIF0wcy-69ocIzhqsqNUV9s49dXTCTHqW0iVZTbNI",
    "refreshToken": "a4470efc10b090b49b53bfc2266c8b240db2b568dd2f7cc5d8b5d0929e69dabee1739e8396bf1d04"
}
HTTP/1.1 200 OK
Server: nginx/1.24.0 (Ubuntu)
Date: Mon, 02 Feb 2026 20:03:15 GMT
Content-Type: application/json; charset=utf-8
Content-Length: 388
Connection: keep-alive
X-Powered-By: Express
Access-Control-Allow-Origin: *
authorization: Bearer eyJhbGciOiJIUzI1NiIsInR5cCI6IkpXVCJ9.eyJpZCI6IjY5ODEwMzAzOTg0MjcwMDAxYmU0MmQ3MyIsImlhdCI6MTc3MDA2MjU5NSwiZXhwIjoxNzcwMDYzNzk1fQ.8wJIF0wcy-69ocIzhqsqNUV9s49dXTCTHqW0iVZTbNI
ETag: W/"184-W1qKKOhPeWFvtu3l6mcQJ5yVNQE"

{
    "success": true,
    "user": {
        "email": "order_test_1770062595263@yandex.ru",
        "name": "Order Test User"
    },
    "accessToken": "Bearer eyJhbGciOiJIUzI1NiIsInR5cCI6IkpXVCJ9.eyJpZCI6IjY5ODEwMzAzOTg0MjcwMDAxYmU0MmQ3MyIsImlhdCI6MTc3MDA2MjU5NSwiZXhwIjoxNzcwMDYzNzk1fQ.8wJIF0wcy-69ocIzhqsqNUV9s49dXTCTHqW0iVZTbNI",
    "refreshToken": "a4470efc10b090b49b53bfc2266c8b240db2b568dd2f7cc5d8b5d0929e69dabee1739e8396bf1d04"
}
HTTP/1.1 200 OK
Server: nginx/1.24.0 (Ubuntu)
Date: Mon, 02 Feb 2026 20:03:15 GMT
Content-Type: application/json; charset=utf-8
Content-Length: 388
Connection: keep-alive
X-Powered-By: Express
Access-Control-Allow-Origin: *
authorization: Bearer eyJhbGciOiJIUzI1NiIsInR5cCI6IkpXVCJ9.eyJpZCI6IjY5ODEwMzAzOTg0MjcwMDAxYmU0MmQ3MyIsImlhdCI6MTc3MDA2MjU5NSwiZXhwIjoxNzcwMDYzNzk1fQ.8wJIF0wcy-69ocIzhqsqNUV9s49dXTCTHqW0iVZTbNI
ETag: W/"184-W1qKKOhPeWFvtu3l6mcQJ5yVNQE"

{
    "success": true,
    "user": {
        "email": "order_test_1770062595263@yandex.ru",
        "name": "Order Test User"
    },
    "accessToken": "Bearer eyJhbGciOiJIUzI1NiIsInR5cCI6IkpXVCJ9.eyJpZCI6IjY5ODEwMzAzOTg0MjcwMDAxYmU0MmQ3MyIsImlhdCI6MTc3MDA2MjU5NSwiZXhwIjoxNzcwMDYzNzk1fQ.8wJIF0wcy-69ocIzhqsqNUV9s49dXTCTHqW0iVZTbNI",
    "refreshToken": "a4470efc10b090b49b53bfc2266c8b240db2b568dd2f7cc5d8b5d0929e69dabee1739e8396bf1d04"
}
HTTP/1.1 200 OK
Server: nginx/1.24.0 (Ubuntu)
Date: Mon, 02 Feb 2026 20:03:15 GMT
Content-Type: application/json; charset=utf-8
Content-Length: 388
Connection: keep-alive
X-Powered-By: Express
Access-Control-Allow-Origin: *
authorization: Bearer eyJhbGciOiJIUzI1NiIsInR5cCI6IkpXVCJ9.eyJpZCI6IjY5ODEwMzAzOTg0MjcwMDAxYmU0MmQ3MyIsImlhdCI6MTc3MDA2MjU5NSwiZXhwIjoxNzcwMDYzNzk1fQ.8wJIF0wcy-69ocIzhqsqNUV9s49dXTCTHqW0iVZTbNI
ETag: W/"184-W1qKKOhPeWFvtu3l6mcQJ5yVNQE"

{
    "success": true,
    "user": {
        "email": "order_test_1770062595263@yandex.ru",
        "name": "Order Test User"
    },
    "accessToken": "Bearer eyJhbGciOiJIUzI1NiIsInR5cCI6IkpXVCJ9.eyJpZCI6IjY5ODEwMzAzOTg0MjcwMDAxYmU0MmQ3MyIsImlhdCI6MTc3MDA2MjU5NSwiZXhwIjoxNzcwMDYzNzk1fQ.8wJIF0wcy-69ocIzhqsqNUV9s49dXTCTHqW0iVZTbNI",
    "refreshToken": "a4470efc10b090b49b53bfc2266c8b240db2b568dd2f7cc5d8b5d0929e69dabee1739e8396bf1d04"
}
HTTP/1.1 200 OK
Server: nginx/1.24.0 (Ubuntu)
Date: Mon, 02 Feb 2026 20:03:15 GMT
Content-Type: application/json; charset=utf-8
Content-Length: 388
Connection: keep-alive
X-Powered-By: Express
Access-Control-Allow-Origin: *
authorization: Bearer eyJhbGciOiJIUzI1NiIsInR5cCI6IkpXVCJ9.eyJpZCI6IjY5ODEwMzAzOTg0MjcwMDAxYmU0MmQ3MyIsImlhdCI6MTc3MDA2MjU5NSwiZXhwIjoxNzcwMDYzNzk1fQ.8wJIF0wcy-69ocIzhqsqNUV9s49dXTCTHqW0iVZTbNI
ETag: W/"184-W1qKKOhPeWFvtu3l6mcQJ5yVNQE"

{
    "success": true,
    "user": {
        "email": "order_test_1770062595263@yandex.ru",
        "name": "Order Test User"
    },
    "accessToken": "Bearer eyJhbGciOiJIUzI1NiIsInR5cCI6IkpXVCJ9.eyJpZCI6IjY5ODEwMzAzOTg0MjcwMDAxYmU0MmQ3MyIsImlhdCI6MTc3MDA2MjU5NSwiZXhwIjoxNzcwMDYzNzk1fQ.8wJIF0wcy-69ocIzhqsqNUV9s49dXTCTHqW0iVZTbNI",
    "refreshToken": "a4470efc10b090b49b53bfc2266c8b240db2b568dd2f7cc5d8b5d0929e69dabee1739e8396bf1d04"
}
Request method:	GET
Request URI:	https://stellarburgers.education-services.ru/api/ingredients
Proxy:			<none>
Request params:	<none>
Query params:	<none>
Form params:	<none>
Path params:	<none>
Headers:		Accept=*/*
Cookies:		<none>
Multiparts:		<none>
Body:			<none>
Request method:	GET
Request URI:	https://stellarburgers.education-services.ru/api/ingredients
Proxy:			<none>
Request params:	<none>
Query params:	<none>
Form params:	<none>
Path params:	<none>
Headers:		Accept=*/*
Cookies:		<none>
Multiparts:		<none>
Body:			<none>
Request method:	GET
Request URI:	https://stellarburgers.education-services.ru/api/ingredients
Proxy:			<none>
Request params:	<none>
Query params:	<none>
Form params:	<none>
Path params:	<none>
Headers:		Accept=*/*
Cookies:		<none>
Multiparts:		<none>
Body:			<none>
Request method:	GET
Request URI:	https://stellarburgers.education-services.ru/api/ingredients
Proxy:			<none>
Request params:	<none>
Query params:	<none>
Form params:	<none>
Path params:	<none>
Headers:		Accept=*/*
Cookies:		<none>
Multiparts:		<none>
Body:			<none>
Request method:	GET
Request URI:	https://stellarburgers.education-services.ru/api/ingredients
Proxy:			<none>
Request params:	<none>
Query params:	<none>
Form params:	<none>
Path params:	<none>
Headers:		Accept=*/*
Cookies:		<none>
Multiparts:		<none>
Body:			<none>
Request method:	GET
Request URI:	https://stellarburgers.education-services.ru/api/ingredients
Proxy:			<none>
Request params:	<none>
Query params:	<none>
Form params:	<none>
Path params:	<none>
Headers:		Accept=*/*
Cookies:		<none>
Multiparts:		<none>
Body:			<none>
Request method:	GET
Request URI:	https://stellarburgers.education-services.ru/api/ingredients
Proxy:			<none>
Request params:	<none>
Query params:	<none>
Form params:	<none>
Path params:	<none>
Headers:		Accept=*/*
Cookies:		<none>
Multiparts:		<none>
Body:			<none>
Request method:	GET
Request URI:	https://stellarburgers.education-services.ru/api/ingredients
Proxy:			<none>
Request params:	<none>
Query params:	<none>
Form params:	<none>
Path params:	<none>
Headers:		Accept=*/*
Cookies:		<none>
Multiparts:		<none>
Body:			<none>
Request method:	GET
Request URI:	https://stellarburgers.education-services.ru/api/ingredients
Proxy:			<none>
Request params:	<none>
Query params:	<none>
Form params:	<none>
Path params:	<none>
Headers:		Accept=*/*
Cookies:		<none>
Multiparts:		<none>
Body:			<none>
Request method:	GET
Request URI:	https://stellarburgers.education-services.ru/api/ingredients
Proxy:			<none>
Request params:	<none>
Query params:	<none>
Form params:	<none>
Path params:	<none>
Headers:		Accept=*/*
Cookies:		<none>
Multiparts:		<none>
Body:			<none>
Request method:	GET
Request URI:	https://stellarburgers.education-services.ru/api/ingredients
Proxy:			<none>
Request params:	<none>
Query params:	<none>
Form params:	<none>
Path params:	<none>
Headers:		Accept=*/*
Cookies:		<none>
Multiparts:		<none>
Body:			<none>
Request method:	GET
Request URI:	https://stellarburgers.education-services.ru/api/ingredients
Proxy:			<none>
Request params:	<none>
Query params:	<none>
Form params:	<none>
Path params:	<none>
Headers:		Accept=*/*
Cookies:		<none>
Multiparts:		<none>
Body:			<none>
Request method:	GET
Request URI:	https://stellarburgers.education-services.ru/api/ingredients
Proxy:			<none>
Request params:	<none>
Query params:	<none>
Form params:	<none>
Path params:	<none>
Headers:		Accept=*/*
Cookies:		<none>
Multiparts:		<none>
Body:			<none>
Request method:	GET
Request URI:	https://stellarburgers.education-services.ru/api/ingredients
Proxy:			<none>
Request params:	<none>
Query params:	<none>
Form params:	<none>
Path params:	<none>
Headers:		Accept=*/*
Cookies:		<none>
Multiparts:		<none>
Body:			<none>
Request method:	GET
Request URI:	https://stellarburgers.education-services.ru/api/ingredients
Proxy:			<none>
Request params:	<none>
Query params:	<none>
Form params:	<none>
Path params:	<none>
Headers:		Accept=*/*
Cookies:		<none>
Multiparts:		<none>
Body:			<none>
Request method:	GET
Request URI:	https://stellarburgers.education-services.ru/api/ingredients
Proxy:			<none>
Request params:	<none>
Query params:	<none>
Form params:	<none>
Path params:	<none>
Headers:		Accept=*/*
Cookies:		<none>
Multiparts:		<none>
Body:			<none>
Request method:	GET
Request URI:	https://stellarburgers.education-services.ru/api/ingredients
Proxy:			<none>
Request params:	<none>
Query params:	<none>
Form params:	<none>
Path params:	<none>
Headers:		Accept=*/*
Cookies:		<none>
Multiparts:		<none>
Body:			<none>
Request method:	GET
Request URI:	https://stellarburgers.education-services.ru/api/ingredients
Proxy:			<none>
Request params:	<none>
Query params:	<none>
Form params:	<none>
Path params:	<none>
Headers:		Accept=*/*
Cookies:		<none>
Multiparts:		<none>
Body:			<none>
Request method:	GET
Request URI:	https://stellarburgers.education-services.ru/api/ingredients
Proxy:			<none>
Request params:	<none>
Query params:	<none>
Form params:	<none>
Path params:	<none>
Headers:		Accept=*/*
Cookies:		<none>
Multiparts:		<none>
Body:			<none>
Request method:	GET
Request URI:	https://stellarburgers.education-services.ru/api/ingredients
Proxy:			<none>
Request params:	<none>
Query params:	<none>
Form params:	<none>
Path params:	<none>
Headers:		Accept=*/*
Cookies:		<none>
Multiparts:		<none>
Body:			<none>
Request method:	GET
Request URI:	https://stellarburgers.education-services.ru/api/ingredients
Proxy:			<none>
Request params:	<none>
Query params:	<none>
Form params:	<none>
Path params:	<none>
Headers:		Accept=*/*
Cookies:		<none>
Multiparts:		<none>
Body:			<none>
Request method:	GET
Request URI:	https://stellarburgers.education-services.ru/api/ingredients
Proxy:			<none>
Request params:	<none>
Query params:	<none>
Form params:	<none>
Path params:	<none>
Headers:		Accept=*/*
Cookies:		<none>
Multiparts:		<none>
Body:			<none>
Request method:	GET
Request URI:	https://stellarburgers.education-services.ru/api/ingredients
Proxy:			<none>
Request params:	<none>
Query params:	<none>
Form params:	<none>
Path params:	<none>
Headers:		Accept=*/*
Cookies:		<none>
Multiparts:		<none>
Body:			<none>
Request method:	GET
Request URI:	https://stellarburgers.education-services.ru/api/ingredients
Proxy:			<none>
Request params:	<none>
Query params:	<none>
Form params:	<none>
Path params:	<none>
Headers:		Accept=*/*
Cookies:		<none>
Multiparts:		<none>
Body:			<none>
HTTP/1.1 200 OK
Server: nginx/1.24.0 (Ubuntu)
Date: Mon, 02 Feb 2026 20:03:15 GMT
Content-Type: application/json; charset=utf-8
Content-Length: 5957
Connection: keep-alive
X-Powered-By: Express
Access-Control-Allow-Origin: *
ETag: W/"1745-LHZ7D8kBZWcbCGljCoPXtjB5CeA"

{
    "success": true,
    "data": [
        {
            "_id": "61c0c5a71d1f82001bdaaa6d",
            "name": "Флюоресцентная булка R2-D3",
            "type": "bun",
            "proteins": 44,
            "fat": 26,
            "carbohydrates": 85,
            "calories": 643,
            "price": 988,
            "image": "https://code.s3.yandex.net/react/code/bun-01.png",
            "image_mobile": "https://code.s3.yandex.net/react/code/bun-01-mobile.png",
            "image_large": "https://code.s3.yandex.net/react/code/bun-01-large.png",
            "__v": 0
        },
        {
            "_id": "61c0c5a71d1f82001bdaaa6f",
            "name": "Мясо бессмертных моллюсков Protostomia",
            "type": "main",
            "proteins": 433,
            "fat": 244,
            "carbohydrates": 33,
            "calories": 420,
            "price": 1337,
            "image": "https://code.s3.yandex.net/react/code/meat-02.png",
            "image_mobile": "https://code.s3.yandex.net/react/code/meat-02-mobile.png",
            "image_large": "https://code.s3.yandex.net/react/code/meat-02-large.png",
            "__v": 0
        },
        {
            "_id": "61c0c5a71d1f82001bdaaa70",
            "name": "Говяжий метеорит (отбивная)",
            "type": "main",
            "proteins": 800,
            "fat": 800,
            "carbohydrates": 300,
            "calories": 2674,
            "price": 3000,
            "image": "https://code.s3.yandex.net/react/code/meat-04.png",
            "image_mobile": "https://code.s3.yandex.net/react/code/meat-04-mobile.png",
            "image_large": "https://code.s3.yandex.net/react/code/meat-04-large.png",
            "__v": 0
        },
        {
            "_id": "61c0c5a71d1f82001bdaaa71",
            "name": "Биокотлета из марсианской Магнолии",
            "type": "main",
            "proteins": 420,
            "fat": 142,
            "carbohydrates": 242,
            "calories": 4242,
            "price": 424,
            "image": "https://code.s3.yandex.net/react/code/meat-01.png",
            "image_mobile": "https://code.s3.yandex.net/react/code/meat-01-mobile.png",
            "image_large": "https://code.s3.yandex.net/react/code/meat-01-large.png",
            "__v": 0
        },
        {
            "_id": "61c0c5a71d1f82001bdaaa72",
            "name": "Соус Spicy-X",
            "type": "sauce",
            "proteins": 30,
            "fat": 20,
            "carbohydrates": 40,
            "calories": 30,
            "price": 90,
            "image": "https://code.s3.yandex.net/react/code/sauce-02.png",
            "image_mobile": "https://code.s3.yandex.net/react/code/sauce-02-mobile.png",
            "image_large": "https://code.s3.yandex.net/react/code/sauce-02-large.png",
            "__v": 0
        },
        {
            "_id": "61c0c5a71d1f82001bdaaa6e",
            "name": "Филе Люминесцентного тетраодонтимформа",
            "type": "main",
            "proteins": 44,
            "fat": 26,
            "carbohydrates": 85,
            "calories": 643,
            "price": 988,
            "image": "https://code.s3.yandex.net/react/code/meat-03.png",
            "image_mobile": "https://code.s3.yandex.net/react/code/meat-03-mobile.png",
            "image_large": "https://code.s3.yandex.net/react/code/meat-03-large.png",
            "__v": 0
        },
        {
            "_id": "61c0c5a71d1f82001bdaaa73",
            "name": "Соус фирменный Space Sauce",
            "type": "sauce",
            "proteins": 50,
            "fat": 22,
            "carbohydrates": 11,
            "calories": 14,
            "price": 80,
            "image": "https://code.s3.yandex.net/react/code/sauce-04.png",
            "image_mobile": "https://code.s3.yandex.net/react/code/sauce-04-mobile.png",
            "image_large": "https://code.s3.yandex.net/react/code/sauce-04-large.png",
            "__v": 0
        },
        {
            "_id": "61c0c5a71d1f82001bdaaa74",
            "name": "Соус традиционный галактический",
            "type": "sauce",
            "proteins": 42,
            "fat": 24,
            "carbohydrates": 42,
            "calories": 99,
            "price": 15,
            "image": "https://code.s3.yandex.net/react/code/sauce-03.png",
            "image_mobile": "https://code.s3.yandex.net/react/code/sauce-03-mobile.png",
            "image_large": "https://code.s3.yandex.net/react/code/sauce-03-large.png",
            "__v": 0
        },
        {
            "_id": "61c0c5a71d1f82001bdaaa6c",
            "name": "Краторная булка N-200i",
            "type": "bun",
            "proteins": 80,
            "fat": 24,
            "carbohydrates": 53,
            "calories": 420,
            "price": 1255,
            "image": "https://code.s3.yandex.net/react/code/bun-02.png",
            "image_mobile": "https://code.s3.yandex.net/react/code/bun-02-mobile.png",
            "image_large": "https://code.s3.yandex.net/react/code/bun-02-large.png",
            "__v": 0
        },
        {
            "_id": "61c0c5a71d1f82001bdaaa75",
            "name": "Соус с шипами Антарианского плоскоходца",
            "type": "sauce",
            "proteins": 101,
            "fat": 99,
            "carbohydrates": 100,
            "calories": 100,
            "price": 88,
            "image": "https://code.s3.yandex.net/react/code/sauce-01.png",
            "image_mobile": "https://code.s3.yandex.net/react/code/sauce-01-mobile.png",
            "image_large": "https://code.s3.yandex.net/react/code/sauce-01-large.png",
            "__v": 0
        },
        {
            "_id": "61c0c5a71d1f82001bdaaa76",
            "name": "Хрустящие минеральные кольца",
            "type": "main",
            "proteins": 808,
            "fat": 689,
            "carbohydrates": 609,
            "calories": 986,
            "price": 300,
            "image": "https://code.s3.yandex.net/react/code/mineral_rings.png",
            "image_mobile": "https://code.s3.yandex.net/react/code/mineral_rings-mobile.png",
            "image_large": "https://code.s3.yandex.net/react/code/mineral_rings-large.png",
            "__v": 0
        },
        {
            "_id": "61c0c5a71d1f82001bdaaa77",
            "name": "Плоды Фалленианского дерева",
            "type": "main",
            "proteins": 20,
            "fat": 5,
            "carbohydrates": 55,
            "calories": 77,
            "price": 874,
            "image": "https://code.s3.yandex.net/react/code/sp_1.png",
            "image_mobile": "https://code.s3.yandex.net/react/code/sp_1-mobile.png",
            "image_large": "https://code.s3.yandex.net/react/code/sp_1-large.png",
            "__v": 0
        },
        {
            "_id": "61c0c5a71d1f82001bdaaa78",
            "name": "Кристаллы марсианских альфа-сахаридов",
            "type": "main",
            "proteins": 234,
            "fat": 432,
            "carbohydrates": 111,
            "calories": 189,
            "price": 762,
            "image": "https://code.s3.yandex.net/react/code/core.png",
            "image_mobile": "https://code.s3.yandex.net/react/code/core-mobile.png",
            "image_large": "https://code.s3.yandex.net/react/code/core-large.png",
            "__v": 0
        },
        {
            "_id": "61c0c5a71d1f82001bdaaa79",
            "name": "Мини-салат Экзо-Плантаго",
            "type": "main",
            "proteins": 1,
            "fat": 2,
            "carbohydrates": 3,
            "calories": 6,
            "price": 4400,
            "image": "https://code.s3.yandex.net/react/code/salad.png",
            "image_mobile": "https://code.s3.yandex.net/react/code/salad-mobile.png",
            "image_large": "https://code.s3.yandex.net/react/code/salad-large.png",
            "__v": 0
        },
        {
            "_id": "61c0c5a71d1f82001bdaaa7a",
            "name": "Сыр с астероидной плесенью",
            "type": "main",
            "proteins": 84,
            "fat": 48,
            "carbohydrates": 420,
            "calories": 3377,
            "price": 4142,
            "image": "https://code.s3.yandex.net/react/code/cheese.png",
            "image_mobile": "https://code.s3.yandex.net/react/code/cheese-mobile.png",
            "image_large": "https://code.s3.yandex.net/react/code/cheese-large.png",
            "__v": 0
        }
    ]
}
HTTP/1.1 200 OK
Server: nginx/1.24.0 (Ubuntu)
Date: Mon, 02 Feb 2026 20:03:15 GMT
Content-Type: application/json; charset=utf-8
Content-Length: 5957
Connection: keep-alive
X-Powered-By: Express
Access-Control-Allow-Origin: *
ETag: W/"1745-LHZ7D8kBZWcbCGljCoPXtjB5CeA"

{
    "success": true,
    "data": [
        {
            "_id": "61c0c5a71d1f82001bdaaa6d",
            "name": "Флюоресцентная булка R2-D3",
            "type": "bun",
            "proteins": 44,
            "fat": 26,
            "carbohydrates": 85,
            "calories": 643,
            "price": 988,
            "image": "https://code.s3.yandex.net/react/code/bun-01.png",
            "image_mobile": "https://code.s3.yandex.net/react/code/bun-01-mobile.png",
            "image_large": "https://code.s3.yandex.net/react/code/bun-01-large.png",
            "__v": 0
        },
        {
            "_id": "61c0c5a71d1f82001bdaaa6f",
            "name": "Мясо бессмертных моллюсков Protostomia",
            "type": "main",
            "proteins": 433,
            "fat": 244,
            "carbohydrates": 33,
            "calories": 420,
            "price": 1337,
            "image": "https://code.s3.yandex.net/react/code/meat-02.png",
            "image_mobile": "https://code.s3.yandex.net/react/code/meat-02-mobile.png",
            "image_large": "https://code.s3.yandex.net/react/code/meat-02-large.png",
            "__v": 0
        },
        {
            "_id": "61c0c5a71d1f82001bdaaa70",
            "name": "Говяжий метеорит (отбивная)",
            "type": "main",
            "proteins": 800,
            "fat": 800,
            "carbohydrates": 300,
            "calories": 2674,
            "price": 3000,
            "image": "https://code.s3.yandex.net/react/code/meat-04.png",
            "image_mobile": "https://code.s3.yandex.net/react/code/meat-04-mobile.png",
            "image_large": "https://code.s3.yandex.net/react/code/meat-04-large.png",
            "__v": 0
        },
        {
            "_id": "61c0c5a71d1f82001bdaaa71",
            "name": "Биокотлета из марсианской Магнолии",
            "type": "main",
            "proteins": 420,
            "fat": 142,
            "carbohydrates": 242,
            "calories": 4242,
            "price": 424,
            "image": "https://code.s3.yandex.net/react/code/meat-01.png",
            "image_mobile": "https://code.s3.yandex.net/react/code/meat-01-mobile.png",
            "image_large": "https://code.s3.yandex.net/react/code/meat-01-large.png",
            "__v": 0
        },
        {
            "_id": "61c0c5a71d1f82001bdaaa72",
            "name": "Соус Spicy-X",
            "type": "sauce",
            "proteins": 30,
            "fat": 20,
            "carbohydrates": 40,
            "calories": 30,
            "price": 90,
            "image": "https://code.s3.yandex.net/react/code/sauce-02.png",
            "image_mobile": "https://code.s3.yandex.net/react/code/sauce-02-mobile.png",
            "image_large": "https://code.s3.yandex.net/react/code/sauce-02-large.png",
            "__v": 0
        },
        {
            "_id": "61c0c5a71d1f82001bdaaa6e",
            "name": "Филе Люминесцентного тетраодонтимформа",
            "type": "main",
            "proteins": 44,
            "fat": 26,
            "carbohydrates": 85,
            "calories": 643,
            "price": 988,
            "image": "https://code.s3.yandex.net/react/code/meat-03.png",
            "image_mobile": "https://code.s3.yandex.net/react/code/meat-03-mobile.png",
            "image_large": "https://code.s3.yandex.net/react/code/meat-03-large.png",
            "__v": 0
        },
        {
            "_id": "61c0c5a71d1f82001bdaaa73",
            "name": "Соус фирменный Space Sauce",
            "type": "sauce",
            "proteins": 50,
            "fat": 22,
            "carbohydrates": 11,
            "calories": 14,
            "price": 80,
            "image": "https://code.s3.yandex.net/react/code/sauce-04.png",
            "image_mobile": "https://code.s3.yandex.net/react/code/sauce-04-mobile.png",
            "image_large": "https://code.s3.yandex.net/react/code/sauce-04-large.png",
            "__v": 0
        },
        {
            "_id": "61c0c5a71d1f82001bdaaa74",
            "name": "Соус традиционный галактический",
            "type": "sauce",
            "proteins": 42,
            "fat": 24,
            "carbohydrates": 42,
            "calories": 99,
            "price": 15,
            "image": "https://code.s3.yandex.net/react/code/sauce-03.png",
            "image_mobile": "https://code.s3.yandex.net/react/code/sauce-03-mobile.png",
            "image_large": "https://code.s3.yandex.net/react/code/sauce-03-large.png",
            "__v": 0
        },
        {
            "_id": "61c0c5a71d1f82001bdaaa6c",
            "name": "Краторная булка N-200i",
            "type": "bun",
            "proteins": 80,
            "fat": 24,
            "carbohydrates": 53,
            "calories": 420,
            "price": 1255,
            "image": "https://code.s3.yandex.net/react/code/bun-02.png",
            "image_mobile": "https://code.s3.yandex.net/react/code/bun-02-mobile.png",
            "image_large": "https://code.s3.yandex.net/react/code/bun-02-large.png",
            "__v": 0
        },
        {
            "_id": "61c0c5a71d1f82001bdaaa75",
            "name": "Соус с шипами Антарианского плоскоходца",
            "type": "sauce",
            "proteins": 101,
            "fat": 99,
            "carbohydrates": 100,
            "calories": 100,
            "price": 88,
            "image": "https://code.s3.yandex.net/react/code/sauce-01.png",
            "image_mobile": "https://code.s3.yandex.net/react/code/sauce-01-mobile.png",
            "image_large": "https://code.s3.yandex.net/react/code/sauce-01-large.png",
            "__v": 0
        },
        {
            "_id": "61c0c5a71d1f82001bdaaa76",
            "name": "Хрустящие минеральные кольца",
            "type": "main",
            "proteins": 808,
            "fat": 689,
            "carbohydrates": 609,
            "calories": 986,
            "price": 300,
            "image": "https://code.s3.yandex.net/react/code/mineral_rings.png",
            "image_mobile": "https://code.s3.yandex.net/react/code/mineral_rings-mobile.png",
            "image_large": "https://code.s3.yandex.net/react/code/mineral_rings-large.png",
            "__v": 0
        },
        {
            "_id": "61c0c5a71d1f82001bdaaa77",
            "name": "Плоды Фалленианского дерева",
            "type": "main",
            "proteins": 20,
            "fat": 5,
            "carbohydrates": 55,
            "calories": 77,
            "price": 874,
            "image": "https://code.s3.yandex.net/react/code/sp_1.png",
            "image_mobile": "https://code.s3.yandex.net/react/code/sp_1-mobile.png",
            "image_large": "https://code.s3.yandex.net/react/code/sp_1-large.png",
            "__v": 0
        },
        {
            "_id": "61c0c5a71d1f82001bdaaa78",
            "name": "Кристаллы марсианских альфа-сахаридов",
            "type": "main",
            "proteins": 234,
            "fat": 432,
            "carbohydrates": 111,
            "calories": 189,
            "price": 762,
            "image": "https://code.s3.yandex.net/react/code/core.png",
            "image_mobile": "https://code.s3.yandex.net/react/code/core-mobile.png",
            "image_large": "https://code.s3.yandex.net/react/code/core-large.png",
            "__v": 0
        },
        {
            "_id": "61c0c5a71d1f82001bdaaa79",
            "name": "Мини-салат Экзо-Плантаго",
            "type": "main",
            "proteins": 1,
            "fat": 2,
            "carbohydrates": 3,
            "calories": 6,
            "price": 4400,
            "image": "https://code.s3.yandex.net/react/code/salad.png",
            "image_mobile": "https://code.s3.yandex.net/react/code/salad-mobile.png",
            "image_large": "https://code.s3.yandex.net/react/code/salad-large.png",
            "__v": 0
        },
        {
            "_id": "61c0c5a71d1f82001bdaaa7a",
            "name": "Сыр с астероидной плесенью",
            "type": "main",
            "proteins": 84,
            "fat": 48,
            "carbohydrates": 420,
            "calories": 3377,
            "price": 4142,
            "image": "https://code.s3.yandex.net/react/code/cheese.png",
            "image_mobile": "https://code.s3.yandex.net/react/code/cheese-mobile.png",
            "image_large": "https://code.s3.yandex.net/react/code/cheese-large.png",
            "__v": 0
        }
    ]
}
HTTP/1.1 200 OK
Server: nginx/1.24.0 (Ubuntu)
Date: Mon, 02 Feb 2026 20:03:15 GMT
Content-Type: application/json; charset=utf-8
Content-Length: 5957
Connection: keep-alive
X-Powered-By: Express
Access-Control-Allow-Origin: *
ETag: W/"1745-LHZ7D8kBZWcbCGljCoPXtjB5CeA"

{
    "success": true,
    "data": [
        {
            "_id": "61c0c5a71d1f82001bdaaa6d",
            "name": "Флюоресцентная булка R2-D3",
            "type": "bun",
            "proteins": 44,
            "fat": 26,
            "carbohydrates": 85,
            "calories": 643,
            "price": 988,
            "image": "https://code.s3.yandex.net/react/code/bun-01.png",
            "image_mobile": "https://code.s3.yandex.net/react/code/bun-01-mobile.png",
            "image_large": "https://code.s3.yandex.net/react/code/bun-01-large.png",
            "__v": 0
        },
        {
            "_id": "61c0c5a71d1f82001bdaaa6f",
            "name": "Мясо бессмертных моллюсков Protostomia",
            "type": "main",
            "proteins": 433,
            "fat": 244,
            "carbohydrates": 33,
            "calories": 420,
            "price": 1337,
            "image": "https://code.s3.yandex.net/react/code/meat-02.png",
            "image_mobile": "https://code.s3.yandex.net/react/code/meat-02-mobile.png",
            "image_large": "https://code.s3.yandex.net/react/code/meat-02-large.png",
            "__v": 0
        },
        {
            "_id": "61c0c5a71d1f82001bdaaa70",
            "name": "Говяжий метеорит (отбивная)",
            "type": "main",
            "proteins": 800,
            "fat": 800,
            "carbohydrates": 300,
            "calories": 2674,
            "price": 3000,
            "image": "https://code.s3.yandex.net/react/code/meat-04.png",
            "image_mobile": "https://code.s3.yandex.net/react/code/meat-04-mobile.png",
            "image_large": "https://code.s3.yandex.net/react/code/meat-04-large.png",
            "__v": 0
        },
        {
            "_id": "61c0c5a71d1f82001bdaaa71",
            "name": "Биокотлета из марсианской Магнолии",
            "type": "main",
            "proteins": 420,
            "fat": 142,
            "carbohydrates": 242,
            "calories": 4242,
            "price": 424,
            "image": "https://code.s3.yandex.net/react/code/meat-01.png",
            "image_mobile": "https://code.s3.yandex.net/react/code/meat-01-mobile.png",
            "image_large": "https://code.s3.yandex.net/react/code/meat-01-large.png",
            "__v": 0
        },
        {
            "_id": "61c0c5a71d1f82001bdaaa72",
            "name": "Соус Spicy-X",
            "type": "sauce",
            "proteins": 30,
            "fat": 20,
            "carbohydrates": 40,
            "calories": 30,
            "price": 90,
            "image": "https://code.s3.yandex.net/react/code/sauce-02.png",
            "image_mobile": "https://code.s3.yandex.net/react/code/sauce-02-mobile.png",
            "image_large": "https://code.s3.yandex.net/react/code/sauce-02-large.png",
            "__v": 0
        },
        {
            "_id": "61c0c5a71d1f82001bdaaa6e",
            "name": "Филе Люминесцентного тетраодонтимформа",
            "type": "main",
            "proteins": 44,
            "fat": 26,
            "carbohydrates": 85,
            "calories": 643,
            "price": 988,
            "image": "https://code.s3.yandex.net/react/code/meat-03.png",
            "image_mobile": "https://code.s3.yandex.net/react/code/meat-03-mobile.png",
            "image_large": "https://code.s3.yandex.net/react/code/meat-03-large.png",
            "__v": 0
        },
        {
            "_id": "61c0c5a71d1f82001bdaaa73",
            "name": "Соус фирменный Space Sauce",
            "type": "sauce",
            "proteins": 50,
            "fat": 22,
            "carbohydrates": 11,
            "calories": 14,
            "price": 80,
            "image": "https://code.s3.yandex.net/react/code/sauce-04.png",
            "image_mobile": "https://code.s3.yandex.net/react/code/sauce-04-mobile.png",
            "image_large": "https://code.s3.yandex.net/react/code/sauce-04-large.png",
            "__v": 0
        },
        {
            "_id": "61c0c5a71d1f82001bdaaa74",
            "name": "Соус традиционный галактический",
            "type": "sauce",
            "proteins": 42,
            "fat": 24,
            "carbohydrates": 42,
            "calories": 99,
            "price": 15,
            "image": "https://code.s3.yandex.net/react/code/sauce-03.png",
            "image_mobile": "https://code.s3.yandex.net/react/code/sauce-03-mobile.png",
            "image_large": "https://code.s3.yandex.net/react/code/sauce-03-large.png",
            "__v": 0
        },
        {
            "_id": "61c0c5a71d1f82001bdaaa6c",
            "name": "Краторная булка N-200i",
            "type": "bun",
            "proteins": 80,
            "fat": 24,
            "carbohydrates": 53,
            "calories": 420,
            "price": 1255,
            "image": "https://code.s3.yandex.net/react/code/bun-02.png",
            "image_mobile": "https://code.s3.yandex.net/react/code/bun-02-mobile.png",
            "image_large": "https://code.s3.yandex.net/react/code/bun-02-large.png",
            "__v": 0
        },
        {
            "_id": "61c0c5a71d1f82001bdaaa75",
            "name": "Соус с шипами Антарианского плоскоходца",
            "type": "sauce",
            "proteins": 101,
            "fat": 99,
            "carbohydrates": 100,
            "calories": 100,
            "price": 88,
            "image": "https://code.s3.yandex.net/react/code/sauce-01.png",
            "image_mobile": "https://code.s3.yandex.net/react/code/sauce-01-mobile.png",
            "image_large": "https://code.s3.yandex.net/react/code/sauce-01-large.png",
            "__v": 0
        },
        {
            "_id": "61c0c5a71d1f82001bdaaa76",
            "name": "Хрустящие минеральные кольца",
            "type": "main",
            "proteins": 808,
            "fat": 689,
            "carbohydrates": 609,
            "calories": 986,
            "price": 300,
            "image": "https://code.s3.yandex.net/react/code/mineral_rings.png",
            "image_mobile": "https://code.s3.yandex.net/react/code/mineral_rings-mobile.png",
            "image_large": "https://code.s3.yandex.net/react/code/mineral_rings-large.png",
            "__v": 0
        },
        {
            "_id": "61c0c5a71d1f82001bdaaa77",
            "name": "Плоды Фалленианского дерева",
            "type": "main",
            "proteins": 20,
            "fat": 5,
            "carbohydrates": 55,
            "calories": 77,
            "price": 874,
            "image": "https://code.s3.yandex.net/react/code/sp_1.png",
            "image_mobile": "https://code.s3.yandex.net/react/code/sp_1-mobile.png",
            "image_large": "https://code.s3.yandex.net/react/code/sp_1-large.png",
            "__v": 0
        },
        {
            "_id": "61c0c5a71d1f82001bdaaa78",
            "name": "Кристаллы марсианских альфа-сахаридов",
            "type": "main",
            "proteins": 234,
            "fat": 432,
            "carbohydrates": 111,
            "calories": 189,
            "price": 762,
            "image": "https://code.s3.yandex.net/react/code/core.png",
            "image_mobile": "https://code.s3.yandex.net/react/code/core-mobile.png",
            "image_large": "https://code.s3.yandex.net/react/code/core-large.png",
            "__v": 0
        },
        {
            "_id": "61c0c5a71d1f82001bdaaa79",
            "name": "Мини-салат Экзо-Плантаго",
            "type": "main",
            "proteins": 1,
            "fat": 2,
            "carbohydrates": 3,
            "calories": 6,
            "price": 4400,
            "image": "https://code.s3.yandex.net/react/code/salad.png",
            "image_mobile": "https://code.s3.yandex.net/react/code/salad-mobile.png",
            "image_large": "https://code.s3.yandex.net/react/code/salad-large.png",
            "__v": 0
        },
        {
            "_id": "61c0c5a71d1f82001bdaaa7a",
            "name": "Сыр с астероидной плесенью",
            "type": "main",
            "proteins": 84,
            "fat": 48,
            "carbohydrates": 420,
            "calories": 3377,
            "price": 4142,
            "image": "https://code.s3.yandex.net/react/code/cheese.png",
            "image_mobile": "https://code.s3.yandex.net/react/code/cheese-mobile.png",
            "image_large": "https://code.s3.yandex.net/react/code/cheese-large.png",
            "__v": 0
        }
    ]
}
HTTP/1.1 200 OK
Server: nginx/1.24.0 (Ubuntu)
Date: Mon, 02 Feb 2026 20:03:15 GMT
Content-Type: application/json; charset=utf-8
Content-Length: 5957
Connection: keep-alive
X-Powered-By: Express
Access-Control-Allow-Origin: *
ETag: W/"1745-LHZ7D8kBZWcbCGljCoPXtjB5CeA"

{
    "success": true,
    "data": [
        {
            "_id": "61c0c5a71d1f82001bdaaa6d",
            "name": "Флюоресцентная булка R2-D3",
            "type": "bun",
            "proteins": 44,
            "fat": 26,
            "carbohydrates": 85,
            "calories": 643,
            "price": 988,
            "image": "https://code.s3.yandex.net/react/code/bun-01.png",
            "image_mobile": "https://code.s3.yandex.net/react/code/bun-01-mobile.png",
            "image_large": "https://code.s3.yandex.net/react/code/bun-01-large.png",
            "__v": 0
        },
        {
            "_id": "61c0c5a71d1f82001bdaaa6f",
            "name": "Мясо бессмертных моллюсков Protostomia",
            "type": "main",
            "proteins": 433,
            "fat": 244,
            "carbohydrates": 33,
            "calories": 420,
            "price": 1337,
            "image": "https://code.s3.yandex.net/react/code/meat-02.png",
            "image_mobile": "https://code.s3.yandex.net/react/code/meat-02-mobile.png",
            "image_large": "https://code.s3.yandex.net/react/code/meat-02-large.png",
            "__v": 0
        },
        {
            "_id": "61c0c5a71d1f82001bdaaa70",
            "name": "Говяжий метеорит (отбивная)",
            "type": "main",
            "proteins": 800,
            "fat": 800,
            "carbohydrates": 300,
            "calories": 2674,
            "price": 3000,
            "image": "https://code.s3.yandex.net/react/code/meat-04.png",
            "image_mobile": "https://code.s3.yandex.net/react/code/meat-04-mobile.png",
            "image_large": "https://code.s3.yandex.net/react/code/meat-04-large.png",
            "__v": 0
        },
        {
            "_id": "61c0c5a71d1f82001bdaaa71",
            "name": "Биокотлета из марсианской Магнолии",
            "type": "main",
            "proteins": 420,
            "fat": 142,
            "carbohydrates": 242,
            "calories": 4242,
            "price": 424,
            "image": "https://code.s3.yandex.net/react/code/meat-01.png",
            "image_mobile": "https://code.s3.yandex.net/react/code/meat-01-mobile.png",
            "image_large": "https://code.s3.yandex.net/react/code/meat-01-large.png",
            "__v": 0
        },
        {
            "_id": "61c0c5a71d1f82001bdaaa72",
            "name": "Соус Spicy-X",
            "type": "sauce",
            "proteins": 30,
            "fat": 20,
            "carbohydrates": 40,
            "calories": 30,
            "price": 90,
            "image": "https://code.s3.yandex.net/react/code/sauce-02.png",
            "image_mobile": "https://code.s3.yandex.net/react/code/sauce-02-mobile.png",
            "image_large": "https://code.s3.yandex.net/react/code/sauce-02-large.png",
            "__v": 0
        },
        {
            "_id": "61c0c5a71d1f82001bdaaa6e",
            "name": "Филе Люминесцентного тетраодонтимформа",
            "type": "main",
            "proteins": 44,
            "fat": 26,
            "carbohydrates": 85,
            "calories": 643,
            "price": 988,
            "image": "https://code.s3.yandex.net/react/code/meat-03.png",
            "image_mobile": "https://code.s3.yandex.net/react/code/meat-03-mobile.png",
            "image_large": "https://code.s3.yandex.net/react/code/meat-03-large.png",
            "__v": 0
        },
        {
            "_id": "61c0c5a71d1f82001bdaaa73",
            "name": "Соус фирменный Space Sauce",
            "type": "sauce",
            "proteins": 50,
            "fat": 22,
            "carbohydrates": 11,
            "calories": 14,
            "price": 80,
            "image": "https://code.s3.yandex.net/react/code/sauce-04.png",
            "image_mobile": "https://code.s3.yandex.net/react/code/sauce-04-mobile.png",
            "image_large": "https://code.s3.yandex.net/react/code/sauce-04-large.png",
            "__v": 0
        },
        {
            "_id": "61c0c5a71d1f82001bdaaa74",
            "name": "Соус традиционный галактический",
            "type": "sauce",
            "proteins": 42,
            "fat": 24,
            "carbohydrates": 42,
            "calories": 99,
            "price": 15,
            "image": "https://code.s3.yandex.net/react/code/sauce-03.png",
            "image_mobile": "https://code.s3.yandex.net/react/code/sauce-03-mobile.png",
            "image_large": "https://code.s3.yandex.net/react/code/sauce-03-large.png",
            "__v": 0
        },
        {
            "_id": "61c0c5a71d1f82001bdaaa6c",
            "name": "Краторная булка N-200i",
            "type": "bun",
            "proteins": 80,
            "fat": 24,
            "carbohydrates": 53,
            "calories": 420,
            "price": 1255,
            "image": "https://code.s3.yandex.net/react/code/bun-02.png",
            "image_mobile": "https://code.s3.yandex.net/react/code/bun-02-mobile.png",
            "image_large": "https://code.s3.yandex.net/react/code/bun-02-large.png",
            "__v": 0
        },
        {
            "_id": "61c0c5a71d1f82001bdaaa75",
            "name": "Соус с шипами Антарианского плоскоходца",
            "type": "sauce",
            "proteins": 101,
            "fat": 99,
            "carbohydrates": 100,
            "calories": 100,
            "price": 88,
            "image": "https://code.s3.yandex.net/react/code/sauce-01.png",
            "image_mobile": "https://code.s3.yandex.net/react/code/sauce-01-mobile.png",
            "image_large": "https://code.s3.yandex.net/react/code/sauce-01-large.png",
            "__v": 0
        },
        {
            "_id": "61c0c5a71d1f82001bdaaa76",
            "name": "Хрустящие минеральные кольца",
            "type": "main",
            "proteins": 808,
            "fat": 689,
            "carbohydrates": 609,
            "calories": 986,
            "price": 300,
            "image": "https://code.s3.yandex.net/react/code/mineral_rings.png",
            "image_mobile": "https://code.s3.yandex.net/react/code/mineral_rings-mobile.png",
            "image_large": "https://code.s3.yandex.net/react/code/mineral_rings-large.png",
            "__v": 0
        },
        {
            "_id": "61c0c5a71d1f82001bdaaa77",
            "name": "Плоды Фалленианского дерева",
            "type": "main",
            "proteins": 20,
            "fat": 5,
            "carbohydrates": 55,
            "calories": 77,
            "price": 874,
            "image": "https://code.s3.yandex.net/react/code/sp_1.png",
            "image_mobile": "https://code.s3.yandex.net/react/code/sp_1-mobile.png",
            "image_large": "https://code.s3.yandex.net/react/code/sp_1-large.png",
            "__v": 0
        },
        {
            "_id": "61c0c5a71d1f82001bdaaa78",
            "name": "Кристаллы марсианских альфа-сахаридов",
            "type": "main",
            "proteins": 234,
            "fat": 432,
            "carbohydrates": 111,
            "calories": 189,
            "price": 762,
            "image": "https://code.s3.yandex.net/react/code/core.png",
            "image_mobile": "https://code.s3.yandex.net/react/code/core-mobile.png",
            "image_large": "https://code.s3.yandex.net/react/code/core-large.png",
            "__v": 0
        },
        {
            "_id": "61c0c5a71d1f82001bdaaa79",
            "name": "Мини-салат Экзо-Плантаго",
            "type": "main",
            "proteins": 1,
            "fat": 2,
            "carbohydrates": 3,
            "calories": 6,
            "price": 4400,
            "image": "https://code.s3.yandex.net/react/code/salad.png",
            "image_mobile": "https://code.s3.yandex.net/react/code/salad-mobile.png",
            "image_large": "https://code.s3.yandex.net/react/code/salad-large.png",
            "__v": 0
        },
        {
            "_id": "61c0c5a71d1f82001bdaaa7a",
            "name": "Сыр с астероидной плесенью",
            "type": "main",
            "proteins": 84,
            "fat": 48,
            "carbohydrates": 420,
            "calories": 3377,
            "price": 4142,
            "image": "https://code.s3.yandex.net/react/code/cheese.png",
            "image_mobile": "https://code.s3.yandex.net/react/code/cheese-mobile.png",
            "image_large": "https://code.s3.yandex.net/react/code/cheese-large.png",
            "__v": 0
        }
    ]
}
HTTP/1.1 200 OK
Server: nginx/1.24.0 (Ubuntu)
Date: Mon, 02 Feb 2026 20:03:15 GMT
Content-Type: application/json; charset=utf-8
Content-Length: 5957
Connection: keep-alive
X-Powered-By: Express
Access-Control-Allow-Origin: *
ETag: W/"1745-LHZ7D8kBZWcbCGljCoPXtjB5CeA"

{
    "success": true,
    "data": [
        {
            "_id": "61c0c5a71d1f82001bdaaa6d",
            "name": "Флюоресцентная булка R2-D3",
            "type": "bun",
            "proteins": 44,
            "fat": 26,
            "carbohydrates": 85,
            "calories": 643,
            "price": 988,
            "image": "https://code.s3.yandex.net/react/code/bun-01.png",
            "image_mobile": "https://code.s3.yandex.net/react/code/bun-01-mobile.png",
            "image_large": "https://code.s3.yandex.net/react/code/bun-01-large.png",
            "__v": 0
        },
        {
            "_id": "61c0c5a71d1f82001bdaaa6f",
            "name": "Мясо бессмертных моллюсков Protostomia",
            "type": "main",
            "proteins": 433,
            "fat": 244,
            "carbohydrates": 33,
            "calories": 420,
            "price": 1337,
            "image": "https://code.s3.yandex.net/react/code/meat-02.png",
            "image_mobile": "https://code.s3.yandex.net/react/code/meat-02-mobile.png",
            "image_large": "https://code.s3.yandex.net/react/code/meat-02-large.png",
            "__v": 0
        },
        {
            "_id": "61c0c5a71d1f82001bdaaa70",
            "name": "Говяжий метеорит (отбивная)",
            "type": "main",
            "proteins": 800,
            "fat": 800,
            "carbohydrates": 300,
            "calories": 2674,
            "price": 3000,
            "image": "https://code.s3.yandex.net/react/code/meat-04.png",
            "image_mobile": "https://code.s3.yandex.net/react/code/meat-04-mobile.png",
            "image_large": "https://code.s3.yandex.net/react/code/meat-04-large.png",
            "__v": 0
        },
        {
            "_id": "61c0c5a71d1f82001bdaaa71",
            "name": "Биокотлета из марсианской Магнолии",
            "type": "main",
            "proteins": 420,
            "fat": 142,
            "carbohydrates": 242,
            "calories": 4242,
            "price": 424,
            "image": "https://code.s3.yandex.net/react/code/meat-01.png",
            "image_mobile": "https://code.s3.yandex.net/react/code/meat-01-mobile.png",
            "image_large": "https://code.s3.yandex.net/react/code/meat-01-large.png",
            "__v": 0
        },
        {
            "_id": "61c0c5a71d1f82001bdaaa72",
            "name": "Соус Spicy-X",
            "type": "sauce",
            "proteins": 30,
            "fat": 20,
            "carbohydrates": 40,
            "calories": 30,
            "price": 90,
            "image": "https://code.s3.yandex.net/react/code/sauce-02.png",
            "image_mobile": "https://code.s3.yandex.net/react/code/sauce-02-mobile.png",
            "image_large": "https://code.s3.yandex.net/react/code/sauce-02-large.png",
            "__v": 0
        },
        {
            "_id": "61c0c5a71d1f82001bdaaa6e",
            "name": "Филе Люминесцентного тетраодонтимформа",
            "type": "main",
            "proteins": 44,
            "fat": 26,
            "carbohydrates": 85,
            "calories": 643,
            "price": 988,
            "image": "https://code.s3.yandex.net/react/code/meat-03.png",
            "image_mobile": "https://code.s3.yandex.net/react/code/meat-03-mobile.png",
            "image_large": "https://code.s3.yandex.net/react/code/meat-03-large.png",
            "__v": 0
        },
        {
            "_id": "61c0c5a71d1f82001bdaaa73",
            "name": "Соус фирменный Space Sauce",
            "type": "sauce",
            "proteins": 50,
            "fat": 22,
            "carbohydrates": 11,
            "calories": 14,
            "price": 80,
            "image": "https://code.s3.yandex.net/react/code/sauce-04.png",
            "image_mobile": "https://code.s3.yandex.net/react/code/sauce-04-mobile.png",
            "image_large": "https://code.s3.yandex.net/react/code/sauce-04-large.png",
            "__v": 0
        },
        {
            "_id": "61c0c5a71d1f82001bdaaa74",
            "name": "Соус традиционный галактический",
            "type": "sauce",
            "proteins": 42,
            "fat": 24,
            "carbohydrates": 42,
            "calories": 99,
            "price": 15,
            "image": "https://code.s3.yandex.net/react/code/sauce-03.png",
            "image_mobile": "https://code.s3.yandex.net/react/code/sauce-03-mobile.png",
            "image_large": "https://code.s3.yandex.net/react/code/sauce-03-large.png",
            "__v": 0
        },
        {
            "_id": "61c0c5a71d1f82001bdaaa6c",
            "name": "Краторная булка N-200i",
            "type": "bun",
            "proteins": 80,
            "fat": 24,
            "carbohydrates": 53,
            "calories": 420,
            "price": 1255,
            "image": "https://code.s3.yandex.net/react/code/bun-02.png",
            "image_mobile": "https://code.s3.yandex.net/react/code/bun-02-mobile.png",
            "image_large": "https://code.s3.yandex.net/react/code/bun-02-large.png",
            "__v": 0
        },
        {
            "_id": "61c0c5a71d1f82001bdaaa75",
            "name": "Соус с шипами Антарианского плоскоходца",
            "type": "sauce",
            "proteins": 101,
            "fat": 99,
            "carbohydrates": 100,
            "calories": 100,
            "price": 88,
            "image": "https://code.s3.yandex.net/react/code/sauce-01.png",
            "image_mobile": "https://code.s3.yandex.net/react/code/sauce-01-mobile.png",
            "image_large": "https://code.s3.yandex.net/react/code/sauce-01-large.png",
            "__v": 0
        },
        {
            "_id": "61c0c5a71d1f82001bdaaa76",
            "name": "Хрустящие минеральные кольца",
            "type": "main",
            "proteins": 808,
            "fat": 689,
            "carbohydrates": 609,
            "calories": 986,
            "price": 300,
            "image": "https://code.s3.yandex.net/react/code/mineral_rings.png",
            "image_mobile": "https://code.s3.yandex.net/react/code/mineral_rings-mobile.png",
            "image_large": "https://code.s3.yandex.net/react/code/mineral_rings-large.png",
            "__v": 0
        },
        {
            "_id": "61c0c5a71d1f82001bdaaa77",
            "name": "Плоды Фалленианского дерева",
            "type": "main",
            "proteins": 20,
            "fat": 5,
            "carbohydrates": 55,
            "calories": 77,
            "price": 874,
            "image": "https://code.s3.yandex.net/react/code/sp_1.png",
            "image_mobile": "https://code.s3.yandex.net/react/code/sp_1-mobile.png",
            "image_large": "https://code.s3.yandex.net/react/code/sp_1-large.png",
            "__v": 0
        },
        {
            "_id": "61c0c5a71d1f82001bdaaa78",
            "name": "Кристаллы марсианских альфа-сахаридов",
            "type": "main",
            "proteins": 234,
            "fat": 432,
            "carbohydrates": 111,
            "calories": 189,
            "price": 762,
            "image": "https://code.s3.yandex.net/react/code/core.png",
            "image_mobile": "https://code.s3.yandex.net/react/code/core-mobile.png",
            "image_large": "https://code.s3.yandex.net/react/code/core-large.png",
            "__v": 0
        },
        {
            "_id": "61c0c5a71d1f82001bdaaa79",
            "name": "Мини-салат Экзо-Плантаго",
            "type": "main",
            "proteins": 1,
            "fat": 2,
            "carbohydrates": 3,
            "calories": 6,
            "price": 4400,
            "image": "https://code.s3.yandex.net/react/code/salad.png",
            "image_mobile": "https://code.s3.yandex.net/react/code/salad-mobile.png",
            "image_large": "https://code.s3.yandex.net/react/code/salad-large.png",
            "__v": 0
        },
        {
            "_id": "61c0c5a71d1f82001bdaaa7a",
            "name": "Сыр с астероидной плесенью",
            "type": "main",
            "proteins": 84,
            "fat": 48,
            "carbohydrates": 420,
            "calories": 3377,
            "price": 4142,
            "image": "https://code.s3.yandex.net/react/code/cheese.png",
            "image_mobile": "https://code.s3.yandex.net/react/code/cheese-mobile.png",
            "image_large": "https://code.s3.yandex.net/react/code/cheese-large.png",
            "__v": 0
        }
    ]
}
HTTP/1.1 200 OK
Server: nginx/1.24.0 (Ubuntu)
Date: Mon, 02 Feb 2026 20:03:15 GMT
Content-Type: application/json; charset=utf-8
Content-Length: 5957
Connection: keep-alive
X-Powered-By: Express
Access-Control-Allow-Origin: *
ETag: W/"1745-LHZ7D8kBZWcbCGljCoPXtjB5CeA"

{
    "success": true,
    "data": [
        {
            "_id": "61c0c5a71d1f82001bdaaa6d",
            "name": "Флюоресцентная булка R2-D3",
            "type": "bun",
            "proteins": 44,
            "fat": 26,
            "carbohydrates": 85,
            "calories": 643,
            "price": 988,
            "image": "https://code.s3.yandex.net/react/code/bun-01.png",
            "image_mobile": "https://code.s3.yandex.net/react/code/bun-01-mobile.png",
            "image_large": "https://code.s3.yandex.net/react/code/bun-01-large.png",
            "__v": 0
        },
        {
            "_id": "61c0c5a71d1f82001bdaaa6f",
            "name": "Мясо бессмертных моллюсков Protostomia",
            "type": "main",
            "proteins": 433,
            "fat": 244,
            "carbohydrates": 33,
            "calories": 420,
            "price": 1337,
            "image": "https://code.s3.yandex.net/react/code/meat-02.png",
            "image_mobile": "https://code.s3.yandex.net/react/code/meat-02-mobile.png",
            "image_large": "https://code.s3.yandex.net/react/code/meat-02-large.png",
            "__v": 0
        },
        {
            "_id": "61c0c5a71d1f82001bdaaa70",
            "name": "Говяжий метеорит (отбивная)",
            "type": "main",
            "proteins": 800,
            "fat": 800,
            "carbohydrates": 300,
            "calories": 2674,
            "price": 3000,
            "image": "https://code.s3.yandex.net/react/code/meat-04.png",
            "image_mobile": "https://code.s3.yandex.net/react/code/meat-04-mobile.png",
            "image_large": "https://code.s3.yandex.net/react/code/meat-04-large.png",
            "__v": 0
        },
        {
            "_id": "61c0c5a71d1f82001bdaaa71",
            "name": "Биокотлета из марсианской Магнолии",
            "type": "main",
            "proteins": 420,
            "fat": 142,
            "carbohydrates": 242,
            "calories": 4242,
            "price": 424,
            "image": "https://code.s3.yandex.net/react/code/meat-01.png",
            "image_mobile": "https://code.s3.yandex.net/react/code/meat-01-mobile.png",
            "image_large": "https://code.s3.yandex.net/react/code/meat-01-large.png",
            "__v": 0
        },
        {
            "_id": "61c0c5a71d1f82001bdaaa72",
            "name": "Соус Spicy-X",
            "type": "sauce",
            "proteins": 30,
            "fat": 20,
            "carbohydrates": 40,
            "calories": 30,
            "price": 90,
            "image": "https://code.s3.yandex.net/react/code/sauce-02.png",
            "image_mobile": "https://code.s3.yandex.net/react/code/sauce-02-mobile.png",
            "image_large": "https://code.s3.yandex.net/react/code/sauce-02-large.png",
            "__v": 0
        },
        {
            "_id": "61c0c5a71d1f82001bdaaa6e",
            "name": "Филе Люминесцентного тетраодонтимформа",
            "type": "main",
            "proteins": 44,
            "fat": 26,
            "carbohydrates": 85,
            "calories": 643,
            "price": 988,
            "image": "https://code.s3.yandex.net/react/code/meat-03.png",
            "image_mobile": "https://code.s3.yandex.net/react/code/meat-03-mobile.png",
            "image_large": "https://code.s3.yandex.net/react/code/meat-03-large.png",
            "__v": 0
        },
        {
            "_id": "61c0c5a71d1f82001bdaaa73",
            "name": "Соус фирменный Space Sauce",
            "type": "sauce",
            "proteins": 50,
            "fat": 22,
            "carbohydrates": 11,
            "calories": 14,
            "price": 80,
            "image": "https://code.s3.yandex.net/react/code/sauce-04.png",
            "image_mobile": "https://code.s3.yandex.net/react/code/sauce-04-mobile.png",
            "image_large": "https://code.s3.yandex.net/react/code/sauce-04-large.png",
            "__v": 0
        },
        {
            "_id": "61c0c5a71d1f82001bdaaa74",
            "name": "Соус традиционный галактический",
            "type": "sauce",
            "proteins": 42,
            "fat": 24,
            "carbohydrates": 42,
            "calories": 99,
            "price": 15,
            "image": "https://code.s3.yandex.net/react/code/sauce-03.png",
            "image_mobile": "https://code.s3.yandex.net/react/code/sauce-03-mobile.png",
            "image_large": "https://code.s3.yandex.net/react/code/sauce-03-large.png",
            "__v": 0
        },
        {
            "_id": "61c0c5a71d1f82001bdaaa6c",
            "name": "Краторная булка N-200i",
            "type": "bun",
            "proteins": 80,
            "fat": 24,
            "carbohydrates": 53,
            "calories": 420,
            "price": 1255,
            "image": "https://code.s3.yandex.net/react/code/bun-02.png",
            "image_mobile": "https://code.s3.yandex.net/react/code/bun-02-mobile.png",
            "image_large": "https://code.s3.yandex.net/react/code/bun-02-large.png",
            "__v": 0
        },
        {
            "_id": "61c0c5a71d1f82001bdaaa75",
            "name": "Соус с шипами Антарианского плоскоходца",
            "type": "sauce",
            "proteins": 101,
            "fat": 99,
            "carbohydrates": 100,
            "calories": 100,
            "price": 88,
            "image": "https://code.s3.yandex.net/react/code/sauce-01.png",
            "image_mobile": "https://code.s3.yandex.net/react/code/sauce-01-mobile.png",
            "image_large": "https://code.s3.yandex.net/react/code/sauce-01-large.png",
            "__v": 0
        },
        {
            "_id": "61c0c5a71d1f82001bdaaa76",
            "name": "Хрустящие минеральные кольца",
            "type": "main",
            "proteins": 808,
            "fat": 689,
            "carbohydrates": 609,
            "calories": 986,
            "price": 300,
            "image": "https://code.s3.yandex.net/react/code/mineral_rings.png",
            "image_mobile": "https://code.s3.yandex.net/react/code/mineral_rings-mobile.png",
            "image_large": "https://code.s3.yandex.net/react/code/mineral_rings-large.png",
            "__v": 0
        },
        {
            "_id": "61c0c5a71d1f82001bdaaa77",
            "name": "Плоды Фалленианского дерева",
            "type": "main",
            "proteins": 20,
            "fat": 5,
            "carbohydrates": 55,
            "calories": 77,
            "price": 874,
            "image": "https://code.s3.yandex.net/react/code/sp_1.png",
            "image_mobile": "https://code.s3.yandex.net/react/code/sp_1-mobile.png",
            "image_large": "https://code.s3.yandex.net/react/code/sp_1-large.png",
            "__v": 0
        },
        {
            "_id": "61c0c5a71d1f82001bdaaa78",
            "name": "Кристаллы марсианских альфа-сахаридов",
            "type": "main",
            "proteins": 234,
            "fat": 432,
            "carbohydrates": 111,
            "calories": 189,
            "price": 762,
            "image": "https://code.s3.yandex.net/react/code/core.png",
            "image_mobile": "https://code.s3.yandex.net/react/code/core-mobile.png",
            "image_large": "https://code.s3.yandex.net/react/code/core-large.png",
            "__v": 0
        },
        {
            "_id": "61c0c5a71d1f82001bdaaa79",
            "name": "Мини-салат Экзо-Плантаго",
            "type": "main",
            "proteins": 1,
            "fat": 2,
            "carbohydrates": 3,
            "calories": 6,
            "price": 4400,
            "image": "https://code.s3.yandex.net/react/code/salad.png",
            "image_mobile": "https://code.s3.yandex.net/react/code/salad-mobile.png",
            "image_large": "https://code.s3.yandex.net/react/code/salad-large.png",
            "__v": 0
        },
        {
            "_id": "61c0c5a71d1f82001bdaaa7a",
            "name": "Сыр с астероидной плесенью",
            "type": "main",
            "proteins": 84,
            "fat": 48,
            "carbohydrates": 420,
            "calories": 3377,
            "price": 4142,
            "image": "https://code.s3.yandex.net/react/code/cheese.png",
            "image_mobile": "https://code.s3.yandex.net/react/code/cheese-mobile.png",
            "image_large": "https://code.s3.yandex.net/react/code/cheese-large.png",
            "__v": 0
        }
    ]
}
HTTP/1.1 200 OK
Server: nginx/1.24.0 (Ubuntu)
Date: Mon, 02 Feb 2026 20:03:15 GMT
Content-Type: application/json; charset=utf-8
Content-Length: 5957
Connection: keep-alive
X-Powered-By: Express
Access-Control-Allow-Origin: *
ETag: W/"1745-LHZ7D8kBZWcbCGljCoPXtjB5CeA"

{
    "success": true,
    "data": [
        {
            "_id": "61c0c5a71d1f82001bdaaa6d",
            "name": "Флюоресцентная булка R2-D3",
            "type": "bun",
            "proteins": 44,
            "fat": 26,
            "carbohydrates": 85,
            "calories": 643,
            "price": 988,
            "image": "https://code.s3.yandex.net/react/code/bun-01.png",
            "image_mobile": "https://code.s3.yandex.net/react/code/bun-01-mobile.png",
            "image_large": "https://code.s3.yandex.net/react/code/bun-01-large.png",
            "__v": 0
        },
        {
            "_id": "61c0c5a71d1f82001bdaaa6f",
            "name": "Мясо бессмертных моллюсков Protostomia",
            "type": "main",
            "proteins": 433,
            "fat": 244,
            "carbohydrates": 33,
            "calories": 420,
            "price": 1337,
            "image": "https://code.s3.yandex.net/react/code/meat-02.png",
            "image_mobile": "https://code.s3.yandex.net/react/code/meat-02-mobile.png",
            "image_large": "https://code.s3.yandex.net/react/code/meat-02-large.png",
            "__v": 0
        },
        {
            "_id": "61c0c5a71d1f82001bdaaa70",
            "name": "Говяжий метеорит (отбивная)",
            "type": "main",
            "proteins": 800,
            "fat": 800,
            "carbohydrates": 300,
            "calories": 2674,
            "price": 3000,
            "image": "https://code.s3.yandex.net/react/code/meat-04.png",
            "image_mobile": "https://code.s3.yandex.net/react/code/meat-04-mobile.png",
            "image_large": "https://code.s3.yandex.net/react/code/meat-04-large.png",
            "__v": 0
        },
        {
            "_id": "61c0c5a71d1f82001bdaaa71",
            "name": "Биокотлета из марсианской Магнолии",
            "type": "main",
            "proteins": 420,
            "fat": 142,
            "carbohydrates": 242,
            "calories": 4242,
            "price": 424,
            "image": "https://code.s3.yandex.net/react/code/meat-01.png",
            "image_mobile": "https://code.s3.yandex.net/react/code/meat-01-mobile.png",
            "image_large": "https://code.s3.yandex.net/react/code/meat-01-large.png",
            "__v": 0
        },
        {
            "_id": "61c0c5a71d1f82001bdaaa72",
            "name": "Соус Spicy-X",
            "type": "sauce",
            "proteins": 30,
            "fat": 20,
            "carbohydrates": 40,
            "calories": 30,
            "price": 90,
            "image": "https://code.s3.yandex.net/react/code/sauce-02.png",
            "image_mobile": "https://code.s3.yandex.net/react/code/sauce-02-mobile.png",
            "image_large": "https://code.s3.yandex.net/react/code/sauce-02-large.png",
            "__v": 0
        },
        {
            "_id": "61c0c5a71d1f82001bdaaa6e",
            "name": "Филе Люминесцентного тетраодонтимформа",
            "type": "main",
            "proteins": 44,
            "fat": 26,
            "carbohydrates": 85,
            "calories": 643,
            "price": 988,
            "image": "https://code.s3.yandex.net/react/code/meat-03.png",
            "image_mobile": "https://code.s3.yandex.net/react/code/meat-03-mobile.png",
            "image_large": "https://code.s3.yandex.net/react/code/meat-03-large.png",
            "__v": 0
        },
        {
            "_id": "61c0c5a71d1f82001bdaaa73",
            "name": "Соус фирменный Space Sauce",
            "type": "sauce",
            "proteins": 50,
            "fat": 22,
            "carbohydrates": 11,
            "calories": 14,
            "price": 80,
            "image": "https://code.s3.yandex.net/react/code/sauce-04.png",
            "image_mobile": "https://code.s3.yandex.net/react/code/sauce-04-mobile.png",
            "image_large": "https://code.s3.yandex.net/react/code/sauce-04-large.png",
            "__v": 0
        },
        {
            "_id": "61c0c5a71d1f82001bdaaa74",
            "name": "Соус традиционный галактический",
            "type": "sauce",
            "proteins": 42,
            "fat": 24,
            "carbohydrates": 42,
            "calories": 99,
            "price": 15,
            "image": "https://code.s3.yandex.net/react/code/sauce-03.png",
            "image_mobile": "https://code.s3.yandex.net/react/code/sauce-03-mobile.png",
            "image_large": "https://code.s3.yandex.net/react/code/sauce-03-large.png",
            "__v": 0
        },
        {
            "_id": "61c0c5a71d1f82001bdaaa6c",
            "name": "Краторная булка N-200i",
            "type": "bun",
            "proteins": 80,
            "fat": 24,
            "carbohydrates": 53,
            "calories": 420,
            "price": 1255,
            "image": "https://code.s3.yandex.net/react/code/bun-02.png",
            "image_mobile": "https://code.s3.yandex.net/react/code/bun-02-mobile.png",
            "image_large": "https://code.s3.yandex.net/react/code/bun-02-large.png",
            "__v": 0
        },
        {
            "_id": "61c0c5a71d1f82001bdaaa75",
            "name": "Соус с шипами Антарианского плоскоходца",
            "type": "sauce",
            "proteins": 101,
            "fat": 99,
            "carbohydrates": 100,
            "calories": 100,
            "price": 88,
            "image": "https://code.s3.yandex.net/react/code/sauce-01.png",
            "image_mobile": "https://code.s3.yandex.net/react/code/sauce-01-mobile.png",
            "image_large": "https://code.s3.yandex.net/react/code/sauce-01-large.png",
            "__v": 0
        },
        {
            "_id": "61c0c5a71d1f82001bdaaa76",
            "name": "Хрустящие минеральные кольца",
            "type": "main",
            "proteins": 808,
            "fat": 689,
            "carbohydrates": 609,
            "calories": 986,
            "price": 300,
            "image": "https://code.s3.yandex.net/react/code/mineral_rings.png",
            "image_mobile": "https://code.s3.yandex.net/react/code/mineral_rings-mobile.png",
            "image_large": "https://code.s3.yandex.net/react/code/mineral_rings-large.png",
            "__v": 0
        },
        {
            "_id": "61c0c5a71d1f82001bdaaa77",
            "name": "Плоды Фалленианского дерева",
            "type": "main",
            "proteins": 20,
            "fat": 5,
            "carbohydrates": 55,
            "calories": 77,
            "price": 874,
            "image": "https://code.s3.yandex.net/react/code/sp_1.png",
            "image_mobile": "https://code.s3.yandex.net/react/code/sp_1-mobile.png",
            "image_large": "https://code.s3.yandex.net/react/code/sp_1-large.png",
            "__v": 0
        },
        {
            "_id": "61c0c5a71d1f82001bdaaa78",
            "name": "Кристаллы марсианских альфа-сахаридов",
            "type": "main",
            "proteins": 234,
            "fat": 432,
            "carbohydrates": 111,
            "calories": 189,
            "price": 762,
            "image": "https://code.s3.yandex.net/react/code/core.png",
            "image_mobile": "https://code.s3.yandex.net/react/code/core-mobile.png",
            "image_large": "https://code.s3.yandex.net/react/code/core-large.png",
            "__v": 0
        },
        {
            "_id": "61c0c5a71d1f82001bdaaa79",
            "name": "Мини-салат Экзо-Плантаго",
            "type": "main",
            "proteins": 1,
            "fat": 2,
            "carbohydrates": 3,
            "calories": 6,
            "price": 4400,
            "image": "https://code.s3.yandex.net/react/code/salad.png",
            "image_mobile": "https://code.s3.yandex.net/react/code/salad-mobile.png",
            "image_large": "https://code.s3.yandex.net/react/code/salad-large.png",
            "__v": 0
        },
        {
            "_id": "61c0c5a71d1f82001bdaaa7a",
            "name": "Сыр с астероидной плесенью",
            "type": "main",
            "proteins": 84,
            "fat": 48,
            "carbohydrates": 420,
            "calories": 3377,
            "price": 4142,
            "image": "https://code.s3.yandex.net/react/code/cheese.png",
            "image_mobile": "https://code.s3.yandex.net/react/code/cheese-mobile.png",
            "image_large": "https://code.s3.yandex.net/react/code/cheese-large.png",
            "__v": 0
        }
    ]
}
HTTP/1.1 200 OK
Server: nginx/1.24.0 (Ubuntu)
Date: Mon, 02 Feb 2026 20:03:15 GMT
Content-Type: application/json; charset=utf-8
Content-Length: 5957
Connection: keep-alive
X-Powered-By: Express
Access-Control-Allow-Origin: *
ETag: W/"1745-LHZ7D8kBZWcbCGljCoPXtjB5CeA"

{
    "success": true,
    "data": [
        {
            "_id": "61c0c5a71d1f82001bdaaa6d",
            "name": "Флюоресцентная булка R2-D3",
            "type": "bun",
            "proteins": 44,
            "fat": 26,
            "carbohydrates": 85,
            "calories": 643,
            "price": 988,
            "image": "https://code.s3.yandex.net/react/code/bun-01.png",
            "image_mobile": "https://code.s3.yandex.net/react/code/bun-01-mobile.png",
            "image_large": "https://code.s3.yandex.net/react/code/bun-01-large.png",
            "__v": 0
        },
        {
            "_id": "61c0c5a71d1f82001bdaaa6f",
            "name": "Мясо бессмертных моллюсков Protostomia",
            "type": "main",
            "proteins": 433,
            "fat": 244,
            "carbohydrates": 33,
            "calories": 420,
            "price": 1337,
            "image": "https://code.s3.yandex.net/react/code/meat-02.png",
            "image_mobile": "https://code.s3.yandex.net/react/code/meat-02-mobile.png",
            "image_large": "https://code.s3.yandex.net/react/code/meat-02-large.png",
            "__v": 0
        },
        {
            "_id": "61c0c5a71d1f82001bdaaa70",
            "name": "Говяжий метеорит (отбивная)",
            "type": "main",
            "proteins": 800,
            "fat": 800,
            "carbohydrates": 300,
            "calories": 2674,
            "price": 3000,
            "image": "https://code.s3.yandex.net/react/code/meat-04.png",
            "image_mobile": "https://code.s3.yandex.net/react/code/meat-04-mobile.png",
            "image_large": "https://code.s3.yandex.net/react/code/meat-04-large.png",
            "__v": 0
        },
        {
            "_id": "61c0c5a71d1f82001bdaaa71",
            "name": "Биокотлета из марсианской Магнолии",
            "type": "main",
            "proteins": 420,
            "fat": 142,
            "carbohydrates": 242,
            "calories": 4242,
            "price": 424,
            "image": "https://code.s3.yandex.net/react/code/meat-01.png",
            "image_mobile": "https://code.s3.yandex.net/react/code/meat-01-mobile.png",
            "image_large": "https://code.s3.yandex.net/react/code/meat-01-large.png",
            "__v": 0
        },
        {
            "_id": "61c0c5a71d1f82001bdaaa72",
            "name": "Соус Spicy-X",
            "type": "sauce",
            "proteins": 30,
            "fat": 20,
            "carbohydrates": 40,
            "calories": 30,
            "price": 90,
            "image": "https://code.s3.yandex.net/react/code/sauce-02.png",
            "image_mobile": "https://code.s3.yandex.net/react/code/sauce-02-mobile.png",
            "image_large": "https://code.s3.yandex.net/react/code/sauce-02-large.png",
            "__v": 0
        },
        {
            "_id": "61c0c5a71d1f82001bdaaa6e",
            "name": "Филе Люминесцентного тетраодонтимформа",
            "type": "main",
            "proteins": 44,
            "fat": 26,
            "carbohydrates": 85,
            "calories": 643,
            "price": 988,
            "image": "https://code.s3.yandex.net/react/code/meat-03.png",
            "image_mobile": "https://code.s3.yandex.net/react/code/meat-03-mobile.png",
            "image_large": "https://code.s3.yandex.net/react/code/meat-03-large.png",
            "__v": 0
        },
        {
            "_id": "61c0c5a71d1f82001bdaaa73",
            "name": "Соус фирменный Space Sauce",
            "type": "sauce",
            "proteins": 50,
            "fat": 22,
            "carbohydrates": 11,
            "calories": 14,
            "price": 80,
            "image": "https://code.s3.yandex.net/react/code/sauce-04.png",
            "image_mobile": "https://code.s3.yandex.net/react/code/sauce-04-mobile.png",
            "image_large": "https://code.s3.yandex.net/react/code/sauce-04-large.png",
            "__v": 0
        },
        {
            "_id": "61c0c5a71d1f82001bdaaa74",
            "name": "Соус традиционный галактический",
            "type": "sauce",
            "proteins": 42,
            "fat": 24,
            "carbohydrates": 42,
            "calories": 99,
            "price": 15,
            "image": "https://code.s3.yandex.net/react/code/sauce-03.png",
            "image_mobile": "https://code.s3.yandex.net/react/code/sauce-03-mobile.png",
            "image_large": "https://code.s3.yandex.net/react/code/sauce-03-large.png",
            "__v": 0
        },
        {
            "_id": "61c0c5a71d1f82001bdaaa6c",
            "name": "Краторная булка N-200i",
            "type": "bun",
            "proteins": 80,
            "fat": 24,
            "carbohydrates": 53,
            "calories": 420,
            "price": 1255,
            "image": "https://code.s3.yandex.net/react/code/bun-02.png",
            "image_mobile": "https://code.s3.yandex.net/react/code/bun-02-mobile.png",
            "image_large": "https://code.s3.yandex.net/react/code/bun-02-large.png",
            "__v": 0
        },
        {
            "_id": "61c0c5a71d1f82001bdaaa75",
            "name": "Соус с шипами Антарианского плоскоходца",
            "type": "sauce",
            "proteins": 101,
            "fat": 99,
            "carbohydrates": 100,
            "calories": 100,
            "price": 88,
            "image": "https://code.s3.yandex.net/react/code/sauce-01.png",
            "image_mobile": "https://code.s3.yandex.net/react/code/sauce-01-mobile.png",
            "image_large": "https://code.s3.yandex.net/react/code/sauce-01-large.png",
            "__v": 0
        },
        {
            "_id": "61c0c5a71d1f82001bdaaa76",
            "name": "Хрустящие минеральные кольца",
            "type": "main",
            "proteins": 808,
            "fat": 689,
            "carbohydrates": 609,
            "calories": 986,
            "price": 300,
            "image": "https://code.s3.yandex.net/react/code/mineral_rings.png",
            "image_mobile": "https://code.s3.yandex.net/react/code/mineral_rings-mobile.png",
            "image_large": "https://code.s3.yandex.net/react/code/mineral_rings-large.png",
            "__v": 0
        },
        {
            "_id": "61c0c5a71d1f82001bdaaa77",
            "name": "Плоды Фалленианского дерева",
            "type": "main",
            "proteins": 20,
            "fat": 5,
            "carbohydrates": 55,
            "calories": 77,
            "price": 874,
            "image": "https://code.s3.yandex.net/react/code/sp_1.png",
            "image_mobile": "https://code.s3.yandex.net/react/code/sp_1-mobile.png",
            "image_large": "https://code.s3.yandex.net/react/code/sp_1-large.png",
            "__v": 0
        },
        {
            "_id": "61c0c5a71d1f82001bdaaa78",
            "name": "Кристаллы марсианских альфа-сахаридов",
            "type": "main",
            "proteins": 234,
            "fat": 432,
            "carbohydrates": 111,
            "calories": 189,
            "price": 762,
            "image": "https://code.s3.yandex.net/react/code/core.png",
            "image_mobile": "https://code.s3.yandex.net/react/code/core-mobile.png",
            "image_large": "https://code.s3.yandex.net/react/code/core-large.png",
            "__v": 0
        },
        {
            "_id": "61c0c5a71d1f82001bdaaa79",
            "name": "Мини-салат Экзо-Плантаго",
            "type": "main",
            "proteins": 1,
            "fat": 2,
            "carbohydrates": 3,
            "calories": 6,
            "price": 4400,
            "image": "https://code.s3.yandex.net/react/code/salad.png",
            "image_mobile": "https://code.s3.yandex.net/react/code/salad-mobile.png",
            "image_large": "https://code.s3.yandex.net/react/code/salad-large.png",
            "__v": 0
        },
        {
            "_id": "61c0c5a71d1f82001bdaaa7a",
            "name": "Сыр с астероидной плесенью",
            "type": "main",
            "proteins": 84,
            "fat": 48,
            "carbohydrates": 420,
            "calories": 3377,
            "price": 4142,
            "image": "https://code.s3.yandex.net/react/code/cheese.png",
            "image_mobile": "https://code.s3.yandex.net/react/code/cheese-mobile.png",
            "image_large": "https://code.s3.yandex.net/react/code/cheese-large.png",
            "__v": 0
        }
    ]
}
HTTP/1.1 200 OK
Server: nginx/1.24.0 (Ubuntu)
Date: Mon, 02 Feb 2026 20:03:15 GMT
Content-Type: application/json; charset=utf-8
Content-Length: 5957
Connection: keep-alive
X-Powered-By: Express
Access-Control-Allow-Origin: *
ETag: W/"1745-LHZ7D8kBZWcbCGljCoPXtjB5CeA"

{
    "success": true,
    "data": [
        {
            "_id": "61c0c5a71d1f82001bdaaa6d",
            "name": "Флюоресцентная булка R2-D3",
            "type": "bun",
            "proteins": 44,
            "fat": 26,
            "carbohydrates": 85,
            "calories": 643,
            "price": 988,
            "image": "https://code.s3.yandex.net/react/code/bun-01.png",
            "image_mobile": "https://code.s3.yandex.net/react/code/bun-01-mobile.png",
            "image_large": "https://code.s3.yandex.net/react/code/bun-01-large.png",
            "__v": 0
        },
        {
            "_id": "61c0c5a71d1f82001bdaaa6f",
            "name": "Мясо бессмертных моллюсков Protostomia",
            "type": "main",
            "proteins": 433,
            "fat": 244,
            "carbohydrates": 33,
            "calories": 420,
            "price": 1337,
            "image": "https://code.s3.yandex.net/react/code/meat-02.png",
            "image_mobile": "https://code.s3.yandex.net/react/code/meat-02-mobile.png",
            "image_large": "https://code.s3.yandex.net/react/code/meat-02-large.png",
            "__v": 0
        },
        {
            "_id": "61c0c5a71d1f82001bdaaa70",
            "name": "Говяжий метеорит (отбивная)",
            "type": "main",
            "proteins": 800,
            "fat": 800,
            "carbohydrates": 300,
            "calories": 2674,
            "price": 3000,
            "image": "https://code.s3.yandex.net/react/code/meat-04.png",
            "image_mobile": "https://code.s3.yandex.net/react/code/meat-04-mobile.png",
            "image_large": "https://code.s3.yandex.net/react/code/meat-04-large.png",
            "__v": 0
        },
        {
            "_id": "61c0c5a71d1f82001bdaaa71",
            "name": "Биокотлета из марсианской Магнолии",
            "type": "main",
            "proteins": 420,
            "fat": 142,
            "carbohydrates": 242,
            "calories": 4242,
            "price": 424,
            "image": "https://code.s3.yandex.net/react/code/meat-01.png",
            "image_mobile": "https://code.s3.yandex.net/react/code/meat-01-mobile.png",
            "image_large": "https://code.s3.yandex.net/react/code/meat-01-large.png",
            "__v": 0
        },
        {
            "_id": "61c0c5a71d1f82001bdaaa72",
            "name": "Соус Spicy-X",
            "type": "sauce",
            "proteins": 30,
            "fat": 20,
            "carbohydrates": 40,
            "calories": 30,
            "price": 90,
            "image": "https://code.s3.yandex.net/react/code/sauce-02.png",
            "image_mobile": "https://code.s3.yandex.net/react/code/sauce-02-mobile.png",
            "image_large": "https://code.s3.yandex.net/react/code/sauce-02-large.png",
            "__v": 0
        },
        {
            "_id": "61c0c5a71d1f82001bdaaa6e",
            "name": "Филе Люминесцентного тетраодонтимформа",
            "type": "main",
            "proteins": 44,
            "fat": 26,
            "carbohydrates": 85,
            "calories": 643,
            "price": 988,
            "image": "https://code.s3.yandex.net/react/code/meat-03.png",
            "image_mobile": "https://code.s3.yandex.net/react/code/meat-03-mobile.png",
            "image_large": "https://code.s3.yandex.net/react/code/meat-03-large.png",
            "__v": 0
        },
        {
            "_id": "61c0c5a71d1f82001bdaaa73",
            "name": "Соус фирменный Space Sauce",
            "type": "sauce",
            "proteins": 50,
            "fat": 22,
            "carbohydrates": 11,
            "calories": 14,
            "price": 80,
            "image": "https://code.s3.yandex.net/react/code/sauce-04.png",
            "image_mobile": "https://code.s3.yandex.net/react/code/sauce-04-mobile.png",
            "image_large": "https://code.s3.yandex.net/react/code/sauce-04-large.png",
            "__v": 0
        },
        {
            "_id": "61c0c5a71d1f82001bdaaa74",
            "name": "Соус традиционный галактический",
            "type": "sauce",
            "proteins": 42,
            "fat": 24,
            "carbohydrates": 42,
            "calories": 99,
            "price": 15,
            "image": "https://code.s3.yandex.net/react/code/sauce-03.png",
            "image_mobile": "https://code.s3.yandex.net/react/code/sauce-03-mobile.png",
            "image_large": "https://code.s3.yandex.net/react/code/sauce-03-large.png",
            "__v": 0
        },
        {
            "_id": "61c0c5a71d1f82001bdaaa6c",
            "name": "Краторная булка N-200i",
            "type": "bun",
            "proteins": 80,
            "fat": 24,
            "carbohydrates": 53,
            "calories": 420,
            "price": 1255,
            "image": "https://code.s3.yandex.net/react/code/bun-02.png",
            "image_mobile": "https://code.s3.yandex.net/react/code/bun-02-mobile.png",
            "image_large": "https://code.s3.yandex.net/react/code/bun-02-large.png",
            "__v": 0
        },
        {
            "_id": "61c0c5a71d1f82001bdaaa75",
            "name": "Соус с шипами Антарианского плоскоходца",
            "type": "sauce",
            "proteins": 101,
            "fat": 99,
            "carbohydrates": 100,
            "calories": 100,
            "price": 88,
            "image": "https://code.s3.yandex.net/react/code/sauce-01.png",
            "image_mobile": "https://code.s3.yandex.net/react/code/sauce-01-mobile.png",
            "image_large": "https://code.s3.yandex.net/react/code/sauce-01-large.png",
            "__v": 0
        },
        {
            "_id": "61c0c5a71d1f82001bdaaa76",
            "name": "Хрустящие минеральные кольца",
            "type": "main",
            "proteins": 808,
            "fat": 689,
            "carbohydrates": 609,
            "calories": 986,
            "price": 300,
            "image": "https://code.s3.yandex.net/react/code/mineral_rings.png",
            "image_mobile": "https://code.s3.yandex.net/react/code/mineral_rings-mobile.png",
            "image_large": "https://code.s3.yandex.net/react/code/mineral_rings-large.png",
            "__v": 0
        },
        {
            "_id": "61c0c5a71d1f82001bdaaa77",
            "name": "Плоды Фалленианского дерева",
            "type": "main",
            "proteins": 20,
            "fat": 5,
            "carbohydrates": 55,
            "calories": 77,
            "price": 874,
            "image": "https://code.s3.yandex.net/react/code/sp_1.png",
            "image_mobile": "https://code.s3.yandex.net/react/code/sp_1-mobile.png",
            "image_large": "https://code.s3.yandex.net/react/code/sp_1-large.png",
            "__v": 0
        },
        {
            "_id": "61c0c5a71d1f82001bdaaa78",
            "name": "Кристаллы марсианских альфа-сахаридов",
            "type": "main",
            "proteins": 234,
            "fat": 432,
            "carbohydrates": 111,
            "calories": 189,
            "price": 762,
            "image": "https://code.s3.yandex.net/react/code/core.png",
            "image_mobile": "https://code.s3.yandex.net/react/code/core-mobile.png",
            "image_large": "https://code.s3.yandex.net/react/code/core-large.png",
            "__v": 0
        },
        {
            "_id": "61c0c5a71d1f82001bdaaa79",
            "name": "Мини-салат Экзо-Плантаго",
            "type": "main",
            "proteins": 1,
            "fat": 2,
            "carbohydrates": 3,
            "calories": 6,
            "price": 4400,
            "image": "https://code.s3.yandex.net/react/code/salad.png",
            "image_mobile": "https://code.s3.yandex.net/react/code/salad-mobile.png",
            "image_large": "https://code.s3.yandex.net/react/code/salad-large.png",
            "__v": 0
        },
        {
            "_id": "61c0c5a71d1f82001bdaaa7a",
            "name": "Сыр с астероидной плесенью",
            "type": "main",
            "proteins": 84,
            "fat": 48,
            "carbohydrates": 420,
            "calories": 3377,
            "price": 4142,
            "image": "https://code.s3.yandex.net/react/code/cheese.png",
            "image_mobile": "https://code.s3.yandex.net/react/code/cheese-mobile.png",
            "image_large": "https://code.s3.yandex.net/react/code/cheese-large.png",
            "__v": 0
        }
    ]
}
HTTP/1.1 200 OK
Server: nginx/1.24.0 (Ubuntu)
Date: Mon, 02 Feb 2026 20:03:15 GMT
Content-Type: application/json; charset=utf-8
Content-Length: 5957
Connection: keep-alive
X-Powered-By: Express
Access-Control-Allow-Origin: *
ETag: W/"1745-LHZ7D8kBZWcbCGljCoPXtjB5CeA"

{
    "success": true,
    "data": [
        {
            "_id": "61c0c5a71d1f82001bdaaa6d",
            "name": "Флюоресцентная булка R2-D3",
            "type": "bun",
            "proteins": 44,
            "fat": 26,
            "carbohydrates": 85,
            "calories": 643,
            "price": 988,
            "image": "https://code.s3.yandex.net/react/code/bun-01.png",
            "image_mobile": "https://code.s3.yandex.net/react/code/bun-01-mobile.png",
            "image_large": "https://code.s3.yandex.net/react/code/bun-01-large.png",
            "__v": 0
        },
        {
            "_id": "61c0c5a71d1f82001bdaaa6f",
            "name": "Мясо бессмертных моллюсков Protostomia",
            "type": "main",
            "proteins": 433,
            "fat": 244,
            "carbohydrates": 33,
            "calories": 420,
            "price": 1337,
            "image": "https://code.s3.yandex.net/react/code/meat-02.png",
            "image_mobile": "https://code.s3.yandex.net/react/code/meat-02-mobile.png",
            "image_large": "https://code.s3.yandex.net/react/code/meat-02-large.png",
            "__v": 0
        },
        {
            "_id": "61c0c5a71d1f82001bdaaa70",
            "name": "Говяжий метеорит (отбивная)",
            "type": "main",
            "proteins": 800,
            "fat": 800,
            "carbohydrates": 300,
            "calories": 2674,
            "price": 3000,
            "image": "https://code.s3.yandex.net/react/code/meat-04.png",
            "image_mobile": "https://code.s3.yandex.net/react/code/meat-04-mobile.png",
            "image_large": "https://code.s3.yandex.net/react/code/meat-04-large.png",
            "__v": 0
        },
        {
            "_id": "61c0c5a71d1f82001bdaaa71",
            "name": "Биокотлета из марсианской Магнолии",
            "type": "main",
            "proteins": 420,
            "fat": 142,
            "carbohydrates": 242,
            "calories": 4242,
            "price": 424,
            "image": "https://code.s3.yandex.net/react/code/meat-01.png",
            "image_mobile": "https://code.s3.yandex.net/react/code/meat-01-mobile.png",
            "image_large": "https://code.s3.yandex.net/react/code/meat-01-large.png",
            "__v": 0
        },
        {
            "_id": "61c0c5a71d1f82001bdaaa72",
            "name": "Соус Spicy-X",
            "type": "sauce",
            "proteins": 30,
            "fat": 20,
            "carbohydrates": 40,
            "calories": 30,
            "price": 90,
            "image": "https://code.s3.yandex.net/react/code/sauce-02.png",
            "image_mobile": "https://code.s3.yandex.net/react/code/sauce-02-mobile.png",
            "image_large": "https://code.s3.yandex.net/react/code/sauce-02-large.png",
            "__v": 0
        },
        {
            "_id": "61c0c5a71d1f82001bdaaa6e",
            "name": "Филе Люминесцентного тетраодонтимформа",
            "type": "main",
            "proteins": 44,
            "fat": 26,
            "carbohydrates": 85,
            "calories": 643,
            "price": 988,
            "image": "https://code.s3.yandex.net/react/code/meat-03.png",
            "image_mobile": "https://code.s3.yandex.net/react/code/meat-03-mobile.png",
            "image_large": "https://code.s3.yandex.net/react/code/meat-03-large.png",
            "__v": 0
        },
        {
            "_id": "61c0c5a71d1f82001bdaaa73",
            "name": "Соус фирменный Space Sauce",
            "type": "sauce",
            "proteins": 50,
            "fat": 22,
            "carbohydrates": 11,
            "calories": 14,
            "price": 80,
            "image": "https://code.s3.yandex.net/react/code/sauce-04.png",
            "image_mobile": "https://code.s3.yandex.net/react/code/sauce-04-mobile.png",
            "image_large": "https://code.s3.yandex.net/react/code/sauce-04-large.png",
            "__v": 0
        },
        {
            "_id": "61c0c5a71d1f82001bdaaa74",
            "name": "Соус традиционный галактический",
            "type": "sauce",
            "proteins": 42,
            "fat": 24,
            "carbohydrates": 42,
            "calories": 99,
            "price": 15,
            "image": "https://code.s3.yandex.net/react/code/sauce-03.png",
            "image_mobile": "https://code.s3.yandex.net/react/code/sauce-03-mobile.png",
            "image_large": "https://code.s3.yandex.net/react/code/sauce-03-large.png",
            "__v": 0
        },
        {
            "_id": "61c0c5a71d1f82001bdaaa6c",
            "name": "Краторная булка N-200i",
            "type": "bun",
            "proteins": 80,
            "fat": 24,
            "carbohydrates": 53,
            "calories": 420,
            "price": 1255,
            "image": "https://code.s3.yandex.net/react/code/bun-02.png",
            "image_mobile": "https://code.s3.yandex.net/react/code/bun-02-mobile.png",
            "image_large": "https://code.s3.yandex.net/react/code/bun-02-large.png",
            "__v": 0
        },
        {
            "_id": "61c0c5a71d1f82001bdaaa75",
            "name": "Соус с шипами Антарианского плоскоходца",
            "type": "sauce",
            "proteins": 101,
            "fat": 99,
            "carbohydrates": 100,
            "calories": 100,
            "price": 88,
            "image": "https://code.s3.yandex.net/react/code/sauce-01.png",
            "image_mobile": "https://code.s3.yandex.net/react/code/sauce-01-mobile.png",
            "image_large": "https://code.s3.yandex.net/react/code/sauce-01-large.png",
            "__v": 0
        },
        {
            "_id": "61c0c5a71d1f82001bdaaa76",
            "name": "Хрустящие минеральные кольца",
            "type": "main",
            "proteins": 808,
            "fat": 689,
            "carbohydrates": 609,
            "calories": 986,
            "price": 300,
            "image": "https://code.s3.yandex.net/react/code/mineral_rings.png",
            "image_mobile": "https://code.s3.yandex.net/react/code/mineral_rings-mobile.png",
            "image_large": "https://code.s3.yandex.net/react/code/mineral_rings-large.png",
            "__v": 0
        },
        {
            "_id": "61c0c5a71d1f82001bdaaa77",
            "name": "Плоды Фалленианского дерева",
            "type": "main",
            "proteins": 20,
            "fat": 5,
            "carbohydrates": 55,
            "calories": 77,
            "price": 874,
            "image": "https://code.s3.yandex.net/react/code/sp_1.png",
            "image_mobile": "https://code.s3.yandex.net/react/code/sp_1-mobile.png",
            "image_large": "https://code.s3.yandex.net/react/code/sp_1-large.png",
            "__v": 0
        },
        {
            "_id": "61c0c5a71d1f82001bdaaa78",
            "name": "Кристаллы марсианских альфа-сахаридов",
            "type": "main",
            "proteins": 234,
            "fat": 432,
            "carbohydrates": 111,
            "calories": 189,
            "price": 762,
            "image": "https://code.s3.yandex.net/react/code/core.png",
            "image_mobile": "https://code.s3.yandex.net/react/code/core-mobile.png",
            "image_large": "https://code.s3.yandex.net/react/code/core-large.png",
            "__v": 0
        },
        {
            "_id": "61c0c5a71d1f82001bdaaa79",
            "name": "Мини-салат Экзо-Плантаго",
            "type": "main",
            "proteins": 1,
            "fat": 2,
            "carbohydrates": 3,
            "calories": 6,
            "price": 4400,
            "image": "https://code.s3.yandex.net/react/code/salad.png",
            "image_mobile": "https://code.s3.yandex.net/react/code/salad-mobile.png",
            "image_large": "https://code.s3.yandex.net/react/code/salad-large.png",
            "__v": 0
        },
        {
            "_id": "61c0c5a71d1f82001bdaaa7a",
            "name": "Сыр с астероидной плесенью",
            "type": "main",
            "proteins": 84,
            "fat": 48,
            "carbohydrates": 420,
            "calories": 3377,
            "price": 4142,
            "image": "https://code.s3.yandex.net/react/code/cheese.png",
            "image_mobile": "https://code.s3.yandex.net/react/code/cheese-mobile.png",
            "image_large": "https://code.s3.yandex.net/react/code/cheese-large.png",
            "__v": 0
        }
    ]
}
HTTP/1.1 200 OK
Server: nginx/1.24.0 (Ubuntu)
Date: Mon, 02 Feb 2026 20:03:15 GMT
Content-Type: application/json; charset=utf-8
Content-Length: 5957
Connection: keep-alive
X-Powered-By: Express
Access-Control-Allow-Origin: *
ETag: W/"1745-LHZ7D8kBZWcbCGljCoPXtjB5CeA"

{
    "success": true,
    "data": [
        {
            "_id": "61c0c5a71d1f82001bdaaa6d",
            "name": "Флюоресцентная булка R2-D3",
            "type": "bun",
            "proteins": 44,
            "fat": 26,
            "carbohydrates": 85,
            "calories": 643,
            "price": 988,
            "image": "https://code.s3.yandex.net/react/code/bun-01.png",
            "image_mobile": "https://code.s3.yandex.net/react/code/bun-01-mobile.png",
            "image_large": "https://code.s3.yandex.net/react/code/bun-01-large.png",
            "__v": 0
        },
        {
            "_id": "61c0c5a71d1f82001bdaaa6f",
            "name": "Мясо бессмертных моллюсков Protostomia",
            "type": "main",
            "proteins": 433,
            "fat": 244,
            "carbohydrates": 33,
            "calories": 420,
            "price": 1337,
            "image": "https://code.s3.yandex.net/react/code/meat-02.png",
            "image_mobile": "https://code.s3.yandex.net/react/code/meat-02-mobile.png",
            "image_large": "https://code.s3.yandex.net/react/code/meat-02-large.png",
            "__v": 0
        },
        {
            "_id": "61c0c5a71d1f82001bdaaa70",
            "name": "Говяжий метеорит (отбивная)",
            "type": "main",
            "proteins": 800,
            "fat": 800,
            "carbohydrates": 300,
            "calories": 2674,
            "price": 3000,
            "image": "https://code.s3.yandex.net/react/code/meat-04.png",
            "image_mobile": "https://code.s3.yandex.net/react/code/meat-04-mobile.png",
            "image_large": "https://code.s3.yandex.net/react/code/meat-04-large.png",
            "__v": 0
        },
        {
            "_id": "61c0c5a71d1f82001bdaaa71",
            "name": "Биокотлета из марсианской Магнолии",
            "type": "main",
            "proteins": 420,
            "fat": 142,
            "carbohydrates": 242,
            "calories": 4242,
            "price": 424,
            "image": "https://code.s3.yandex.net/react/code/meat-01.png",
            "image_mobile": "https://code.s3.yandex.net/react/code/meat-01-mobile.png",
            "image_large": "https://code.s3.yandex.net/react/code/meat-01-large.png",
            "__v": 0
        },
        {
            "_id": "61c0c5a71d1f82001bdaaa72",
            "name": "Соус Spicy-X",
            "type": "sauce",
            "proteins": 30,
            "fat": 20,
            "carbohydrates": 40,
            "calories": 30,
            "price": 90,
            "image": "https://code.s3.yandex.net/react/code/sauce-02.png",
            "image_mobile": "https://code.s3.yandex.net/react/code/sauce-02-mobile.png",
            "image_large": "https://code.s3.yandex.net/react/code/sauce-02-large.png",
            "__v": 0
        },
        {
            "_id": "61c0c5a71d1f82001bdaaa6e",
            "name": "Филе Люминесцентного тетраодонтимформа",
            "type": "main",
            "proteins": 44,
            "fat": 26,
            "carbohydrates": 85,
            "calories": 643,
            "price": 988,
            "image": "https://code.s3.yandex.net/react/code/meat-03.png",
            "image_mobile": "https://code.s3.yandex.net/react/code/meat-03-mobile.png",
            "image_large": "https://code.s3.yandex.net/react/code/meat-03-large.png",
            "__v": 0
        },
        {
            "_id": "61c0c5a71d1f82001bdaaa73",
            "name": "Соус фирменный Space Sauce",
            "type": "sauce",
            "proteins": 50,
            "fat": 22,
            "carbohydrates": 11,
            "calories": 14,
            "price": 80,
            "image": "https://code.s3.yandex.net/react/code/sauce-04.png",
            "image_mobile": "https://code.s3.yandex.net/react/code/sauce-04-mobile.png",
            "image_large": "https://code.s3.yandex.net/react/code/sauce-04-large.png",
            "__v": 0
        },
        {
            "_id": "61c0c5a71d1f82001bdaaa74",
            "name": "Соус традиционный галактический",
            "type": "sauce",
            "proteins": 42,
            "fat": 24,
            "carbohydrates": 42,
            "calories": 99,
            "price": 15,
            "image": "https://code.s3.yandex.net/react/code/sauce-03.png",
            "image_mobile": "https://code.s3.yandex.net/react/code/sauce-03-mobile.png",
            "image_large": "https://code.s3.yandex.net/react/code/sauce-03-large.png",
            "__v": 0
        },
        {
            "_id": "61c0c5a71d1f82001bdaaa6c",
            "name": "Краторная булка N-200i",
            "type": "bun",
            "proteins": 80,
            "fat": 24,
            "carbohydrates": 53,
            "calories": 420,
            "price": 1255,
            "image": "https://code.s3.yandex.net/react/code/bun-02.png",
            "image_mobile": "https://code.s3.yandex.net/react/code/bun-02-mobile.png",
            "image_large": "https://code.s3.yandex.net/react/code/bun-02-large.png",
            "__v": 0
        },
        {
            "_id": "61c0c5a71d1f82001bdaaa75",
            "name": "Соус с шипами Антарианского плоскоходца",
            "type": "sauce",
            "proteins": 101,
            "fat": 99,
            "carbohydrates": 100,
            "calories": 100,
            "price": 88,
            "image": "https://code.s3.yandex.net/react/code/sauce-01.png",
            "image_mobile": "https://code.s3.yandex.net/react/code/sauce-01-mobile.png",
            "image_large": "https://code.s3.yandex.net/react/code/sauce-01-large.png",
            "__v": 0
        },
        {
            "_id": "61c0c5a71d1f82001bdaaa76",
            "name": "Хрустящие минеральные кольца",
            "type": "main",
            "proteins": 808,
            "fat": 689,
            "carbohydrates": 609,
            "calories": 986,
            "price": 300,
            "image": "https://code.s3.yandex.net/react/code/mineral_rings.png",
            "image_mobile": "https://code.s3.yandex.net/react/code/mineral_rings-mobile.png",
            "image_large": "https://code.s3.yandex.net/react/code/mineral_rings-large.png",
            "__v": 0
        },
        {
            "_id": "61c0c5a71d1f82001bdaaa77",
            "name": "Плоды Фалленианского дерева",
            "type": "main",
            "proteins": 20,
            "fat": 5,
            "carbohydrates": 55,
            "calories": 77,
            "price": 874,
            "image": "https://code.s3.yandex.net/react/code/sp_1.png",
            "image_mobile": "https://code.s3.yandex.net/react/code/sp_1-mobile.png",
            "image_large": "https://code.s3.yandex.net/react/code/sp_1-large.png",
            "__v": 0
        },
        {
            "_id": "61c0c5a71d1f82001bdaaa78",
            "name": "Кристаллы марсианских альфа-сахаридов",
            "type": "main",
            "proteins": 234,
            "fat": 432,
            "carbohydrates": 111,
            "calories": 189,
            "price": 762,
            "image": "https://code.s3.yandex.net/react/code/core.png",
            "image_mobile": "https://code.s3.yandex.net/react/code/core-mobile.png",
            "image_large": "https://code.s3.yandex.net/react/code/core-large.png",
            "__v": 0
        },
        {
            "_id": "61c0c5a71d1f82001bdaaa79",
            "name": "Мини-салат Экзо-Плантаго",
            "type": "main",
            "proteins": 1,
            "fat": 2,
            "carbohydrates": 3,
            "calories": 6,
            "price": 4400,
            "image": "https://code.s3.yandex.net/react/code/salad.png",
            "image_mobile": "https://code.s3.yandex.net/react/code/salad-mobile.png",
            "image_large": "https://code.s3.yandex.net/react/code/salad-large.png",
            "__v": 0
        },
        {
            "_id": "61c0c5a71d1f82001bdaaa7a",
            "name": "Сыр с астероидной плесенью",
            "type": "main",
            "proteins": 84,
            "fat": 48,
            "carbohydrates": 420,
            "calories": 3377,
            "price": 4142,
            "image": "https://code.s3.yandex.net/react/code/cheese.png",
            "image_mobile": "https://code.s3.yandex.net/react/code/cheese-mobile.png",
            "image_large": "https://code.s3.yandex.net/react/code/cheese-large.png",
            "__v": 0
        }
    ]
}
HTTP/1.1 200 OK
Server: nginx/1.24.0 (Ubuntu)
Date: Mon, 02 Feb 2026 20:03:15 GMT
Content-Type: application/json; charset=utf-8
Content-Length: 5957
Connection: keep-alive
X-Powered-By: Express
Access-Control-Allow-Origin: *
ETag: W/"1745-LHZ7D8kBZWcbCGljCoPXtjB5CeA"

{
    "success": true,
    "data": [
        {
            "_id": "61c0c5a71d1f82001bdaaa6d",
            "name": "Флюоресцентная булка R2-D3",
            "type": "bun",
            "proteins": 44,
            "fat": 26,
            "carbohydrates": 85,
            "calories": 643,
            "price": 988,
            "image": "https://code.s3.yandex.net/react/code/bun-01.png",
            "image_mobile": "https://code.s3.yandex.net/react/code/bun-01-mobile.png",
            "image_large": "https://code.s3.yandex.net/react/code/bun-01-large.png",
            "__v": 0
        },
        {
            "_id": "61c0c5a71d1f82001bdaaa6f",
            "name": "Мясо бессмертных моллюсков Protostomia",
            "type": "main",
            "proteins": 433,
            "fat": 244,
            "carbohydrates": 33,
            "calories": 420,
            "price": 1337,
            "image": "https://code.s3.yandex.net/react/code/meat-02.png",
            "image_mobile": "https://code.s3.yandex.net/react/code/meat-02-mobile.png",
            "image_large": "https://code.s3.yandex.net/react/code/meat-02-large.png",
            "__v": 0
        },
        {
            "_id": "61c0c5a71d1f82001bdaaa70",
            "name": "Говяжий метеорит (отбивная)",
            "type": "main",
            "proteins": 800,
            "fat": 800,
            "carbohydrates": 300,
            "calories": 2674,
            "price": 3000,
            "image": "https://code.s3.yandex.net/react/code/meat-04.png",
            "image_mobile": "https://code.s3.yandex.net/react/code/meat-04-mobile.png",
            "image_large": "https://code.s3.yandex.net/react/code/meat-04-large.png",
            "__v": 0
        },
        {
            "_id": "61c0c5a71d1f82001bdaaa71",
            "name": "Биокотлета из марсианской Магнолии",
            "type": "main",
            "proteins": 420,
            "fat": 142,
            "carbohydrates": 242,
            "calories": 4242,
            "price": 424,
            "image": "https://code.s3.yandex.net/react/code/meat-01.png",
            "image_mobile": "https://code.s3.yandex.net/react/code/meat-01-mobile.png",
            "image_large": "https://code.s3.yandex.net/react/code/meat-01-large.png",
            "__v": 0
        },
        {
            "_id": "61c0c5a71d1f82001bdaaa72",
            "name": "Соус Spicy-X",
            "type": "sauce",
            "proteins": 30,
            "fat": 20,
            "carbohydrates": 40,
            "calories": 30,
            "price": 90,
            "image": "https://code.s3.yandex.net/react/code/sauce-02.png",
            "image_mobile": "https://code.s3.yandex.net/react/code/sauce-02-mobile.png",
            "image_large": "https://code.s3.yandex.net/react/code/sauce-02-large.png",
            "__v": 0
        },
        {
            "_id": "61c0c5a71d1f82001bdaaa6e",
            "name": "Филе Люминесцентного тетраодонтимформа",
            "type": "main",
            "proteins": 44,
            "fat": 26,
            "carbohydrates": 85,
            "calories": 643,
            "price": 988,
            "image": "https://code.s3.yandex.net/react/code/meat-03.png",
            "image_mobile": "https://code.s3.yandex.net/react/code/meat-03-mobile.png",
            "image_large": "https://code.s3.yandex.net/react/code/meat-03-large.png",
            "__v": 0
        },
        {
            "_id": "61c0c5a71d1f82001bdaaa73",
            "name": "Соус фирменный Space Sauce",
            "type": "sauce",
            "proteins": 50,
            "fat": 22,
            "carbohydrates": 11,
            "calories": 14,
            "price": 80,
            "image": "https://code.s3.yandex.net/react/code/sauce-04.png",
            "image_mobile": "https://code.s3.yandex.net/react/code/sauce-04-mobile.png",
            "image_large": "https://code.s3.yandex.net/react/code/sauce-04-large.png",
            "__v": 0
        },
        {
            "_id": "61c0c5a71d1f82001bdaaa74",
            "name": "Соус традиционный галактический",
            "type": "sauce",
            "proteins": 42,
            "fat": 24,
            "carbohydrates": 42,
            "calories": 99,
            "price": 15,
            "image": "https://code.s3.yandex.net/react/code/sauce-03.png",
            "image_mobile": "https://code.s3.yandex.net/react/code/sauce-03-mobile.png",
            "image_large": "https://code.s3.yandex.net/react/code/sauce-03-large.png",
            "__v": 0
        },
        {
            "_id": "61c0c5a71d1f82001bdaaa6c",
            "name": "Краторная булка N-200i",
            "type": "bun",
            "proteins": 80,
            "fat": 24,
            "carbohydrates": 53,
            "calories": 420,
            "price": 1255,
            "image": "https://code.s3.yandex.net/react/code/bun-02.png",
            "image_mobile": "https://code.s3.yandex.net/react/code/bun-02-mobile.png",
            "image_large": "https://code.s3.yandex.net/react/code/bun-02-large.png",
            "__v": 0
        },
        {
            "_id": "61c0c5a71d1f82001bdaaa75",
            "name": "Соус с шипами Антарианского плоскоходца",
            "type": "sauce",
            "proteins": 101,
            "fat": 99,
            "carbohydrates": 100,
            "calories": 100,
            "price": 88,
            "image": "https://code.s3.yandex.net/react/code/sauce-01.png",
            "image_mobile": "https://code.s3.yandex.net/react/code/sauce-01-mobile.png",
            "image_large": "https://code.s3.yandex.net/react/code/sauce-01-large.png",
            "__v": 0
        },
        {
            "_id": "61c0c5a71d1f82001bdaaa76",
            "name": "Хрустящие минеральные кольца",
            "type": "main",
            "proteins": 808,
            "fat": 689,
            "carbohydrates": 609,
            "calories": 986,
            "price": 300,
            "image": "https://code.s3.yandex.net/react/code/mineral_rings.png",
            "image_mobile": "https://code.s3.yandex.net/react/code/mineral_rings-mobile.png",
            "image_large": "https://code.s3.yandex.net/react/code/mineral_rings-large.png",
            "__v": 0
        },
        {
            "_id": "61c0c5a71d1f82001bdaaa77",
            "name": "Плоды Фалленианского дерева",
            "type": "main",
            "proteins": 20,
            "fat": 5,
            "carbohydrates": 55,
            "calories": 77,
            "price": 874,
            "image": "https://code.s3.yandex.net/react/code/sp_1.png",
            "image_mobile": "https://code.s3.yandex.net/react/code/sp_1-mobile.png",
            "image_large": "https://code.s3.yandex.net/react/code/sp_1-large.png",
            "__v": 0
        },
        {
            "_id": "61c0c5a71d1f82001bdaaa78",
            "name": "Кристаллы марсианских альфа-сахаридов",
            "type": "main",
            "proteins": 234,
            "fat": 432,
            "carbohydrates": 111,
            "calories": 189,
            "price": 762,
            "image": "https://code.s3.yandex.net/react/code/core.png",
            "image_mobile": "https://code.s3.yandex.net/react/code/core-mobile.png",
            "image_large": "https://code.s3.yandex.net/react/code/core-large.png",
            "__v": 0
        },
        {
            "_id": "61c0c5a71d1f82001bdaaa79",
            "name": "Мини-салат Экзо-Плантаго",
            "type": "main",
            "proteins": 1,
            "fat": 2,
            "carbohydrates": 3,
            "calories": 6,
            "price": 4400,
            "image": "https://code.s3.yandex.net/react/code/salad.png",
            "image_mobile": "https://code.s3.yandex.net/react/code/salad-mobile.png",
            "image_large": "https://code.s3.yandex.net/react/code/salad-large.png",
            "__v": 0
        },
        {
            "_id": "61c0c5a71d1f82001bdaaa7a",
            "name": "Сыр с астероидной плесенью",
            "type": "main",
            "proteins": 84,
            "fat": 48,
            "carbohydrates": 420,
            "calories": 3377,
            "price": 4142,
            "image": "https://code.s3.yandex.net/react/code/cheese.png",
            "image_mobile": "https://code.s3.yandex.net/react/code/cheese-mobile.png",
            "image_large": "https://code.s3.yandex.net/react/code/cheese-large.png",
            "__v": 0
        }
    ]
}
HTTP/1.1 200 OK
Server: nginx/1.24.0 (Ubuntu)
Date: Mon, 02 Feb 2026 20:03:15 GMT
Content-Type: application/json; charset=utf-8
Content-Length: 5957
Connection: keep-alive
X-Powered-By: Express
Access-Control-Allow-Origin: *
ETag: W/"1745-LHZ7D8kBZWcbCGljCoPXtjB5CeA"

{
    "success": true,
    "data": [
        {
            "_id": "61c0c5a71d1f82001bdaaa6d",
            "name": "Флюоресцентная булка R2-D3",
            "type": "bun",
            "proteins": 44,
            "fat": 26,
            "carbohydrates": 85,
            "calories": 643,
            "price": 988,
            "image": "https://code.s3.yandex.net/react/code/bun-01.png",
            "image_mobile": "https://code.s3.yandex.net/react/code/bun-01-mobile.png",
            "image_large": "https://code.s3.yandex.net/react/code/bun-01-large.png",
            "__v": 0
        },
        {
            "_id": "61c0c5a71d1f82001bdaaa6f",
            "name": "Мясо бессмертных моллюсков Protostomia",
            "type": "main",
            "proteins": 433,
            "fat": 244,
            "carbohydrates": 33,
            "calories": 420,
            "price": 1337,
            "image": "https://code.s3.yandex.net/react/code/meat-02.png",
            "image_mobile": "https://code.s3.yandex.net/react/code/meat-02-mobile.png",
            "image_large": "https://code.s3.yandex.net/react/code/meat-02-large.png",
            "__v": 0
        },
        {
            "_id": "61c0c5a71d1f82001bdaaa70",
            "name": "Говяжий метеорит (отбивная)",
            "type": "main",
            "proteins": 800,
            "fat": 800,
            "carbohydrates": 300,
            "calories": 2674,
            "price": 3000,
            "image": "https://code.s3.yandex.net/react/code/meat-04.png",
            "image_mobile": "https://code.s3.yandex.net/react/code/meat-04-mobile.png",
            "image_large": "https://code.s3.yandex.net/react/code/meat-04-large.png",
            "__v": 0
        },
        {
            "_id": "61c0c5a71d1f82001bdaaa71",
            "name": "Биокотлета из марсианской Магнолии",
            "type": "main",
            "proteins": 420,
            "fat": 142,
            "carbohydrates": 242,
            "calories": 4242,
            "price": 424,
            "image": "https://code.s3.yandex.net/react/code/meat-01.png",
            "image_mobile": "https://code.s3.yandex.net/react/code/meat-01-mobile.png",
            "image_large": "https://code.s3.yandex.net/react/code/meat-01-large.png",
            "__v": 0
        },
        {
            "_id": "61c0c5a71d1f82001bdaaa72",
            "name": "Соус Spicy-X",
            "type": "sauce",
            "proteins": 30,
            "fat": 20,
            "carbohydrates": 40,
            "calories": 30,
            "price": 90,
            "image": "https://code.s3.yandex.net/react/code/sauce-02.png",
            "image_mobile": "https://code.s3.yandex.net/react/code/sauce-02-mobile.png",
            "image_large": "https://code.s3.yandex.net/react/code/sauce-02-large.png",
            "__v": 0
        },
        {
            "_id": "61c0c5a71d1f82001bdaaa6e",
            "name": "Филе Люминесцентного тетраодонтимформа",
            "type": "main",
            "proteins": 44,
            "fat": 26,
            "carbohydrates": 85,
            "calories": 643,
            "price": 988,
            "image": "https://code.s3.yandex.net/react/code/meat-03.png",
            "image_mobile": "https://code.s3.yandex.net/react/code/meat-03-mobile.png",
            "image_large": "https://code.s3.yandex.net/react/code/meat-03-large.png",
            "__v": 0
        },
        {
            "_id": "61c0c5a71d1f82001bdaaa73",
            "name": "Соус фирменный Space Sauce",
            "type": "sauce",
            "proteins": 50,
            "fat": 22,
            "carbohydrates": 11,
            "calories": 14,
            "price": 80,
            "image": "https://code.s3.yandex.net/react/code/sauce-04.png",
            "image_mobile": "https://code.s3.yandex.net/react/code/sauce-04-mobile.png",
            "image_large": "https://code.s3.yandex.net/react/code/sauce-04-large.png",
            "__v": 0
        },
        {
            "_id": "61c0c5a71d1f82001bdaaa74",
            "name": "Соус традиционный галактический",
            "type": "sauce",
            "proteins": 42,
            "fat": 24,
            "carbohydrates": 42,
            "calories": 99,
            "price": 15,
            "image": "https://code.s3.yandex.net/react/code/sauce-03.png",
            "image_mobile": "https://code.s3.yandex.net/react/code/sauce-03-mobile.png",
            "image_large": "https://code.s3.yandex.net/react/code/sauce-03-large.png",
            "__v": 0
        },
        {
            "_id": "61c0c5a71d1f82001bdaaa6c",
            "name": "Краторная булка N-200i",
            "type": "bun",
            "proteins": 80,
            "fat": 24,
            "carbohydrates": 53,
            "calories": 420,
            "price": 1255,
            "image": "https://code.s3.yandex.net/react/code/bun-02.png",
            "image_mobile": "https://code.s3.yandex.net/react/code/bun-02-mobile.png",
            "image_large": "https://code.s3.yandex.net/react/code/bun-02-large.png",
            "__v": 0
        },
        {
            "_id": "61c0c5a71d1f82001bdaaa75",
            "name": "Соус с шипами Антарианского плоскоходца",
            "type": "sauce",
            "proteins": 101,
            "fat": 99,
            "carbohydrates": 100,
            "calories": 100,
            "price": 88,
            "image": "https://code.s3.yandex.net/react/code/sauce-01.png",
            "image_mobile": "https://code.s3.yandex.net/react/code/sauce-01-mobile.png",
            "image_large": "https://code.s3.yandex.net/react/code/sauce-01-large.png",
            "__v": 0
        },
        {
            "_id": "61c0c5a71d1f82001bdaaa76",
            "name": "Хрустящие минеральные кольца",
            "type": "main",
            "proteins": 808,
            "fat": 689,
            "carbohydrates": 609,
            "calories": 986,
            "price": 300,
            "image": "https://code.s3.yandex.net/react/code/mineral_rings.png",
            "image_mobile": "https://code.s3.yandex.net/react/code/mineral_rings-mobile.png",
            "image_large": "https://code.s3.yandex.net/react/code/mineral_rings-large.png",
            "__v": 0
        },
        {
            "_id": "61c0c5a71d1f82001bdaaa77",
            "name": "Плоды Фалленианского дерева",
            "type": "main",
            "proteins": 20,
            "fat": 5,
            "carbohydrates": 55,
            "calories": 77,
            "price": 874,
            "image": "https://code.s3.yandex.net/react/code/sp_1.png",
            "image_mobile": "https://code.s3.yandex.net/react/code/sp_1-mobile.png",
            "image_large": "https://code.s3.yandex.net/react/code/sp_1-large.png",
            "__v": 0
        },
        {
            "_id": "61c0c5a71d1f82001bdaaa78",
            "name": "Кристаллы марсианских альфа-сахаридов",
            "type": "main",
            "proteins": 234,
            "fat": 432,
            "carbohydrates": 111,
            "calories": 189,
            "price": 762,
            "image": "https://code.s3.yandex.net/react/code/core.png",
            "image_mobile": "https://code.s3.yandex.net/react/code/core-mobile.png",
            "image_large": "https://code.s3.yandex.net/react/code/core-large.png",
            "__v": 0
        },
        {
            "_id": "61c0c5a71d1f82001bdaaa79",
            "name": "Мини-салат Экзо-Плантаго",
            "type": "main",
            "proteins": 1,
            "fat": 2,
            "carbohydrates": 3,
            "calories": 6,
            "price": 4400,
            "image": "https://code.s3.yandex.net/react/code/salad.png",
            "image_mobile": "https://code.s3.yandex.net/react/code/salad-mobile.png",
            "image_large": "https://code.s3.yandex.net/react/code/salad-large.png",
            "__v": 0
        },
        {
            "_id": "61c0c5a71d1f82001bdaaa7a",
            "name": "Сыр с астероидной плесенью",
            "type": "main",
            "proteins": 84,
            "fat": 48,
            "carbohydrates": 420,
            "calories": 3377,
            "price": 4142,
            "image": "https://code.s3.yandex.net/react/code/cheese.png",
            "image_mobile": "https://code.s3.yandex.net/react/code/cheese-mobile.png",
            "image_large": "https://code.s3.yandex.net/react/code/cheese-large.png",
            "__v": 0
        }
    ]
}
HTTP/1.1 200 OK
Server: nginx/1.24.0 (Ubuntu)
Date: Mon, 02 Feb 2026 20:03:15 GMT
Content-Type: application/json; charset=utf-8
Content-Length: 5957
Connection: keep-alive
X-Powered-By: Express
Access-Control-Allow-Origin: *
ETag: W/"1745-LHZ7D8kBZWcbCGljCoPXtjB5CeA"

{
    "success": true,
    "data": [
        {
            "_id": "61c0c5a71d1f82001bdaaa6d",
            "name": "Флюоресцентная булка R2-D3",
            "type": "bun",
            "proteins": 44,
            "fat": 26,
            "carbohydrates": 85,
            "calories": 643,
            "price": 988,
            "image": "https://code.s3.yandex.net/react/code/bun-01.png",
            "image_mobile": "https://code.s3.yandex.net/react/code/bun-01-mobile.png",
            "image_large": "https://code.s3.yandex.net/react/code/bun-01-large.png",
            "__v": 0
        },
        {
            "_id": "61c0c5a71d1f82001bdaaa6f",
            "name": "Мясо бессмертных моллюсков Protostomia",
            "type": "main",
            "proteins": 433,
            "fat": 244,
            "carbohydrates": 33,
            "calories": 420,
            "price": 1337,
            "image": "https://code.s3.yandex.net/react/code/meat-02.png",
            "image_mobile": "https://code.s3.yandex.net/react/code/meat-02-mobile.png",
            "image_large": "https://code.s3.yandex.net/react/code/meat-02-large.png",
            "__v": 0
        },
        {
            "_id": "61c0c5a71d1f82001bdaaa70",
            "name": "Говяжий метеорит (отбивная)",
            "type": "main",
            "proteins": 800,
            "fat": 800,
            "carbohydrates": 300,
            "calories": 2674,
            "price": 3000,
            "image": "https://code.s3.yandex.net/react/code/meat-04.png",
            "image_mobile": "https://code.s3.yandex.net/react/code/meat-04-mobile.png",
            "image_large": "https://code.s3.yandex.net/react/code/meat-04-large.png",
            "__v": 0
        },
        {
            "_id": "61c0c5a71d1f82001bdaaa71",
            "name": "Биокотлета из марсианской Магнолии",
            "type": "main",
            "proteins": 420,
            "fat": 142,
            "carbohydrates": 242,
            "calories": 4242,
            "price": 424,
            "image": "https://code.s3.yandex.net/react/code/meat-01.png",
            "image_mobile": "https://code.s3.yandex.net/react/code/meat-01-mobile.png",
            "image_large": "https://code.s3.yandex.net/react/code/meat-01-large.png",
            "__v": 0
        },
        {
            "_id": "61c0c5a71d1f82001bdaaa72",
            "name": "Соус Spicy-X",
            "type": "sauce",
            "proteins": 30,
            "fat": 20,
            "carbohydrates": 40,
            "calories": 30,
            "price": 90,
            "image": "https://code.s3.yandex.net/react/code/sauce-02.png",
            "image_mobile": "https://code.s3.yandex.net/react/code/sauce-02-mobile.png",
            "image_large": "https://code.s3.yandex.net/react/code/sauce-02-large.png",
            "__v": 0
        },
        {
            "_id": "61c0c5a71d1f82001bdaaa6e",
            "name": "Филе Люминесцентного тетраодонтимформа",
            "type": "main",
            "proteins": 44,
            "fat": 26,
            "carbohydrates": 85,
            "calories": 643,
            "price": 988,
            "image": "https://code.s3.yandex.net/react/code/meat-03.png",
            "image_mobile": "https://code.s3.yandex.net/react/code/meat-03-mobile.png",
            "image_large": "https://code.s3.yandex.net/react/code/meat-03-large.png",
            "__v": 0
        },
        {
            "_id": "61c0c5a71d1f82001bdaaa73",
            "name": "Соус фирменный Space Sauce",
            "type": "sauce",
            "proteins": 50,
            "fat": 22,
            "carbohydrates": 11,
            "calories": 14,
            "price": 80,
            "image": "https://code.s3.yandex.net/react/code/sauce-04.png",
            "image_mobile": "https://code.s3.yandex.net/react/code/sauce-04-mobile.png",
            "image_large": "https://code.s3.yandex.net/react/code/sauce-04-large.png",
            "__v": 0
        },
        {
            "_id": "61c0c5a71d1f82001bdaaa74",
            "name": "Соус традиционный галактический",
            "type": "sauce",
            "proteins": 42,
            "fat": 24,
            "carbohydrates": 42,
            "calories": 99,
            "price": 15,
            "image": "https://code.s3.yandex.net/react/code/sauce-03.png",
            "image_mobile": "https://code.s3.yandex.net/react/code/sauce-03-mobile.png",
            "image_large": "https://code.s3.yandex.net/react/code/sauce-03-large.png",
            "__v": 0
        },
        {
            "_id": "61c0c5a71d1f82001bdaaa6c",
            "name": "Краторная булка N-200i",
            "type": "bun",
            "proteins": 80,
            "fat": 24,
            "carbohydrates": 53,
            "calories": 420,
            "price": 1255,
            "image": "https://code.s3.yandex.net/react/code/bun-02.png",
            "image_mobile": "https://code.s3.yandex.net/react/code/bun-02-mobile.png",
            "image_large": "https://code.s3.yandex.net/react/code/bun-02-large.png",
            "__v": 0
        },
        {
            "_id": "61c0c5a71d1f82001bdaaa75",
            "name": "Соус с шипами Антарианского плоскоходца",
            "type": "sauce",
            "proteins": 101,
            "fat": 99,
            "carbohydrates": 100,
            "calories": 100,
            "price": 88,
            "image": "https://code.s3.yandex.net/react/code/sauce-01.png",
            "image_mobile": "https://code.s3.yandex.net/react/code/sauce-01-mobile.png",
            "image_large": "https://code.s3.yandex.net/react/code/sauce-01-large.png",
            "__v": 0
        },
        {
            "_id": "61c0c5a71d1f82001bdaaa76",
            "name": "Хрустящие минеральные кольца",
            "type": "main",
            "proteins": 808,
            "fat": 689,
            "carbohydrates": 609,
            "calories": 986,
            "price": 300,
            "image": "https://code.s3.yandex.net/react/code/mineral_rings.png",
            "image_mobile": "https://code.s3.yandex.net/react/code/mineral_rings-mobile.png",
            "image_large": "https://code.s3.yandex.net/react/code/mineral_rings-large.png",
            "__v": 0
        },
        {
            "_id": "61c0c5a71d1f82001bdaaa77",
            "name": "Плоды Фалленианского дерева",
            "type": "main",
            "proteins": 20,
            "fat": 5,
            "carbohydrates": 55,
            "calories": 77,
            "price": 874,
            "image": "https://code.s3.yandex.net/react/code/sp_1.png",
            "image_mobile": "https://code.s3.yandex.net/react/code/sp_1-mobile.png",
            "image_large": "https://code.s3.yandex.net/react/code/sp_1-large.png",
            "__v": 0
        },
        {
            "_id": "61c0c5a71d1f82001bdaaa78",
            "name": "Кристаллы марсианских альфа-сахаридов",
            "type": "main",
            "proteins": 234,
            "fat": 432,
            "carbohydrates": 111,
            "calories": 189,
            "price": 762,
            "image": "https://code.s3.yandex.net/react/code/core.png",
            "image_mobile": "https://code.s3.yandex.net/react/code/core-mobile.png",
            "image_large": "https://code.s3.yandex.net/react/code/core-large.png",
            "__v": 0
        },
        {
            "_id": "61c0c5a71d1f82001bdaaa79",
            "name": "Мини-салат Экзо-Плантаго",
            "type": "main",
            "proteins": 1,
            "fat": 2,
            "carbohydrates": 3,
            "calories": 6,
            "price": 4400,
            "image": "https://code.s3.yandex.net/react/code/salad.png",
            "image_mobile": "https://code.s3.yandex.net/react/code/salad-mobile.png",
            "image_large": "https://code.s3.yandex.net/react/code/salad-large.png",
            "__v": 0
        },
        {
            "_id": "61c0c5a71d1f82001bdaaa7a",
            "name": "Сыр с астероидной плесенью",
            "type": "main",
            "proteins": 84,
            "fat": 48,
            "carbohydrates": 420,
            "calories": 3377,
            "price": 4142,
            "image": "https://code.s3.yandex.net/react/code/cheese.png",
            "image_mobile": "https://code.s3.yandex.net/react/code/cheese-mobile.png",
            "image_large": "https://code.s3.yandex.net/react/code/cheese-large.png",
            "__v": 0
        }
    ]
}
HTTP/1.1 200 OK
Server: nginx/1.24.0 (Ubuntu)
Date: Mon, 02 Feb 2026 20:03:15 GMT
Content-Type: application/json; charset=utf-8
Content-Length: 5957
Connection: keep-alive
X-Powered-By: Express
Access-Control-Allow-Origin: *
ETag: W/"1745-LHZ7D8kBZWcbCGljCoPXtjB5CeA"

{
    "success": true,
    "data": [
        {
            "_id": "61c0c5a71d1f82001bdaaa6d",
            "name": "Флюоресцентная булка R2-D3",
            "type": "bun",
            "proteins": 44,
            "fat": 26,
            "carbohydrates": 85,
            "calories": 643,
            "price": 988,
            "image": "https://code.s3.yandex.net/react/code/bun-01.png",
            "image_mobile": "https://code.s3.yandex.net/react/code/bun-01-mobile.png",
            "image_large": "https://code.s3.yandex.net/react/code/bun-01-large.png",
            "__v": 0
        },
        {
            "_id": "61c0c5a71d1f82001bdaaa6f",
            "name": "Мясо бессмертных моллюсков Protostomia",
            "type": "main",
            "proteins": 433,
            "fat": 244,
            "carbohydrates": 33,
            "calories": 420,
            "price": 1337,
            "image": "https://code.s3.yandex.net/react/code/meat-02.png",
            "image_mobile": "https://code.s3.yandex.net/react/code/meat-02-mobile.png",
            "image_large": "https://code.s3.yandex.net/react/code/meat-02-large.png",
            "__v": 0
        },
        {
            "_id": "61c0c5a71d1f82001bdaaa70",
            "name": "Говяжий метеорит (отбивная)",
            "type": "main",
            "proteins": 800,
            "fat": 800,
            "carbohydrates": 300,
            "calories": 2674,
            "price": 3000,
            "image": "https://code.s3.yandex.net/react/code/meat-04.png",
            "image_mobile": "https://code.s3.yandex.net/react/code/meat-04-mobile.png",
            "image_large": "https://code.s3.yandex.net/react/code/meat-04-large.png",
            "__v": 0
        },
        {
            "_id": "61c0c5a71d1f82001bdaaa71",
            "name": "Биокотлета из марсианской Магнолии",
            "type": "main",
            "proteins": 420,
            "fat": 142,
            "carbohydrates": 242,
            "calories": 4242,
            "price": 424,
            "image": "https://code.s3.yandex.net/react/code/meat-01.png",
            "image_mobile": "https://code.s3.yandex.net/react/code/meat-01-mobile.png",
            "image_large": "https://code.s3.yandex.net/react/code/meat-01-large.png",
            "__v": 0
        },
        {
            "_id": "61c0c5a71d1f82001bdaaa72",
            "name": "Соус Spicy-X",
            "type": "sauce",
            "proteins": 30,
            "fat": 20,
            "carbohydrates": 40,
            "calories": 30,
            "price": 90,
            "image": "https://code.s3.yandex.net/react/code/sauce-02.png",
            "image_mobile": "https://code.s3.yandex.net/react/code/sauce-02-mobile.png",
            "image_large": "https://code.s3.yandex.net/react/code/sauce-02-large.png",
            "__v": 0
        },
        {
            "_id": "61c0c5a71d1f82001bdaaa6e",
            "name": "Филе Люминесцентного тетраодонтимформа",
            "type": "main",
            "proteins": 44,
            "fat": 26,
            "carbohydrates": 85,
            "calories": 643,
            "price": 988,
            "image": "https://code.s3.yandex.net/react/code/meat-03.png",
            "image_mobile": "https://code.s3.yandex.net/react/code/meat-03-mobile.png",
            "image_large": "https://code.s3.yandex.net/react/code/meat-03-large.png",
            "__v": 0
        },
        {
            "_id": "61c0c5a71d1f82001bdaaa73",
            "name": "Соус фирменный Space Sauce",
            "type": "sauce",
            "proteins": 50,
            "fat": 22,
            "carbohydrates": 11,
            "calories": 14,
            "price": 80,
            "image": "https://code.s3.yandex.net/react/code/sauce-04.png",
            "image_mobile": "https://code.s3.yandex.net/react/code/sauce-04-mobile.png",
            "image_large": "https://code.s3.yandex.net/react/code/sauce-04-large.png",
            "__v": 0
        },
        {
            "_id": "61c0c5a71d1f82001bdaaa74",
            "name": "Соус традиционный галактический",
            "type": "sauce",
            "proteins": 42,
            "fat": 24,
            "carbohydrates": 42,
            "calories": 99,
            "price": 15,
            "image": "https://code.s3.yandex.net/react/code/sauce-03.png",
            "image_mobile": "https://code.s3.yandex.net/react/code/sauce-03-mobile.png",
            "image_large": "https://code.s3.yandex.net/react/code/sauce-03-large.png",
            "__v": 0
        },
        {
            "_id": "61c0c5a71d1f82001bdaaa6c",
            "name": "Краторная булка N-200i",
            "type": "bun",
            "proteins": 80,
            "fat": 24,
            "carbohydrates": 53,
            "calories": 420,
            "price": 1255,
            "image": "https://code.s3.yandex.net/react/code/bun-02.png",
            "image_mobile": "https://code.s3.yandex.net/react/code/bun-02-mobile.png",
            "image_large": "https://code.s3.yandex.net/react/code/bun-02-large.png",
            "__v": 0
        },
        {
            "_id": "61c0c5a71d1f82001bdaaa75",
            "name": "Соус с шипами Антарианского плоскоходца",
            "type": "sauce",
            "proteins": 101,
            "fat": 99,
            "carbohydrates": 100,
            "calories": 100,
            "price": 88,
            "image": "https://code.s3.yandex.net/react/code/sauce-01.png",
            "image_mobile": "https://code.s3.yandex.net/react/code/sauce-01-mobile.png",
            "image_large": "https://code.s3.yandex.net/react/code/sauce-01-large.png",
            "__v": 0
        },
        {
            "_id": "61c0c5a71d1f82001bdaaa76",
            "name": "Хрустящие минеральные кольца",
            "type": "main",
            "proteins": 808,
            "fat": 689,
            "carbohydrates": 609,
            "calories": 986,
            "price": 300,
            "image": "https://code.s3.yandex.net/react/code/mineral_rings.png",
            "image_mobile": "https://code.s3.yandex.net/react/code/mineral_rings-mobile.png",
            "image_large": "https://code.s3.yandex.net/react/code/mineral_rings-large.png",
            "__v": 0
        },
        {
            "_id": "61c0c5a71d1f82001bdaaa77",
            "name": "Плоды Фалленианского дерева",
            "type": "main",
            "proteins": 20,
            "fat": 5,
            "carbohydrates": 55,
            "calories": 77,
            "price": 874,
            "image": "https://code.s3.yandex.net/react/code/sp_1.png",
            "image_mobile": "https://code.s3.yandex.net/react/code/sp_1-mobile.png",
            "image_large": "https://code.s3.yandex.net/react/code/sp_1-large.png",
            "__v": 0
        },
        {
            "_id": "61c0c5a71d1f82001bdaaa78",
            "name": "Кристаллы марсианских альфа-сахаридов",
            "type": "main",
            "proteins": 234,
            "fat": 432,
            "carbohydrates": 111,
            "calories": 189,
            "price": 762,
            "image": "https://code.s3.yandex.net/react/code/core.png",
            "image_mobile": "https://code.s3.yandex.net/react/code/core-mobile.png",
            "image_large": "https://code.s3.yandex.net/react/code/core-large.png",
            "__v": 0
        },
        {
            "_id": "61c0c5a71d1f82001bdaaa79",
            "name": "Мини-салат Экзо-Плантаго",
            "type": "main",
            "proteins": 1,
            "fat": 2,
            "carbohydrates": 3,
            "calories": 6,
            "price": 4400,
            "image": "https://code.s3.yandex.net/react/code/salad.png",
            "image_mobile": "https://code.s3.yandex.net/react/code/salad-mobile.png",
            "image_large": "https://code.s3.yandex.net/react/code/salad-large.png",
            "__v": 0
        },
        {
            "_id": "61c0c5a71d1f82001bdaaa7a",
            "name": "Сыр с астероидной плесенью",
            "type": "main",
            "proteins": 84,
            "fat": 48,
            "carbohydrates": 420,
            "calories": 3377,
            "price": 4142,
            "image": "https://code.s3.yandex.net/react/code/cheese.png",
            "image_mobile": "https://code.s3.yandex.net/react/code/cheese-mobile.png",
            "image_large": "https://code.s3.yandex.net/react/code/cheese-large.png",
            "__v": 0
        }
    ]
}
HTTP/1.1 200 OK
Server: nginx/1.24.0 (Ubuntu)
Date: Mon, 02 Feb 2026 20:03:15 GMT
Content-Type: application/json; charset=utf-8
Content-Length: 5957
Connection: keep-alive
X-Powered-By: Express
Access-Control-Allow-Origin: *
ETag: W/"1745-LHZ7D8kBZWcbCGljCoPXtjB5CeA"

{
    "success": true,
    "data": [
        {
            "_id": "61c0c5a71d1f82001bdaaa6d",
            "name": "Флюоресцентная булка R2-D3",
            "type": "bun",
            "proteins": 44,
            "fat": 26,
            "carbohydrates": 85,
            "calories": 643,
            "price": 988,
            "image": "https://code.s3.yandex.net/react/code/bun-01.png",
            "image_mobile": "https://code.s3.yandex.net/react/code/bun-01-mobile.png",
            "image_large": "https://code.s3.yandex.net/react/code/bun-01-large.png",
            "__v": 0
        },
        {
            "_id": "61c0c5a71d1f82001bdaaa6f",
            "name": "Мясо бессмертных моллюсков Protostomia",
            "type": "main",
            "proteins": 433,
            "fat": 244,
            "carbohydrates": 33,
            "calories": 420,
            "price": 1337,
            "image": "https://code.s3.yandex.net/react/code/meat-02.png",
            "image_mobile": "https://code.s3.yandex.net/react/code/meat-02-mobile.png",
            "image_large": "https://code.s3.yandex.net/react/code/meat-02-large.png",
            "__v": 0
        },
        {
            "_id": "61c0c5a71d1f82001bdaaa70",
            "name": "Говяжий метеорит (отбивная)",
            "type": "main",
            "proteins": 800,
            "fat": 800,
            "carbohydrates": 300,
            "calories": 2674,
            "price": 3000,
            "image": "https://code.s3.yandex.net/react/code/meat-04.png",
            "image_mobile": "https://code.s3.yandex.net/react/code/meat-04-mobile.png",
            "image_large": "https://code.s3.yandex.net/react/code/meat-04-large.png",
            "__v": 0
        },
        {
            "_id": "61c0c5a71d1f82001bdaaa71",
            "name": "Биокотлета из марсианской Магнолии",
            "type": "main",
            "proteins": 420,
            "fat": 142,
            "carbohydrates": 242,
            "calories": 4242,
            "price": 424,
            "image": "https://code.s3.yandex.net/react/code/meat-01.png",
            "image_mobile": "https://code.s3.yandex.net/react/code/meat-01-mobile.png",
            "image_large": "https://code.s3.yandex.net/react/code/meat-01-large.png",
            "__v": 0
        },
        {
            "_id": "61c0c5a71d1f82001bdaaa72",
            "name": "Соус Spicy-X",
            "type": "sauce",
            "proteins": 30,
            "fat": 20,
            "carbohydrates": 40,
            "calories": 30,
            "price": 90,
            "image": "https://code.s3.yandex.net/react/code/sauce-02.png",
            "image_mobile": "https://code.s3.yandex.net/react/code/sauce-02-mobile.png",
            "image_large": "https://code.s3.yandex.net/react/code/sauce-02-large.png",
            "__v": 0
        },
        {
            "_id": "61c0c5a71d1f82001bdaaa6e",
            "name": "Филе Люминесцентного тетраодонтимформа",
            "type": "main",
            "proteins": 44,
            "fat": 26,
            "carbohydrates": 85,
            "calories": 643,
            "price": 988,
            "image": "https://code.s3.yandex.net/react/code/meat-03.png",
            "image_mobile": "https://code.s3.yandex.net/react/code/meat-03-mobile.png",
            "image_large": "https://code.s3.yandex.net/react/code/meat-03-large.png",
            "__v": 0
        },
        {
            "_id": "61c0c5a71d1f82001bdaaa73",
            "name": "Соус фирменный Space Sauce",
            "type": "sauce",
            "proteins": 50,
            "fat": 22,
            "carbohydrates": 11,
            "calories": 14,
            "price": 80,
            "image": "https://code.s3.yandex.net/react/code/sauce-04.png",
            "image_mobile": "https://code.s3.yandex.net/react/code/sauce-04-mobile.png",
            "image_large": "https://code.s3.yandex.net/react/code/sauce-04-large.png",
            "__v": 0
        },
        {
            "_id": "61c0c5a71d1f82001bdaaa74",
            "name": "Соус традиционный галактический",
            "type": "sauce",
            "proteins": 42,
            "fat": 24,
            "carbohydrates": 42,
            "calories": 99,
            "price": 15,
            "image": "https://code.s3.yandex.net/react/code/sauce-03.png",
            "image_mobile": "https://code.s3.yandex.net/react/code/sauce-03-mobile.png",
            "image_large": "https://code.s3.yandex.net/react/code/sauce-03-large.png",
            "__v": 0
        },
        {
            "_id": "61c0c5a71d1f82001bdaaa6c",
            "name": "Краторная булка N-200i",
            "type": "bun",
            "proteins": 80,
            "fat": 24,
            "carbohydrates": 53,
            "calories": 420,
            "price": 1255,
            "image": "https://code.s3.yandex.net/react/code/bun-02.png",
            "image_mobile": "https://code.s3.yandex.net/react/code/bun-02-mobile.png",
            "image_large": "https://code.s3.yandex.net/react/code/bun-02-large.png",
            "__v": 0
        },
        {
            "_id": "61c0c5a71d1f82001bdaaa75",
            "name": "Соус с шипами Антарианского плоскоходца",
            "type": "sauce",
            "proteins": 101,
            "fat": 99,
            "carbohydrates": 100,
            "calories": 100,
            "price": 88,
            "image": "https://code.s3.yandex.net/react/code/sauce-01.png",
            "image_mobile": "https://code.s3.yandex.net/react/code/sauce-01-mobile.png",
            "image_large": "https://code.s3.yandex.net/react/code/sauce-01-large.png",
            "__v": 0
        },
        {
            "_id": "61c0c5a71d1f82001bdaaa76",
            "name": "Хрустящие минеральные кольца",
            "type": "main",
            "proteins": 808,
            "fat": 689,
            "carbohydrates": 609,
            "calories": 986,
            "price": 300,
            "image": "https://code.s3.yandex.net/react/code/mineral_rings.png",
            "image_mobile": "https://code.s3.yandex.net/react/code/mineral_rings-mobile.png",
            "image_large": "https://code.s3.yandex.net/react/code/mineral_rings-large.png",
            "__v": 0
        },
        {
            "_id": "61c0c5a71d1f82001bdaaa77",
            "name": "Плоды Фалленианского дерева",
            "type": "main",
            "proteins": 20,
            "fat": 5,
            "carbohydrates": 55,
            "calories": 77,
            "price": 874,
            "image": "https://code.s3.yandex.net/react/code/sp_1.png",
            "image_mobile": "https://code.s3.yandex.net/react/code/sp_1-mobile.png",
            "image_large": "https://code.s3.yandex.net/react/code/sp_1-large.png",
            "__v": 0
        },
        {
            "_id": "61c0c5a71d1f82001bdaaa78",
            "name": "Кристаллы марсианских альфа-сахаридов",
            "type": "main",
            "proteins": 234,
            "fat": 432,
            "carbohydrates": 111,
            "calories": 189,
            "price": 762,
            "image": "https://code.s3.yandex.net/react/code/core.png",
            "image_mobile": "https://code.s3.yandex.net/react/code/core-mobile.png",
            "image_large": "https://code.s3.yandex.net/react/code/core-large.png",
            "__v": 0
        },
        {
            "_id": "61c0c5a71d1f82001bdaaa79",
            "name": "Мини-салат Экзо-Плантаго",
            "type": "main",
            "proteins": 1,
            "fat": 2,
            "carbohydrates": 3,
            "calories": 6,
            "price": 4400,
            "image": "https://code.s3.yandex.net/react/code/salad.png",
            "image_mobile": "https://code.s3.yandex.net/react/code/salad-mobile.png",
            "image_large": "https://code.s3.yandex.net/react/code/salad-large.png",
            "__v": 0
        },
        {
            "_id": "61c0c5a71d1f82001bdaaa7a",
            "name": "Сыр с астероидной плесенью",
            "type": "main",
            "proteins": 84,
            "fat": 48,
            "carbohydrates": 420,
            "calories": 3377,
            "price": 4142,
            "image": "https://code.s3.yandex.net/react/code/cheese.png",
            "image_mobile": "https://code.s3.yandex.net/react/code/cheese-mobile.png",
            "image_large": "https://code.s3.yandex.net/react/code/cheese-large.png",
            "__v": 0
        }
    ]
}
HTTP/1.1 200 OK
Server: nginx/1.24.0 (Ubuntu)
Date: Mon, 02 Feb 2026 20:03:15 GMT
Content-Type: application/json; charset=utf-8
Content-Length: 5957
Connection: keep-alive
X-Powered-By: Express
Access-Control-Allow-Origin: *
ETag: W/"1745-LHZ7D8kBZWcbCGljCoPXtjB5CeA"

{
    "success": true,
    "data": [
        {
            "_id": "61c0c5a71d1f82001bdaaa6d",
            "name": "Флюоресцентная булка R2-D3",
            "type": "bun",
            "proteins": 44,
            "fat": 26,
            "carbohydrates": 85,
            "calories": 643,
            "price": 988,
            "image": "https://code.s3.yandex.net/react/code/bun-01.png",
            "image_mobile": "https://code.s3.yandex.net/react/code/bun-01-mobile.png",
            "image_large": "https://code.s3.yandex.net/react/code/bun-01-large.png",
            "__v": 0
        },
        {
            "_id": "61c0c5a71d1f82001bdaaa6f",
            "name": "Мясо бессмертных моллюсков Protostomia",
            "type": "main",
            "proteins": 433,
            "fat": 244,
            "carbohydrates": 33,
            "calories": 420,
            "price": 1337,
            "image": "https://code.s3.yandex.net/react/code/meat-02.png",
            "image_mobile": "https://code.s3.yandex.net/react/code/meat-02-mobile.png",
            "image_large": "https://code.s3.yandex.net/react/code/meat-02-large.png",
            "__v": 0
        },
        {
            "_id": "61c0c5a71d1f82001bdaaa70",
            "name": "Говяжий метеорит (отбивная)",
            "type": "main",
            "proteins": 800,
            "fat": 800,
            "carbohydrates": 300,
            "calories": 2674,
            "price": 3000,
            "image": "https://code.s3.yandex.net/react/code/meat-04.png",
            "image_mobile": "https://code.s3.yandex.net/react/code/meat-04-mobile.png",
            "image_large": "https://code.s3.yandex.net/react/code/meat-04-large.png",
            "__v": 0
        },
        {
            "_id": "61c0c5a71d1f82001bdaaa71",
            "name": "Биокотлета из марсианской Магнолии",
            "type": "main",
            "proteins": 420,
            "fat": 142,
            "carbohydrates": 242,
            "calories": 4242,
            "price": 424,
            "image": "https://code.s3.yandex.net/react/code/meat-01.png",
            "image_mobile": "https://code.s3.yandex.net/react/code/meat-01-mobile.png",
            "image_large": "https://code.s3.yandex.net/react/code/meat-01-large.png",
            "__v": 0
        },
        {
            "_id": "61c0c5a71d1f82001bdaaa72",
            "name": "Соус Spicy-X",
            "type": "sauce",
            "proteins": 30,
            "fat": 20,
            "carbohydrates": 40,
            "calories": 30,
            "price": 90,
            "image": "https://code.s3.yandex.net/react/code/sauce-02.png",
            "image_mobile": "https://code.s3.yandex.net/react/code/sauce-02-mobile.png",
            "image_large": "https://code.s3.yandex.net/react/code/sauce-02-large.png",
            "__v": 0
        },
        {
            "_id": "61c0c5a71d1f82001bdaaa6e",
            "name": "Филе Люминесцентного тетраодонтимформа",
            "type": "main",
            "proteins": 44,
            "fat": 26,
            "carbohydrates": 85,
            "calories": 643,
            "price": 988,
            "image": "https://code.s3.yandex.net/react/code/meat-03.png",
            "image_mobile": "https://code.s3.yandex.net/react/code/meat-03-mobile.png",
            "image_large": "https://code.s3.yandex.net/react/code/meat-03-large.png",
            "__v": 0
        },
        {
            "_id": "61c0c5a71d1f82001bdaaa73",
            "name": "Соус фирменный Space Sauce",
            "type": "sauce",
            "proteins": 50,
            "fat": 22,
            "carbohydrates": 11,
            "calories": 14,
            "price": 80,
            "image": "https://code.s3.yandex.net/react/code/sauce-04.png",
            "image_mobile": "https://code.s3.yandex.net/react/code/sauce-04-mobile.png",
            "image_large": "https://code.s3.yandex.net/react/code/sauce-04-large.png",
            "__v": 0
        },
        {
            "_id": "61c0c5a71d1f82001bdaaa74",
            "name": "Соус традиционный галактический",
            "type": "sauce",
            "proteins": 42,
            "fat": 24,
            "carbohydrates": 42,
            "calories": 99,
            "price": 15,
            "image": "https://code.s3.yandex.net/react/code/sauce-03.png",
            "image_mobile": "https://code.s3.yandex.net/react/code/sauce-03-mobile.png",
            "image_large": "https://code.s3.yandex.net/react/code/sauce-03-large.png",
            "__v": 0
        },
        {
            "_id": "61c0c5a71d1f82001bdaaa6c",
            "name": "Краторная булка N-200i",
            "type": "bun",
            "proteins": 80,
            "fat": 24,
            "carbohydrates": 53,
            "calories": 420,
            "price": 1255,
            "image": "https://code.s3.yandex.net/react/code/bun-02.png",
            "image_mobile": "https://code.s3.yandex.net/react/code/bun-02-mobile.png",
            "image_large": "https://code.s3.yandex.net/react/code/bun-02-large.png",
            "__v": 0
        },
        {
            "_id": "61c0c5a71d1f82001bdaaa75",
            "name": "Соус с шипами Антарианского плоскоходца",
            "type": "sauce",
            "proteins": 101,
            "fat": 99,
            "carbohydrates": 100,
            "calories": 100,
            "price": 88,
            "image": "https://code.s3.yandex.net/react/code/sauce-01.png",
            "image_mobile": "https://code.s3.yandex.net/react/code/sauce-01-mobile.png",
            "image_large": "https://code.s3.yandex.net/react/code/sauce-01-large.png",
            "__v": 0
        },
        {
            "_id": "61c0c5a71d1f82001bdaaa76",
            "name": "Хрустящие минеральные кольца",
            "type": "main",
            "proteins": 808,
            "fat": 689,
            "carbohydrates": 609,
            "calories": 986,
            "price": 300,
            "image": "https://code.s3.yandex.net/react/code/mineral_rings.png",
            "image_mobile": "https://code.s3.yandex.net/react/code/mineral_rings-mobile.png",
            "image_large": "https://code.s3.yandex.net/react/code/mineral_rings-large.png",
            "__v": 0
        },
        {
            "_id": "61c0c5a71d1f82001bdaaa77",
            "name": "Плоды Фалленианского дерева",
            "type": "main",
            "proteins": 20,
            "fat": 5,
            "carbohydrates": 55,
            "calories": 77,
            "price": 874,
            "image": "https://code.s3.yandex.net/react/code/sp_1.png",
            "image_mobile": "https://code.s3.yandex.net/react/code/sp_1-mobile.png",
            "image_large": "https://code.s3.yandex.net/react/code/sp_1-large.png",
            "__v": 0
        },
        {
            "_id": "61c0c5a71d1f82001bdaaa78",
            "name": "Кристаллы марсианских альфа-сахаридов",
            "type": "main",
            "proteins": 234,
            "fat": 432,
            "carbohydrates": 111,
            "calories": 189,
            "price": 762,
            "image": "https://code.s3.yandex.net/react/code/core.png",
            "image_mobile": "https://code.s3.yandex.net/react/code/core-mobile.png",
            "image_large": "https://code.s3.yandex.net/react/code/core-large.png",
            "__v": 0
        },
        {
            "_id": "61c0c5a71d1f82001bdaaa79",
            "name": "Мини-салат Экзо-Плантаго",
            "type": "main",
            "proteins": 1,
            "fat": 2,
            "carbohydrates": 3,
            "calories": 6,
            "price": 4400,
            "image": "https://code.s3.yandex.net/react/code/salad.png",
            "image_mobile": "https://code.s3.yandex.net/react/code/salad-mobile.png",
            "image_large": "https://code.s3.yandex.net/react/code/salad-large.png",
            "__v": 0
        },
        {
            "_id": "61c0c5a71d1f82001bdaaa7a",
            "name": "Сыр с астероидной плесенью",
            "type": "main",
            "proteins": 84,
            "fat": 48,
            "carbohydrates": 420,
            "calories": 3377,
            "price": 4142,
            "image": "https://code.s3.yandex.net/react/code/cheese.png",
            "image_mobile": "https://code.s3.yandex.net/react/code/cheese-mobile.png",
            "image_large": "https://code.s3.yandex.net/react/code/cheese-large.png",
            "__v": 0
        }
    ]
}
HTTP/1.1 200 OK
Server: nginx/1.24.0 (Ubuntu)
Date: Mon, 02 Feb 2026 20:03:15 GMT
Content-Type: application/json; charset=utf-8
Content-Length: 5957
Connection: keep-alive
X-Powered-By: Express
Access-Control-Allow-Origin: *
ETag: W/"1745-LHZ7D8kBZWcbCGljCoPXtjB5CeA"

{
    "success": true,
    "data": [
        {
            "_id": "61c0c5a71d1f82001bdaaa6d",
            "name": "Флюоресцентная булка R2-D3",
            "type": "bun",
            "proteins": 44,
            "fat": 26,
            "carbohydrates": 85,
            "calories": 643,
            "price": 988,
            "image": "https://code.s3.yandex.net/react/code/bun-01.png",
            "image_mobile": "https://code.s3.yandex.net/react/code/bun-01-mobile.png",
            "image_large": "https://code.s3.yandex.net/react/code/bun-01-large.png",
            "__v": 0
        },
        {
            "_id": "61c0c5a71d1f82001bdaaa6f",
            "name": "Мясо бессмертных моллюсков Protostomia",
            "type": "main",
            "proteins": 433,
            "fat": 244,
            "carbohydrates": 33,
            "calories": 420,
            "price": 1337,
            "image": "https://code.s3.yandex.net/react/code/meat-02.png",
            "image_mobile": "https://code.s3.yandex.net/react/code/meat-02-mobile.png",
            "image_large": "https://code.s3.yandex.net/react/code/meat-02-large.png",
            "__v": 0
        },
        {
            "_id": "61c0c5a71d1f82001bdaaa70",
            "name": "Говяжий метеорит (отбивная)",
            "type": "main",
            "proteins": 800,
            "fat": 800,
            "carbohydrates": 300,
            "calories": 2674,
            "price": 3000,
            "image": "https://code.s3.yandex.net/react/code/meat-04.png",
            "image_mobile": "https://code.s3.yandex.net/react/code/meat-04-mobile.png",
            "image_large": "https://code.s3.yandex.net/react/code/meat-04-large.png",
            "__v": 0
        },
        {
            "_id": "61c0c5a71d1f82001bdaaa71",
            "name": "Биокотлета из марсианской Магнолии",
            "type": "main",
            "proteins": 420,
            "fat": 142,
            "carbohydrates": 242,
            "calories": 4242,
            "price": 424,
            "image": "https://code.s3.yandex.net/react/code/meat-01.png",
            "image_mobile": "https://code.s3.yandex.net/react/code/meat-01-mobile.png",
            "image_large": "https://code.s3.yandex.net/react/code/meat-01-large.png",
            "__v": 0
        },
        {
            "_id": "61c0c5a71d1f82001bdaaa72",
            "name": "Соус Spicy-X",
            "type": "sauce",
            "proteins": 30,
            "fat": 20,
            "carbohydrates": 40,
            "calories": 30,
            "price": 90,
            "image": "https://code.s3.yandex.net/react/code/sauce-02.png",
            "image_mobile": "https://code.s3.yandex.net/react/code/sauce-02-mobile.png",
            "image_large": "https://code.s3.yandex.net/react/code/sauce-02-large.png",
            "__v": 0
        },
        {
            "_id": "61c0c5a71d1f82001bdaaa6e",
            "name": "Филе Люминесцентного тетраодонтимформа",
            "type": "main",
            "proteins": 44,
            "fat": 26,
            "carbohydrates": 85,
            "calories": 643,
            "price": 988,
            "image": "https://code.s3.yandex.net/react/code/meat-03.png",
            "image_mobile": "https://code.s3.yandex.net/react/code/meat-03-mobile.png",
            "image_large": "https://code.s3.yandex.net/react/code/meat-03-large.png",
            "__v": 0
        },
        {
            "_id": "61c0c5a71d1f82001bdaaa73",
            "name": "Соус фирменный Space Sauce",
            "type": "sauce",
            "proteins": 50,
            "fat": 22,
            "carbohydrates": 11,
            "calories": 14,
            "price": 80,
            "image": "https://code.s3.yandex.net/react/code/sauce-04.png",
            "image_mobile": "https://code.s3.yandex.net/react/code/sauce-04-mobile.png",
            "image_large": "https://code.s3.yandex.net/react/code/sauce-04-large.png",
            "__v": 0
        },
        {
            "_id": "61c0c5a71d1f82001bdaaa74",
            "name": "Соус традиционный галактический",
            "type": "sauce",
            "proteins": 42,
            "fat": 24,
            "carbohydrates": 42,
            "calories": 99,
            "price": 15,
            "image": "https://code.s3.yandex.net/react/code/sauce-03.png",
            "image_mobile": "https://code.s3.yandex.net/react/code/sauce-03-mobile.png",
            "image_large": "https://code.s3.yandex.net/react/code/sauce-03-large.png",
            "__v": 0
        },
        {
            "_id": "61c0c5a71d1f82001bdaaa6c",
            "name": "Краторная булка N-200i",
            "type": "bun",
            "proteins": 80,
            "fat": 24,
            "carbohydrates": 53,
            "calories": 420,
            "price": 1255,
            "image": "https://code.s3.yandex.net/react/code/bun-02.png",
            "image_mobile": "https://code.s3.yandex.net/react/code/bun-02-mobile.png",
            "image_large": "https://code.s3.yandex.net/react/code/bun-02-large.png",
            "__v": 0
        },
        {
            "_id": "61c0c5a71d1f82001bdaaa75",
            "name": "Соус с шипами Антарианского плоскоходца",
            "type": "sauce",
            "proteins": 101,
            "fat": 99,
            "carbohydrates": 100,
            "calories": 100,
            "price": 88,
            "image": "https://code.s3.yandex.net/react/code/sauce-01.png",
            "image_mobile": "https://code.s3.yandex.net/react/code/sauce-01-mobile.png",
            "image_large": "https://code.s3.yandex.net/react/code/sauce-01-large.png",
            "__v": 0
        },
        {
            "_id": "61c0c5a71d1f82001bdaaa76",
            "name": "Хрустящие минеральные кольца",
            "type": "main",
            "proteins": 808,
            "fat": 689,
            "carbohydrates": 609,
            "calories": 986,
            "price": 300,
            "image": "https://code.s3.yandex.net/react/code/mineral_rings.png",
            "image_mobile": "https://code.s3.yandex.net/react/code/mineral_rings-mobile.png",
            "image_large": "https://code.s3.yandex.net/react/code/mineral_rings-large.png",
            "__v": 0
        },
        {
            "_id": "61c0c5a71d1f82001bdaaa77",
            "name": "Плоды Фалленианского дерева",
            "type": "main",
            "proteins": 20,
            "fat": 5,
            "carbohydrates": 55,
            "calories": 77,
            "price": 874,
            "image": "https://code.s3.yandex.net/react/code/sp_1.png",
            "image_mobile": "https://code.s3.yandex.net/react/code/sp_1-mobile.png",
            "image_large": "https://code.s3.yandex.net/react/code/sp_1-large.png",
            "__v": 0
        },
        {
            "_id": "61c0c5a71d1f82001bdaaa78",
            "name": "Кристаллы марсианских альфа-сахаридов",
            "type": "main",
            "proteins": 234,
            "fat": 432,
            "carbohydrates": 111,
            "calories": 189,
            "price": 762,
            "image": "https://code.s3.yandex.net/react/code/core.png",
            "image_mobile": "https://code.s3.yandex.net/react/code/core-mobile.png",
            "image_large": "https://code.s3.yandex.net/react/code/core-large.png",
            "__v": 0
        },
        {
            "_id": "61c0c5a71d1f82001bdaaa79",
            "name": "Мини-салат Экзо-Плантаго",
            "type": "main",
            "proteins": 1,
            "fat": 2,
            "carbohydrates": 3,
            "calories": 6,
            "price": 4400,
            "image": "https://code.s3.yandex.net/react/code/salad.png",
            "image_mobile": "https://code.s3.yandex.net/react/code/salad-mobile.png",
            "image_large": "https://code.s3.yandex.net/react/code/salad-large.png",
            "__v": 0
        },
        {
            "_id": "61c0c5a71d1f82001bdaaa7a",
            "name": "Сыр с астероидной плесенью",
            "type": "main",
            "proteins": 84,
            "fat": 48,
            "carbohydrates": 420,
            "calories": 3377,
            "price": 4142,
            "image": "https://code.s3.yandex.net/react/code/cheese.png",
            "image_mobile": "https://code.s3.yandex.net/react/code/cheese-mobile.png",
            "image_large": "https://code.s3.yandex.net/react/code/cheese-large.png",
            "__v": 0
        }
    ]
}
HTTP/1.1 200 OK
Server: nginx/1.24.0 (Ubuntu)
Date: Mon, 02 Feb 2026 20:03:15 GMT
Content-Type: application/json; charset=utf-8
Content-Length: 5957
Connection: keep-alive
X-Powered-By: Express
Access-Control-Allow-Origin: *
ETag: W/"1745-LHZ7D8kBZWcbCGljCoPXtjB5CeA"

{
    "success": true,
    "data": [
        {
            "_id": "61c0c5a71d1f82001bdaaa6d",
            "name": "Флюоресцентная булка R2-D3",
            "type": "bun",
            "proteins": 44,
            "fat": 26,
            "carbohydrates": 85,
            "calories": 643,
            "price": 988,
            "image": "https://code.s3.yandex.net/react/code/bun-01.png",
            "image_mobile": "https://code.s3.yandex.net/react/code/bun-01-mobile.png",
            "image_large": "https://code.s3.yandex.net/react/code/bun-01-large.png",
            "__v": 0
        },
        {
            "_id": "61c0c5a71d1f82001bdaaa6f",
            "name": "Мясо бессмертных моллюсков Protostomia",
            "type": "main",
            "proteins": 433,
            "fat": 244,
            "carbohydrates": 33,
            "calories": 420,
            "price": 1337,
            "image": "https://code.s3.yandex.net/react/code/meat-02.png",
            "image_mobile": "https://code.s3.yandex.net/react/code/meat-02-mobile.png",
            "image_large": "https://code.s3.yandex.net/react/code/meat-02-large.png",
            "__v": 0
        },
        {
            "_id": "61c0c5a71d1f82001bdaaa70",
            "name": "Говяжий метеорит (отбивная)",
            "type": "main",
            "proteins": 800,
            "fat": 800,
            "carbohydrates": 300,
            "calories": 2674,
            "price": 3000,
            "image": "https://code.s3.yandex.net/react/code/meat-04.png",
            "image_mobile": "https://code.s3.yandex.net/react/code/meat-04-mobile.png",
            "image_large": "https://code.s3.yandex.net/react/code/meat-04-large.png",
            "__v": 0
        },
        {
            "_id": "61c0c5a71d1f82001bdaaa71",
            "name": "Биокотлета из марсианской Магнолии",
            "type": "main",
            "proteins": 420,
            "fat": 142,
            "carbohydrates": 242,
            "calories": 4242,
            "price": 424,
            "image": "https://code.s3.yandex.net/react/code/meat-01.png",
            "image_mobile": "https://code.s3.yandex.net/react/code/meat-01-mobile.png",
            "image_large": "https://code.s3.yandex.net/react/code/meat-01-large.png",
            "__v": 0
        },
        {
            "_id": "61c0c5a71d1f82001bdaaa72",
            "name": "Соус Spicy-X",
            "type": "sauce",
            "proteins": 30,
            "fat": 20,
            "carbohydrates": 40,
            "calories": 30,
            "price": 90,
            "image": "https://code.s3.yandex.net/react/code/sauce-02.png",
            "image_mobile": "https://code.s3.yandex.net/react/code/sauce-02-mobile.png",
            "image_large": "https://code.s3.yandex.net/react/code/sauce-02-large.png",
            "__v": 0
        },
        {
            "_id": "61c0c5a71d1f82001bdaaa6e",
            "name": "Филе Люминесцентного тетраодонтимформа",
            "type": "main",
            "proteins": 44,
            "fat": 26,
            "carbohydrates": 85,
            "calories": 643,
            "price": 988,
            "image": "https://code.s3.yandex.net/react/code/meat-03.png",
            "image_mobile": "https://code.s3.yandex.net/react/code/meat-03-mobile.png",
            "image_large": "https://code.s3.yandex.net/react/code/meat-03-large.png",
            "__v": 0
        },
        {
            "_id": "61c0c5a71d1f82001bdaaa73",
            "name": "Соус фирменный Space Sauce",
            "type": "sauce",
            "proteins": 50,
            "fat": 22,
            "carbohydrates": 11,
            "calories": 14,
            "price": 80,
            "image": "https://code.s3.yandex.net/react/code/sauce-04.png",
            "image_mobile": "https://code.s3.yandex.net/react/code/sauce-04-mobile.png",
            "image_large": "https://code.s3.yandex.net/react/code/sauce-04-large.png",
            "__v": 0
        },
        {
            "_id": "61c0c5a71d1f82001bdaaa74",
            "name": "Соус традиционный галактический",
            "type": "sauce",
            "proteins": 42,
            "fat": 24,
            "carbohydrates": 42,
            "calories": 99,
            "price": 15,
            "image": "https://code.s3.yandex.net/react/code/sauce-03.png",
            "image_mobile": "https://code.s3.yandex.net/react/code/sauce-03-mobile.png",
            "image_large": "https://code.s3.yandex.net/react/code/sauce-03-large.png",
            "__v": 0
        },
        {
            "_id": "61c0c5a71d1f82001bdaaa6c",
            "name": "Краторная булка N-200i",
            "type": "bun",
            "proteins": 80,
            "fat": 24,
            "carbohydrates": 53,
            "calories": 420,
            "price": 1255,
            "image": "https://code.s3.yandex.net/react/code/bun-02.png",
            "image_mobile": "https://code.s3.yandex.net/react/code/bun-02-mobile.png",
            "image_large": "https://code.s3.yandex.net/react/code/bun-02-large.png",
            "__v": 0
        },
        {
            "_id": "61c0c5a71d1f82001bdaaa75",
            "name": "Соус с шипами Антарианского плоскоходца",
            "type": "sauce",
            "proteins": 101,
            "fat": 99,
            "carbohydrates": 100,
            "calories": 100,
            "price": 88,
            "image": "https://code.s3.yandex.net/react/code/sauce-01.png",
            "image_mobile": "https://code.s3.yandex.net/react/code/sauce-01-mobile.png",
            "image_large": "https://code.s3.yandex.net/react/code/sauce-01-large.png",
            "__v": 0
        },
        {
            "_id": "61c0c5a71d1f82001bdaaa76",
            "name": "Хрустящие минеральные кольца",
            "type": "main",
            "proteins": 808,
            "fat": 689,
            "carbohydrates": 609,
            "calories": 986,
            "price": 300,
            "image": "https://code.s3.yandex.net/react/code/mineral_rings.png",
            "image_mobile": "https://code.s3.yandex.net/react/code/mineral_rings-mobile.png",
            "image_large": "https://code.s3.yandex.net/react/code/mineral_rings-large.png",
            "__v": 0
        },
        {
            "_id": "61c0c5a71d1f82001bdaaa77",
            "name": "Плоды Фалленианского дерева",
            "type": "main",
            "proteins": 20,
            "fat": 5,
            "carbohydrates": 55,
            "calories": 77,
            "price": 874,
            "image": "https://code.s3.yandex.net/react/code/sp_1.png",
            "image_mobile": "https://code.s3.yandex.net/react/code/sp_1-mobile.png",
            "image_large": "https://code.s3.yandex.net/react/code/sp_1-large.png",
            "__v": 0
        },
        {
            "_id": "61c0c5a71d1f82001bdaaa78",
            "name": "Кристаллы марсианских альфа-сахаридов",
            "type": "main",
            "proteins": 234,
            "fat": 432,
            "carbohydrates": 111,
            "calories": 189,
            "price": 762,
            "image": "https://code.s3.yandex.net/react/code/core.png",
            "image_mobile": "https://code.s3.yandex.net/react/code/core-mobile.png",
            "image_large": "https://code.s3.yandex.net/react/code/core-large.png",
            "__v": 0
        },
        {
            "_id": "61c0c5a71d1f82001bdaaa79",
            "name": "Мини-салат Экзо-Плантаго",
            "type": "main",
            "proteins": 1,
            "fat": 2,
            "carbohydrates": 3,
            "calories": 6,
            "price": 4400,
            "image": "https://code.s3.yandex.net/react/code/salad.png",
            "image_mobile": "https://code.s3.yandex.net/react/code/salad-mobile.png",
            "image_large": "https://code.s3.yandex.net/react/code/salad-large.png",
            "__v": 0
        },
        {
            "_id": "61c0c5a71d1f82001bdaaa7a",
            "name": "Сыр с астероидной плесенью",
            "type": "main",
            "proteins": 84,
            "fat": 48,
            "carbohydrates": 420,
            "calories": 3377,
            "price": 4142,
            "image": "https://code.s3.yandex.net/react/code/cheese.png",
            "image_mobile": "https://code.s3.yandex.net/react/code/cheese-mobile.png",
            "image_large": "https://code.s3.yandex.net/react/code/cheese-large.png",
            "__v": 0
        }
    ]
}
HTTP/1.1 200 OK
Server: nginx/1.24.0 (Ubuntu)
Date: Mon, 02 Feb 2026 20:03:15 GMT
Content-Type: application/json; charset=utf-8
Content-Length: 5957
Connection: keep-alive
X-Powered-By: Express
Access-Control-Allow-Origin: *
ETag: W/"1745-LHZ7D8kBZWcbCGljCoPXtjB5CeA"

{
    "success": true,
    "data": [
        {
            "_id": "61c0c5a71d1f82001bdaaa6d",
            "name": "Флюоресцентная булка R2-D3",
            "type": "bun",
            "proteins": 44,
            "fat": 26,
            "carbohydrates": 85,
            "calories": 643,
            "price": 988,
            "image": "https://code.s3.yandex.net/react/code/bun-01.png",
            "image_mobile": "https://code.s3.yandex.net/react/code/bun-01-mobile.png",
            "image_large": "https://code.s3.yandex.net/react/code/bun-01-large.png",
            "__v": 0
        },
        {
            "_id": "61c0c5a71d1f82001bdaaa6f",
            "name": "Мясо бессмертных моллюсков Protostomia",
            "type": "main",
            "proteins": 433,
            "fat": 244,
            "carbohydrates": 33,
            "calories": 420,
            "price": 1337,
            "image": "https://code.s3.yandex.net/react/code/meat-02.png",
            "image_mobile": "https://code.s3.yandex.net/react/code/meat-02-mobile.png",
            "image_large": "https://code.s3.yandex.net/react/code/meat-02-large.png",
            "__v": 0
        },
        {
            "_id": "61c0c5a71d1f82001bdaaa70",
            "name": "Говяжий метеорит (отбивная)",
            "type": "main",
            "proteins": 800,
            "fat": 800,
            "carbohydrates": 300,
            "calories": 2674,
            "price": 3000,
            "image": "https://code.s3.yandex.net/react/code/meat-04.png",
            "image_mobile": "https://code.s3.yandex.net/react/code/meat-04-mobile.png",
            "image_large": "https://code.s3.yandex.net/react/code/meat-04-large.png",
            "__v": 0
        },
        {
            "_id": "61c0c5a71d1f82001bdaaa71",
            "name": "Биокотлета из марсианской Магнолии",
            "type": "main",
            "proteins": 420,
            "fat": 142,
            "carbohydrates": 242,
            "calories": 4242,
            "price": 424,
            "image": "https://code.s3.yandex.net/react/code/meat-01.png",
            "image_mobile": "https://code.s3.yandex.net/react/code/meat-01-mobile.png",
            "image_large": "https://code.s3.yandex.net/react/code/meat-01-large.png",
            "__v": 0
        },
        {
            "_id": "61c0c5a71d1f82001bdaaa72",
            "name": "Соус Spicy-X",
            "type": "sauce",
            "proteins": 30,
            "fat": 20,
            "carbohydrates": 40,
            "calories": 30,
            "price": 90,
            "image": "https://code.s3.yandex.net/react/code/sauce-02.png",
            "image_mobile": "https://code.s3.yandex.net/react/code/sauce-02-mobile.png",
            "image_large": "https://code.s3.yandex.net/react/code/sauce-02-large.png",
            "__v": 0
        },
        {
            "_id": "61c0c5a71d1f82001bdaaa6e",
            "name": "Филе Люминесцентного тетраодонтимформа",
            "type": "main",
            "proteins": 44,
            "fat": 26,
            "carbohydrates": 85,
            "calories": 643,
            "price": 988,
            "image": "https://code.s3.yandex.net/react/code/meat-03.png",
            "image_mobile": "https://code.s3.yandex.net/react/code/meat-03-mobile.png",
            "image_large": "https://code.s3.yandex.net/react/code/meat-03-large.png",
            "__v": 0
        },
        {
            "_id": "61c0c5a71d1f82001bdaaa73",
            "name": "Соус фирменный Space Sauce",
            "type": "sauce",
            "proteins": 50,
            "fat": 22,
            "carbohydrates": 11,
            "calories": 14,
            "price": 80,
            "image": "https://code.s3.yandex.net/react/code/sauce-04.png",
            "image_mobile": "https://code.s3.yandex.net/react/code/sauce-04-mobile.png",
            "image_large": "https://code.s3.yandex.net/react/code/sauce-04-large.png",
            "__v": 0
        },
        {
            "_id": "61c0c5a71d1f82001bdaaa74",
            "name": "Соус традиционный галактический",
            "type": "sauce",
            "proteins": 42,
            "fat": 24,
            "carbohydrates": 42,
            "calories": 99,
            "price": 15,
            "image": "https://code.s3.yandex.net/react/code/sauce-03.png",
            "image_mobile": "https://code.s3.yandex.net/react/code/sauce-03-mobile.png",
            "image_large": "https://code.s3.yandex.net/react/code/sauce-03-large.png",
            "__v": 0
        },
        {
            "_id": "61c0c5a71d1f82001bdaaa6c",
            "name": "Краторная булка N-200i",
            "type": "bun",
            "proteins": 80,
            "fat": 24,
            "carbohydrates": 53,
            "calories": 420,
            "price": 1255,
            "image": "https://code.s3.yandex.net/react/code/bun-02.png",
            "image_mobile": "https://code.s3.yandex.net/react/code/bun-02-mobile.png",
            "image_large": "https://code.s3.yandex.net/react/code/bun-02-large.png",
            "__v": 0
        },
        {
            "_id": "61c0c5a71d1f82001bdaaa75",
            "name": "Соус с шипами Антарианского плоскоходца",
            "type": "sauce",
            "proteins": 101,
            "fat": 99,
            "carbohydrates": 100,
            "calories": 100,
            "price": 88,
            "image": "https://code.s3.yandex.net/react/code/sauce-01.png",
            "image_mobile": "https://code.s3.yandex.net/react/code/sauce-01-mobile.png",
            "image_large": "https://code.s3.yandex.net/react/code/sauce-01-large.png",
            "__v": 0
        },
        {
            "_id": "61c0c5a71d1f82001bdaaa76",
            "name": "Хрустящие минеральные кольца",
            "type": "main",
            "proteins": 808,
            "fat": 689,
            "carbohydrates": 609,
            "calories": 986,
            "price": 300,
            "image": "https://code.s3.yandex.net/react/code/mineral_rings.png",
            "image_mobile": "https://code.s3.yandex.net/react/code/mineral_rings-mobile.png",
            "image_large": "https://code.s3.yandex.net/react/code/mineral_rings-large.png",
            "__v": 0
        },
        {
            "_id": "61c0c5a71d1f82001bdaaa77",
            "name": "Плоды Фалленианского дерева",
            "type": "main",
            "proteins": 20,
            "fat": 5,
            "carbohydrates": 55,
            "calories": 77,
            "price": 874,
            "image": "https://code.s3.yandex.net/react/code/sp_1.png",
            "image_mobile": "https://code.s3.yandex.net/react/code/sp_1-mobile.png",
            "image_large": "https://code.s3.yandex.net/react/code/sp_1-large.png",
            "__v": 0
        },
        {
            "_id": "61c0c5a71d1f82001bdaaa78",
            "name": "Кристаллы марсианских альфа-сахаридов",
            "type": "main",
            "proteins": 234,
            "fat": 432,
            "carbohydrates": 111,
            "calories": 189,
            "price": 762,
            "image": "https://code.s3.yandex.net/react/code/core.png",
            "image_mobile": "https://code.s3.yandex.net/react/code/core-mobile.png",
            "image_large": "https://code.s3.yandex.net/react/code/core-large.png",
            "__v": 0
        },
        {
            "_id": "61c0c5a71d1f82001bdaaa79",
            "name": "Мини-салат Экзо-Плантаго",
            "type": "main",
            "proteins": 1,
            "fat": 2,
            "carbohydrates": 3,
            "calories": 6,
            "price": 4400,
            "image": "https://code.s3.yandex.net/react/code/salad.png",
            "image_mobile": "https://code.s3.yandex.net/react/code/salad-mobile.png",
            "image_large": "https://code.s3.yandex.net/react/code/salad-large.png",
            "__v": 0
        },
        {
            "_id": "61c0c5a71d1f82001bdaaa7a",
            "name": "Сыр с астероидной плесенью",
            "type": "main",
            "proteins": 84,
            "fat": 48,
            "carbohydrates": 420,
            "calories": 3377,
            "price": 4142,
            "image": "https://code.s3.yandex.net/react/code/cheese.png",
            "image_mobile": "https://code.s3.yandex.net/react/code/cheese-mobile.png",
            "image_large": "https://code.s3.yandex.net/react/code/cheese-large.png",
            "__v": 0
        }
    ]
}
HTTP/1.1 200 OK
Server: nginx/1.24.0 (Ubuntu)
Date: Mon, 02 Feb 2026 20:03:15 GMT
Content-Type: application/json; charset=utf-8
Content-Length: 5957
Connection: keep-alive
X-Powered-By: Express
Access-Control-Allow-Origin: *
ETag: W/"1745-LHZ7D8kBZWcbCGljCoPXtjB5CeA"

{
    "success": true,
    "data": [
        {
            "_id": "61c0c5a71d1f82001bdaaa6d",
            "name": "Флюоресцентная булка R2-D3",
            "type": "bun",
            "proteins": 44,
            "fat": 26,
            "carbohydrates": 85,
            "calories": 643,
            "price": 988,
            "image": "https://code.s3.yandex.net/react/code/bun-01.png",
            "image_mobile": "https://code.s3.yandex.net/react/code/bun-01-mobile.png",
            "image_large": "https://code.s3.yandex.net/react/code/bun-01-large.png",
            "__v": 0
        },
        {
            "_id": "61c0c5a71d1f82001bdaaa6f",
            "name": "Мясо бессмертных моллюсков Protostomia",
            "type": "main",
            "proteins": 433,
            "fat": 244,
            "carbohydrates": 33,
            "calories": 420,
            "price": 1337,
            "image": "https://code.s3.yandex.net/react/code/meat-02.png",
            "image_mobile": "https://code.s3.yandex.net/react/code/meat-02-mobile.png",
            "image_large": "https://code.s3.yandex.net/react/code/meat-02-large.png",
            "__v": 0
        },
        {
            "_id": "61c0c5a71d1f82001bdaaa70",
            "name": "Говяжий метеорит (отбивная)",
            "type": "main",
            "proteins": 800,
            "fat": 800,
            "carbohydrates": 300,
            "calories": 2674,
            "price": 3000,
            "image": "https://code.s3.yandex.net/react/code/meat-04.png",
            "image_mobile": "https://code.s3.yandex.net/react/code/meat-04-mobile.png",
            "image_large": "https://code.s3.yandex.net/react/code/meat-04-large.png",
            "__v": 0
        },
        {
            "_id": "61c0c5a71d1f82001bdaaa71",
            "name": "Биокотлета из марсианской Магнолии",
            "type": "main",
            "proteins": 420,
            "fat": 142,
            "carbohydrates": 242,
            "calories": 4242,
            "price": 424,
            "image": "https://code.s3.yandex.net/react/code/meat-01.png",
            "image_mobile": "https://code.s3.yandex.net/react/code/meat-01-mobile.png",
            "image_large": "https://code.s3.yandex.net/react/code/meat-01-large.png",
            "__v": 0
        },
        {
            "_id": "61c0c5a71d1f82001bdaaa72",
            "name": "Соус Spicy-X",
            "type": "sauce",
            "proteins": 30,
            "fat": 20,
            "carbohydrates": 40,
            "calories": 30,
            "price": 90,
            "image": "https://code.s3.yandex.net/react/code/sauce-02.png",
            "image_mobile": "https://code.s3.yandex.net/react/code/sauce-02-mobile.png",
            "image_large": "https://code.s3.yandex.net/react/code/sauce-02-large.png",
            "__v": 0
        },
        {
            "_id": "61c0c5a71d1f82001bdaaa6e",
            "name": "Филе Люминесцентного тетраодонтимформа",
            "type": "main",
            "proteins": 44,
            "fat": 26,
            "carbohydrates": 85,
            "calories": 643,
            "price": 988,
            "image": "https://code.s3.yandex.net/react/code/meat-03.png",
            "image_mobile": "https://code.s3.yandex.net/react/code/meat-03-mobile.png",
            "image_large": "https://code.s3.yandex.net/react/code/meat-03-large.png",
            "__v": 0
        },
        {
            "_id": "61c0c5a71d1f82001bdaaa73",
            "name": "Соус фирменный Space Sauce",
            "type": "sauce",
            "proteins": 50,
            "fat": 22,
            "carbohydrates": 11,
            "calories": 14,
            "price": 80,
            "image": "https://code.s3.yandex.net/react/code/sauce-04.png",
            "image_mobile": "https://code.s3.yandex.net/react/code/sauce-04-mobile.png",
            "image_large": "https://code.s3.yandex.net/react/code/sauce-04-large.png",
            "__v": 0
        },
        {
            "_id": "61c0c5a71d1f82001bdaaa74",
            "name": "Соус традиционный галактический",
            "type": "sauce",
            "proteins": 42,
            "fat": 24,
            "carbohydrates": 42,
            "calories": 99,
            "price": 15,
            "image": "https://code.s3.yandex.net/react/code/sauce-03.png",
            "image_mobile": "https://code.s3.yandex.net/react/code/sauce-03-mobile.png",
            "image_large": "https://code.s3.yandex.net/react/code/sauce-03-large.png",
            "__v": 0
        },
        {
            "_id": "61c0c5a71d1f82001bdaaa6c",
            "name": "Краторная булка N-200i",
            "type": "bun",
            "proteins": 80,
            "fat": 24,
            "carbohydrates": 53,
            "calories": 420,
            "price": 1255,
            "image": "https://code.s3.yandex.net/react/code/bun-02.png",
            "image_mobile": "https://code.s3.yandex.net/react/code/bun-02-mobile.png",
            "image_large": "https://code.s3.yandex.net/react/code/bun-02-large.png",
            "__v": 0
        },
        {
            "_id": "61c0c5a71d1f82001bdaaa75",
            "name": "Соус с шипами Антарианского плоскоходца",
            "type": "sauce",
            "proteins": 101,
            "fat": 99,
            "carbohydrates": 100,
            "calories": 100,
            "price": 88,
            "image": "https://code.s3.yandex.net/react/code/sauce-01.png",
            "image_mobile": "https://code.s3.yandex.net/react/code/sauce-01-mobile.png",
            "image_large": "https://code.s3.yandex.net/react/code/sauce-01-large.png",
            "__v": 0
        },
        {
            "_id": "61c0c5a71d1f82001bdaaa76",
            "name": "Хрустящие минеральные кольца",
            "type": "main",
            "proteins": 808,
            "fat": 689,
            "carbohydrates": 609,
            "calories": 986,
            "price": 300,
            "image": "https://code.s3.yandex.net/react/code/mineral_rings.png",
            "image_mobile": "https://code.s3.yandex.net/react/code/mineral_rings-mobile.png",
            "image_large": "https://code.s3.yandex.net/react/code/mineral_rings-large.png",
            "__v": 0
        },
        {
            "_id": "61c0c5a71d1f82001bdaaa77",
            "name": "Плоды Фалленианского дерева",
            "type": "main",
            "proteins": 20,
            "fat": 5,
            "carbohydrates": 55,
            "calories": 77,
            "price": 874,
            "image": "https://code.s3.yandex.net/react/code/sp_1.png",
            "image_mobile": "https://code.s3.yandex.net/react/code/sp_1-mobile.png",
            "image_large": "https://code.s3.yandex.net/react/code/sp_1-large.png",
            "__v": 0
        },
        {
            "_id": "61c0c5a71d1f82001bdaaa78",
            "name": "Кристаллы марсианских альфа-сахаридов",
            "type": "main",
            "proteins": 234,
            "fat": 432,
            "carbohydrates": 111,
            "calories": 189,
            "price": 762,
            "image": "https://code.s3.yandex.net/react/code/core.png",
            "image_mobile": "https://code.s3.yandex.net/react/code/core-mobile.png",
            "image_large": "https://code.s3.yandex.net/react/code/core-large.png",
            "__v": 0
        },
        {
            "_id": "61c0c5a71d1f82001bdaaa79",
            "name": "Мини-салат Экзо-Плантаго",
            "type": "main",
            "proteins": 1,
            "fat": 2,
            "carbohydrates": 3,
            "calories": 6,
            "price": 4400,
            "image": "https://code.s3.yandex.net/react/code/salad.png",
            "image_mobile": "https://code.s3.yandex.net/react/code/salad-mobile.png",
            "image_large": "https://code.s3.yandex.net/react/code/salad-large.png",
            "__v": 0
        },
        {
            "_id": "61c0c5a71d1f82001bdaaa7a",
            "name": "Сыр с астероидной плесенью",
            "type": "main",
            "proteins": 84,
            "fat": 48,
            "carbohydrates": 420,
            "calories": 3377,
            "price": 4142,
            "image": "https://code.s3.yandex.net/react/code/cheese.png",
            "image_mobile": "https://code.s3.yandex.net/react/code/cheese-mobile.png",
            "image_large": "https://code.s3.yandex.net/react/code/cheese-large.png",
            "__v": 0
        }
    ]
}
HTTP/1.1 200 OK
Server: nginx/1.24.0 (Ubuntu)
Date: Mon, 02 Feb 2026 20:03:15 GMT
Content-Type: application/json; charset=utf-8
Content-Length: 5957
Connection: keep-alive
X-Powered-By: Express
Access-Control-Allow-Origin: *
ETag: W/"1745-LHZ7D8kBZWcbCGljCoPXtjB5CeA"

{
    "success": true,
    "data": [
        {
            "_id": "61c0c5a71d1f82001bdaaa6d",
            "name": "Флюоресцентная булка R2-D3",
            "type": "bun",
            "proteins": 44,
            "fat": 26,
            "carbohydrates": 85,
            "calories": 643,
            "price": 988,
            "image": "https://code.s3.yandex.net/react/code/bun-01.png",
            "image_mobile": "https://code.s3.yandex.net/react/code/bun-01-mobile.png",
            "image_large": "https://code.s3.yandex.net/react/code/bun-01-large.png",
            "__v": 0
        },
        {
            "_id": "61c0c5a71d1f82001bdaaa6f",
            "name": "Мясо бессмертных моллюсков Protostomia",
            "type": "main",
            "proteins": 433,
            "fat": 244,
            "carbohydrates": 33,
            "calories": 420,
            "price": 1337,
            "image": "https://code.s3.yandex.net/react/code/meat-02.png",
            "image_mobile": "https://code.s3.yandex.net/react/code/meat-02-mobile.png",
            "image_large": "https://code.s3.yandex.net/react/code/meat-02-large.png",
            "__v": 0
        },
        {
            "_id": "61c0c5a71d1f82001bdaaa70",
            "name": "Говяжий метеорит (отбивная)",
            "type": "main",
            "proteins": 800,
            "fat": 800,
            "carbohydrates": 300,
            "calories": 2674,
            "price": 3000,
            "image": "https://code.s3.yandex.net/react/code/meat-04.png",
            "image_mobile": "https://code.s3.yandex.net/react/code/meat-04-mobile.png",
            "image_large": "https://code.s3.yandex.net/react/code/meat-04-large.png",
            "__v": 0
        },
        {
            "_id": "61c0c5a71d1f82001bdaaa71",
            "name": "Биокотлета из марсианской Магнолии",
            "type": "main",
            "proteins": 420,
            "fat": 142,
            "carbohydrates": 242,
            "calories": 4242,
            "price": 424,
            "image": "https://code.s3.yandex.net/react/code/meat-01.png",
            "image_mobile": "https://code.s3.yandex.net/react/code/meat-01-mobile.png",
            "image_large": "https://code.s3.yandex.net/react/code/meat-01-large.png",
            "__v": 0
        },
        {
            "_id": "61c0c5a71d1f82001bdaaa72",
            "name": "Соус Spicy-X",
            "type": "sauce",
            "proteins": 30,
            "fat": 20,
            "carbohydrates": 40,
            "calories": 30,
            "price": 90,
            "image": "https://code.s3.yandex.net/react/code/sauce-02.png",
            "image_mobile": "https://code.s3.yandex.net/react/code/sauce-02-mobile.png",
            "image_large": "https://code.s3.yandex.net/react/code/sauce-02-large.png",
            "__v": 0
        },
        {
            "_id": "61c0c5a71d1f82001bdaaa6e",
            "name": "Филе Люминесцентного тетраодонтимформа",
            "type": "main",
            "proteins": 44,
            "fat": 26,
            "carbohydrates": 85,
            "calories": 643,
            "price": 988,
            "image": "https://code.s3.yandex.net/react/code/meat-03.png",
            "image_mobile": "https://code.s3.yandex.net/react/code/meat-03-mobile.png",
            "image_large": "https://code.s3.yandex.net/react/code/meat-03-large.png",
            "__v": 0
        },
        {
            "_id": "61c0c5a71d1f82001bdaaa73",
            "name": "Соус фирменный Space Sauce",
            "type": "sauce",
            "proteins": 50,
            "fat": 22,
            "carbohydrates": 11,
            "calories": 14,
            "price": 80,
            "image": "https://code.s3.yandex.net/react/code/sauce-04.png",
            "image_mobile": "https://code.s3.yandex.net/react/code/sauce-04-mobile.png",
            "image_large": "https://code.s3.yandex.net/react/code/sauce-04-large.png",
            "__v": 0
        },
        {
            "_id": "61c0c5a71d1f82001bdaaa74",
            "name": "Соус традиционный галактический",
            "type": "sauce",
            "proteins": 42,
            "fat": 24,
            "carbohydrates": 42,
            "calories": 99,
            "price": 15,
            "image": "https://code.s3.yandex.net/react/code/sauce-03.png",
            "image_mobile": "https://code.s3.yandex.net/react/code/sauce-03-mobile.png",
            "image_large": "https://code.s3.yandex.net/react/code/sauce-03-large.png",
            "__v": 0
        },
        {
            "_id": "61c0c5a71d1f82001bdaaa6c",
            "name": "Краторная булка N-200i",
            "type": "bun",
            "proteins": 80,
            "fat": 24,
            "carbohydrates": 53,
            "calories": 420,
            "price": 1255,
            "image": "https://code.s3.yandex.net/react/code/bun-02.png",
            "image_mobile": "https://code.s3.yandex.net/react/code/bun-02-mobile.png",
            "image_large": "https://code.s3.yandex.net/react/code/bun-02-large.png",
            "__v": 0
        },
        {
            "_id": "61c0c5a71d1f82001bdaaa75",
            "name": "Соус с шипами Антарианского плоскоходца",
            "type": "sauce",
            "proteins": 101,
            "fat": 99,
            "carbohydrates": 100,
            "calories": 100,
            "price": 88,
            "image": "https://code.s3.yandex.net/react/code/sauce-01.png",
            "image_mobile": "https://code.s3.yandex.net/react/code/sauce-01-mobile.png",
            "image_large": "https://code.s3.yandex.net/react/code/sauce-01-large.png",
            "__v": 0
        },
        {
            "_id": "61c0c5a71d1f82001bdaaa76",
            "name": "Хрустящие минеральные кольца",
            "type": "main",
            "proteins": 808,
            "fat": 689,
            "carbohydrates": 609,
            "calories": 986,
            "price": 300,
            "image": "https://code.s3.yandex.net/react/code/mineral_rings.png",
            "image_mobile": "https://code.s3.yandex.net/react/code/mineral_rings-mobile.png",
            "image_large": "https://code.s3.yandex.net/react/code/mineral_rings-large.png",
            "__v": 0
        },
        {
            "_id": "61c0c5a71d1f82001bdaaa77",
            "name": "Плоды Фалленианского дерева",
            "type": "main",
            "proteins": 20,
            "fat": 5,
            "carbohydrates": 55,
            "calories": 77,
            "price": 874,
            "image": "https://code.s3.yandex.net/react/code/sp_1.png",
            "image_mobile": "https://code.s3.yandex.net/react/code/sp_1-mobile.png",
            "image_large": "https://code.s3.yandex.net/react/code/sp_1-large.png",
            "__v": 0
        },
        {
            "_id": "61c0c5a71d1f82001bdaaa78",
            "name": "Кристаллы марсианских альфа-сахаридов",
            "type": "main",
            "proteins": 234,
            "fat": 432,
            "carbohydrates": 111,
            "calories": 189,
            "price": 762,
            "image": "https://code.s3.yandex.net/react/code/core.png",
            "image_mobile": "https://code.s3.yandex.net/react/code/core-mobile.png",
            "image_large": "https://code.s3.yandex.net/react/code/core-large.png",
            "__v": 0
        },
        {
            "_id": "61c0c5a71d1f82001bdaaa79",
            "name": "Мини-салат Экзо-Плантаго",
            "type": "main",
            "proteins": 1,
            "fat": 2,
            "carbohydrates": 3,
            "calories": 6,
            "price": 4400,
            "image": "https://code.s3.yandex.net/react/code/salad.png",
            "image_mobile": "https://code.s3.yandex.net/react/code/salad-mobile.png",
            "image_large": "https://code.s3.yandex.net/react/code/salad-large.png",
            "__v": 0
        },
        {
            "_id": "61c0c5a71d1f82001bdaaa7a",
            "name": "Сыр с астероидной плесенью",
            "type": "main",
            "proteins": 84,
            "fat": 48,
            "carbohydrates": 420,
            "calories": 3377,
            "price": 4142,
            "image": "https://code.s3.yandex.net/react/code/cheese.png",
            "image_mobile": "https://code.s3.yandex.net/react/code/cheese-mobile.png",
            "image_large": "https://code.s3.yandex.net/react/code/cheese-large.png",
            "__v": 0
        }
    ]
}
HTTP/1.1 200 OK
Server: nginx/1.24.0 (Ubuntu)
Date: Mon, 02 Feb 2026 20:03:15 GMT
Content-Type: application/json; charset=utf-8
Content-Length: 5957
Connection: keep-alive
X-Powered-By: Express
Access-Control-Allow-Origin: *
ETag: W/"1745-LHZ7D8kBZWcbCGljCoPXtjB5CeA"

{
    "success": true,
    "data": [
        {
            "_id": "61c0c5a71d1f82001bdaaa6d",
            "name": "Флюоресцентная булка R2-D3",
            "type": "bun",
            "proteins": 44,
            "fat": 26,
            "carbohydrates": 85,
            "calories": 643,
            "price": 988,
            "image": "https://code.s3.yandex.net/react/code/bun-01.png",
            "image_mobile": "https://code.s3.yandex.net/react/code/bun-01-mobile.png",
            "image_large": "https://code.s3.yandex.net/react/code/bun-01-large.png",
            "__v": 0
        },
        {
            "_id": "61c0c5a71d1f82001bdaaa6f",
            "name": "Мясо бессмертных моллюсков Protostomia",
            "type": "main",
            "proteins": 433,
            "fat": 244,
            "carbohydrates": 33,
            "calories": 420,
            "price": 1337,
            "image": "https://code.s3.yandex.net/react/code/meat-02.png",
            "image_mobile": "https://code.s3.yandex.net/react/code/meat-02-mobile.png",
            "image_large": "https://code.s3.yandex.net/react/code/meat-02-large.png",
            "__v": 0
        },
        {
            "_id": "61c0c5a71d1f82001bdaaa70",
            "name": "Говяжий метеорит (отбивная)",
            "type": "main",
            "proteins": 800,
            "fat": 800,
            "carbohydrates": 300,
            "calories": 2674,
            "price": 3000,
            "image": "https://code.s3.yandex.net/react/code/meat-04.png",
            "image_mobile": "https://code.s3.yandex.net/react/code/meat-04-mobile.png",
            "image_large": "https://code.s3.yandex.net/react/code/meat-04-large.png",
            "__v": 0
        },
        {
            "_id": "61c0c5a71d1f82001bdaaa71",
            "name": "Биокотлета из марсианской Магнолии",
            "type": "main",
            "proteins": 420,
            "fat": 142,
            "carbohydrates": 242,
            "calories": 4242,
            "price": 424,
            "image": "https://code.s3.yandex.net/react/code/meat-01.png",
            "image_mobile": "https://code.s3.yandex.net/react/code/meat-01-mobile.png",
            "image_large": "https://code.s3.yandex.net/react/code/meat-01-large.png",
            "__v": 0
        },
        {
            "_id": "61c0c5a71d1f82001bdaaa72",
            "name": "Соус Spicy-X",
            "type": "sauce",
            "proteins": 30,
            "fat": 20,
            "carbohydrates": 40,
            "calories": 30,
            "price": 90,
            "image": "https://code.s3.yandex.net/react/code/sauce-02.png",
            "image_mobile": "https://code.s3.yandex.net/react/code/sauce-02-mobile.png",
            "image_large": "https://code.s3.yandex.net/react/code/sauce-02-large.png",
            "__v": 0
        },
        {
            "_id": "61c0c5a71d1f82001bdaaa6e",
            "name": "Филе Люминесцентного тетраодонтимформа",
            "type": "main",
            "proteins": 44,
            "fat": 26,
            "carbohydrates": 85,
            "calories": 643,
            "price": 988,
            "image": "https://code.s3.yandex.net/react/code/meat-03.png",
            "image_mobile": "https://code.s3.yandex.net/react/code/meat-03-mobile.png",
            "image_large": "https://code.s3.yandex.net/react/code/meat-03-large.png",
            "__v": 0
        },
        {
            "_id": "61c0c5a71d1f82001bdaaa73",
            "name": "Соус фирменный Space Sauce",
            "type": "sauce",
            "proteins": 50,
            "fat": 22,
            "carbohydrates": 11,
            "calories": 14,
            "price": 80,
            "image": "https://code.s3.yandex.net/react/code/sauce-04.png",
            "image_mobile": "https://code.s3.yandex.net/react/code/sauce-04-mobile.png",
            "image_large": "https://code.s3.yandex.net/react/code/sauce-04-large.png",
            "__v": 0
        },
        {
            "_id": "61c0c5a71d1f82001bdaaa74",
            "name": "Соус традиционный галактический",
            "type": "sauce",
            "proteins": 42,
            "fat": 24,
            "carbohydrates": 42,
            "calories": 99,
            "price": 15,
            "image": "https://code.s3.yandex.net/react/code/sauce-03.png",
            "image_mobile": "https://code.s3.yandex.net/react/code/sauce-03-mobile.png",
            "image_large": "https://code.s3.yandex.net/react/code/sauce-03-large.png",
            "__v": 0
        },
        {
            "_id": "61c0c5a71d1f82001bdaaa6c",
            "name": "Краторная булка N-200i",
            "type": "bun",
            "proteins": 80,
            "fat": 24,
            "carbohydrates": 53,
            "calories": 420,
            "price": 1255,
            "image": "https://code.s3.yandex.net/react/code/bun-02.png",
            "image_mobile": "https://code.s3.yandex.net/react/code/bun-02-mobile.png",
            "image_large": "https://code.s3.yandex.net/react/code/bun-02-large.png",
            "__v": 0
        },
        {
            "_id": "61c0c5a71d1f82001bdaaa75",
            "name": "Соус с шипами Антарианского плоскоходца",
            "type": "sauce",
            "proteins": 101,
            "fat": 99,
            "carbohydrates": 100,
            "calories": 100,
            "price": 88,
            "image": "https://code.s3.yandex.net/react/code/sauce-01.png",
            "image_mobile": "https://code.s3.yandex.net/react/code/sauce-01-mobile.png",
            "image_large": "https://code.s3.yandex.net/react/code/sauce-01-large.png",
            "__v": 0
        },
        {
            "_id": "61c0c5a71d1f82001bdaaa76",
            "name": "Хрустящие минеральные кольца",
            "type": "main",
            "proteins": 808,
            "fat": 689,
            "carbohydrates": 609,
            "calories": 986,
            "price": 300,
            "image": "https://code.s3.yandex.net/react/code/mineral_rings.png",
            "image_mobile": "https://code.s3.yandex.net/react/code/mineral_rings-mobile.png",
            "image_large": "https://code.s3.yandex.net/react/code/mineral_rings-large.png",
            "__v": 0
        },
        {
            "_id": "61c0c5a71d1f82001bdaaa77",
            "name": "Плоды Фалленианского дерева",
            "type": "main",
            "proteins": 20,
            "fat": 5,
            "carbohydrates": 55,
            "calories": 77,
            "price": 874,
            "image": "https://code.s3.yandex.net/react/code/sp_1.png",
            "image_mobile": "https://code.s3.yandex.net/react/code/sp_1-mobile.png",
            "image_large": "https://code.s3.yandex.net/react/code/sp_1-large.png",
            "__v": 0
        },
        {
            "_id": "61c0c5a71d1f82001bdaaa78",
            "name": "Кристаллы марсианских альфа-сахаридов",
            "type": "main",
            "proteins": 234,
            "fat": 432,
            "carbohydrates": 111,
            "calories": 189,
            "price": 762,
            "image": "https://code.s3.yandex.net/react/code/core.png",
            "image_mobile": "https://code.s3.yandex.net/react/code/core-mobile.png",
            "image_large": "https://code.s3.yandex.net/react/code/core-large.png",
            "__v": 0
        },
        {
            "_id": "61c0c5a71d1f82001bdaaa79",
            "name": "Мини-салат Экзо-Плантаго",
            "type": "main",
            "proteins": 1,
            "fat": 2,
            "carbohydrates": 3,
            "calories": 6,
            "price": 4400,
            "image": "https://code.s3.yandex.net/react/code/salad.png",
            "image_mobile": "https://code.s3.yandex.net/react/code/salad-mobile.png",
            "image_large": "https://code.s3.yandex.net/react/code/salad-large.png",
            "__v": 0
        },
        {
            "_id": "61c0c5a71d1f82001bdaaa7a",
            "name": "Сыр с астероидной плесенью",
            "type": "main",
            "proteins": 84,
            "fat": 48,
            "carbohydrates": 420,
            "calories": 3377,
            "price": 4142,
            "image": "https://code.s3.yandex.net/react/code/cheese.png",
            "image_mobile": "https://code.s3.yandex.net/react/code/cheese-mobile.png",
            "image_large": "https://code.s3.yandex.net/react/code/cheese-large.png",
            "__v": 0
        }
    ]
}
HTTP/1.1 200 OK
Server: nginx/1.24.0 (Ubuntu)
Date: Mon, 02 Feb 2026 20:03:15 GMT
Content-Type: application/json; charset=utf-8
Content-Length: 5957
Connection: keep-alive
X-Powered-By: Express
Access-Control-Allow-Origin: *
ETag: W/"1745-LHZ7D8kBZWcbCGljCoPXtjB5CeA"

{
    "success": true,
    "data": [
        {
            "_id": "61c0c5a71d1f82001bdaaa6d",
            "name": "Флюоресцентная булка R2-D3",
            "type": "bun",
            "proteins": 44,
            "fat": 26,
            "carbohydrates": 85,
            "calories": 643,
            "price": 988,
            "image": "https://code.s3.yandex.net/react/code/bun-01.png",
            "image_mobile": "https://code.s3.yandex.net/react/code/bun-01-mobile.png",
            "image_large": "https://code.s3.yandex.net/react/code/bun-01-large.png",
            "__v": 0
        },
        {
            "_id": "61c0c5a71d1f82001bdaaa6f",
            "name": "Мясо бессмертных моллюсков Protostomia",
            "type": "main",
            "proteins": 433,
            "fat": 244,
            "carbohydrates": 33,
            "calories": 420,
            "price": 1337,
            "image": "https://code.s3.yandex.net/react/code/meat-02.png",
            "image_mobile": "https://code.s3.yandex.net/react/code/meat-02-mobile.png",
            "image_large": "https://code.s3.yandex.net/react/code/meat-02-large.png",
            "__v": 0
        },
        {
            "_id": "61c0c5a71d1f82001bdaaa70",
            "name": "Говяжий метеорит (отбивная)",
            "type": "main",
            "proteins": 800,
            "fat": 800,
            "carbohydrates": 300,
            "calories": 2674,
            "price": 3000,
            "image": "https://code.s3.yandex.net/react/code/meat-04.png",
            "image_mobile": "https://code.s3.yandex.net/react/code/meat-04-mobile.png",
            "image_large": "https://code.s3.yandex.net/react/code/meat-04-large.png",
            "__v": 0
        },
        {
            "_id": "61c0c5a71d1f82001bdaaa71",
            "name": "Биокотлета из марсианской Магнолии",
            "type": "main",
            "proteins": 420,
            "fat": 142,
            "carbohydrates": 242,
            "calories": 4242,
            "price": 424,
            "image": "https://code.s3.yandex.net/react/code/meat-01.png",
            "image_mobile": "https://code.s3.yandex.net/react/code/meat-01-mobile.png",
            "image_large": "https://code.s3.yandex.net/react/code/meat-01-large.png",
            "__v": 0
        },
        {
            "_id": "61c0c5a71d1f82001bdaaa72",
            "name": "Соус Spicy-X",
            "type": "sauce",
            "proteins": 30,
            "fat": 20,
            "carbohydrates": 40,
            "calories": 30,
            "price": 90,
            "image": "https://code.s3.yandex.net/react/code/sauce-02.png",
            "image_mobile": "https://code.s3.yandex.net/react/code/sauce-02-mobile.png",
            "image_large": "https://code.s3.yandex.net/react/code/sauce-02-large.png",
            "__v": 0
        },
        {
            "_id": "61c0c5a71d1f82001bdaaa6e",
            "name": "Филе Люминесцентного тетраодонтимформа",
            "type": "main",
            "proteins": 44,
            "fat": 26,
            "carbohydrates": 85,
            "calories": 643,
            "price": 988,
            "image": "https://code.s3.yandex.net/react/code/meat-03.png",
            "image_mobile": "https://code.s3.yandex.net/react/code/meat-03-mobile.png",
            "image_large": "https://code.s3.yandex.net/react/code/meat-03-large.png",
            "__v": 0
        },
        {
            "_id": "61c0c5a71d1f82001bdaaa73",
            "name": "Соус фирменный Space Sauce",
            "type": "sauce",
            "proteins": 50,
            "fat": 22,
            "carbohydrates": 11,
            "calories": 14,
            "price": 80,
            "image": "https://code.s3.yandex.net/react/code/sauce-04.png",
            "image_mobile": "https://code.s3.yandex.net/react/code/sauce-04-mobile.png",
            "image_large": "https://code.s3.yandex.net/react/code/sauce-04-large.png",
            "__v": 0
        },
        {
            "_id": "61c0c5a71d1f82001bdaaa74",
            "name": "Соус традиционный галактический",
            "type": "sauce",
            "proteins": 42,
            "fat": 24,
            "carbohydrates": 42,
            "calories": 99,
            "price": 15,
            "image": "https://code.s3.yandex.net/react/code/sauce-03.png",
            "image_mobile": "https://code.s3.yandex.net/react/code/sauce-03-mobile.png",
            "image_large": "https://code.s3.yandex.net/react/code/sauce-03-large.png",
            "__v": 0
        },
        {
            "_id": "61c0c5a71d1f82001bdaaa6c",
            "name": "Краторная булка N-200i",
            "type": "bun",
            "proteins": 80,
            "fat": 24,
            "carbohydrates": 53,
            "calories": 420,
            "price": 1255,
            "image": "https://code.s3.yandex.net/react/code/bun-02.png",
            "image_mobile": "https://code.s3.yandex.net/react/code/bun-02-mobile.png",
            "image_large": "https://code.s3.yandex.net/react/code/bun-02-large.png",
            "__v": 0
        },
        {
            "_id": "61c0c5a71d1f82001bdaaa75",
            "name": "Соус с шипами Антарианского плоскоходца",
            "type": "sauce",
            "proteins": 101,
            "fat": 99,
            "carbohydrates": 100,
            "calories": 100,
            "price": 88,
            "image": "https://code.s3.yandex.net/react/code/sauce-01.png",
            "image_mobile": "https://code.s3.yandex.net/react/code/sauce-01-mobile.png",
            "image_large": "https://code.s3.yandex.net/react/code/sauce-01-large.png",
            "__v": 0
        },
        {
            "_id": "61c0c5a71d1f82001bdaaa76",
            "name": "Хрустящие минеральные кольца",
            "type": "main",
            "proteins": 808,
            "fat": 689,
            "carbohydrates": 609,
            "calories": 986,
            "price": 300,
            "image": "https://code.s3.yandex.net/react/code/mineral_rings.png",
            "image_mobile": "https://code.s3.yandex.net/react/code/mineral_rings-mobile.png",
            "image_large": "https://code.s3.yandex.net/react/code/mineral_rings-large.png",
            "__v": 0
        },
        {
            "_id": "61c0c5a71d1f82001bdaaa77",
            "name": "Плоды Фалленианского дерева",
            "type": "main",
            "proteins": 20,
            "fat": 5,
            "carbohydrates": 55,
            "calories": 77,
            "price": 874,
            "image": "https://code.s3.yandex.net/react/code/sp_1.png",
            "image_mobile": "https://code.s3.yandex.net/react/code/sp_1-mobile.png",
            "image_large": "https://code.s3.yandex.net/react/code/sp_1-large.png",
            "__v": 0
        },
        {
            "_id": "61c0c5a71d1f82001bdaaa78",
            "name": "Кристаллы марсианских альфа-сахаридов",
            "type": "main",
            "proteins": 234,
            "fat": 432,
            "carbohydrates": 111,
            "calories": 189,
            "price": 762,
            "image": "https://code.s3.yandex.net/react/code/core.png",
            "image_mobile": "https://code.s3.yandex.net/react/code/core-mobile.png",
            "image_large": "https://code.s3.yandex.net/react/code/core-large.png",
            "__v": 0
        },
        {
            "_id": "61c0c5a71d1f82001bdaaa79",
            "name": "Мини-салат Экзо-Плантаго",
            "type": "main",
            "proteins": 1,
            "fat": 2,
            "carbohydrates": 3,
            "calories": 6,
            "price": 4400,
            "image": "https://code.s3.yandex.net/react/code/salad.png",
            "image_mobile": "https://code.s3.yandex.net/react/code/salad-mobile.png",
            "image_large": "https://code.s3.yandex.net/react/code/salad-large.png",
            "__v": 0
        },
        {
            "_id": "61c0c5a71d1f82001bdaaa7a",
            "name": "Сыр с астероидной плесенью",
            "type": "main",
            "proteins": 84,
            "fat": 48,
            "carbohydrates": 420,
            "calories": 3377,
            "price": 4142,
            "image": "https://code.s3.yandex.net/react/code/cheese.png",
            "image_mobile": "https://code.s3.yandex.net/react/code/cheese-mobile.png",
            "image_large": "https://code.s3.yandex.net/react/code/cheese-large.png",
            "__v": 0
        }
    ]
}
Найдено ингредиентов: 15
Request method:	POST
Request URI:	https://stellarburgers.education-services.ru/api/orders
Proxy:			<none>
Request params:	<none>
Query params:	<none>
Form params:	<none>
Path params:	<none>
Headers:		Authorization=Bearer eyJhbGciOiJIUzI1NiIsInR5cCI6IkpXVCJ9.eyJpZCI6IjY5ODEwMzAzOTg0MjcwMDAxYmU0MmQ3MyIsImlhdCI6MTc3MDA2MjU5NSwiZXhwIjoxNzcwMDYzNzk1fQ.8wJIF0wcy-69ocIzhqsqNUV9s49dXTCTHqW0iVZTbNI
				Accept=*/*
				Content-Type=application/json
Cookies:		<none>
Multiparts:		<none>
Body:
{
    "ingredients": [
        
    ]
}
Request method:	POST
Request URI:	https://stellarburgers.education-services.ru/api/orders
Proxy:			<none>
Request params:	<none>
Query params:	<none>
Form params:	<none>
Path params:	<none>
Headers:		Authorization=Bearer eyJhbGciOiJIUzI1NiIsInR5cCI6IkpXVCJ9.eyJpZCI6IjY5ODEwMzAzOTg0MjcwMDAxYmU0MmQ3MyIsImlhdCI6MTc3MDA2MjU5NSwiZXhwIjoxNzcwMDYzNzk1fQ.8wJIF0wcy-69ocIzhqsqNUV9s49dXTCTHqW0iVZTbNI
				Accept=*/*
				Content-Type=application/json
Cookies:		<none>
Multiparts:		<none>
Body:
{
    "ingredients": [
        
    ]
}
Request method:	POST
Request URI:	https://stellarburgers.education-services.ru/api/orders
Proxy:			<none>
Request params:	<none>
Query params:	<none>
Form params:	<none>
Path params:	<none>
Headers:		Authorization=Bearer eyJhbGciOiJIUzI1NiIsInR5cCI6IkpXVCJ9.eyJpZCI6IjY5ODEwMzAzOTg0MjcwMDAxYmU0MmQ3MyIsImlhdCI6MTc3MDA2MjU5NSwiZXhwIjoxNzcwMDYzNzk1fQ.8wJIF0wcy-69ocIzhqsqNUV9s49dXTCTHqW0iVZTbNI
				Accept=*/*
				Content-Type=application/json
Cookies:		<none>
Multiparts:		<none>
Body:
{
    "ingredients": [
        
    ]
}
Request method:	POST
Request URI:	https://stellarburgers.education-services.ru/api/orders
Proxy:			<none>
Request params:	<none>
Query params:	<none>
Form params:	<none>
Path params:	<none>
Headers:		Authorization=Bearer eyJhbGciOiJIUzI1NiIsInR5cCI6IkpXVCJ9.eyJpZCI6IjY5ODEwMzAzOTg0MjcwMDAxYmU0MmQ3MyIsImlhdCI6MTc3MDA2MjU5NSwiZXhwIjoxNzcwMDYzNzk1fQ.8wJIF0wcy-69ocIzhqsqNUV9s49dXTCTHqW0iVZTbNI
				Accept=*/*
				Content-Type=application/json
Cookies:		<none>
Multiparts:		<none>
Body:
{
    "ingredients": [
        
    ]
}
Request method:	POST
Request URI:	https://stellarburgers.education-services.ru/api/orders
Proxy:			<none>
Request params:	<none>
Query params:	<none>
Form params:	<none>
Path params:	<none>
Headers:		Authorization=Bearer eyJhbGciOiJIUzI1NiIsInR5cCI6IkpXVCJ9.eyJpZCI6IjY5ODEwMzAzOTg0MjcwMDAxYmU0MmQ3MyIsImlhdCI6MTc3MDA2MjU5NSwiZXhwIjoxNzcwMDYzNzk1fQ.8wJIF0wcy-69ocIzhqsqNUV9s49dXTCTHqW0iVZTbNI
				Accept=*/*
				Content-Type=application/json
Cookies:		<none>
Multiparts:		<none>
Body:
{
    "ingredients": [
        
    ]
}
Request method:	POST
Request URI:	https://stellarburgers.education-services.ru/api/orders
Proxy:			<none>
Request params:	<none>
Query params:	<none>
Form params:	<none>
Path params:	<none>
Headers:		Authorization=Bearer eyJhbGciOiJIUzI1NiIsInR5cCI6IkpXVCJ9.eyJpZCI6IjY5ODEwMzAzOTg0MjcwMDAxYmU0MmQ3MyIsImlhdCI6MTc3MDA2MjU5NSwiZXhwIjoxNzcwMDYzNzk1fQ.8wJIF0wcy-69ocIzhqsqNUV9s49dXTCTHqW0iVZTbNI
				Accept=*/*
				Content-Type=application/json
Cookies:		<none>
Multiparts:		<none>
Body:
{
    "ingredients": [
        
    ]
}
Request method:	POST
Request URI:	https://stellarburgers.education-services.ru/api/orders
Proxy:			<none>
Request params:	<none>
Query params:	<none>
Form params:	<none>
Path params:	<none>
Headers:		Authorization=Bearer eyJhbGciOiJIUzI1NiIsInR5cCI6IkpXVCJ9.eyJpZCI6IjY5ODEwMzAzOTg0MjcwMDAxYmU0MmQ3MyIsImlhdCI6MTc3MDA2MjU5NSwiZXhwIjoxNzcwMDYzNzk1fQ.8wJIF0wcy-69ocIzhqsqNUV9s49dXTCTHqW0iVZTbNI
				Accept=*/*
				Content-Type=application/json
Cookies:		<none>
Multiparts:		<none>
Body:
{
    "ingredients": [
        
    ]
}
Request method:	POST
Request URI:	https://stellarburgers.education-services.ru/api/orders
Proxy:			<none>
Request params:	<none>
Query params:	<none>
Form params:	<none>
Path params:	<none>
Headers:		Authorization=Bearer eyJhbGciOiJIUzI1NiIsInR5cCI6IkpXVCJ9.eyJpZCI6IjY5ODEwMzAzOTg0MjcwMDAxYmU0MmQ3MyIsImlhdCI6MTc3MDA2MjU5NSwiZXhwIjoxNzcwMDYzNzk1fQ.8wJIF0wcy-69ocIzhqsqNUV9s49dXTCTHqW0iVZTbNI
				Accept=*/*
				Content-Type=application/json
Cookies:		<none>
Multiparts:		<none>
Body:
{
    "ingredients": [
        
    ]
}
Request method:	POST
Request URI:	https://stellarburgers.education-services.ru/api/orders
Proxy:			<none>
Request params:	<none>
Query params:	<none>
Form params:	<none>
Path params:	<none>
Headers:		Authorization=Bearer eyJhbGciOiJIUzI1NiIsInR5cCI6IkpXVCJ9.eyJpZCI6IjY5ODEwMzAzOTg0MjcwMDAxYmU0MmQ3MyIsImlhdCI6MTc3MDA2MjU5NSwiZXhwIjoxNzcwMDYzNzk1fQ.8wJIF0wcy-69ocIzhqsqNUV9s49dXTCTHqW0iVZTbNI
				Accept=*/*
				Content-Type=application/json
Cookies:		<none>
Multiparts:		<none>
Body:
{
    "ingredients": [
        
    ]
}
Request method:	POST
Request URI:	https://stellarburgers.education-services.ru/api/orders
Proxy:			<none>
Request params:	<none>
Query params:	<none>
Form params:	<none>
Path params:	<none>
Headers:		Authorization=Bearer eyJhbGciOiJIUzI1NiIsInR5cCI6IkpXVCJ9.eyJpZCI6IjY5ODEwMzAzOTg0MjcwMDAxYmU0MmQ3MyIsImlhdCI6MTc3MDA2MjU5NSwiZXhwIjoxNzcwMDYzNzk1fQ.8wJIF0wcy-69ocIzhqsqNUV9s49dXTCTHqW0iVZTbNI
				Accept=*/*
				Content-Type=application/json
Cookies:		<none>
Multiparts:		<none>
Body:
{
    "ingredients": [
        
    ]
}
Request method:	POST
Request URI:	https://stellarburgers.education-services.ru/api/orders
Proxy:			<none>
Request params:	<none>
Query params:	<none>
Form params:	<none>
Path params:	<none>
Headers:		Authorization=Bearer eyJhbGciOiJIUzI1NiIsInR5cCI6IkpXVCJ9.eyJpZCI6IjY5ODEwMzAzOTg0MjcwMDAxYmU0MmQ3MyIsImlhdCI6MTc3MDA2MjU5NSwiZXhwIjoxNzcwMDYzNzk1fQ.8wJIF0wcy-69ocIzhqsqNUV9s49dXTCTHqW0iVZTbNI
				Accept=*/*
				Content-Type=application/json
Cookies:		<none>
Multiparts:		<none>
Body:
{
    "ingredients": [
        
    ]
}
Request method:	POST
Request URI:	https://stellarburgers.education-services.ru/api/orders
Proxy:			<none>
Request params:	<none>
Query params:	<none>
Form params:	<none>
Path params:	<none>
Headers:		Authorization=Bearer eyJhbGciOiJIUzI1NiIsInR5cCI6IkpXVCJ9.eyJpZCI6IjY5ODEwMzAzOTg0MjcwMDAxYmU0MmQ3MyIsImlhdCI6MTc3MDA2MjU5NSwiZXhwIjoxNzcwMDYzNzk1fQ.8wJIF0wcy-69ocIzhqsqNUV9s49dXTCTHqW0iVZTbNI
				Accept=*/*
				Content-Type=application/json
Cookies:		<none>
Multiparts:		<none>
Body:
{
    "ingredients": [
        
    ]
}
Request method:	POST
Request URI:	https://stellarburgers.education-services.ru/api/orders
Proxy:			<none>
Request params:	<none>
Query params:	<none>
Form params:	<none>
Path params:	<none>
Headers:		Authorization=Bearer eyJhbGciOiJIUzI1NiIsInR5cCI6IkpXVCJ9.eyJpZCI6IjY5ODEwMzAzOTg0MjcwMDAxYmU0MmQ3MyIsImlhdCI6MTc3MDA2MjU5NSwiZXhwIjoxNzcwMDYzNzk1fQ.8wJIF0wcy-69ocIzhqsqNUV9s49dXTCTHqW0iVZTbNI
				Accept=*/*
				Content-Type=application/json
Cookies:		<none>
Multiparts:		<none>
Body:
{
    "ingredients": [
        
    ]
}
Request method:	POST
Request URI:	https://stellarburgers.education-services.ru/api/orders
Proxy:			<none>
Request params:	<none>
Query params:	<none>
Form params:	<none>
Path params:	<none>
Headers:		Authorization=Bearer eyJhbGciOiJIUzI1NiIsInR5cCI6IkpXVCJ9.eyJpZCI6IjY5ODEwMzAzOTg0MjcwMDAxYmU0MmQ3MyIsImlhdCI6MTc3MDA2MjU5NSwiZXhwIjoxNzcwMDYzNzk1fQ.8wJIF0wcy-69ocIzhqsqNUV9s49dXTCTHqW0iVZTbNI
				Accept=*/*
				Content-Type=application/json
Cookies:		<none>
Multiparts:		<none>
Body:
{
    "ingredients": [
        
    ]
}
Request method:	POST
Request URI:	https://stellarburgers.education-services.ru/api/orders
Proxy:			<none>
Request params:	<none>
Query params:	<none>
Form params:	<none>
Path params:	<none>
Headers:		Authorization=Bearer eyJhbGciOiJIUzI1NiIsInR5cCI6IkpXVCJ9.eyJpZCI6IjY5ODEwMzAzOTg0MjcwMDAxYmU0MmQ3MyIsImlhdCI6MTc3MDA2MjU5NSwiZXhwIjoxNzcwMDYzNzk1fQ.8wJIF0wcy-69ocIzhqsqNUV9s49dXTCTHqW0iVZTbNI
				Accept=*/*
				Content-Type=application/json
Cookies:		<none>
Multiparts:		<none>
Body:
{
    "ingredients": [
        
    ]
}
Request method:	POST
Request URI:	https://stellarburgers.education-services.ru/api/orders
Proxy:			<none>
Request params:	<none>
Query params:	<none>
Form params:	<none>
Path params:	<none>
Headers:		Authorization=Bearer eyJhbGciOiJIUzI1NiIsInR5cCI6IkpXVCJ9.eyJpZCI6IjY5ODEwMzAzOTg0MjcwMDAxYmU0MmQ3MyIsImlhdCI6MTc3MDA2MjU5NSwiZXhwIjoxNzcwMDYzNzk1fQ.8wJIF0wcy-69ocIzhqsqNUV9s49dXTCTHqW0iVZTbNI
				Accept=*/*
				Content-Type=application/json
Cookies:		<none>
Multiparts:		<none>
Body:
{
    "ingredients": [
        
    ]
}
Request method:	POST
Request URI:	https://stellarburgers.education-services.ru/api/orders
Proxy:			<none>
Request params:	<none>
Query params:	<none>
Form params:	<none>
Path params:	<none>
Headers:		Authorization=Bearer eyJhbGciOiJIUzI1NiIsInR5cCI6IkpXVCJ9.eyJpZCI6IjY5ODEwMzAzOTg0MjcwMDAxYmU0MmQ3MyIsImlhdCI6MTc3MDA2MjU5NSwiZXhwIjoxNzcwMDYzNzk1fQ.8wJIF0wcy-69ocIzhqsqNUV9s49dXTCTHqW0iVZTbNI
				Accept=*/*
				Content-Type=application/json
Cookies:		<none>
Multiparts:		<none>
Body:
{
    "ingredients": [
        
    ]
}
Request method:	POST
Request URI:	https://stellarburgers.education-services.ru/api/orders
Proxy:			<none>
Request params:	<none>
Query params:	<none>
Form params:	<none>
Path params:	<none>
Headers:		Authorization=Bearer eyJhbGciOiJIUzI1NiIsInR5cCI6IkpXVCJ9.eyJpZCI6IjY5ODEwMzAzOTg0MjcwMDAxYmU0MmQ3MyIsImlhdCI6MTc3MDA2MjU5NSwiZXhwIjoxNzcwMDYzNzk1fQ.8wJIF0wcy-69ocIzhqsqNUV9s49dXTCTHqW0iVZTbNI
				Accept=*/*
				Content-Type=application/json
Cookies:		<none>
Multiparts:		<none>
Body:
{
    "ingredients": [
        
    ]
}
Request method:	POST
Request URI:	https://stellarburgers.education-services.ru/api/orders
Proxy:			<none>
Request params:	<none>
Query params:	<none>
Form params:	<none>
Path params:	<none>
Headers:		Authorization=Bearer eyJhbGciOiJIUzI1NiIsInR5cCI6IkpXVCJ9.eyJpZCI6IjY5ODEwMzAzOTg0MjcwMDAxYmU0MmQ3MyIsImlhdCI6MTc3MDA2MjU5NSwiZXhwIjoxNzcwMDYzNzk1fQ.8wJIF0wcy-69ocIzhqsqNUV9s49dXTCTHqW0iVZTbNI
				Accept=*/*
				Content-Type=application/json
Cookies:		<none>
Multiparts:		<none>
Body:
{
    "ingredients": [
        
    ]
}
Request method:	POST
Request URI:	https://stellarburgers.education-services.ru/api/orders
Proxy:			<none>
Request params:	<none>
Query params:	<none>
Form params:	<none>
Path params:	<none>
Headers:		Authorization=Bearer eyJhbGciOiJIUzI1NiIsInR5cCI6IkpXVCJ9.eyJpZCI6IjY5ODEwMzAzOTg0MjcwMDAxYmU0MmQ3MyIsImlhdCI6MTc3MDA2MjU5NSwiZXhwIjoxNzcwMDYzNzk1fQ.8wJIF0wcy-69ocIzhqsqNUV9s49dXTCTHqW0iVZTbNI
				Accept=*/*
				Content-Type=application/json
Cookies:		<none>
Multiparts:		<none>
Body:
{
    "ingredients": [
        
    ]
}
Request method:	POST
Request URI:	https://stellarburgers.education-services.ru/api/orders
Proxy:			<none>
Request params:	<none>
Query params:	<none>
Form params:	<none>
Path params:	<none>
Headers:		Authorization=Bearer eyJhbGciOiJIUzI1NiIsInR5cCI6IkpXVCJ9.eyJpZCI6IjY5ODEwMzAzOTg0MjcwMDAxYmU0MmQ3MyIsImlhdCI6MTc3MDA2MjU5NSwiZXhwIjoxNzcwMDYzNzk1fQ.8wJIF0wcy-69ocIzhqsqNUV9s49dXTCTHqW0iVZTbNI
				Accept=*/*
				Content-Type=application/json
Cookies:		<none>
Multiparts:		<none>
Body:
{
    "ingredients": [
        
    ]
}
Request method:	POST
Request URI:	https://stellarburgers.education-services.ru/api/orders
Proxy:			<none>
Request params:	<none>
Query params:	<none>
Form params:	<none>
Path params:	<none>
Headers:		Authorization=Bearer eyJhbGciOiJIUzI1NiIsInR5cCI6IkpXVCJ9.eyJpZCI6IjY5ODEwMzAzOTg0MjcwMDAxYmU0MmQ3MyIsImlhdCI6MTc3MDA2MjU5NSwiZXhwIjoxNzcwMDYzNzk1fQ.8wJIF0wcy-69ocIzhqsqNUV9s49dXTCTHqW0iVZTbNI
				Accept=*/*
				Content-Type=application/json
Cookies:		<none>
Multiparts:		<none>
Body:
{
    "ingredients": [
        
    ]
}
Request method:	POST
Request URI:	https://stellarburgers.education-services.ru/api/orders
Proxy:			<none>
Request params:	<none>
Query params:	<none>
Form params:	<none>
Path params:	<none>
Headers:		Authorization=Bearer eyJhbGciOiJIUzI1NiIsInR5cCI6IkpXVCJ9.eyJpZCI6IjY5ODEwMzAzOTg0MjcwMDAxYmU0MmQ3MyIsImlhdCI6MTc3MDA2MjU5NSwiZXhwIjoxNzcwMDYzNzk1fQ.8wJIF0wcy-69ocIzhqsqNUV9s49dXTCTHqW0iVZTbNI
				Accept=*/*
				Content-Type=application/json
Cookies:		<none>
Multiparts:		<none>
Body:
{
    "ingredients": [
        
    ]
}
Request method:	POST
Request URI:	https://stellarburgers.education-services.ru/api/orders
Proxy:			<none>
Request params:	<none>
Query params:	<none>
Form params:	<none>
Path params:	<none>
Headers:		Authorization=Bearer eyJhbGciOiJIUzI1NiIsInR5cCI6IkpXVCJ9.eyJpZCI6IjY5ODEwMzAzOTg0MjcwMDAxYmU0MmQ3MyIsImlhdCI6MTc3MDA2MjU5NSwiZXhwIjoxNzcwMDYzNzk1fQ.8wJIF0wcy-69ocIzhqsqNUV9s49dXTCTHqW0iVZTbNI
				Accept=*/*
				Content-Type=application/json
Cookies:		<none>
Multiparts:		<none>
Body:
{
    "ingredients": [
        
    ]
}
HTTP/1.1 400 Bad Request
Server: nginx/1.24.0 (Ubuntu)
Date: Mon, 02 Feb 2026 20:03:15 GMT
Content-Type: application/json; charset=utf-8
Content-Length: 61
Connection: keep-alive
X-Powered-By: Express
Access-Control-Allow-Origin: *
ETag: W/"3d-2OjyVsQbcrSKTjJtjBJ5FY7GEPQ"

{
    "success": false,
    "message": "Ingredient ids must be provided"
}
HTTP/1.1 400 Bad Request
Server: nginx/1.24.0 (Ubuntu)
Date: Mon, 02 Feb 2026 20:03:15 GMT
Content-Type: application/json; charset=utf-8
Content-Length: 61
Connection: keep-alive
X-Powered-By: Express
Access-Control-Allow-Origin: *
ETag: W/"3d-2OjyVsQbcrSKTjJtjBJ5FY7GEPQ"

{
    "success": false,
    "message": "Ingredient ids must be provided"
}
HTTP/1.1 400 Bad Request
Server: nginx/1.24.0 (Ubuntu)
Date: Mon, 02 Feb 2026 20:03:15 GMT
Content-Type: application/json; charset=utf-8
Content-Length: 61
Connection: keep-alive
X-Powered-By: Express
Access-Control-Allow-Origin: *
ETag: W/"3d-2OjyVsQbcrSKTjJtjBJ5FY7GEPQ"

{
    "success": false,
    "message": "Ingredient ids must be provided"
}
HTTP/1.1 400 Bad Request
Server: nginx/1.24.0 (Ubuntu)
Date: Mon, 02 Feb 2026 20:03:15 GMT
Content-Type: application/json; charset=utf-8
Content-Length: 61
Connection: keep-alive
X-Powered-By: Express
Access-Control-Allow-Origin: *
ETag: W/"3d-2OjyVsQbcrSKTjJtjBJ5FY7GEPQ"

{
    "success": false,
    "message": "Ingredient ids must be provided"
}
HTTP/1.1 400 Bad Request
Server: nginx/1.24.0 (Ubuntu)
Date: Mon, 02 Feb 2026 20:03:15 GMT
Content-Type: application/json; charset=utf-8
Content-Length: 61
Connection: keep-alive
X-Powered-By: Express
Access-Control-Allow-Origin: *
ETag: W/"3d-2OjyVsQbcrSKTjJtjBJ5FY7GEPQ"

{
    "success": false,
    "message": "Ingredient ids must be provided"
}
HTTP/1.1 400 Bad Request
Server: nginx/1.24.0 (Ubuntu)
Date: Mon, 02 Feb 2026 20:03:15 GMT
Content-Type: application/json; charset=utf-8
Content-Length: 61
Connection: keep-alive
X-Powered-By: Express
Access-Control-Allow-Origin: *
ETag: W/"3d-2OjyVsQbcrSKTjJtjBJ5FY7GEPQ"

{
    "success": false,
    "message": "Ingredient ids must be provided"
}
HTTP/1.1 400 Bad Request
Server: nginx/1.24.0 (Ubuntu)
Date: Mon, 02 Feb 2026 20:03:15 GMT
Content-Type: application/json; charset=utf-8
Content-Length: 61
Connection: keep-alive
X-Powered-By: Express
Access-Control-Allow-Origin: *
ETag: W/"3d-2OjyVsQbcrSKTjJtjBJ5FY7GEPQ"

{
    "success": false,
    "message": "Ingredient ids must be provided"
}
HTTP/1.1 400 Bad Request
Server: nginx/1.24.0 (Ubuntu)
Date: Mon, 02 Feb 2026 20:03:15 GMT
Content-Type: application/json; charset=utf-8
Content-Length: 61
Connection: keep-alive
X-Powered-By: Express
Access-Control-Allow-Origin: *
ETag: W/"3d-2OjyVsQbcrSKTjJtjBJ5FY7GEPQ"

{
    "success": false,
    "message": "Ingredient ids must be provided"
}
HTTP/1.1 400 Bad Request
Server: nginx/1.24.0 (Ubuntu)
Date: Mon, 02 Feb 2026 20:03:15 GMT
Content-Type: application/json; charset=utf-8
Content-Length: 61
Connection: keep-alive
X-Powered-By: Express
Access-Control-Allow-Origin: *
ETag: W/"3d-2OjyVsQbcrSKTjJtjBJ5FY7GEPQ"

{
    "success": false,
    "message": "Ingredient ids must be provided"
}
HTTP/1.1 400 Bad Request
Server: nginx/1.24.0 (Ubuntu)
Date: Mon, 02 Feb 2026 20:03:15 GMT
Content-Type: application/json; charset=utf-8
Content-Length: 61
Connection: keep-alive
X-Powered-By: Express
Access-Control-Allow-Origin: *
ETag: W/"3d-2OjyVsQbcrSKTjJtjBJ5FY7GEPQ"

{
    "success": false,
    "message": "Ingredient ids must be provided"
}
HTTP/1.1 400 Bad Request
Server: nginx/1.24.0 (Ubuntu)
Date: Mon, 02 Feb 2026 20:03:15 GMT
Content-Type: application/json; charset=utf-8
Content-Length: 61
Connection: keep-alive
X-Powered-By: Express
Access-Control-Allow-Origin: *
ETag: W/"3d-2OjyVsQbcrSKTjJtjBJ5FY7GEPQ"

{
    "success": false,
    "message": "Ingredient ids must be provided"
}
HTTP/1.1 400 Bad Request
Server: nginx/1.24.0 (Ubuntu)
Date: Mon, 02 Feb 2026 20:03:15 GMT
Content-Type: application/json; charset=utf-8
Content-Length: 61
Connection: keep-alive
X-Powered-By: Express
Access-Control-Allow-Origin: *
ETag: W/"3d-2OjyVsQbcrSKTjJtjBJ5FY7GEPQ"

{
    "success": false,
    "message": "Ingredient ids must be provided"
}
HTTP/1.1 400 Bad Request
Server: nginx/1.24.0 (Ubuntu)
Date: Mon, 02 Feb 2026 20:03:15 GMT
Content-Type: application/json; charset=utf-8
Content-Length: 61
Connection: keep-alive
X-Powered-By: Express
Access-Control-Allow-Origin: *
ETag: W/"3d-2OjyVsQbcrSKTjJtjBJ5FY7GEPQ"

{
    "success": false,
    "message": "Ingredient ids must be provided"
}
HTTP/1.1 400 Bad Request
Server: nginx/1.24.0 (Ubuntu)
Date: Mon, 02 Feb 2026 20:03:15 GMT
Content-Type: application/json; charset=utf-8
Content-Length: 61
Connection: keep-alive
X-Powered-By: Express
Access-Control-Allow-Origin: *
ETag: W/"3d-2OjyVsQbcrSKTjJtjBJ5FY7GEPQ"

{
    "success": false,
    "message": "Ingredient ids must be provided"
}
HTTP/1.1 400 Bad Request
Server: nginx/1.24.0 (Ubuntu)
Date: Mon, 02 Feb 2026 20:03:15 GMT
Content-Type: application/json; charset=utf-8
Content-Length: 61
Connection: keep-alive
X-Powered-By: Express
Access-Control-Allow-Origin: *
ETag: W/"3d-2OjyVsQbcrSKTjJtjBJ5FY7GEPQ"

{
    "success": false,
    "message": "Ingredient ids must be provided"
}
HTTP/1.1 400 Bad Request
Server: nginx/1.24.0 (Ubuntu)
Date: Mon, 02 Feb 2026 20:03:15 GMT
Content-Type: application/json; charset=utf-8
Content-Length: 61
Connection: keep-alive
X-Powered-By: Express
Access-Control-Allow-Origin: *
ETag: W/"3d-2OjyVsQbcrSKTjJtjBJ5FY7GEPQ"

{
    "success": false,
    "message": "Ingredient ids must be provided"
}
HTTP/1.1 400 Bad Request
Server: nginx/1.24.0 (Ubuntu)
Date: Mon, 02 Feb 2026 20:03:15 GMT
Content-Type: application/json; charset=utf-8
Content-Length: 61
Connection: keep-alive
X-Powered-By: Express
Access-Control-Allow-Origin: *
ETag: W/"3d-2OjyVsQbcrSKTjJtjBJ5FY7GEPQ"

{
    "success": false,
    "message": "Ingredient ids must be provided"
}
HTTP/1.1 400 Bad Request
Server: nginx/1.24.0 (Ubuntu)
Date: Mon, 02 Feb 2026 20:03:15 GMT
Content-Type: application/json; charset=utf-8
Content-Length: 61
Connection: keep-alive
X-Powered-By: Express
Access-Control-Allow-Origin: *
ETag: W/"3d-2OjyVsQbcrSKTjJtjBJ5FY7GEPQ"

{
    "success": false,
    "message": "Ingredient ids must be provided"
}
HTTP/1.1 400 Bad Request
Server: nginx/1.24.0 (Ubuntu)
Date: Mon, 02 Feb 2026 20:03:15 GMT
Content-Type: application/json; charset=utf-8
Content-Length: 61
Connection: keep-alive
X-Powered-By: Express
Access-Control-Allow-Origin: *
ETag: W/"3d-2OjyVsQbcrSKTjJtjBJ5FY7GEPQ"

{
    "success": false,
    "message": "Ingredient ids must be provided"
}
HTTP/1.1 400 Bad Request
Server: nginx/1.24.0 (Ubuntu)
Date: Mon, 02 Feb 2026 20:03:15 GMT
Content-Type: application/json; charset=utf-8
Content-Length: 61
Connection: keep-alive
X-Powered-By: Express
Access-Control-Allow-Origin: *
ETag: W/"3d-2OjyVsQbcrSKTjJtjBJ5FY7GEPQ"

{
    "success": false,
    "message": "Ingredient ids must be provided"
}
HTTP/1.1 400 Bad Request
Server: nginx/1.24.0 (Ubuntu)
Date: Mon, 02 Feb 2026 20:03:15 GMT
Content-Type: application/json; charset=utf-8
Content-Length: 61
Connection: keep-alive
X-Powered-By: Express
Access-Control-Allow-Origin: *
ETag: W/"3d-2OjyVsQbcrSKTjJtjBJ5FY7GEPQ"

{
    "success": false,
    "message": "Ingredient ids must be provided"
}
HTTP/1.1 400 Bad Request
Server: nginx/1.24.0 (Ubuntu)
Date: Mon, 02 Feb 2026 20:03:15 GMT
Content-Type: application/json; charset=utf-8
Content-Length: 61
Connection: keep-alive
X-Powered-By: Express
Access-Control-Allow-Origin: *
ETag: W/"3d-2OjyVsQbcrSKTjJtjBJ5FY7GEPQ"

{
    "success": false,
    "message": "Ingredient ids must be provided"
}
HTTP/1.1 400 Bad Request
Server: nginx/1.24.0 (Ubuntu)
Date: Mon, 02 Feb 2026 20:03:15 GMT
Content-Type: application/json; charset=utf-8
Content-Length: 61
Connection: keep-alive
X-Powered-By: Express
Access-Control-Allow-Origin: *
ETag: W/"3d-2OjyVsQbcrSKTjJtjBJ5FY7GEPQ"

{
    "success": false,
    "message": "Ingredient ids must be provided"
}
HTTP/1.1 400 Bad Request
Server: nginx/1.24.0 (Ubuntu)
Date: Mon, 02 Feb 2026 20:03:15 GMT
Content-Type: application/json; charset=utf-8
Content-Length: 61
Connection: keep-alive
X-Powered-By: Express
Access-Control-Allow-Origin: *
ETag: W/"3d-2OjyVsQbcrSKTjJtjBJ5FY7GEPQ"

{
    "success": false,
    "message": "Ingredient ids must be provided"
}
Request method:	DELETE
Request URI:	https://stellarburgers.education-services.ru/api/auth/user
Proxy:			<none>
Request params:	<none>
Query params:	<none>
Form params:	<none>
Path params:	<none>
Headers:		Authorization=Bearer eyJhbGciOiJIUzI1NiIsInR5cCI6IkpXVCJ9.eyJpZCI6IjY5ODEwMzAzOTg0MjcwMDAxYmU0MmQ3MyIsImlhdCI6MTc3MDA2MjU5NSwiZXhwIjoxNzcwMDYzNzk1fQ.8wJIF0wcy-69ocIzhqsqNUV9s49dXTCTHqW0iVZTbNI
				Accept=*/*
Cookies:		<none>
Multiparts:		<none>
Body:			<none>
Request method:	DELETE
Request URI:	https://stellarburgers.education-services.ru/api/auth/user
Proxy:			<none>
Request params:	<none>
Query params:	<none>
Form params:	<none>
Path params:	<none>
Headers:		Authorization=Bearer eyJhbGciOiJIUzI1NiIsInR5cCI6IkpXVCJ9.eyJpZCI6IjY5ODEwMzAzOTg0MjcwMDAxYmU0MmQ3MyIsImlhdCI6MTc3MDA2MjU5NSwiZXhwIjoxNzcwMDYzNzk1fQ.8wJIF0wcy-69ocIzhqsqNUV9s49dXTCTHqW0iVZTbNI
				Accept=*/*
Cookies:		<none>
Multiparts:		<none>
Body:			<none>
Request method:	DELETE
Request URI:	https://stellarburgers.education-services.ru/api/auth/user
Proxy:			<none>
Request params:	<none>
Query params:	<none>
Form params:	<none>
Path params:	<none>
Headers:		Authorization=Bearer eyJhbGciOiJIUzI1NiIsInR5cCI6IkpXVCJ9.eyJpZCI6IjY5ODEwMzAzOTg0MjcwMDAxYmU0MmQ3MyIsImlhdCI6MTc3MDA2MjU5NSwiZXhwIjoxNzcwMDYzNzk1fQ.8wJIF0wcy-69ocIzhqsqNUV9s49dXTCTHqW0iVZTbNI
				Accept=*/*
Cookies:		<none>
Multiparts:		<none>
Body:			<none>
Request method:	DELETE
Request URI:	https://stellarburgers.education-services.ru/api/auth/user
Proxy:			<none>
Request params:	<none>
Query params:	<none>
Form params:	<none>
Path params:	<none>
Headers:		Authorization=Bearer eyJhbGciOiJIUzI1NiIsInR5cCI6IkpXVCJ9.eyJpZCI6IjY5ODEwMzAzOTg0MjcwMDAxYmU0MmQ3MyIsImlhdCI6MTc3MDA2MjU5NSwiZXhwIjoxNzcwMDYzNzk1fQ.8wJIF0wcy-69ocIzhqsqNUV9s49dXTCTHqW0iVZTbNI
				Accept=*/*
Cookies:		<none>
Multiparts:		<none>
Body:			<none>
Request method:	DELETE
Request URI:	https://stellarburgers.education-services.ru/api/auth/user
Proxy:			<none>
Request params:	<none>
Query params:	<none>
Form params:	<none>
Path params:	<none>
Headers:		Authorization=Bearer eyJhbGciOiJIUzI1NiIsInR5cCI6IkpXVCJ9.eyJpZCI6IjY5ODEwMzAzOTg0MjcwMDAxYmU0MmQ3MyIsImlhdCI6MTc3MDA2MjU5NSwiZXhwIjoxNzcwMDYzNzk1fQ.8wJIF0wcy-69ocIzhqsqNUV9s49dXTCTHqW0iVZTbNI
				Accept=*/*
Cookies:		<none>
Multiparts:		<none>
Body:			<none>
Request method:	DELETE
Request URI:	https://stellarburgers.education-services.ru/api/auth/user
Proxy:			<none>
Request params:	<none>
Query params:	<none>
Form params:	<none>
Path params:	<none>
Headers:		Authorization=Bearer eyJhbGciOiJIUzI1NiIsInR5cCI6IkpXVCJ9.eyJpZCI6IjY5ODEwMzAzOTg0MjcwMDAxYmU0MmQ3MyIsImlhdCI6MTc3MDA2MjU5NSwiZXhwIjoxNzcwMDYzNzk1fQ.8wJIF0wcy-69ocIzhqsqNUV9s49dXTCTHqW0iVZTbNI
				Accept=*/*
Cookies:		<none>
Multiparts:		<none>
Body:			<none>
Request method:	DELETE
Request URI:	https://stellarburgers.education-services.ru/api/auth/user
Proxy:			<none>
Request params:	<none>
Query params:	<none>
Form params:	<none>
Path params:	<none>
Headers:		Authorization=Bearer eyJhbGciOiJIUzI1NiIsInR5cCI6IkpXVCJ9.eyJpZCI6IjY5ODEwMzAzOTg0MjcwMDAxYmU0MmQ3MyIsImlhdCI6MTc3MDA2MjU5NSwiZXhwIjoxNzcwMDYzNzk1fQ.8wJIF0wcy-69ocIzhqsqNUV9s49dXTCTHqW0iVZTbNI
				Accept=*/*
Cookies:		<none>
Multiparts:		<none>
Body:			<none>
Request method:	DELETE
Request URI:	https://stellarburgers.education-services.ru/api/auth/user
Proxy:			<none>
Request params:	<none>
Query params:	<none>
Form params:	<none>
Path params:	<none>
Headers:		Authorization=Bearer eyJhbGciOiJIUzI1NiIsInR5cCI6IkpXVCJ9.eyJpZCI6IjY5ODEwMzAzOTg0MjcwMDAxYmU0MmQ3MyIsImlhdCI6MTc3MDA2MjU5NSwiZXhwIjoxNzcwMDYzNzk1fQ.8wJIF0wcy-69ocIzhqsqNUV9s49dXTCTHqW0iVZTbNI
				Accept=*/*
Cookies:		<none>
Multiparts:		<none>
Body:			<none>
Request method:	DELETE
Request URI:	https://stellarburgers.education-services.ru/api/auth/user
Proxy:			<none>
Request params:	<none>
Query params:	<none>
Form params:	<none>
Path params:	<none>
Headers:		Authorization=Bearer eyJhbGciOiJIUzI1NiIsInR5cCI6IkpXVCJ9.eyJpZCI6IjY5ODEwMzAzOTg0MjcwMDAxYmU0MmQ3MyIsImlhdCI6MTc3MDA2MjU5NSwiZXhwIjoxNzcwMDYzNzk1fQ.8wJIF0wcy-69ocIzhqsqNUV9s49dXTCTHqW0iVZTbNI
				Accept=*/*
Cookies:		<none>
Multiparts:		<none>
Body:			<none>
Request method:	DELETE
Request URI:	https://stellarburgers.education-services.ru/api/auth/user
Proxy:			<none>
Request params:	<none>
Query params:	<none>
Form params:	<none>
Path params:	<none>
Headers:		Authorization=Bearer eyJhbGciOiJIUzI1NiIsInR5cCI6IkpXVCJ9.eyJpZCI6IjY5ODEwMzAzOTg0MjcwMDAxYmU0MmQ3MyIsImlhdCI6MTc3MDA2MjU5NSwiZXhwIjoxNzcwMDYzNzk1fQ.8wJIF0wcy-69ocIzhqsqNUV9s49dXTCTHqW0iVZTbNI
				Accept=*/*
Cookies:		<none>
Multiparts:		<none>
Body:			<none>
Request method:	DELETE
Request URI:	https://stellarburgers.education-services.ru/api/auth/user
Proxy:			<none>
Request params:	<none>
Query params:	<none>
Form params:	<none>
Path params:	<none>
Headers:		Authorization=Bearer eyJhbGciOiJIUzI1NiIsInR5cCI6IkpXVCJ9.eyJpZCI6IjY5ODEwMzAzOTg0MjcwMDAxYmU0MmQ3MyIsImlhdCI6MTc3MDA2MjU5NSwiZXhwIjoxNzcwMDYzNzk1fQ.8wJIF0wcy-69ocIzhqsqNUV9s49dXTCTHqW0iVZTbNI
				Accept=*/*
Cookies:		<none>
Multiparts:		<none>
Body:			<none>
Request method:	DELETE
Request URI:	https://stellarburgers.education-services.ru/api/auth/user
Proxy:			<none>
Request params:	<none>
Query params:	<none>
Form params:	<none>
Path params:	<none>
Headers:		Authorization=Bearer eyJhbGciOiJIUzI1NiIsInR5cCI6IkpXVCJ9.eyJpZCI6IjY5ODEwMzAzOTg0MjcwMDAxYmU0MmQ3MyIsImlhdCI6MTc3MDA2MjU5NSwiZXhwIjoxNzcwMDYzNzk1fQ.8wJIF0wcy-69ocIzhqsqNUV9s49dXTCTHqW0iVZTbNI
				Accept=*/*
Cookies:		<none>
Multiparts:		<none>
Body:			<none>
Request method:	DELETE
Request URI:	https://stellarburgers.education-services.ru/api/auth/user
Proxy:			<none>
Request params:	<none>
Query params:	<none>
Form params:	<none>
Path params:	<none>
Headers:		Authorization=Bearer eyJhbGciOiJIUzI1NiIsInR5cCI6IkpXVCJ9.eyJpZCI6IjY5ODEwMzAzOTg0MjcwMDAxYmU0MmQ3MyIsImlhdCI6MTc3MDA2MjU5NSwiZXhwIjoxNzcwMDYzNzk1fQ.8wJIF0wcy-69ocIzhqsqNUV9s49dXTCTHqW0iVZTbNI
				Accept=*/*
Cookies:		<none>
Multiparts:		<none>
Body:			<none>
Request method:	DELETE
Request URI:	https://stellarburgers.education-services.ru/api/auth/user
Proxy:			<none>
Request params:	<none>
Query params:	<none>
Form params:	<none>
Path params:	<none>
Headers:		Authorization=Bearer eyJhbGciOiJIUzI1NiIsInR5cCI6IkpXVCJ9.eyJpZCI6IjY5ODEwMzAzOTg0MjcwMDAxYmU0MmQ3MyIsImlhdCI6MTc3MDA2MjU5NSwiZXhwIjoxNzcwMDYzNzk1fQ.8wJIF0wcy-69ocIzhqsqNUV9s49dXTCTHqW0iVZTbNI
				Accept=*/*
Cookies:		<none>
Multiparts:		<none>
Body:			<none>
Request method:	DELETE
Request URI:	https://stellarburgers.education-services.ru/api/auth/user
Proxy:			<none>
Request params:	<none>
Query params:	<none>
Form params:	<none>
Path params:	<none>
Headers:		Authorization=Bearer eyJhbGciOiJIUzI1NiIsInR5cCI6IkpXVCJ9.eyJpZCI6IjY5ODEwMzAzOTg0MjcwMDAxYmU0MmQ3MyIsImlhdCI6MTc3MDA2MjU5NSwiZXhwIjoxNzcwMDYzNzk1fQ.8wJIF0wcy-69ocIzhqsqNUV9s49dXTCTHqW0iVZTbNI
				Accept=*/*
Cookies:		<none>
Multiparts:		<none>
Body:			<none>
Request method:	DELETE
Request URI:	https://stellarburgers.education-services.ru/api/auth/user
Proxy:			<none>
Request params:	<none>
Query params:	<none>
Form params:	<none>
Path params:	<none>
Headers:		Authorization=Bearer eyJhbGciOiJIUzI1NiIsInR5cCI6IkpXVCJ9.eyJpZCI6IjY5ODEwMzAzOTg0MjcwMDAxYmU0MmQ3MyIsImlhdCI6MTc3MDA2MjU5NSwiZXhwIjoxNzcwMDYzNzk1fQ.8wJIF0wcy-69ocIzhqsqNUV9s49dXTCTHqW0iVZTbNI
				Accept=*/*
Cookies:		<none>
Multiparts:		<none>
Body:			<none>
Request method:	DELETE
Request URI:	https://stellarburgers.education-services.ru/api/auth/user
Proxy:			<none>
Request params:	<none>
Query params:	<none>
Form params:	<none>
Path params:	<none>
Headers:		Authorization=Bearer eyJhbGciOiJIUzI1NiIsInR5cCI6IkpXVCJ9.eyJpZCI6IjY5ODEwMzAzOTg0MjcwMDAxYmU0MmQ3MyIsImlhdCI6MTc3MDA2MjU5NSwiZXhwIjoxNzcwMDYzNzk1fQ.8wJIF0wcy-69ocIzhqsqNUV9s49dXTCTHqW0iVZTbNI
				Accept=*/*
Cookies:		<none>
Multiparts:		<none>
Body:			<none>
Request method:	DELETE
Request URI:	https://stellarburgers.education-services.ru/api/auth/user
Proxy:			<none>
Request params:	<none>
Query params:	<none>
Form params:	<none>
Path params:	<none>
Headers:		Authorization=Bearer eyJhbGciOiJIUzI1NiIsInR5cCI6IkpXVCJ9.eyJpZCI6IjY5ODEwMzAzOTg0MjcwMDAxYmU0MmQ3MyIsImlhdCI6MTc3MDA2MjU5NSwiZXhwIjoxNzcwMDYzNzk1fQ.8wJIF0wcy-69ocIzhqsqNUV9s49dXTCTHqW0iVZTbNI
				Accept=*/*
Cookies:		<none>
Multiparts:		<none>
Body:			<none>
Request method:	DELETE
Request URI:	https://stellarburgers.education-services.ru/api/auth/user
Proxy:			<none>
Request params:	<none>
Query params:	<none>
Form params:	<none>
Path params:	<none>
Headers:		Authorization=Bearer eyJhbGciOiJIUzI1NiIsInR5cCI6IkpXVCJ9.eyJpZCI6IjY5ODEwMzAzOTg0MjcwMDAxYmU0MmQ3MyIsImlhdCI6MTc3MDA2MjU5NSwiZXhwIjoxNzcwMDYzNzk1fQ.8wJIF0wcy-69ocIzhqsqNUV9s49dXTCTHqW0iVZTbNI
				Accept=*/*
Cookies:		<none>
Multiparts:		<none>
Body:			<none>
Request method:	DELETE
Request URI:	https://stellarburgers.education-services.ru/api/auth/user
Proxy:			<none>
Request params:	<none>
Query params:	<none>
Form params:	<none>
Path params:	<none>
Headers:		Authorization=Bearer eyJhbGciOiJIUzI1NiIsInR5cCI6IkpXVCJ9.eyJpZCI6IjY5ODEwMzAzOTg0MjcwMDAxYmU0MmQ3MyIsImlhdCI6MTc3MDA2MjU5NSwiZXhwIjoxNzcwMDYzNzk1fQ.8wJIF0wcy-69ocIzhqsqNUV9s49dXTCTHqW0iVZTbNI
				Accept=*/*
Cookies:		<none>
Multiparts:		<none>
Body:			<none>
Request method:	DELETE
Request URI:	https://stellarburgers.education-services.ru/api/auth/user
Proxy:			<none>
Request params:	<none>
Query params:	<none>
Form params:	<none>
Path params:	<none>
Headers:		Authorization=Bearer eyJhbGciOiJIUzI1NiIsInR5cCI6IkpXVCJ9.eyJpZCI6IjY5ODEwMzAzOTg0MjcwMDAxYmU0MmQ3MyIsImlhdCI6MTc3MDA2MjU5NSwiZXhwIjoxNzcwMDYzNzk1fQ.8wJIF0wcy-69ocIzhqsqNUV9s49dXTCTHqW0iVZTbNI
				Accept=*/*
Cookies:		<none>
Multiparts:		<none>
Body:			<none>
Request method:	DELETE
Request URI:	https://stellarburgers.education-services.ru/api/auth/user
Proxy:			<none>
Request params:	<none>
Query params:	<none>
Form params:	<none>
Path params:	<none>
Headers:		Authorization=Bearer eyJhbGciOiJIUzI1NiIsInR5cCI6IkpXVCJ9.eyJpZCI6IjY5ODEwMzAzOTg0MjcwMDAxYmU0MmQ3MyIsImlhdCI6MTc3MDA2MjU5NSwiZXhwIjoxNzcwMDYzNzk1fQ.8wJIF0wcy-69ocIzhqsqNUV9s49dXTCTHqW0iVZTbNI
				Accept=*/*
Cookies:		<none>
Multiparts:		<none>
Body:			<none>
Request method:	DELETE
Request URI:	https://stellarburgers.education-services.ru/api/auth/user
Proxy:			<none>
Request params:	<none>
Query params:	<none>
Form params:	<none>
Path params:	<none>
Headers:		Authorization=Bearer eyJhbGciOiJIUzI1NiIsInR5cCI6IkpXVCJ9.eyJpZCI6IjY5ODEwMzAzOTg0MjcwMDAxYmU0MmQ3MyIsImlhdCI6MTc3MDA2MjU5NSwiZXhwIjoxNzcwMDYzNzk1fQ.8wJIF0wcy-69ocIzhqsqNUV9s49dXTCTHqW0iVZTbNI
				Accept=*/*
Cookies:		<none>
Multiparts:		<none>
Body:			<none>
Request method:	DELETE
Request URI:	https://stellarburgers.education-services.ru/api/auth/user
Proxy:			<none>
Request params:	<none>
Query params:	<none>
Form params:	<none>
Path params:	<none>
Headers:		Authorization=Bearer eyJhbGciOiJIUzI1NiIsInR5cCI6IkpXVCJ9.eyJpZCI6IjY5ODEwMzAzOTg0MjcwMDAxYmU0MmQ3MyIsImlhdCI6MTc3MDA2MjU5NSwiZXhwIjoxNzcwMDYzNzk1fQ.8wJIF0wcy-69ocIzhqsqNUV9s49dXTCTHqW0iVZTbNI
				Accept=*/*
Cookies:		<none>
Multiparts:		<none>
Body:			<none>
HTTP/1.1 202 Accepted
Server: nginx/1.24.0 (Ubuntu)
Date: Mon, 02 Feb 2026 20:03:16 GMT
Content-Type: application/json; charset=utf-8
Content-Length: 54
Connection: keep-alive
X-Powered-By: Express
Access-Control-Allow-Origin: *
ETag: W/"36-hDmZnQ3Ou/ynnqAeC6TYmyseuzY"

{
    "success": true,
    "message": "User successfully removed"
}
HTTP/1.1 202 Accepted
Server: nginx/1.24.0 (Ubuntu)
Date: Mon, 02 Feb 2026 20:03:16 GMT
Content-Type: application/json; charset=utf-8
Content-Length: 54
Connection: keep-alive
X-Powered-By: Express
Access-Control-Allow-Origin: *
ETag: W/"36-hDmZnQ3Ou/ynnqAeC6TYmyseuzY"

{
    "success": true,
    "message": "User successfully removed"
}
HTTP/1.1 202 Accepted
Server: nginx/1.24.0 (Ubuntu)
Date: Mon, 02 Feb 2026 20:03:16 GMT
Content-Type: application/json; charset=utf-8
Content-Length: 54
Connection: keep-alive
X-Powered-By: Express
Access-Control-Allow-Origin: *
ETag: W/"36-hDmZnQ3Ou/ynnqAeC6TYmyseuzY"

{
    "success": true,
    "message": "User successfully removed"
}
HTTP/1.1 202 Accepted
Server: nginx/1.24.0 (Ubuntu)
Date: Mon, 02 Feb 2026 20:03:16 GMT
Content-Type: application/json; charset=utf-8
Content-Length: 54
Connection: keep-alive
X-Powered-By: Express
Access-Control-Allow-Origin: *
ETag: W/"36-hDmZnQ3Ou/ynnqAeC6TYmyseuzY"

{
    "success": true,
    "message": "User successfully removed"
}
HTTP/1.1 202 Accepted
Server: nginx/1.24.0 (Ubuntu)
Date: Mon, 02 Feb 2026 20:03:16 GMT
Content-Type: application/json; charset=utf-8
Content-Length: 54
Connection: keep-alive
X-Powered-By: Express
Access-Control-Allow-Origin: *
ETag: W/"36-hDmZnQ3Ou/ynnqAeC6TYmyseuzY"

{
    "success": true,
    "message": "User successfully removed"
}
HTTP/1.1 202 Accepted
Server: nginx/1.24.0 (Ubuntu)
Date: Mon, 02 Feb 2026 20:03:16 GMT
Content-Type: application/json; charset=utf-8
Content-Length: 54
Connection: keep-alive
X-Powered-By: Express
Access-Control-Allow-Origin: *
ETag: W/"36-hDmZnQ3Ou/ynnqAeC6TYmyseuzY"

{
    "success": true,
    "message": "User successfully removed"
}
HTTP/1.1 202 Accepted
Server: nginx/1.24.0 (Ubuntu)
Date: Mon, 02 Feb 2026 20:03:16 GMT
Content-Type: application/json; charset=utf-8
Content-Length: 54
Connection: keep-alive
X-Powered-By: Express
Access-Control-Allow-Origin: *
ETag: W/"36-hDmZnQ3Ou/ynnqAeC6TYmyseuzY"

{
    "success": true,
    "message": "User successfully removed"
}
HTTP/1.1 202 Accepted
Server: nginx/1.24.0 (Ubuntu)
Date: Mon, 02 Feb 2026 20:03:16 GMT
Content-Type: application/json; charset=utf-8
Content-Length: 54
Connection: keep-alive
X-Powered-By: Express
Access-Control-Allow-Origin: *
ETag: W/"36-hDmZnQ3Ou/ynnqAeC6TYmyseuzY"

{
    "success": true,
    "message": "User successfully removed"
}
HTTP/1.1 202 Accepted
Server: nginx/1.24.0 (Ubuntu)
Date: Mon, 02 Feb 2026 20:03:16 GMT
Content-Type: application/json; charset=utf-8
Content-Length: 54
Connection: keep-alive
X-Powered-By: Express
Access-Control-Allow-Origin: *
ETag: W/"36-hDmZnQ3Ou/ynnqAeC6TYmyseuzY"

{
    "success": true,
    "message": "User successfully removed"
}
HTTP/1.1 202 Accepted
Server: nginx/1.24.0 (Ubuntu)
Date: Mon, 02 Feb 2026 20:03:16 GMT
Content-Type: application/json; charset=utf-8
Content-Length: 54
Connection: keep-alive
X-Powered-By: Express
Access-Control-Allow-Origin: *
ETag: W/"36-hDmZnQ3Ou/ynnqAeC6TYmyseuzY"

{
    "success": true,
    "message": "User successfully removed"
}
HTTP/1.1 202 Accepted
Server: nginx/1.24.0 (Ubuntu)
Date: Mon, 02 Feb 2026 20:03:16 GMT
Content-Type: application/json; charset=utf-8
Content-Length: 54
Connection: keep-alive
X-Powered-By: Express
Access-Control-Allow-Origin: *
ETag: W/"36-hDmZnQ3Ou/ynnqAeC6TYmyseuzY"

{
    "success": true,
    "message": "User successfully removed"
}
HTTP/1.1 202 Accepted
Server: nginx/1.24.0 (Ubuntu)
Date: Mon, 02 Feb 2026 20:03:16 GMT
Content-Type: application/json; charset=utf-8
Content-Length: 54
Connection: keep-alive
X-Powered-By: Express
Access-Control-Allow-Origin: *
ETag: W/"36-hDmZnQ3Ou/ynnqAeC6TYmyseuzY"

{
    "success": true,
    "message": "User successfully removed"
}
HTTP/1.1 202 Accepted
Server: nginx/1.24.0 (Ubuntu)
Date: Mon, 02 Feb 2026 20:03:16 GMT
Content-Type: application/json; charset=utf-8
Content-Length: 54
Connection: keep-alive
X-Powered-By: Express
Access-Control-Allow-Origin: *
ETag: W/"36-hDmZnQ3Ou/ynnqAeC6TYmyseuzY"

{
    "success": true,
    "message": "User successfully removed"
}
HTTP/1.1 202 Accepted
Server: nginx/1.24.0 (Ubuntu)
Date: Mon, 02 Feb 2026 20:03:16 GMT
Content-Type: application/json; charset=utf-8
Content-Length: 54
Connection: keep-alive
X-Powered-By: Express
Access-Control-Allow-Origin: *
ETag: W/"36-hDmZnQ3Ou/ynnqAeC6TYmyseuzY"

{
    "success": true,
    "message": "User successfully removed"
}
HTTP/1.1 202 Accepted
Server: nginx/1.24.0 (Ubuntu)
Date: Mon, 02 Feb 2026 20:03:16 GMT
Content-Type: application/json; charset=utf-8
Content-Length: 54
Connection: keep-alive
X-Powered-By: Express
Access-Control-Allow-Origin: *
ETag: W/"36-hDmZnQ3Ou/ynnqAeC6TYmyseuzY"

{
    "success": true,
    "message": "User successfully removed"
}
HTTP/1.1 202 Accepted
Server: nginx/1.24.0 (Ubuntu)
Date: Mon, 02 Feb 2026 20:03:16 GMT
Content-Type: application/json; charset=utf-8
Content-Length: 54
Connection: keep-alive
X-Powered-By: Express
Access-Control-Allow-Origin: *
ETag: W/"36-hDmZnQ3Ou/ynnqAeC6TYmyseuzY"

{
    "success": true,
    "message": "User successfully removed"
}
HTTP/1.1 202 Accepted
Server: nginx/1.24.0 (Ubuntu)
Date: Mon, 02 Feb 2026 20:03:16 GMT
Content-Type: application/json; charset=utf-8
Content-Length: 54
Connection: keep-alive
X-Powered-By: Express
Access-Control-Allow-Origin: *
ETag: W/"36-hDmZnQ3Ou/ynnqAeC6TYmyseuzY"

{
    "success": true,
    "message": "User successfully removed"
}
HTTP/1.1 202 Accepted
Server: nginx/1.24.0 (Ubuntu)
Date: Mon, 02 Feb 2026 20:03:16 GMT
Content-Type: application/json; charset=utf-8
Content-Length: 54
Connection: keep-alive
X-Powered-By: Express
Access-Control-Allow-Origin: *
ETag: W/"36-hDmZnQ3Ou/ynnqAeC6TYmyseuzY"

{
    "success": true,
    "message": "User successfully removed"
}
HTTP/1.1 202 Accepted
Server: nginx/1.24.0 (Ubuntu)
Date: Mon, 02 Feb 2026 20:03:16 GMT
Content-Type: application/json; charset=utf-8
Content-Length: 54
Connection: keep-alive
X-Powered-By: Express
Access-Control-Allow-Origin: *
ETag: W/"36-hDmZnQ3Ou/ynnqAeC6TYmyseuzY"

{
    "success": true,
    "message": "User successfully removed"
}
HTTP/1.1 202 Accepted
Server: nginx/1.24.0 (Ubuntu)
Date: Mon, 02 Feb 2026 20:03:16 GMT
Content-Type: application/json; charset=utf-8
Content-Length: 54
Connection: keep-alive
X-Powered-By: Express
Access-Control-Allow-Origin: *
ETag: W/"36-hDmZnQ3Ou/ynnqAeC6TYmyseuzY"

{
    "success": true,
    "message": "User successfully removed"
}
HTTP/1.1 202 Accepted
Server: nginx/1.24.0 (Ubuntu)
Date: Mon, 02 Feb 2026 20:03:16 GMT
Content-Type: application/json; charset=utf-8
Content-Length: 54
Connection: keep-alive
X-Powered-By: Express
Access-Control-Allow-Origin: *
ETag: W/"36-hDmZnQ3Ou/ynnqAeC6TYmyseuzY"

{
    "success": true,
    "message": "User successfully removed"
}
HTTP/1.1 202 Accepted
Server: nginx/1.24.0 (Ubuntu)
Date: Mon, 02 Feb 2026 20:03:16 GMT
Content-Type: application/json; charset=utf-8
Content-Length: 54
Connection: keep-alive
X-Powered-By: Express
Access-Control-Allow-Origin: *
ETag: W/"36-hDmZnQ3Ou/ynnqAeC6TYmyseuzY"

{
    "success": true,
    "message": "User successfully removed"
}
HTTP/1.1 202 Accepted
Server: nginx/1.24.0 (Ubuntu)
Date: Mon, 02 Feb 2026 20:03:16 GMT
Content-Type: application/json; charset=utf-8
Content-Length: 54
Connection: keep-alive
X-Powered-By: Express
Access-Control-Allow-Origin: *
ETag: W/"36-hDmZnQ3Ou/ynnqAeC6TYmyseuzY"

{
    "success": true,
    "message": "User successfully removed"
}
HTTP/1.1 202 Accepted
Server: nginx/1.24.0 (Ubuntu)
Date: Mon, 02 Feb 2026 20:03:16 GMT
Content-Type: application/json; charset=utf-8
Content-Length: 54
Connection: keep-alive
X-Powered-By: Express
Access-Control-Allow-Origin: *
ETag: W/"36-hDmZnQ3Ou/ynnqAeC6TYmyseuzY"

{
    "success": true,
    "message": "User successfully removed"
}
Request method:	POST
Request URI:	https://stellarburgers.education-services.ru/api/auth/register
Proxy:			<none>
Request params:	<none>
Query params:	<none>
Form params:	<none>
Path params:	<none>
Headers:		Accept=*/*
				Content-Type=application/json
Cookies:		<none>
Multiparts:		<none>
Body:
{
    "email": "order_test_1770062596215@yandex.ru",
    "password": "password123",
    "name": "Order Test User"
}
Request method:	POST
Request URI:	https://stellarburgers.education-services.ru/api/auth/register
Proxy:			<none>
Request params:	<none>
Query params:	<none>
Form params:	<none>
Path params:	<none>
Headers:		Accept=*/*
				Content-Type=application/json
Cookies:		<none>
Multiparts:		<none>
Body:
{
    "email": "order_test_1770062596215@yandex.ru",
    "password": "password123",
    "name": "Order Test User"
}
Request method:	POST
Request URI:	https://stellarburgers.education-services.ru/api/auth/register
Proxy:			<none>
Request params:	<none>
Query params:	<none>
Form params:	<none>
Path params:	<none>
Headers:		Accept=*/*
				Content-Type=application/json
Cookies:		<none>
Multiparts:		<none>
Body:
{
    "email": "order_test_1770062596215@yandex.ru",
    "password": "password123",
    "name": "Order Test User"
}
Request method:	POST
Request URI:	https://stellarburgers.education-services.ru/api/auth/register
Proxy:			<none>
Request params:	<none>
Query params:	<none>
Form params:	<none>
Path params:	<none>
Headers:		Accept=*/*
				Content-Type=application/json
Cookies:		<none>
Multiparts:		<none>
Body:
{
    "email": "order_test_1770062596215@yandex.ru",
    "password": "password123",
    "name": "Order Test User"
}
Request method:	POST
Request URI:	https://stellarburgers.education-services.ru/api/auth/register
Proxy:			<none>
Request params:	<none>
Query params:	<none>
Form params:	<none>
Path params:	<none>
Headers:		Accept=*/*
				Content-Type=application/json
Cookies:		<none>
Multiparts:		<none>
Body:
{
    "email": "order_test_1770062596215@yandex.ru",
    "password": "password123",
    "name": "Order Test User"
}
Request method:	POST
Request URI:	https://stellarburgers.education-services.ru/api/auth/register
Proxy:			<none>
Request params:	<none>
Query params:	<none>
Form params:	<none>
Path params:	<none>
Headers:		Accept=*/*
				Content-Type=application/json
Cookies:		<none>
Multiparts:		<none>
Body:
{
    "email": "order_test_1770062596215@yandex.ru",
    "password": "password123",
    "name": "Order Test User"
}
Request method:	POST
Request URI:	https://stellarburgers.education-services.ru/api/auth/register
Proxy:			<none>
Request params:	<none>
Query params:	<none>
Form params:	<none>
Path params:	<none>
Headers:		Accept=*/*
				Content-Type=application/json
Cookies:		<none>
Multiparts:		<none>
Body:
{
    "email": "order_test_1770062596215@yandex.ru",
    "password": "password123",
    "name": "Order Test User"
}
Request method:	POST
Request URI:	https://stellarburgers.education-services.ru/api/auth/register
Proxy:			<none>
Request params:	<none>
Query params:	<none>
Form params:	<none>
Path params:	<none>
Headers:		Accept=*/*
				Content-Type=application/json
Cookies:		<none>
Multiparts:		<none>
Body:
{
    "email": "order_test_1770062596215@yandex.ru",
    "password": "password123",
    "name": "Order Test User"
}
Request method:	POST
Request URI:	https://stellarburgers.education-services.ru/api/auth/register
Proxy:			<none>
Request params:	<none>
Query params:	<none>
Form params:	<none>
Path params:	<none>
Headers:		Accept=*/*
				Content-Type=application/json
Cookies:		<none>
Multiparts:		<none>
Body:
{
    "email": "order_test_1770062596215@yandex.ru",
    "password": "password123",
    "name": "Order Test User"
}
Request method:	POST
Request URI:	https://stellarburgers.education-services.ru/api/auth/register
Proxy:			<none>
Request params:	<none>
Query params:	<none>
Form params:	<none>
Path params:	<none>
Headers:		Accept=*/*
				Content-Type=application/json
Cookies:		<none>
Multiparts:		<none>
Body:
{
    "email": "order_test_1770062596215@yandex.ru",
    "password": "password123",
    "name": "Order Test User"
}
Request method:	POST
Request URI:	https://stellarburgers.education-services.ru/api/auth/register
Proxy:			<none>
Request params:	<none>
Query params:	<none>
Form params:	<none>
Path params:	<none>
Headers:		Accept=*/*
				Content-Type=application/json
Cookies:		<none>
Multiparts:		<none>
Body:
{
    "email": "order_test_1770062596215@yandex.ru",
    "password": "password123",
    "name": "Order Test User"
}
Request method:	POST
Request URI:	https://stellarburgers.education-services.ru/api/auth/register
Proxy:			<none>
Request params:	<none>
Query params:	<none>
Form params:	<none>
Path params:	<none>
Headers:		Accept=*/*
				Content-Type=application/json
Cookies:		<none>
Multiparts:		<none>
Body:
{
    "email": "order_test_1770062596215@yandex.ru",
    "password": "password123",
    "name": "Order Test User"
}
Request method:	POST
Request URI:	https://stellarburgers.education-services.ru/api/auth/register
Proxy:			<none>
Request params:	<none>
Query params:	<none>
Form params:	<none>
Path params:	<none>
Headers:		Accept=*/*
				Content-Type=application/json
Cookies:		<none>
Multiparts:		<none>
Body:
{
    "email": "order_test_1770062596215@yandex.ru",
    "password": "password123",
    "name": "Order Test User"
}
Request method:	POST
Request URI:	https://stellarburgers.education-services.ru/api/auth/register
Proxy:			<none>
Request params:	<none>
Query params:	<none>
Form params:	<none>
Path params:	<none>
Headers:		Accept=*/*
				Content-Type=application/json
Cookies:		<none>
Multiparts:		<none>
Body:
{
    "email": "order_test_1770062596215@yandex.ru",
    "password": "password123",
    "name": "Order Test User"
}
Request method:	POST
Request URI:	https://stellarburgers.education-services.ru/api/auth/register
Proxy:			<none>
Request params:	<none>
Query params:	<none>
Form params:	<none>
Path params:	<none>
Headers:		Accept=*/*
				Content-Type=application/json
Cookies:		<none>
Multiparts:		<none>
Body:
{
    "email": "order_test_1770062596215@yandex.ru",
    "password": "password123",
    "name": "Order Test User"
}
Request method:	POST
Request URI:	https://stellarburgers.education-services.ru/api/auth/register
Proxy:			<none>
Request params:	<none>
Query params:	<none>
Form params:	<none>
Path params:	<none>
Headers:		Accept=*/*
				Content-Type=application/json
Cookies:		<none>
Multiparts:		<none>
Body:
{
    "email": "order_test_1770062596215@yandex.ru",
    "password": "password123",
    "name": "Order Test User"
}
Request method:	POST
Request URI:	https://stellarburgers.education-services.ru/api/auth/register
Proxy:			<none>
Request params:	<none>
Query params:	<none>
Form params:	<none>
Path params:	<none>
Headers:		Accept=*/*
				Content-Type=application/json
Cookies:		<none>
Multiparts:		<none>
Body:
{
    "email": "order_test_1770062596215@yandex.ru",
    "password": "password123",
    "name": "Order Test User"
}
Request method:	POST
Request URI:	https://stellarburgers.education-services.ru/api/auth/register
Proxy:			<none>
Request params:	<none>
Query params:	<none>
Form params:	<none>
Path params:	<none>
Headers:		Accept=*/*
				Content-Type=application/json
Cookies:		<none>
Multiparts:		<none>
Body:
{
    "email": "order_test_1770062596215@yandex.ru",
    "password": "password123",
    "name": "Order Test User"
}
Request method:	POST
Request URI:	https://stellarburgers.education-services.ru/api/auth/register
Proxy:			<none>
Request params:	<none>
Query params:	<none>
Form params:	<none>
Path params:	<none>
Headers:		Accept=*/*
				Content-Type=application/json
Cookies:		<none>
Multiparts:		<none>
Body:
{
    "email": "order_test_1770062596215@yandex.ru",
    "password": "password123",
    "name": "Order Test User"
}
Request method:	POST
Request URI:	https://stellarburgers.education-services.ru/api/auth/register
Proxy:			<none>
Request params:	<none>
Query params:	<none>
Form params:	<none>
Path params:	<none>
Headers:		Accept=*/*
				Content-Type=application/json
Cookies:		<none>
Multiparts:		<none>
Body:
{
    "email": "order_test_1770062596215@yandex.ru",
    "password": "password123",
    "name": "Order Test User"
}
Request method:	POST
Request URI:	https://stellarburgers.education-services.ru/api/auth/register
Proxy:			<none>
Request params:	<none>
Query params:	<none>
Form params:	<none>
Path params:	<none>
Headers:		Accept=*/*
				Content-Type=application/json
Cookies:		<none>
Multiparts:		<none>
Body:
{
    "email": "order_test_1770062596215@yandex.ru",
    "password": "password123",
    "name": "Order Test User"
}
Request method:	POST
Request URI:	https://stellarburgers.education-services.ru/api/auth/register
Proxy:			<none>
Request params:	<none>
Query params:	<none>
Form params:	<none>
Path params:	<none>
Headers:		Accept=*/*
				Content-Type=application/json
Cookies:		<none>
Multiparts:		<none>
Body:
{
    "email": "order_test_1770062596215@yandex.ru",
    "password": "password123",
    "name": "Order Test User"
}
Request method:	POST
Request URI:	https://stellarburgers.education-services.ru/api/auth/register
Proxy:			<none>
Request params:	<none>
Query params:	<none>
Form params:	<none>
Path params:	<none>
Headers:		Accept=*/*
				Content-Type=application/json
Cookies:		<none>
Multiparts:		<none>
Body:
{
    "email": "order_test_1770062596215@yandex.ru",
    "password": "password123",
    "name": "Order Test User"
}
Request method:	POST
Request URI:	https://stellarburgers.education-services.ru/api/auth/register
Proxy:			<none>
Request params:	<none>
Query params:	<none>
Form params:	<none>
Path params:	<none>
Headers:		Accept=*/*
				Content-Type=application/json
Cookies:		<none>
Multiparts:		<none>
Body:
{
    "email": "order_test_1770062596215@yandex.ru",
    "password": "password123",
    "name": "Order Test User"
}
Request method:	POST
Request URI:	https://stellarburgers.education-services.ru/api/auth/register
Proxy:			<none>
Request params:	<none>
Query params:	<none>
Form params:	<none>
Path params:	<none>
Headers:		Accept=*/*
				Content-Type=application/json
Cookies:		<none>
Multiparts:		<none>
Body:
{
    "email": "order_test_1770062596215@yandex.ru",
    "password": "password123",
    "name": "Order Test User"
}
Request method:	POST
Request URI:	https://stellarburgers.education-services.ru/api/auth/register
Proxy:			<none>
Request params:	<none>
Query params:	<none>
Form params:	<none>
Path params:	<none>
Headers:		Accept=*/*
				Content-Type=application/json
Cookies:		<none>
Multiparts:		<none>
Body:
{
    "email": "order_test_1770062596215@yandex.ru",
    "password": "password123",
    "name": "Order Test User"
}
HTTP/1.1 200 OK
Server: nginx/1.24.0 (Ubuntu)
Date: Mon, 02 Feb 2026 20:03:16 GMT
Content-Type: application/json; charset=utf-8
Content-Length: 388
Connection: keep-alive
X-Powered-By: Express
Access-Control-Allow-Origin: *
authorization: Bearer eyJhbGciOiJIUzI1NiIsInR5cCI6IkpXVCJ9.eyJpZCI6IjY5ODEwMzA0OTg0MjcwMDAxYmU0MmQ3NSIsImlhdCI6MTc3MDA2MjU5NiwiZXhwIjoxNzcwMDYzNzk2fQ.GV9e3YTgg31E1oKViywNytrmGMyhKOK-SJXmgq7drV0
ETag: W/"184-SzBa+5AzhUqZ0uskgcbPfSqONBU"

{
    "success": true,
    "user": {
        "email": "order_test_1770062596215@yandex.ru",
        "name": "Order Test User"
    },
    "accessToken": "Bearer eyJhbGciOiJIUzI1NiIsInR5cCI6IkpXVCJ9.eyJpZCI6IjY5ODEwMzA0OTg0MjcwMDAxYmU0MmQ3NSIsImlhdCI6MTc3MDA2MjU5NiwiZXhwIjoxNzcwMDYzNzk2fQ.GV9e3YTgg31E1oKViywNytrmGMyhKOK-SJXmgq7drV0",
    "refreshToken": "2bdb0d456d591d499a2460e7fb94449df13281576498840ab245702981209350cb46a37b0f9e6bc8"
}
HTTP/1.1 200 OK
Server: nginx/1.24.0 (Ubuntu)
Date: Mon, 02 Feb 2026 20:03:16 GMT
Content-Type: application/json; charset=utf-8
Content-Length: 388
Connection: keep-alive
X-Powered-By: Express
Access-Control-Allow-Origin: *
authorization: Bearer eyJhbGciOiJIUzI1NiIsInR5cCI6IkpXVCJ9.eyJpZCI6IjY5ODEwMzA0OTg0MjcwMDAxYmU0MmQ3NSIsImlhdCI6MTc3MDA2MjU5NiwiZXhwIjoxNzcwMDYzNzk2fQ.GV9e3YTgg31E1oKViywNytrmGMyhKOK-SJXmgq7drV0
ETag: W/"184-SzBa+5AzhUqZ0uskgcbPfSqONBU"

{
    "success": true,
    "user": {
        "email": "order_test_1770062596215@yandex.ru",
        "name": "Order Test User"
    },
    "accessToken": "Bearer eyJhbGciOiJIUzI1NiIsInR5cCI6IkpXVCJ9.eyJpZCI6IjY5ODEwMzA0OTg0MjcwMDAxYmU0MmQ3NSIsImlhdCI6MTc3MDA2MjU5NiwiZXhwIjoxNzcwMDYzNzk2fQ.GV9e3YTgg31E1oKViywNytrmGMyhKOK-SJXmgq7drV0",
    "refreshToken": "2bdb0d456d591d499a2460e7fb94449df13281576498840ab245702981209350cb46a37b0f9e6bc8"
}
HTTP/1.1 200 OK
Server: nginx/1.24.0 (Ubuntu)
Date: Mon, 02 Feb 2026 20:03:16 GMT
Content-Type: application/json; charset=utf-8
Content-Length: 388
Connection: keep-alive
X-Powered-By: Express
Access-Control-Allow-Origin: *
authorization: Bearer eyJhbGciOiJIUzI1NiIsInR5cCI6IkpXVCJ9.eyJpZCI6IjY5ODEwMzA0OTg0MjcwMDAxYmU0MmQ3NSIsImlhdCI6MTc3MDA2MjU5NiwiZXhwIjoxNzcwMDYzNzk2fQ.GV9e3YTgg31E1oKViywNytrmGMyhKOK-SJXmgq7drV0
ETag: W/"184-SzBa+5AzhUqZ0uskgcbPfSqONBU"

{
    "success": true,
    "user": {
        "email": "order_test_1770062596215@yandex.ru",
        "name": "Order Test User"
    },
    "accessToken": "Bearer eyJhbGciOiJIUzI1NiIsInR5cCI6IkpXVCJ9.eyJpZCI6IjY5ODEwMzA0OTg0MjcwMDAxYmU0MmQ3NSIsImlhdCI6MTc3MDA2MjU5NiwiZXhwIjoxNzcwMDYzNzk2fQ.GV9e3YTgg31E1oKViywNytrmGMyhKOK-SJXmgq7drV0",
    "refreshToken": "2bdb0d456d591d499a2460e7fb94449df13281576498840ab245702981209350cb46a37b0f9e6bc8"
}
HTTP/1.1 200 OK
Server: nginx/1.24.0 (Ubuntu)
Date: Mon, 02 Feb 2026 20:03:16 GMT
Content-Type: application/json; charset=utf-8
Content-Length: 388
Connection: keep-alive
X-Powered-By: Express
Access-Control-Allow-Origin: *
authorization: Bearer eyJhbGciOiJIUzI1NiIsInR5cCI6IkpXVCJ9.eyJpZCI6IjY5ODEwMzA0OTg0MjcwMDAxYmU0MmQ3NSIsImlhdCI6MTc3MDA2MjU5NiwiZXhwIjoxNzcwMDYzNzk2fQ.GV9e3YTgg31E1oKViywNytrmGMyhKOK-SJXmgq7drV0
ETag: W/"184-SzBa+5AzhUqZ0uskgcbPfSqONBU"

{
    "success": true,
    "user": {
        "email": "order_test_1770062596215@yandex.ru",
        "name": "Order Test User"
    },
    "accessToken": "Bearer eyJhbGciOiJIUzI1NiIsInR5cCI6IkpXVCJ9.eyJpZCI6IjY5ODEwMzA0OTg0MjcwMDAxYmU0MmQ3NSIsImlhdCI6MTc3MDA2MjU5NiwiZXhwIjoxNzcwMDYzNzk2fQ.GV9e3YTgg31E1oKViywNytrmGMyhKOK-SJXmgq7drV0",
    "refreshToken": "2bdb0d456d591d499a2460e7fb94449df13281576498840ab245702981209350cb46a37b0f9e6bc8"
}
HTTP/1.1 200 OK
Server: nginx/1.24.0 (Ubuntu)
Date: Mon, 02 Feb 2026 20:03:16 GMT
Content-Type: application/json; charset=utf-8
Content-Length: 388
Connection: keep-alive
X-Powered-By: Express
Access-Control-Allow-Origin: *
authorization: Bearer eyJhbGciOiJIUzI1NiIsInR5cCI6IkpXVCJ9.eyJpZCI6IjY5ODEwMzA0OTg0MjcwMDAxYmU0MmQ3NSIsImlhdCI6MTc3MDA2MjU5NiwiZXhwIjoxNzcwMDYzNzk2fQ.GV9e3YTgg31E1oKViywNytrmGMyhKOK-SJXmgq7drV0
ETag: W/"184-SzBa+5AzhUqZ0uskgcbPfSqONBU"

{
    "success": true,
    "user": {
        "email": "order_test_1770062596215@yandex.ru",
        "name": "Order Test User"
    },
    "accessToken": "Bearer eyJhbGciOiJIUzI1NiIsInR5cCI6IkpXVCJ9.eyJpZCI6IjY5ODEwMzA0OTg0MjcwMDAxYmU0MmQ3NSIsImlhdCI6MTc3MDA2MjU5NiwiZXhwIjoxNzcwMDYzNzk2fQ.GV9e3YTgg31E1oKViywNytrmGMyhKOK-SJXmgq7drV0",
    "refreshToken": "2bdb0d456d591d499a2460e7fb94449df13281576498840ab245702981209350cb46a37b0f9e6bc8"
}
HTTP/1.1 200 OK
Server: nginx/1.24.0 (Ubuntu)
Date: Mon, 02 Feb 2026 20:03:16 GMT
Content-Type: application/json; charset=utf-8
Content-Length: 388
Connection: keep-alive
X-Powered-By: Express
Access-Control-Allow-Origin: *
authorization: Bearer eyJhbGciOiJIUzI1NiIsInR5cCI6IkpXVCJ9.eyJpZCI6IjY5ODEwMzA0OTg0MjcwMDAxYmU0MmQ3NSIsImlhdCI6MTc3MDA2MjU5NiwiZXhwIjoxNzcwMDYzNzk2fQ.GV9e3YTgg31E1oKViywNytrmGMyhKOK-SJXmgq7drV0
ETag: W/"184-SzBa+5AzhUqZ0uskgcbPfSqONBU"

{
    "success": true,
    "user": {
        "email": "order_test_1770062596215@yandex.ru",
        "name": "Order Test User"
    },
    "accessToken": "Bearer eyJhbGciOiJIUzI1NiIsInR5cCI6IkpXVCJ9.eyJpZCI6IjY5ODEwMzA0OTg0MjcwMDAxYmU0MmQ3NSIsImlhdCI6MTc3MDA2MjU5NiwiZXhwIjoxNzcwMDYzNzk2fQ.GV9e3YTgg31E1oKViywNytrmGMyhKOK-SJXmgq7drV0",
    "refreshToken": "2bdb0d456d591d499a2460e7fb94449df13281576498840ab245702981209350cb46a37b0f9e6bc8"
}
HTTP/1.1 200 OK
Server: nginx/1.24.0 (Ubuntu)
Date: Mon, 02 Feb 2026 20:03:16 GMT
Content-Type: application/json; charset=utf-8
Content-Length: 388
Connection: keep-alive
X-Powered-By: Express
Access-Control-Allow-Origin: *
authorization: Bearer eyJhbGciOiJIUzI1NiIsInR5cCI6IkpXVCJ9.eyJpZCI6IjY5ODEwMzA0OTg0MjcwMDAxYmU0MmQ3NSIsImlhdCI6MTc3MDA2MjU5NiwiZXhwIjoxNzcwMDYzNzk2fQ.GV9e3YTgg31E1oKViywNytrmGMyhKOK-SJXmgq7drV0
ETag: W/"184-SzBa+5AzhUqZ0uskgcbPfSqONBU"

{
    "success": true,
    "user": {
        "email": "order_test_1770062596215@yandex.ru",
        "name": "Order Test User"
    },
    "accessToken": "Bearer eyJhbGciOiJIUzI1NiIsInR5cCI6IkpXVCJ9.eyJpZCI6IjY5ODEwMzA0OTg0MjcwMDAxYmU0MmQ3NSIsImlhdCI6MTc3MDA2MjU5NiwiZXhwIjoxNzcwMDYzNzk2fQ.GV9e3YTgg31E1oKViywNytrmGMyhKOK-SJXmgq7drV0",
    "refreshToken": "2bdb0d456d591d499a2460e7fb94449df13281576498840ab245702981209350cb46a37b0f9e6bc8"
}
HTTP/1.1 200 OK
Server: nginx/1.24.0 (Ubuntu)
Date: Mon, 02 Feb 2026 20:03:16 GMT
Content-Type: application/json; charset=utf-8
Content-Length: 388
Connection: keep-alive
X-Powered-By: Express
Access-Control-Allow-Origin: *
authorization: Bearer eyJhbGciOiJIUzI1NiIsInR5cCI6IkpXVCJ9.eyJpZCI6IjY5ODEwMzA0OTg0MjcwMDAxYmU0MmQ3NSIsImlhdCI6MTc3MDA2MjU5NiwiZXhwIjoxNzcwMDYzNzk2fQ.GV9e3YTgg31E1oKViywNytrmGMyhKOK-SJXmgq7drV0
ETag: W/"184-SzBa+5AzhUqZ0uskgcbPfSqONBU"

{
    "success": true,
    "user": {
        "email": "order_test_1770062596215@yandex.ru",
        "name": "Order Test User"
    },
    "accessToken": "Bearer eyJhbGciOiJIUzI1NiIsInR5cCI6IkpXVCJ9.eyJpZCI6IjY5ODEwMzA0OTg0MjcwMDAxYmU0MmQ3NSIsImlhdCI6MTc3MDA2MjU5NiwiZXhwIjoxNzcwMDYzNzk2fQ.GV9e3YTgg31E1oKViywNytrmGMyhKOK-SJXmgq7drV0",
    "refreshToken": "2bdb0d456d591d499a2460e7fb94449df13281576498840ab245702981209350cb46a37b0f9e6bc8"
}
HTTP/1.1 200 OK
Server: nginx/1.24.0 (Ubuntu)
Date: Mon, 02 Feb 2026 20:03:16 GMT
Content-Type: application/json; charset=utf-8
Content-Length: 388
Connection: keep-alive
X-Powered-By: Express
Access-Control-Allow-Origin: *
authorization: Bearer eyJhbGciOiJIUzI1NiIsInR5cCI6IkpXVCJ9.eyJpZCI6IjY5ODEwMzA0OTg0MjcwMDAxYmU0MmQ3NSIsImlhdCI6MTc3MDA2MjU5NiwiZXhwIjoxNzcwMDYzNzk2fQ.GV9e3YTgg31E1oKViywNytrmGMyhKOK-SJXmgq7drV0
ETag: W/"184-SzBa+5AzhUqZ0uskgcbPfSqONBU"

{
    "success": true,
    "user": {
        "email": "order_test_1770062596215@yandex.ru",
        "name": "Order Test User"
    },
    "accessToken": "Bearer eyJhbGciOiJIUzI1NiIsInR5cCI6IkpXVCJ9.eyJpZCI6IjY5ODEwMzA0OTg0MjcwMDAxYmU0MmQ3NSIsImlhdCI6MTc3MDA2MjU5NiwiZXhwIjoxNzcwMDYzNzk2fQ.GV9e3YTgg31E1oKViywNytrmGMyhKOK-SJXmgq7drV0",
    "refreshToken": "2bdb0d456d591d499a2460e7fb94449df13281576498840ab245702981209350cb46a37b0f9e6bc8"
}
HTTP/1.1 200 OK
Server: nginx/1.24.0 (Ubuntu)
Date: Mon, 02 Feb 2026 20:03:16 GMT
Content-Type: application/json; charset=utf-8
Content-Length: 388
Connection: keep-alive
X-Powered-By: Express
Access-Control-Allow-Origin: *
authorization: Bearer eyJhbGciOiJIUzI1NiIsInR5cCI6IkpXVCJ9.eyJpZCI6IjY5ODEwMzA0OTg0MjcwMDAxYmU0MmQ3NSIsImlhdCI6MTc3MDA2MjU5NiwiZXhwIjoxNzcwMDYzNzk2fQ.GV9e3YTgg31E1oKViywNytrmGMyhKOK-SJXmgq7drV0
ETag: W/"184-SzBa+5AzhUqZ0uskgcbPfSqONBU"

{
    "success": true,
    "user": {
        "email": "order_test_1770062596215@yandex.ru",
        "name": "Order Test User"
    },
    "accessToken": "Bearer eyJhbGciOiJIUzI1NiIsInR5cCI6IkpXVCJ9.eyJpZCI6IjY5ODEwMzA0OTg0MjcwMDAxYmU0MmQ3NSIsImlhdCI6MTc3MDA2MjU5NiwiZXhwIjoxNzcwMDYzNzk2fQ.GV9e3YTgg31E1oKViywNytrmGMyhKOK-SJXmgq7drV0",
    "refreshToken": "2bdb0d456d591d499a2460e7fb94449df13281576498840ab245702981209350cb46a37b0f9e6bc8"
}
HTTP/1.1 200 OK
Server: nginx/1.24.0 (Ubuntu)
Date: Mon, 02 Feb 2026 20:03:16 GMT
Content-Type: application/json; charset=utf-8
Content-Length: 388
Connection: keep-alive
X-Powered-By: Express
Access-Control-Allow-Origin: *
authorization: Bearer eyJhbGciOiJIUzI1NiIsInR5cCI6IkpXVCJ9.eyJpZCI6IjY5ODEwMzA0OTg0MjcwMDAxYmU0MmQ3NSIsImlhdCI6MTc3MDA2MjU5NiwiZXhwIjoxNzcwMDYzNzk2fQ.GV9e3YTgg31E1oKViywNytrmGMyhKOK-SJXmgq7drV0
ETag: W/"184-SzBa+5AzhUqZ0uskgcbPfSqONBU"

{
    "success": true,
    "user": {
        "email": "order_test_1770062596215@yandex.ru",
        "name": "Order Test User"
    },
    "accessToken": "Bearer eyJhbGciOiJIUzI1NiIsInR5cCI6IkpXVCJ9.eyJpZCI6IjY5ODEwMzA0OTg0MjcwMDAxYmU0MmQ3NSIsImlhdCI6MTc3MDA2MjU5NiwiZXhwIjoxNzcwMDYzNzk2fQ.GV9e3YTgg31E1oKViywNytrmGMyhKOK-SJXmgq7drV0",
    "refreshToken": "2bdb0d456d591d499a2460e7fb94449df13281576498840ab245702981209350cb46a37b0f9e6bc8"
}
HTTP/1.1 200 OK
Server: nginx/1.24.0 (Ubuntu)
Date: Mon, 02 Feb 2026 20:03:16 GMT
Content-Type: application/json; charset=utf-8
Content-Length: 388
Connection: keep-alive
X-Powered-By: Express
Access-Control-Allow-Origin: *
authorization: Bearer eyJhbGciOiJIUzI1NiIsInR5cCI6IkpXVCJ9.eyJpZCI6IjY5ODEwMzA0OTg0MjcwMDAxYmU0MmQ3NSIsImlhdCI6MTc3MDA2MjU5NiwiZXhwIjoxNzcwMDYzNzk2fQ.GV9e3YTgg31E1oKViywNytrmGMyhKOK-SJXmgq7drV0
ETag: W/"184-SzBa+5AzhUqZ0uskgcbPfSqONBU"

{
    "success": true,
    "user": {
        "email": "order_test_1770062596215@yandex.ru",
        "name": "Order Test User"
    },
    "accessToken": "Bearer eyJhbGciOiJIUzI1NiIsInR5cCI6IkpXVCJ9.eyJpZCI6IjY5ODEwMzA0OTg0MjcwMDAxYmU0MmQ3NSIsImlhdCI6MTc3MDA2MjU5NiwiZXhwIjoxNzcwMDYzNzk2fQ.GV9e3YTgg31E1oKViywNytrmGMyhKOK-SJXmgq7drV0",
    "refreshToken": "2bdb0d456d591d499a2460e7fb94449df13281576498840ab245702981209350cb46a37b0f9e6bc8"
}
HTTP/1.1 200 OK
Server: nginx/1.24.0 (Ubuntu)
Date: Mon, 02 Feb 2026 20:03:16 GMT
Content-Type: application/json; charset=utf-8
Content-Length: 388
Connection: keep-alive
X-Powered-By: Express
Access-Control-Allow-Origin: *
authorization: Bearer eyJhbGciOiJIUzI1NiIsInR5cCI6IkpXVCJ9.eyJpZCI6IjY5ODEwMzA0OTg0MjcwMDAxYmU0MmQ3NSIsImlhdCI6MTc3MDA2MjU5NiwiZXhwIjoxNzcwMDYzNzk2fQ.GV9e3YTgg31E1oKViywNytrmGMyhKOK-SJXmgq7drV0
ETag: W/"184-SzBa+5AzhUqZ0uskgcbPfSqONBU"

{
    "success": true,
    "user": {
        "email": "order_test_1770062596215@yandex.ru",
        "name": "Order Test User"
    },
    "accessToken": "Bearer eyJhbGciOiJIUzI1NiIsInR5cCI6IkpXVCJ9.eyJpZCI6IjY5ODEwMzA0OTg0MjcwMDAxYmU0MmQ3NSIsImlhdCI6MTc3MDA2MjU5NiwiZXhwIjoxNzcwMDYzNzk2fQ.GV9e3YTgg31E1oKViywNytrmGMyhKOK-SJXmgq7drV0",
    "refreshToken": "2bdb0d456d591d499a2460e7fb94449df13281576498840ab245702981209350cb46a37b0f9e6bc8"
}
HTTP/1.1 200 OK
Server: nginx/1.24.0 (Ubuntu)
Date: Mon, 02 Feb 2026 20:03:16 GMT
Content-Type: application/json; charset=utf-8
Content-Length: 388
Connection: keep-alive
X-Powered-By: Express
Access-Control-Allow-Origin: *
authorization: Bearer eyJhbGciOiJIUzI1NiIsInR5cCI6IkpXVCJ9.eyJpZCI6IjY5ODEwMzA0OTg0MjcwMDAxYmU0MmQ3NSIsImlhdCI6MTc3MDA2MjU5NiwiZXhwIjoxNzcwMDYzNzk2fQ.GV9e3YTgg31E1oKViywNytrmGMyhKOK-SJXmgq7drV0
ETag: W/"184-SzBa+5AzhUqZ0uskgcbPfSqONBU"

{
    "success": true,
    "user": {
        "email": "order_test_1770062596215@yandex.ru",
        "name": "Order Test User"
    },
    "accessToken": "Bearer eyJhbGciOiJIUzI1NiIsInR5cCI6IkpXVCJ9.eyJpZCI6IjY5ODEwMzA0OTg0MjcwMDAxYmU0MmQ3NSIsImlhdCI6MTc3MDA2MjU5NiwiZXhwIjoxNzcwMDYzNzk2fQ.GV9e3YTgg31E1oKViywNytrmGMyhKOK-SJXmgq7drV0",
    "refreshToken": "2bdb0d456d591d499a2460e7fb94449df13281576498840ab245702981209350cb46a37b0f9e6bc8"
}
HTTP/1.1 200 OK
Server: nginx/1.24.0 (Ubuntu)
Date: Mon, 02 Feb 2026 20:03:16 GMT
Content-Type: application/json; charset=utf-8
Content-Length: 388
Connection: keep-alive
X-Powered-By: Express
Access-Control-Allow-Origin: *
authorization: Bearer eyJhbGciOiJIUzI1NiIsInR5cCI6IkpXVCJ9.eyJpZCI6IjY5ODEwMzA0OTg0MjcwMDAxYmU0MmQ3NSIsImlhdCI6MTc3MDA2MjU5NiwiZXhwIjoxNzcwMDYzNzk2fQ.GV9e3YTgg31E1oKViywNytrmGMyhKOK-SJXmgq7drV0
ETag: W/"184-SzBa+5AzhUqZ0uskgcbPfSqONBU"

{
    "success": true,
    "user": {
        "email": "order_test_1770062596215@yandex.ru",
        "name": "Order Test User"
    },
    "accessToken": "Bearer eyJhbGciOiJIUzI1NiIsInR5cCI6IkpXVCJ9.eyJpZCI6IjY5ODEwMzA0OTg0MjcwMDAxYmU0MmQ3NSIsImlhdCI6MTc3MDA2MjU5NiwiZXhwIjoxNzcwMDYzNzk2fQ.GV9e3YTgg31E1oKViywNytrmGMyhKOK-SJXmgq7drV0",
    "refreshToken": "2bdb0d456d591d499a2460e7fb94449df13281576498840ab245702981209350cb46a37b0f9e6bc8"
}
HTTP/1.1 200 OK
Server: nginx/1.24.0 (Ubuntu)
Date: Mon, 02 Feb 2026 20:03:16 GMT
Content-Type: application/json; charset=utf-8
Content-Length: 388
Connection: keep-alive
X-Powered-By: Express
Access-Control-Allow-Origin: *
authorization: Bearer eyJhbGciOiJIUzI1NiIsInR5cCI6IkpXVCJ9.eyJpZCI6IjY5ODEwMzA0OTg0MjcwMDAxYmU0MmQ3NSIsImlhdCI6MTc3MDA2MjU5NiwiZXhwIjoxNzcwMDYzNzk2fQ.GV9e3YTgg31E1oKViywNytrmGMyhKOK-SJXmgq7drV0
ETag: W/"184-SzBa+5AzhUqZ0uskgcbPfSqONBU"

{
    "success": true,
    "user": {
        "email": "order_test_1770062596215@yandex.ru",
        "name": "Order Test User"
    },
    "accessToken": "Bearer eyJhbGciOiJIUzI1NiIsInR5cCI6IkpXVCJ9.eyJpZCI6IjY5ODEwMzA0OTg0MjcwMDAxYmU0MmQ3NSIsImlhdCI6MTc3MDA2MjU5NiwiZXhwIjoxNzcwMDYzNzk2fQ.GV9e3YTgg31E1oKViywNytrmGMyhKOK-SJXmgq7drV0",
    "refreshToken": "2bdb0d456d591d499a2460e7fb94449df13281576498840ab245702981209350cb46a37b0f9e6bc8"
}
HTTP/1.1 200 OK
Server: nginx/1.24.0 (Ubuntu)
Date: Mon, 02 Feb 2026 20:03:16 GMT
Content-Type: application/json; charset=utf-8
Content-Length: 388
Connection: keep-alive
X-Powered-By: Express
Access-Control-Allow-Origin: *
authorization: Bearer eyJhbGciOiJIUzI1NiIsInR5cCI6IkpXVCJ9.eyJpZCI6IjY5ODEwMzA0OTg0MjcwMDAxYmU0MmQ3NSIsImlhdCI6MTc3MDA2MjU5NiwiZXhwIjoxNzcwMDYzNzk2fQ.GV9e3YTgg31E1oKViywNytrmGMyhKOK-SJXmgq7drV0
ETag: W/"184-SzBa+5AzhUqZ0uskgcbPfSqONBU"

{
    "success": true,
    "user": {
        "email": "order_test_1770062596215@yandex.ru",
        "name": "Order Test User"
    },
    "accessToken": "Bearer eyJhbGciOiJIUzI1NiIsInR5cCI6IkpXVCJ9.eyJpZCI6IjY5ODEwMzA0OTg0MjcwMDAxYmU0MmQ3NSIsImlhdCI6MTc3MDA2MjU5NiwiZXhwIjoxNzcwMDYzNzk2fQ.GV9e3YTgg31E1oKViywNytrmGMyhKOK-SJXmgq7drV0",
    "refreshToken": "2bdb0d456d591d499a2460e7fb94449df13281576498840ab245702981209350cb46a37b0f9e6bc8"
}
HTTP/1.1 200 OK
Server: nginx/1.24.0 (Ubuntu)
Date: Mon, 02 Feb 2026 20:03:16 GMT
Content-Type: application/json; charset=utf-8
Content-Length: 388
Connection: keep-alive
X-Powered-By: Express
Access-Control-Allow-Origin: *
authorization: Bearer eyJhbGciOiJIUzI1NiIsInR5cCI6IkpXVCJ9.eyJpZCI6IjY5ODEwMzA0OTg0MjcwMDAxYmU0MmQ3NSIsImlhdCI6MTc3MDA2MjU5NiwiZXhwIjoxNzcwMDYzNzk2fQ.GV9e3YTgg31E1oKViywNytrmGMyhKOK-SJXmgq7drV0
ETag: W/"184-SzBa+5AzhUqZ0uskgcbPfSqONBU"

{
    "success": true,
    "user": {
        "email": "order_test_1770062596215@yandex.ru",
        "name": "Order Test User"
    },
    "accessToken": "Bearer eyJhbGciOiJIUzI1NiIsInR5cCI6IkpXVCJ9.eyJpZCI6IjY5ODEwMzA0OTg0MjcwMDAxYmU0MmQ3NSIsImlhdCI6MTc3MDA2MjU5NiwiZXhwIjoxNzcwMDYzNzk2fQ.GV9e3YTgg31E1oKViywNytrmGMyhKOK-SJXmgq7drV0",
    "refreshToken": "2bdb0d456d591d499a2460e7fb94449df13281576498840ab245702981209350cb46a37b0f9e6bc8"
}
HTTP/1.1 200 OK
Server: nginx/1.24.0 (Ubuntu)
Date: Mon, 02 Feb 2026 20:03:16 GMT
Content-Type: application/json; charset=utf-8
Content-Length: 388
Connection: keep-alive
X-Powered-By: Express
Access-Control-Allow-Origin: *
authorization: Bearer eyJhbGciOiJIUzI1NiIsInR5cCI6IkpXVCJ9.eyJpZCI6IjY5ODEwMzA0OTg0MjcwMDAxYmU0MmQ3NSIsImlhdCI6MTc3MDA2MjU5NiwiZXhwIjoxNzcwMDYzNzk2fQ.GV9e3YTgg31E1oKViywNytrmGMyhKOK-SJXmgq7drV0
ETag: W/"184-SzBa+5AzhUqZ0uskgcbPfSqONBU"

{
    "success": true,
    "user": {
        "email": "order_test_1770062596215@yandex.ru",
        "name": "Order Test User"
    },
    "accessToken": "Bearer eyJhbGciOiJIUzI1NiIsInR5cCI6IkpXVCJ9.eyJpZCI6IjY5ODEwMzA0OTg0MjcwMDAxYmU0MmQ3NSIsImlhdCI6MTc3MDA2MjU5NiwiZXhwIjoxNzcwMDYzNzk2fQ.GV9e3YTgg31E1oKViywNytrmGMyhKOK-SJXmgq7drV0",
    "refreshToken": "2bdb0d456d591d499a2460e7fb94449df13281576498840ab245702981209350cb46a37b0f9e6bc8"
}
HTTP/1.1 200 OK
Server: nginx/1.24.0 (Ubuntu)
Date: Mon, 02 Feb 2026 20:03:16 GMT
Content-Type: application/json; charset=utf-8
Content-Length: 388
Connection: keep-alive
X-Powered-By: Express
Access-Control-Allow-Origin: *
authorization: Bearer eyJhbGciOiJIUzI1NiIsInR5cCI6IkpXVCJ9.eyJpZCI6IjY5ODEwMzA0OTg0MjcwMDAxYmU0MmQ3NSIsImlhdCI6MTc3MDA2MjU5NiwiZXhwIjoxNzcwMDYzNzk2fQ.GV9e3YTgg31E1oKViywNytrmGMyhKOK-SJXmgq7drV0
ETag: W/"184-SzBa+5AzhUqZ0uskgcbPfSqONBU"

{
    "success": true,
    "user": {
        "email": "order_test_1770062596215@yandex.ru",
        "name": "Order Test User"
    },
    "accessToken": "Bearer eyJhbGciOiJIUzI1NiIsInR5cCI6IkpXVCJ9.eyJpZCI6IjY5ODEwMzA0OTg0MjcwMDAxYmU0MmQ3NSIsImlhdCI6MTc3MDA2MjU5NiwiZXhwIjoxNzcwMDYzNzk2fQ.GV9e3YTgg31E1oKViywNytrmGMyhKOK-SJXmgq7drV0",
    "refreshToken": "2bdb0d456d591d499a2460e7fb94449df13281576498840ab245702981209350cb46a37b0f9e6bc8"
}
HTTP/1.1 200 OK
Server: nginx/1.24.0 (Ubuntu)
Date: Mon, 02 Feb 2026 20:03:16 GMT
Content-Type: application/json; charset=utf-8
Content-Length: 388
Connection: keep-alive
X-Powered-By: Express
Access-Control-Allow-Origin: *
authorization: Bearer eyJhbGciOiJIUzI1NiIsInR5cCI6IkpXVCJ9.eyJpZCI6IjY5ODEwMzA0OTg0MjcwMDAxYmU0MmQ3NSIsImlhdCI6MTc3MDA2MjU5NiwiZXhwIjoxNzcwMDYzNzk2fQ.GV9e3YTgg31E1oKViywNytrmGMyhKOK-SJXmgq7drV0
ETag: W/"184-SzBa+5AzhUqZ0uskgcbPfSqONBU"

{
    "success": true,
    "user": {
        "email": "order_test_1770062596215@yandex.ru",
        "name": "Order Test User"
    },
    "accessToken": "Bearer eyJhbGciOiJIUzI1NiIsInR5cCI6IkpXVCJ9.eyJpZCI6IjY5ODEwMzA0OTg0MjcwMDAxYmU0MmQ3NSIsImlhdCI6MTc3MDA2MjU5NiwiZXhwIjoxNzcwMDYzNzk2fQ.GV9e3YTgg31E1oKViywNytrmGMyhKOK-SJXmgq7drV0",
    "refreshToken": "2bdb0d456d591d499a2460e7fb94449df13281576498840ab245702981209350cb46a37b0f9e6bc8"
}
HTTP/1.1 200 OK
Server: nginx/1.24.0 (Ubuntu)
Date: Mon, 02 Feb 2026 20:03:16 GMT
Content-Type: application/json; charset=utf-8
Content-Length: 388
Connection: keep-alive
X-Powered-By: Express
Access-Control-Allow-Origin: *
authorization: Bearer eyJhbGciOiJIUzI1NiIsInR5cCI6IkpXVCJ9.eyJpZCI6IjY5ODEwMzA0OTg0MjcwMDAxYmU0MmQ3NSIsImlhdCI6MTc3MDA2MjU5NiwiZXhwIjoxNzcwMDYzNzk2fQ.GV9e3YTgg31E1oKViywNytrmGMyhKOK-SJXmgq7drV0
ETag: W/"184-SzBa+5AzhUqZ0uskgcbPfSqONBU"

{
    "success": true,
    "user": {
        "email": "order_test_1770062596215@yandex.ru",
        "name": "Order Test User"
    },
    "accessToken": "Bearer eyJhbGciOiJIUzI1NiIsInR5cCI6IkpXVCJ9.eyJpZCI6IjY5ODEwMzA0OTg0MjcwMDAxYmU0MmQ3NSIsImlhdCI6MTc3MDA2MjU5NiwiZXhwIjoxNzcwMDYzNzk2fQ.GV9e3YTgg31E1oKViywNytrmGMyhKOK-SJXmgq7drV0",
    "refreshToken": "2bdb0d456d591d499a2460e7fb94449df13281576498840ab245702981209350cb46a37b0f9e6bc8"
}
HTTP/1.1 200 OK
Server: nginx/1.24.0 (Ubuntu)
Date: Mon, 02 Feb 2026 20:03:16 GMT
Content-Type: application/json; charset=utf-8
Content-Length: 388
Connection: keep-alive
X-Powered-By: Express
Access-Control-Allow-Origin: *
authorization: Bearer eyJhbGciOiJIUzI1NiIsInR5cCI6IkpXVCJ9.eyJpZCI6IjY5ODEwMzA0OTg0MjcwMDAxYmU0MmQ3NSIsImlhdCI6MTc3MDA2MjU5NiwiZXhwIjoxNzcwMDYzNzk2fQ.GV9e3YTgg31E1oKViywNytrmGMyhKOK-SJXmgq7drV0
ETag: W/"184-SzBa+5AzhUqZ0uskgcbPfSqONBU"

{
    "success": true,
    "user": {
        "email": "order_test_1770062596215@yandex.ru",
        "name": "Order Test User"
    },
    "accessToken": "Bearer eyJhbGciOiJIUzI1NiIsInR5cCI6IkpXVCJ9.eyJpZCI6IjY5ODEwMzA0OTg0MjcwMDAxYmU0MmQ3NSIsImlhdCI6MTc3MDA2MjU5NiwiZXhwIjoxNzcwMDYzNzk2fQ.GV9e3YTgg31E1oKViywNytrmGMyhKOK-SJXmgq7drV0",
    "refreshToken": "2bdb0d456d591d499a2460e7fb94449df13281576498840ab245702981209350cb46a37b0f9e6bc8"
}
HTTP/1.1 200 OK
Server: nginx/1.24.0 (Ubuntu)
Date: Mon, 02 Feb 2026 20:03:16 GMT
Content-Type: application/json; charset=utf-8
Content-Length: 388
Connection: keep-alive
X-Powered-By: Express
Access-Control-Allow-Origin: *
authorization: Bearer eyJhbGciOiJIUzI1NiIsInR5cCI6IkpXVCJ9.eyJpZCI6IjY5ODEwMzA0OTg0MjcwMDAxYmU0MmQ3NSIsImlhdCI6MTc3MDA2MjU5NiwiZXhwIjoxNzcwMDYzNzk2fQ.GV9e3YTgg31E1oKViywNytrmGMyhKOK-SJXmgq7drV0
ETag: W/"184-SzBa+5AzhUqZ0uskgcbPfSqONBU"

{
    "success": true,
    "user": {
        "email": "order_test_1770062596215@yandex.ru",
        "name": "Order Test User"
    },
    "accessToken": "Bearer eyJhbGciOiJIUzI1NiIsInR5cCI6IkpXVCJ9.eyJpZCI6IjY5ODEwMzA0OTg0MjcwMDAxYmU0MmQ3NSIsImlhdCI6MTc3MDA2MjU5NiwiZXhwIjoxNzcwMDYzNzk2fQ.GV9e3YTgg31E1oKViywNytrmGMyhKOK-SJXmgq7drV0",
    "refreshToken": "2bdb0d456d591d499a2460e7fb94449df13281576498840ab245702981209350cb46a37b0f9e6bc8"
}
HTTP/1.1 200 OK
Server: nginx/1.24.0 (Ubuntu)
Date: Mon, 02 Feb 2026 20:03:16 GMT
Content-Type: application/json; charset=utf-8
Content-Length: 388
Connection: keep-alive
X-Powered-By: Express
Access-Control-Allow-Origin: *
authorization: Bearer eyJhbGciOiJIUzI1NiIsInR5cCI6IkpXVCJ9.eyJpZCI6IjY5ODEwMzA0OTg0MjcwMDAxYmU0MmQ3NSIsImlhdCI6MTc3MDA2MjU5NiwiZXhwIjoxNzcwMDYzNzk2fQ.GV9e3YTgg31E1oKViywNytrmGMyhKOK-SJXmgq7drV0
ETag: W/"184-SzBa+5AzhUqZ0uskgcbPfSqONBU"

{
    "success": true,
    "user": {
        "email": "order_test_1770062596215@yandex.ru",
        "name": "Order Test User"
    },
    "accessToken": "Bearer eyJhbGciOiJIUzI1NiIsInR5cCI6IkpXVCJ9.eyJpZCI6IjY5ODEwMzA0OTg0MjcwMDAxYmU0MmQ3NSIsImlhdCI6MTc3MDA2MjU5NiwiZXhwIjoxNzcwMDYzNzk2fQ.GV9e3YTgg31E1oKViywNytrmGMyhKOK-SJXmgq7drV0",
    "refreshToken": "2bdb0d456d591d499a2460e7fb94449df13281576498840ab245702981209350cb46a37b0f9e6bc8"
}
HTTP/1.1 200 OK
Server: nginx/1.24.0 (Ubuntu)
Date: Mon, 02 Feb 2026 20:03:16 GMT
Content-Type: application/json; charset=utf-8
Content-Length: 388
Connection: keep-alive
X-Powered-By: Express
Access-Control-Allow-Origin: *
authorization: Bearer eyJhbGciOiJIUzI1NiIsInR5cCI6IkpXVCJ9.eyJpZCI6IjY5ODEwMzA0OTg0MjcwMDAxYmU0MmQ3NSIsImlhdCI6MTc3MDA2MjU5NiwiZXhwIjoxNzcwMDYzNzk2fQ.GV9e3YTgg31E1oKViywNytrmGMyhKOK-SJXmgq7drV0
ETag: W/"184-SzBa+5AzhUqZ0uskgcbPfSqONBU"

{
    "success": true,
    "user": {
        "email": "order_test_1770062596215@yandex.ru",
        "name": "Order Test User"
    },
    "accessToken": "Bearer eyJhbGciOiJIUzI1NiIsInR5cCI6IkpXVCJ9.eyJpZCI6IjY5ODEwMzA0OTg0MjcwMDAxYmU0MmQ3NSIsImlhdCI6MTc3MDA2MjU5NiwiZXhwIjoxNzcwMDYzNzk2fQ.GV9e3YTgg31E1oKViywNytrmGMyhKOK-SJXmgq7drV0",
    "refreshToken": "2bdb0d456d591d499a2460e7fb94449df13281576498840ab245702981209350cb46a37b0f9e6bc8"
}
Request method:	GET
Request URI:	https://stellarburgers.education-services.ru/api/ingredients
Proxy:			<none>
Request params:	<none>
Query params:	<none>
Form params:	<none>
Path params:	<none>
Headers:		Accept=*/*
Cookies:		<none>
Multiparts:		<none>
Body:			<none>
Request method:	GET
Request URI:	https://stellarburgers.education-services.ru/api/ingredients
Proxy:			<none>
Request params:	<none>
Query params:	<none>
Form params:	<none>
Path params:	<none>
Headers:		Accept=*/*
Cookies:		<none>
Multiparts:		<none>
Body:			<none>
Request method:	GET
Request URI:	https://stellarburgers.education-services.ru/api/ingredients
Proxy:			<none>
Request params:	<none>
Query params:	<none>
Form params:	<none>
Path params:	<none>
Headers:		Accept=*/*
Cookies:		<none>
Multiparts:		<none>
Body:			<none>
Request method:	GET
Request URI:	https://stellarburgers.education-services.ru/api/ingredients
Proxy:			<none>
Request params:	<none>
Query params:	<none>
Form params:	<none>
Path params:	<none>
Headers:		Accept=*/*
Cookies:		<none>
Multiparts:		<none>
Body:			<none>
Request method:	GET
Request URI:	https://stellarburgers.education-services.ru/api/ingredients
Proxy:			<none>
Request params:	<none>
Query params:	<none>
Form params:	<none>
Path params:	<none>
Headers:		Accept=*/*
Cookies:		<none>
Multiparts:		<none>
Body:			<none>
Request method:	GET
Request URI:	https://stellarburgers.education-services.ru/api/ingredients
Proxy:			<none>
Request params:	<none>
Query params:	<none>
Form params:	<none>
Path params:	<none>
Headers:		Accept=*/*
Cookies:		<none>
Multiparts:		<none>
Body:			<none>
Request method:	GET
Request URI:	https://stellarburgers.education-services.ru/api/ingredients
Proxy:			<none>
Request params:	<none>
Query params:	<none>
Form params:	<none>
Path params:	<none>
Headers:		Accept=*/*
Cookies:		<none>
Multiparts:		<none>
Body:			<none>
Request method:	GET
Request URI:	https://stellarburgers.education-services.ru/api/ingredients
Proxy:			<none>
Request params:	<none>
Query params:	<none>
Form params:	<none>
Path params:	<none>
Headers:		Accept=*/*
Cookies:		<none>
Multiparts:		<none>
Body:			<none>
Request method:	GET
Request URI:	https://stellarburgers.education-services.ru/api/ingredients
Proxy:			<none>
Request params:	<none>
Query params:	<none>
Form params:	<none>
Path params:	<none>
Headers:		Accept=*/*
Cookies:		<none>
Multiparts:		<none>
Body:			<none>
Request method:	GET
Request URI:	https://stellarburgers.education-services.ru/api/ingredients
Proxy:			<none>
Request params:	<none>
Query params:	<none>
Form params:	<none>
Path params:	<none>
Headers:		Accept=*/*
Cookies:		<none>
Multiparts:		<none>
Body:			<none>
Request method:	GET
Request URI:	https://stellarburgers.education-services.ru/api/ingredients
Proxy:			<none>
Request params:	<none>
Query params:	<none>
Form params:	<none>
Path params:	<none>
Headers:		Accept=*/*
Cookies:		<none>
Multiparts:		<none>
Body:			<none>
Request method:	GET
Request URI:	https://stellarburgers.education-services.ru/api/ingredients
Proxy:			<none>
Request params:	<none>
Query params:	<none>
Form params:	<none>
Path params:	<none>
Headers:		Accept=*/*
Cookies:		<none>
Multiparts:		<none>
Body:			<none>
Request method:	GET
Request URI:	https://stellarburgers.education-services.ru/api/ingredients
Proxy:			<none>
Request params:	<none>
Query params:	<none>
Form params:	<none>
Path params:	<none>
Headers:		Accept=*/*
Cookies:		<none>
Multiparts:		<none>
Body:			<none>
Request method:	GET
Request URI:	https://stellarburgers.education-services.ru/api/ingredients
Proxy:			<none>
Request params:	<none>
Query params:	<none>
Form params:	<none>
Path params:	<none>
Headers:		Accept=*/*
Cookies:		<none>
Multiparts:		<none>
Body:			<none>
Request method:	GET
Request URI:	https://stellarburgers.education-services.ru/api/ingredients
Proxy:			<none>
Request params:	<none>
Query params:	<none>
Form params:	<none>
Path params:	<none>
Headers:		Accept=*/*
Cookies:		<none>
Multiparts:		<none>
Body:			<none>
Request method:	GET
Request URI:	https://stellarburgers.education-services.ru/api/ingredients
Proxy:			<none>
Request params:	<none>
Query params:	<none>
Form params:	<none>
Path params:	<none>
Headers:		Accept=*/*
Cookies:		<none>
Multiparts:		<none>
Body:			<none>
Request method:	GET
Request URI:	https://stellarburgers.education-services.ru/api/ingredients
Proxy:			<none>
Request params:	<none>
Query params:	<none>
Form params:	<none>
Path params:	<none>
Headers:		Accept=*/*
Cookies:		<none>
Multiparts:		<none>
Body:			<none>
Request method:	GET
Request URI:	https://stellarburgers.education-services.ru/api/ingredients
Proxy:			<none>
Request params:	<none>
Query params:	<none>
Form params:	<none>
Path params:	<none>
Headers:		Accept=*/*
Cookies:		<none>
Multiparts:		<none>
Body:			<none>
Request method:	GET
Request URI:	https://stellarburgers.education-services.ru/api/ingredients
Proxy:			<none>
Request params:	<none>
Query params:	<none>
Form params:	<none>
Path params:	<none>
Headers:		Accept=*/*
Cookies:		<none>
Multiparts:		<none>
Body:			<none>
Request method:	GET
Request URI:	https://stellarburgers.education-services.ru/api/ingredients
Proxy:			<none>
Request params:	<none>
Query params:	<none>
Form params:	<none>
Path params:	<none>
Headers:		Accept=*/*
Cookies:		<none>
Multiparts:		<none>
Body:			<none>
Request method:	GET
Request URI:	https://stellarburgers.education-services.ru/api/ingredients
Proxy:			<none>
Request params:	<none>
Query params:	<none>
Form params:	<none>
Path params:	<none>
Headers:		Accept=*/*
Cookies:		<none>
Multiparts:		<none>
Body:			<none>
Request method:	GET
Request URI:	https://stellarburgers.education-services.ru/api/ingredients
Proxy:			<none>
Request params:	<none>
Query params:	<none>
Form params:	<none>
Path params:	<none>
Headers:		Accept=*/*
Cookies:		<none>
Multiparts:		<none>
Body:			<none>
Request method:	GET
Request URI:	https://stellarburgers.education-services.ru/api/ingredients
Proxy:			<none>
Request params:	<none>
Query params:	<none>
Form params:	<none>
Path params:	<none>
Headers:		Accept=*/*
Cookies:		<none>
Multiparts:		<none>
Body:			<none>
Request method:	GET
Request URI:	https://stellarburgers.education-services.ru/api/ingredients
Proxy:			<none>
Request params:	<none>
Query params:	<none>
Form params:	<none>
Path params:	<none>
Headers:		Accept=*/*
Cookies:		<none>
Multiparts:		<none>
Body:			<none>
Request method:	GET
Request URI:	https://stellarburgers.education-services.ru/api/ingredients
Proxy:			<none>
Request params:	<none>
Query params:	<none>
Form params:	<none>
Path params:	<none>
Headers:		Accept=*/*
Cookies:		<none>
Multiparts:		<none>
Body:			<none>
Request method:	GET
Request URI:	https://stellarburgers.education-services.ru/api/ingredients
Proxy:			<none>
Request params:	<none>
Query params:	<none>
Form params:	<none>
Path params:	<none>
Headers:		Accept=*/*
Cookies:		<none>
Multiparts:		<none>
Body:			<none>
HTTP/1.1 200 OK
Server: nginx/1.24.0 (Ubuntu)
Date: Mon, 02 Feb 2026 20:03:16 GMT
Content-Type: application/json; charset=utf-8
Content-Length: 5957
Connection: keep-alive
X-Powered-By: Express
Access-Control-Allow-Origin: *
ETag: W/"1745-LHZ7D8kBZWcbCGljCoPXtjB5CeA"

{
    "success": true,
    "data": [
        {
            "_id": "61c0c5a71d1f82001bdaaa6d",
            "name": "Флюоресцентная булка R2-D3",
            "type": "bun",
            "proteins": 44,
            "fat": 26,
            "carbohydrates": 85,
            "calories": 643,
            "price": 988,
            "image": "https://code.s3.yandex.net/react/code/bun-01.png",
            "image_mobile": "https://code.s3.yandex.net/react/code/bun-01-mobile.png",
            "image_large": "https://code.s3.yandex.net/react/code/bun-01-large.png",
            "__v": 0
        },
        {
            "_id": "61c0c5a71d1f82001bdaaa6f",
            "name": "Мясо бессмертных моллюсков Protostomia",
            "type": "main",
            "proteins": 433,
            "fat": 244,
            "carbohydrates": 33,
            "calories": 420,
            "price": 1337,
            "image": "https://code.s3.yandex.net/react/code/meat-02.png",
            "image_mobile": "https://code.s3.yandex.net/react/code/meat-02-mobile.png",
            "image_large": "https://code.s3.yandex.net/react/code/meat-02-large.png",
            "__v": 0
        },
        {
            "_id": "61c0c5a71d1f82001bdaaa70",
            "name": "Говяжий метеорит (отбивная)",
            "type": "main",
            "proteins": 800,
            "fat": 800,
            "carbohydrates": 300,
            "calories": 2674,
            "price": 3000,
            "image": "https://code.s3.yandex.net/react/code/meat-04.png",
            "image_mobile": "https://code.s3.yandex.net/react/code/meat-04-mobile.png",
            "image_large": "https://code.s3.yandex.net/react/code/meat-04-large.png",
            "__v": 0
        },
        {
            "_id": "61c0c5a71d1f82001bdaaa71",
            "name": "Биокотлета из марсианской Магнолии",
            "type": "main",
            "proteins": 420,
            "fat": 142,
            "carbohydrates": 242,
            "calories": 4242,
            "price": 424,
            "image": "https://code.s3.yandex.net/react/code/meat-01.png",
            "image_mobile": "https://code.s3.yandex.net/react/code/meat-01-mobile.png",
            "image_large": "https://code.s3.yandex.net/react/code/meat-01-large.png",
            "__v": 0
        },
        {
            "_id": "61c0c5a71d1f82001bdaaa72",
            "name": "Соус Spicy-X",
            "type": "sauce",
            "proteins": 30,
            "fat": 20,
            "carbohydrates": 40,
            "calories": 30,
            "price": 90,
            "image": "https://code.s3.yandex.net/react/code/sauce-02.png",
            "image_mobile": "https://code.s3.yandex.net/react/code/sauce-02-mobile.png",
            "image_large": "https://code.s3.yandex.net/react/code/sauce-02-large.png",
            "__v": 0
        },
        {
            "_id": "61c0c5a71d1f82001bdaaa6e",
            "name": "Филе Люминесцентного тетраодонтимформа",
            "type": "main",
            "proteins": 44,
            "fat": 26,
            "carbohydrates": 85,
            "calories": 643,
            "price": 988,
            "image": "https://code.s3.yandex.net/react/code/meat-03.png",
            "image_mobile": "https://code.s3.yandex.net/react/code/meat-03-mobile.png",
            "image_large": "https://code.s3.yandex.net/react/code/meat-03-large.png",
            "__v": 0
        },
        {
            "_id": "61c0c5a71d1f82001bdaaa73",
            "name": "Соус фирменный Space Sauce",
            "type": "sauce",
            "proteins": 50,
            "fat": 22,
            "carbohydrates": 11,
            "calories": 14,
            "price": 80,
            "image": "https://code.s3.yandex.net/react/code/sauce-04.png",
            "image_mobile": "https://code.s3.yandex.net/react/code/sauce-04-mobile.png",
            "image_large": "https://code.s3.yandex.net/react/code/sauce-04-large.png",
            "__v": 0
        },
        {
            "_id": "61c0c5a71d1f82001bdaaa74",
            "name": "Соус традиционный галактический",
            "type": "sauce",
            "proteins": 42,
            "fat": 24,
            "carbohydrates": 42,
            "calories": 99,
            "price": 15,
            "image": "https://code.s3.yandex.net/react/code/sauce-03.png",
            "image_mobile": "https://code.s3.yandex.net/react/code/sauce-03-mobile.png",
            "image_large": "https://code.s3.yandex.net/react/code/sauce-03-large.png",
            "__v": 0
        },
        {
            "_id": "61c0c5a71d1f82001bdaaa6c",
            "name": "Краторная булка N-200i",
            "type": "bun",
            "proteins": 80,
            "fat": 24,
            "carbohydrates": 53,
            "calories": 420,
            "price": 1255,
            "image": "https://code.s3.yandex.net/react/code/bun-02.png",
            "image_mobile": "https://code.s3.yandex.net/react/code/bun-02-mobile.png",
            "image_large": "https://code.s3.yandex.net/react/code/bun-02-large.png",
            "__v": 0
        },
        {
            "_id": "61c0c5a71d1f82001bdaaa75",
            "name": "Соус с шипами Антарианского плоскоходца",
            "type": "sauce",
            "proteins": 101,
            "fat": 99,
            "carbohydrates": 100,
            "calories": 100,
            "price": 88,
            "image": "https://code.s3.yandex.net/react/code/sauce-01.png",
            "image_mobile": "https://code.s3.yandex.net/react/code/sauce-01-mobile.png",
            "image_large": "https://code.s3.yandex.net/react/code/sauce-01-large.png",
            "__v": 0
        },
        {
            "_id": "61c0c5a71d1f82001bdaaa76",
            "name": "Хрустящие минеральные кольца",
            "type": "main",
            "proteins": 808,
            "fat": 689,
            "carbohydrates": 609,
            "calories": 986,
            "price": 300,
            "image": "https://code.s3.yandex.net/react/code/mineral_rings.png",
            "image_mobile": "https://code.s3.yandex.net/react/code/mineral_rings-mobile.png",
            "image_large": "https://code.s3.yandex.net/react/code/mineral_rings-large.png",
            "__v": 0
        },
        {
            "_id": "61c0c5a71d1f82001bdaaa77",
            "name": "Плоды Фалленианского дерева",
            "type": "main",
            "proteins": 20,
            "fat": 5,
            "carbohydrates": 55,
            "calories": 77,
            "price": 874,
            "image": "https://code.s3.yandex.net/react/code/sp_1.png",
            "image_mobile": "https://code.s3.yandex.net/react/code/sp_1-mobile.png",
            "image_large": "https://code.s3.yandex.net/react/code/sp_1-large.png",
            "__v": 0
        },
        {
            "_id": "61c0c5a71d1f82001bdaaa78",
            "name": "Кристаллы марсианских альфа-сахаридов",
            "type": "main",
            "proteins": 234,
            "fat": 432,
            "carbohydrates": 111,
            "calories": 189,
            "price": 762,
            "image": "https://code.s3.yandex.net/react/code/core.png",
            "image_mobile": "https://code.s3.yandex.net/react/code/core-mobile.png",
            "image_large": "https://code.s3.yandex.net/react/code/core-large.png",
            "__v": 0
        },
        {
            "_id": "61c0c5a71d1f82001bdaaa79",
            "name": "Мини-салат Экзо-Плантаго",
            "type": "main",
            "proteins": 1,
            "fat": 2,
            "carbohydrates": 3,
            "calories": 6,
            "price": 4400,
            "image": "https://code.s3.yandex.net/react/code/salad.png",
            "image_mobile": "https://code.s3.yandex.net/react/code/salad-mobile.png",
            "image_large": "https://code.s3.yandex.net/react/code/salad-large.png",
            "__v": 0
        },
        {
            "_id": "61c0c5a71d1f82001bdaaa7a",
            "name": "Сыр с астероидной плесенью",
            "type": "main",
            "proteins": 84,
            "fat": 48,
            "carbohydrates": 420,
            "calories": 3377,
            "price": 4142,
            "image": "https://code.s3.yandex.net/react/code/cheese.png",
            "image_mobile": "https://code.s3.yandex.net/react/code/cheese-mobile.png",
            "image_large": "https://code.s3.yandex.net/react/code/cheese-large.png",
            "__v": 0
        }
    ]
}
HTTP/1.1 200 OK
Server: nginx/1.24.0 (Ubuntu)
Date: Mon, 02 Feb 2026 20:03:16 GMT
Content-Type: application/json; charset=utf-8
Content-Length: 5957
Connection: keep-alive
X-Powered-By: Express
Access-Control-Allow-Origin: *
ETag: W/"1745-LHZ7D8kBZWcbCGljCoPXtjB5CeA"

{
    "success": true,
    "data": [
        {
            "_id": "61c0c5a71d1f82001bdaaa6d",
            "name": "Флюоресцентная булка R2-D3",
            "type": "bun",
            "proteins": 44,
            "fat": 26,
            "carbohydrates": 85,
            "calories": 643,
            "price": 988,
            "image": "https://code.s3.yandex.net/react/code/bun-01.png",
            "image_mobile": "https://code.s3.yandex.net/react/code/bun-01-mobile.png",
            "image_large": "https://code.s3.yandex.net/react/code/bun-01-large.png",
            "__v": 0
        },
        {
            "_id": "61c0c5a71d1f82001bdaaa6f",
            "name": "Мясо бессмертных моллюсков Protostomia",
            "type": "main",
            "proteins": 433,
            "fat": 244,
            "carbohydrates": 33,
            "calories": 420,
            "price": 1337,
            "image": "https://code.s3.yandex.net/react/code/meat-02.png",
            "image_mobile": "https://code.s3.yandex.net/react/code/meat-02-mobile.png",
            "image_large": "https://code.s3.yandex.net/react/code/meat-02-large.png",
            "__v": 0
        },
        {
            "_id": "61c0c5a71d1f82001bdaaa70",
            "name": "Говяжий метеорит (отбивная)",
            "type": "main",
            "proteins": 800,
            "fat": 800,
            "carbohydrates": 300,
            "calories": 2674,
            "price": 3000,
            "image": "https://code.s3.yandex.net/react/code/meat-04.png",
            "image_mobile": "https://code.s3.yandex.net/react/code/meat-04-mobile.png",
            "image_large": "https://code.s3.yandex.net/react/code/meat-04-large.png",
            "__v": 0
        },
        {
            "_id": "61c0c5a71d1f82001bdaaa71",
            "name": "Биокотлета из марсианской Магнолии",
            "type": "main",
            "proteins": 420,
            "fat": 142,
            "carbohydrates": 242,
            "calories": 4242,
            "price": 424,
            "image": "https://code.s3.yandex.net/react/code/meat-01.png",
            "image_mobile": "https://code.s3.yandex.net/react/code/meat-01-mobile.png",
            "image_large": "https://code.s3.yandex.net/react/code/meat-01-large.png",
            "__v": 0
        },
        {
            "_id": "61c0c5a71d1f82001bdaaa72",
            "name": "Соус Spicy-X",
            "type": "sauce",
            "proteins": 30,
            "fat": 20,
            "carbohydrates": 40,
            "calories": 30,
            "price": 90,
            "image": "https://code.s3.yandex.net/react/code/sauce-02.png",
            "image_mobile": "https://code.s3.yandex.net/react/code/sauce-02-mobile.png",
            "image_large": "https://code.s3.yandex.net/react/code/sauce-02-large.png",
            "__v": 0
        },
        {
            "_id": "61c0c5a71d1f82001bdaaa6e",
            "name": "Филе Люминесцентного тетраодонтимформа",
            "type": "main",
            "proteins": 44,
            "fat": 26,
            "carbohydrates": 85,
            "calories": 643,
            "price": 988,
            "image": "https://code.s3.yandex.net/react/code/meat-03.png",
            "image_mobile": "https://code.s3.yandex.net/react/code/meat-03-mobile.png",
            "image_large": "https://code.s3.yandex.net/react/code/meat-03-large.png",
            "__v": 0
        },
        {
            "_id": "61c0c5a71d1f82001bdaaa73",
            "name": "Соус фирменный Space Sauce",
            "type": "sauce",
            "proteins": 50,
            "fat": 22,
            "carbohydrates": 11,
            "calories": 14,
            "price": 80,
            "image": "https://code.s3.yandex.net/react/code/sauce-04.png",
            "image_mobile": "https://code.s3.yandex.net/react/code/sauce-04-mobile.png",
            "image_large": "https://code.s3.yandex.net/react/code/sauce-04-large.png",
            "__v": 0
        },
        {
            "_id": "61c0c5a71d1f82001bdaaa74",
            "name": "Соус традиционный галактический",
            "type": "sauce",
            "proteins": 42,
            "fat": 24,
            "carbohydrates": 42,
            "calories": 99,
            "price": 15,
            "image": "https://code.s3.yandex.net/react/code/sauce-03.png",
            "image_mobile": "https://code.s3.yandex.net/react/code/sauce-03-mobile.png",
            "image_large": "https://code.s3.yandex.net/react/code/sauce-03-large.png",
            "__v": 0
        },
        {
            "_id": "61c0c5a71d1f82001bdaaa6c",
            "name": "Краторная булка N-200i",
            "type": "bun",
            "proteins": 80,
            "fat": 24,
            "carbohydrates": 53,
            "calories": 420,
            "price": 1255,
            "image": "https://code.s3.yandex.net/react/code/bun-02.png",
            "image_mobile": "https://code.s3.yandex.net/react/code/bun-02-mobile.png",
            "image_large": "https://code.s3.yandex.net/react/code/bun-02-large.png",
            "__v": 0
        },
        {
            "_id": "61c0c5a71d1f82001bdaaa75",
            "name": "Соус с шипами Антарианского плоскоходца",
            "type": "sauce",
            "proteins": 101,
            "fat": 99,
            "carbohydrates": 100,
            "calories": 100,
            "price": 88,
            "image": "https://code.s3.yandex.net/react/code/sauce-01.png",
            "image_mobile": "https://code.s3.yandex.net/react/code/sauce-01-mobile.png",
            "image_large": "https://code.s3.yandex.net/react/code/sauce-01-large.png",
            "__v": 0
        },
        {
            "_id": "61c0c5a71d1f82001bdaaa76",
            "name": "Хрустящие минеральные кольца",
            "type": "main",
            "proteins": 808,
            "fat": 689,
            "carbohydrates": 609,
            "calories": 986,
            "price": 300,
            "image": "https://code.s3.yandex.net/react/code/mineral_rings.png",
            "image_mobile": "https://code.s3.yandex.net/react/code/mineral_rings-mobile.png",
            "image_large": "https://code.s3.yandex.net/react/code/mineral_rings-large.png",
            "__v": 0
        },
        {
            "_id": "61c0c5a71d1f82001bdaaa77",
            "name": "Плоды Фалленианского дерева",
            "type": "main",
            "proteins": 20,
            "fat": 5,
            "carbohydrates": 55,
            "calories": 77,
            "price": 874,
            "image": "https://code.s3.yandex.net/react/code/sp_1.png",
            "image_mobile": "https://code.s3.yandex.net/react/code/sp_1-mobile.png",
            "image_large": "https://code.s3.yandex.net/react/code/sp_1-large.png",
            "__v": 0
        },
        {
            "_id": "61c0c5a71d1f82001bdaaa78",
            "name": "Кристаллы марсианских альфа-сахаридов",
            "type": "main",
            "proteins": 234,
            "fat": 432,
            "carbohydrates": 111,
            "calories": 189,
            "price": 762,
            "image": "https://code.s3.yandex.net/react/code/core.png",
            "image_mobile": "https://code.s3.yandex.net/react/code/core-mobile.png",
            "image_large": "https://code.s3.yandex.net/react/code/core-large.png",
            "__v": 0
        },
        {
            "_id": "61c0c5a71d1f82001bdaaa79",
            "name": "Мини-салат Экзо-Плантаго",
            "type": "main",
            "proteins": 1,
            "fat": 2,
            "carbohydrates": 3,
            "calories": 6,
            "price": 4400,
            "image": "https://code.s3.yandex.net/react/code/salad.png",
            "image_mobile": "https://code.s3.yandex.net/react/code/salad-mobile.png",
            "image_large": "https://code.s3.yandex.net/react/code/salad-large.png",
            "__v": 0
        },
        {
            "_id": "61c0c5a71d1f82001bdaaa7a",
            "name": "Сыр с астероидной плесенью",
            "type": "main",
            "proteins": 84,
            "fat": 48,
            "carbohydrates": 420,
            "calories": 3377,
            "price": 4142,
            "image": "https://code.s3.yandex.net/react/code/cheese.png",
            "image_mobile": "https://code.s3.yandex.net/react/code/cheese-mobile.png",
            "image_large": "https://code.s3.yandex.net/react/code/cheese-large.png",
            "__v": 0
        }
    ]
}
HTTP/1.1 200 OK
Server: nginx/1.24.0 (Ubuntu)
Date: Mon, 02 Feb 2026 20:03:16 GMT
Content-Type: application/json; charset=utf-8
Content-Length: 5957
Connection: keep-alive
X-Powered-By: Express
Access-Control-Allow-Origin: *
ETag: W/"1745-LHZ7D8kBZWcbCGljCoPXtjB5CeA"

{
    "success": true,
    "data": [
        {
            "_id": "61c0c5a71d1f82001bdaaa6d",
            "name": "Флюоресцентная булка R2-D3",
            "type": "bun",
            "proteins": 44,
            "fat": 26,
            "carbohydrates": 85,
            "calories": 643,
            "price": 988,
            "image": "https://code.s3.yandex.net/react/code/bun-01.png",
            "image_mobile": "https://code.s3.yandex.net/react/code/bun-01-mobile.png",
            "image_large": "https://code.s3.yandex.net/react/code/bun-01-large.png",
            "__v": 0
        },
        {
            "_id": "61c0c5a71d1f82001bdaaa6f",
            "name": "Мясо бессмертных моллюсков Protostomia",
            "type": "main",
            "proteins": 433,
            "fat": 244,
            "carbohydrates": 33,
            "calories": 420,
            "price": 1337,
            "image": "https://code.s3.yandex.net/react/code/meat-02.png",
            "image_mobile": "https://code.s3.yandex.net/react/code/meat-02-mobile.png",
            "image_large": "https://code.s3.yandex.net/react/code/meat-02-large.png",
            "__v": 0
        },
        {
            "_id": "61c0c5a71d1f82001bdaaa70",
            "name": "Говяжий метеорит (отбивная)",
            "type": "main",
            "proteins": 800,
            "fat": 800,
            "carbohydrates": 300,
            "calories": 2674,
            "price": 3000,
            "image": "https://code.s3.yandex.net/react/code/meat-04.png",
            "image_mobile": "https://code.s3.yandex.net/react/code/meat-04-mobile.png",
            "image_large": "https://code.s3.yandex.net/react/code/meat-04-large.png",
            "__v": 0
        },
        {
            "_id": "61c0c5a71d1f82001bdaaa71",
            "name": "Биокотлета из марсианской Магнолии",
            "type": "main",
            "proteins": 420,
            "fat": 142,
            "carbohydrates": 242,
            "calories": 4242,
            "price": 424,
            "image": "https://code.s3.yandex.net/react/code/meat-01.png",
            "image_mobile": "https://code.s3.yandex.net/react/code/meat-01-mobile.png",
            "image_large": "https://code.s3.yandex.net/react/code/meat-01-large.png",
            "__v": 0
        },
        {
            "_id": "61c0c5a71d1f82001bdaaa72",
            "name": "Соус Spicy-X",
            "type": "sauce",
            "proteins": 30,
            "fat": 20,
            "carbohydrates": 40,
            "calories": 30,
            "price": 90,
            "image": "https://code.s3.yandex.net/react/code/sauce-02.png",
            "image_mobile": "https://code.s3.yandex.net/react/code/sauce-02-mobile.png",
            "image_large": "https://code.s3.yandex.net/react/code/sauce-02-large.png",
            "__v": 0
        },
        {
            "_id": "61c0c5a71d1f82001bdaaa6e",
            "name": "Филе Люминесцентного тетраодонтимформа",
            "type": "main",
            "proteins": 44,
            "fat": 26,
            "carbohydrates": 85,
            "calories": 643,
            "price": 988,
            "image": "https://code.s3.yandex.net/react/code/meat-03.png",
            "image_mobile": "https://code.s3.yandex.net/react/code/meat-03-mobile.png",
            "image_large": "https://code.s3.yandex.net/react/code/meat-03-large.png",
            "__v": 0
        },
        {
            "_id": "61c0c5a71d1f82001bdaaa73",
            "name": "Соус фирменный Space Sauce",
            "type": "sauce",
            "proteins": 50,
            "fat": 22,
            "carbohydrates": 11,
            "calories": 14,
            "price": 80,
            "image": "https://code.s3.yandex.net/react/code/sauce-04.png",
            "image_mobile": "https://code.s3.yandex.net/react/code/sauce-04-mobile.png",
            "image_large": "https://code.s3.yandex.net/react/code/sauce-04-large.png",
            "__v": 0
        },
        {
            "_id": "61c0c5a71d1f82001bdaaa74",
            "name": "Соус традиционный галактический",
            "type": "sauce",
            "proteins": 42,
            "fat": 24,
            "carbohydrates": 42,
            "calories": 99,
            "price": 15,
            "image": "https://code.s3.yandex.net/react/code/sauce-03.png",
            "image_mobile": "https://code.s3.yandex.net/react/code/sauce-03-mobile.png",
            "image_large": "https://code.s3.yandex.net/react/code/sauce-03-large.png",
            "__v": 0
        },
        {
            "_id": "61c0c5a71d1f82001bdaaa6c",
            "name": "Краторная булка N-200i",
            "type": "bun",
            "proteins": 80,
            "fat": 24,
            "carbohydrates": 53,
            "calories": 420,
            "price": 1255,
            "image": "https://code.s3.yandex.net/react/code/bun-02.png",
            "image_mobile": "https://code.s3.yandex.net/react/code/bun-02-mobile.png",
            "image_large": "https://code.s3.yandex.net/react/code/bun-02-large.png",
            "__v": 0
        },
        {
            "_id": "61c0c5a71d1f82001bdaaa75",
            "name": "Соус с шипами Антарианского плоскоходца",
            "type": "sauce",
            "proteins": 101,
            "fat": 99,
            "carbohydrates": 100,
            "calories": 100,
            "price": 88,
            "image": "https://code.s3.yandex.net/react/code/sauce-01.png",
            "image_mobile": "https://code.s3.yandex.net/react/code/sauce-01-mobile.png",
            "image_large": "https://code.s3.yandex.net/react/code/sauce-01-large.png",
            "__v": 0
        },
        {
            "_id": "61c0c5a71d1f82001bdaaa76",
            "name": "Хрустящие минеральные кольца",
            "type": "main",
            "proteins": 808,
            "fat": 689,
            "carbohydrates": 609,
            "calories": 986,
            "price": 300,
            "image": "https://code.s3.yandex.net/react/code/mineral_rings.png",
            "image_mobile": "https://code.s3.yandex.net/react/code/mineral_rings-mobile.png",
            "image_large": "https://code.s3.yandex.net/react/code/mineral_rings-large.png",
            "__v": 0
        },
        {
            "_id": "61c0c5a71d1f82001bdaaa77",
            "name": "Плоды Фалленианского дерева",
            "type": "main",
            "proteins": 20,
            "fat": 5,
            "carbohydrates": 55,
            "calories": 77,
            "price": 874,
            "image": "https://code.s3.yandex.net/react/code/sp_1.png",
            "image_mobile": "https://code.s3.yandex.net/react/code/sp_1-mobile.png",
            "image_large": "https://code.s3.yandex.net/react/code/sp_1-large.png",
            "__v": 0
        },
        {
            "_id": "61c0c5a71d1f82001bdaaa78",
            "name": "Кристаллы марсианских альфа-сахаридов",
            "type": "main",
            "proteins": 234,
            "fat": 432,
            "carbohydrates": 111,
            "calories": 189,
            "price": 762,
            "image": "https://code.s3.yandex.net/react/code/core.png",
            "image_mobile": "https://code.s3.yandex.net/react/code/core-mobile.png",
            "image_large": "https://code.s3.yandex.net/react/code/core-large.png",
            "__v": 0
        },
        {
            "_id": "61c0c5a71d1f82001bdaaa79",
            "name": "Мини-салат Экзо-Плантаго",
            "type": "main",
            "proteins": 1,
            "fat": 2,
            "carbohydrates": 3,
            "calories": 6,
            "price": 4400,
            "image": "https://code.s3.yandex.net/react/code/salad.png",
            "image_mobile": "https://code.s3.yandex.net/react/code/salad-mobile.png",
            "image_large": "https://code.s3.yandex.net/react/code/salad-large.png",
            "__v": 0
        },
        {
            "_id": "61c0c5a71d1f82001bdaaa7a",
            "name": "Сыр с астероидной плесенью",
            "type": "main",
            "proteins": 84,
            "fat": 48,
            "carbohydrates": 420,
            "calories": 3377,
            "price": 4142,
            "image": "https://code.s3.yandex.net/react/code/cheese.png",
            "image_mobile": "https://code.s3.yandex.net/react/code/cheese-mobile.png",
            "image_large": "https://code.s3.yandex.net/react/code/cheese-large.png",
            "__v": 0
        }
    ]
}
HTTP/1.1 200 OK
Server: nginx/1.24.0 (Ubuntu)
Date: Mon, 02 Feb 2026 20:03:16 GMT
Content-Type: application/json; charset=utf-8
Content-Length: 5957
Connection: keep-alive
X-Powered-By: Express
Access-Control-Allow-Origin: *
ETag: W/"1745-LHZ7D8kBZWcbCGljCoPXtjB5CeA"

{
    "success": true,
    "data": [
        {
            "_id": "61c0c5a71d1f82001bdaaa6d",
            "name": "Флюоресцентная булка R2-D3",
            "type": "bun",
            "proteins": 44,
            "fat": 26,
            "carbohydrates": 85,
            "calories": 643,
            "price": 988,
            "image": "https://code.s3.yandex.net/react/code/bun-01.png",
            "image_mobile": "https://code.s3.yandex.net/react/code/bun-01-mobile.png",
            "image_large": "https://code.s3.yandex.net/react/code/bun-01-large.png",
            "__v": 0
        },
        {
            "_id": "61c0c5a71d1f82001bdaaa6f",
            "name": "Мясо бессмертных моллюсков Protostomia",
            "type": "main",
            "proteins": 433,
            "fat": 244,
            "carbohydrates": 33,
            "calories": 420,
            "price": 1337,
            "image": "https://code.s3.yandex.net/react/code/meat-02.png",
            "image_mobile": "https://code.s3.yandex.net/react/code/meat-02-mobile.png",
            "image_large": "https://code.s3.yandex.net/react/code/meat-02-large.png",
            "__v": 0
        },
        {
            "_id": "61c0c5a71d1f82001bdaaa70",
            "name": "Говяжий метеорит (отбивная)",
            "type": "main",
            "proteins": 800,
            "fat": 800,
            "carbohydrates": 300,
            "calories": 2674,
            "price": 3000,
            "image": "https://code.s3.yandex.net/react/code/meat-04.png",
            "image_mobile": "https://code.s3.yandex.net/react/code/meat-04-mobile.png",
            "image_large": "https://code.s3.yandex.net/react/code/meat-04-large.png",
            "__v": 0
        },
        {
            "_id": "61c0c5a71d1f82001bdaaa71",
            "name": "Биокотлета из марсианской Магнолии",
            "type": "main",
            "proteins": 420,
            "fat": 142,
            "carbohydrates": 242,
            "calories": 4242,
            "price": 424,
            "image": "https://code.s3.yandex.net/react/code/meat-01.png",
            "image_mobile": "https://code.s3.yandex.net/react/code/meat-01-mobile.png",
            "image_large": "https://code.s3.yandex.net/react/code/meat-01-large.png",
            "__v": 0
        },
        {
            "_id": "61c0c5a71d1f82001bdaaa72",
            "name": "Соус Spicy-X",
            "type": "sauce",
            "proteins": 30,
            "fat": 20,
            "carbohydrates": 40,
            "calories": 30,
            "price": 90,
            "image": "https://code.s3.yandex.net/react/code/sauce-02.png",
            "image_mobile": "https://code.s3.yandex.net/react/code/sauce-02-mobile.png",
            "image_large": "https://code.s3.yandex.net/react/code/sauce-02-large.png",
            "__v": 0
        },
        {
            "_id": "61c0c5a71d1f82001bdaaa6e",
            "name": "Филе Люминесцентного тетраодонтимформа",
            "type": "main",
            "proteins": 44,
            "fat": 26,
            "carbohydrates": 85,
            "calories": 643,
            "price": 988,
            "image": "https://code.s3.yandex.net/react/code/meat-03.png",
            "image_mobile": "https://code.s3.yandex.net/react/code/meat-03-mobile.png",
            "image_large": "https://code.s3.yandex.net/react/code/meat-03-large.png",
            "__v": 0
        },
        {
            "_id": "61c0c5a71d1f82001bdaaa73",
            "name": "Соус фирменный Space Sauce",
            "type": "sauce",
            "proteins": 50,
            "fat": 22,
            "carbohydrates": 11,
            "calories": 14,
            "price": 80,
            "image": "https://code.s3.yandex.net/react/code/sauce-04.png",
            "image_mobile": "https://code.s3.yandex.net/react/code/sauce-04-mobile.png",
            "image_large": "https://code.s3.yandex.net/react/code/sauce-04-large.png",
            "__v": 0
        },
        {
            "_id": "61c0c5a71d1f82001bdaaa74",
            "name": "Соус традиционный галактический",
            "type": "sauce",
            "proteins": 42,
            "fat": 24,
            "carbohydrates": 42,
            "calories": 99,
            "price": 15,
            "image": "https://code.s3.yandex.net/react/code/sauce-03.png",
            "image_mobile": "https://code.s3.yandex.net/react/code/sauce-03-mobile.png",
            "image_large": "https://code.s3.yandex.net/react/code/sauce-03-large.png",
            "__v": 0
        },
        {
            "_id": "61c0c5a71d1f82001bdaaa6c",
            "name": "Краторная булка N-200i",
            "type": "bun",
            "proteins": 80,
            "fat": 24,
            "carbohydrates": 53,
            "calories": 420,
            "price": 1255,
            "image": "https://code.s3.yandex.net/react/code/bun-02.png",
            "image_mobile": "https://code.s3.yandex.net/react/code/bun-02-mobile.png",
            "image_large": "https://code.s3.yandex.net/react/code/bun-02-large.png",
            "__v": 0
        },
        {
            "_id": "61c0c5a71d1f82001bdaaa75",
            "name": "Соус с шипами Антарианского плоскоходца",
            "type": "sauce",
            "proteins": 101,
            "fat": 99,
            "carbohydrates": 100,
            "calories": 100,
            "price": 88,
            "image": "https://code.s3.yandex.net/react/code/sauce-01.png",
            "image_mobile": "https://code.s3.yandex.net/react/code/sauce-01-mobile.png",
            "image_large": "https://code.s3.yandex.net/react/code/sauce-01-large.png",
            "__v": 0
        },
        {
            "_id": "61c0c5a71d1f82001bdaaa76",
            "name": "Хрустящие минеральные кольца",
            "type": "main",
            "proteins": 808,
            "fat": 689,
            "carbohydrates": 609,
            "calories": 986,
            "price": 300,
            "image": "https://code.s3.yandex.net/react/code/mineral_rings.png",
            "image_mobile": "https://code.s3.yandex.net/react/code/mineral_rings-mobile.png",
            "image_large": "https://code.s3.yandex.net/react/code/mineral_rings-large.png",
            "__v": 0
        },
        {
            "_id": "61c0c5a71d1f82001bdaaa77",
            "name": "Плоды Фалленианского дерева",
            "type": "main",
            "proteins": 20,
            "fat": 5,
            "carbohydrates": 55,
            "calories": 77,
            "price": 874,
            "image": "https://code.s3.yandex.net/react/code/sp_1.png",
            "image_mobile": "https://code.s3.yandex.net/react/code/sp_1-mobile.png",
            "image_large": "https://code.s3.yandex.net/react/code/sp_1-large.png",
            "__v": 0
        },
        {
            "_id": "61c0c5a71d1f82001bdaaa78",
            "name": "Кристаллы марсианских альфа-сахаридов",
            "type": "main",
            "proteins": 234,
            "fat": 432,
            "carbohydrates": 111,
            "calories": 189,
            "price": 762,
            "image": "https://code.s3.yandex.net/react/code/core.png",
            "image_mobile": "https://code.s3.yandex.net/react/code/core-mobile.png",
            "image_large": "https://code.s3.yandex.net/react/code/core-large.png",
            "__v": 0
        },
        {
            "_id": "61c0c5a71d1f82001bdaaa79",
            "name": "Мини-салат Экзо-Плантаго",
            "type": "main",
            "proteins": 1,
            "fat": 2,
            "carbohydrates": 3,
            "calories": 6,
            "price": 4400,
            "image": "https://code.s3.yandex.net/react/code/salad.png",
            "image_mobile": "https://code.s3.yandex.net/react/code/salad-mobile.png",
            "image_large": "https://code.s3.yandex.net/react/code/salad-large.png",
            "__v": 0
        },
        {
            "_id": "61c0c5a71d1f82001bdaaa7a",
            "name": "Сыр с астероидной плесенью",
            "type": "main",
            "proteins": 84,
            "fat": 48,
            "carbohydrates": 420,
            "calories": 3377,
            "price": 4142,
            "image": "https://code.s3.yandex.net/react/code/cheese.png",
            "image_mobile": "https://code.s3.yandex.net/react/code/cheese-mobile.png",
            "image_large": "https://code.s3.yandex.net/react/code/cheese-large.png",
            "__v": 0
        }
    ]
}
HTTP/1.1 200 OK
Server: nginx/1.24.0 (Ubuntu)
Date: Mon, 02 Feb 2026 20:03:16 GMT
Content-Type: application/json; charset=utf-8
Content-Length: 5957
Connection: keep-alive
X-Powered-By: Express
Access-Control-Allow-Origin: *
ETag: W/"1745-LHZ7D8kBZWcbCGljCoPXtjB5CeA"

{
    "success": true,
    "data": [
        {
            "_id": "61c0c5a71d1f82001bdaaa6d",
            "name": "Флюоресцентная булка R2-D3",
            "type": "bun",
            "proteins": 44,
            "fat": 26,
            "carbohydrates": 85,
            "calories": 643,
            "price": 988,
            "image": "https://code.s3.yandex.net/react/code/bun-01.png",
            "image_mobile": "https://code.s3.yandex.net/react/code/bun-01-mobile.png",
            "image_large": "https://code.s3.yandex.net/react/code/bun-01-large.png",
            "__v": 0
        },
        {
            "_id": "61c0c5a71d1f82001bdaaa6f",
            "name": "Мясо бессмертных моллюсков Protostomia",
            "type": "main",
            "proteins": 433,
            "fat": 244,
            "carbohydrates": 33,
            "calories": 420,
            "price": 1337,
            "image": "https://code.s3.yandex.net/react/code/meat-02.png",
            "image_mobile": "https://code.s3.yandex.net/react/code/meat-02-mobile.png",
            "image_large": "https://code.s3.yandex.net/react/code/meat-02-large.png",
            "__v": 0
        },
        {
            "_id": "61c0c5a71d1f82001bdaaa70",
            "name": "Говяжий метеорит (отбивная)",
            "type": "main",
            "proteins": 800,
            "fat": 800,
            "carbohydrates": 300,
            "calories": 2674,
            "price": 3000,
            "image": "https://code.s3.yandex.net/react/code/meat-04.png",
            "image_mobile": "https://code.s3.yandex.net/react/code/meat-04-mobile.png",
            "image_large": "https://code.s3.yandex.net/react/code/meat-04-large.png",
            "__v": 0
        },
        {
            "_id": "61c0c5a71d1f82001bdaaa71",
            "name": "Биокотлета из марсианской Магнолии",
            "type": "main",
            "proteins": 420,
            "fat": 142,
            "carbohydrates": 242,
            "calories": 4242,
            "price": 424,
            "image": "https://code.s3.yandex.net/react/code/meat-01.png",
            "image_mobile": "https://code.s3.yandex.net/react/code/meat-01-mobile.png",
            "image_large": "https://code.s3.yandex.net/react/code/meat-01-large.png",
            "__v": 0
        },
        {
            "_id": "61c0c5a71d1f82001bdaaa72",
            "name": "Соус Spicy-X",
            "type": "sauce",
            "proteins": 30,
            "fat": 20,
            "carbohydrates": 40,
            "calories": 30,
            "price": 90,
            "image": "https://code.s3.yandex.net/react/code/sauce-02.png",
            "image_mobile": "https://code.s3.yandex.net/react/code/sauce-02-mobile.png",
            "image_large": "https://code.s3.yandex.net/react/code/sauce-02-large.png",
            "__v": 0
        },
        {
            "_id": "61c0c5a71d1f82001bdaaa6e",
            "name": "Филе Люминесцентного тетраодонтимформа",
            "type": "main",
            "proteins": 44,
            "fat": 26,
            "carbohydrates": 85,
            "calories": 643,
            "price": 988,
            "image": "https://code.s3.yandex.net/react/code/meat-03.png",
            "image_mobile": "https://code.s3.yandex.net/react/code/meat-03-mobile.png",
            "image_large": "https://code.s3.yandex.net/react/code/meat-03-large.png",
            "__v": 0
        },
        {
            "_id": "61c0c5a71d1f82001bdaaa73",
            "name": "Соус фирменный Space Sauce",
            "type": "sauce",
            "proteins": 50,
            "fat": 22,
            "carbohydrates": 11,
            "calories": 14,
            "price": 80,
            "image": "https://code.s3.yandex.net/react/code/sauce-04.png",
            "image_mobile": "https://code.s3.yandex.net/react/code/sauce-04-mobile.png",
            "image_large": "https://code.s3.yandex.net/react/code/sauce-04-large.png",
            "__v": 0
        },
        {
            "_id": "61c0c5a71d1f82001bdaaa74",
            "name": "Соус традиционный галактический",
            "type": "sauce",
            "proteins": 42,
            "fat": 24,
            "carbohydrates": 42,
            "calories": 99,
            "price": 15,
            "image": "https://code.s3.yandex.net/react/code/sauce-03.png",
            "image_mobile": "https://code.s3.yandex.net/react/code/sauce-03-mobile.png",
            "image_large": "https://code.s3.yandex.net/react/code/sauce-03-large.png",
            "__v": 0
        },
        {
            "_id": "61c0c5a71d1f82001bdaaa6c",
            "name": "Краторная булка N-200i",
            "type": "bun",
            "proteins": 80,
            "fat": 24,
            "carbohydrates": 53,
            "calories": 420,
            "price": 1255,
            "image": "https://code.s3.yandex.net/react/code/bun-02.png",
            "image_mobile": "https://code.s3.yandex.net/react/code/bun-02-mobile.png",
            "image_large": "https://code.s3.yandex.net/react/code/bun-02-large.png",
            "__v": 0
        },
        {
            "_id": "61c0c5a71d1f82001bdaaa75",
            "name": "Соус с шипами Антарианского плоскоходца",
            "type": "sauce",
            "proteins": 101,
            "fat": 99,
            "carbohydrates": 100,
            "calories": 100,
            "price": 88,
            "image": "https://code.s3.yandex.net/react/code/sauce-01.png",
            "image_mobile": "https://code.s3.yandex.net/react/code/sauce-01-mobile.png",
            "image_large": "https://code.s3.yandex.net/react/code/sauce-01-large.png",
            "__v": 0
        },
        {
            "_id": "61c0c5a71d1f82001bdaaa76",
            "name": "Хрустящие минеральные кольца",
            "type": "main",
            "proteins": 808,
            "fat": 689,
            "carbohydrates": 609,
            "calories": 986,
            "price": 300,
            "image": "https://code.s3.yandex.net/react/code/mineral_rings.png",
            "image_mobile": "https://code.s3.yandex.net/react/code/mineral_rings-mobile.png",
            "image_large": "https://code.s3.yandex.net/react/code/mineral_rings-large.png",
            "__v": 0
        },
        {
            "_id": "61c0c5a71d1f82001bdaaa77",
            "name": "Плоды Фалленианского дерева",
            "type": "main",
            "proteins": 20,
            "fat": 5,
            "carbohydrates": 55,
            "calories": 77,
            "price": 874,
            "image": "https://code.s3.yandex.net/react/code/sp_1.png",
            "image_mobile": "https://code.s3.yandex.net/react/code/sp_1-mobile.png",
            "image_large": "https://code.s3.yandex.net/react/code/sp_1-large.png",
            "__v": 0
        },
        {
            "_id": "61c0c5a71d1f82001bdaaa78",
            "name": "Кристаллы марсианских альфа-сахаридов",
            "type": "main",
            "proteins": 234,
            "fat": 432,
            "carbohydrates": 111,
            "calories": 189,
            "price": 762,
            "image": "https://code.s3.yandex.net/react/code/core.png",
            "image_mobile": "https://code.s3.yandex.net/react/code/core-mobile.png",
            "image_large": "https://code.s3.yandex.net/react/code/core-large.png",
            "__v": 0
        },
        {
            "_id": "61c0c5a71d1f82001bdaaa79",
            "name": "Мини-салат Экзо-Плантаго",
            "type": "main",
            "proteins": 1,
            "fat": 2,
            "carbohydrates": 3,
            "calories": 6,
            "price": 4400,
            "image": "https://code.s3.yandex.net/react/code/salad.png",
            "image_mobile": "https://code.s3.yandex.net/react/code/salad-mobile.png",
            "image_large": "https://code.s3.yandex.net/react/code/salad-large.png",
            "__v": 0
        },
        {
            "_id": "61c0c5a71d1f82001bdaaa7a",
            "name": "Сыр с астероидной плесенью",
            "type": "main",
            "proteins": 84,
            "fat": 48,
            "carbohydrates": 420,
            "calories": 3377,
            "price": 4142,
            "image": "https://code.s3.yandex.net/react/code/cheese.png",
            "image_mobile": "https://code.s3.yandex.net/react/code/cheese-mobile.png",
            "image_large": "https://code.s3.yandex.net/react/code/cheese-large.png",
            "__v": 0
        }
    ]
}
HTTP/1.1 200 OK
Server: nginx/1.24.0 (Ubuntu)
Date: Mon, 02 Feb 2026 20:03:16 GMT
Content-Type: application/json; charset=utf-8
Content-Length: 5957
Connection: keep-alive
X-Powered-By: Express
Access-Control-Allow-Origin: *
ETag: W/"1745-LHZ7D8kBZWcbCGljCoPXtjB5CeA"

{
    "success": true,
    "data": [
        {
            "_id": "61c0c5a71d1f82001bdaaa6d",
            "name": "Флюоресцентная булка R2-D3",
            "type": "bun",
            "proteins": 44,
            "fat": 26,
            "carbohydrates": 85,
            "calories": 643,
            "price": 988,
            "image": "https://code.s3.yandex.net/react/code/bun-01.png",
            "image_mobile": "https://code.s3.yandex.net/react/code/bun-01-mobile.png",
            "image_large": "https://code.s3.yandex.net/react/code/bun-01-large.png",
            "__v": 0
        },
        {
            "_id": "61c0c5a71d1f82001bdaaa6f",
            "name": "Мясо бессмертных моллюсков Protostomia",
            "type": "main",
            "proteins": 433,
            "fat": 244,
            "carbohydrates": 33,
            "calories": 420,
            "price": 1337,
            "image": "https://code.s3.yandex.net/react/code/meat-02.png",
            "image_mobile": "https://code.s3.yandex.net/react/code/meat-02-mobile.png",
            "image_large": "https://code.s3.yandex.net/react/code/meat-02-large.png",
            "__v": 0
        },
        {
            "_id": "61c0c5a71d1f82001bdaaa70",
            "name": "Говяжий метеорит (отбивная)",
            "type": "main",
            "proteins": 800,
            "fat": 800,
            "carbohydrates": 300,
            "calories": 2674,
            "price": 3000,
            "image": "https://code.s3.yandex.net/react/code/meat-04.png",
            "image_mobile": "https://code.s3.yandex.net/react/code/meat-04-mobile.png",
            "image_large": "https://code.s3.yandex.net/react/code/meat-04-large.png",
            "__v": 0
        },
        {
            "_id": "61c0c5a71d1f82001bdaaa71",
            "name": "Биокотлета из марсианской Магнолии",
            "type": "main",
            "proteins": 420,
            "fat": 142,
            "carbohydrates": 242,
            "calories": 4242,
            "price": 424,
            "image": "https://code.s3.yandex.net/react/code/meat-01.png",
            "image_mobile": "https://code.s3.yandex.net/react/code/meat-01-mobile.png",
            "image_large": "https://code.s3.yandex.net/react/code/meat-01-large.png",
            "__v": 0
        },
        {
            "_id": "61c0c5a71d1f82001bdaaa72",
            "name": "Соус Spicy-X",
            "type": "sauce",
            "proteins": 30,
            "fat": 20,
            "carbohydrates": 40,
            "calories": 30,
            "price": 90,
            "image": "https://code.s3.yandex.net/react/code/sauce-02.png",
            "image_mobile": "https://code.s3.yandex.net/react/code/sauce-02-mobile.png",
            "image_large": "https://code.s3.yandex.net/react/code/sauce-02-large.png",
            "__v": 0
        },
        {
            "_id": "61c0c5a71d1f82001bdaaa6e",
            "name": "Филе Люминесцентного тетраодонтимформа",
            "type": "main",
            "proteins": 44,
            "fat": 26,
            "carbohydrates": 85,
            "calories": 643,
            "price": 988,
            "image": "https://code.s3.yandex.net/react/code/meat-03.png",
            "image_mobile": "https://code.s3.yandex.net/react/code/meat-03-mobile.png",
            "image_large": "https://code.s3.yandex.net/react/code/meat-03-large.png",
            "__v": 0
        },
        {
            "_id": "61c0c5a71d1f82001bdaaa73",
            "name": "Соус фирменный Space Sauce",
            "type": "sauce",
            "proteins": 50,
            "fat": 22,
            "carbohydrates": 11,
            "calories": 14,
            "price": 80,
            "image": "https://code.s3.yandex.net/react/code/sauce-04.png",
            "image_mobile": "https://code.s3.yandex.net/react/code/sauce-04-mobile.png",
            "image_large": "https://code.s3.yandex.net/react/code/sauce-04-large.png",
            "__v": 0
        },
        {
            "_id": "61c0c5a71d1f82001bdaaa74",
            "name": "Соус традиционный галактический",
            "type": "sauce",
            "proteins": 42,
            "fat": 24,
            "carbohydrates": 42,
            "calories": 99,
            "price": 15,
            "image": "https://code.s3.yandex.net/react/code/sauce-03.png",
            "image_mobile": "https://code.s3.yandex.net/react/code/sauce-03-mobile.png",
            "image_large": "https://code.s3.yandex.net/react/code/sauce-03-large.png",
            "__v": 0
        },
        {
            "_id": "61c0c5a71d1f82001bdaaa6c",
            "name": "Краторная булка N-200i",
            "type": "bun",
            "proteins": 80,
            "fat": 24,
            "carbohydrates": 53,
            "calories": 420,
            "price": 1255,
            "image": "https://code.s3.yandex.net/react/code/bun-02.png",
            "image_mobile": "https://code.s3.yandex.net/react/code/bun-02-mobile.png",
            "image_large": "https://code.s3.yandex.net/react/code/bun-02-large.png",
            "__v": 0
        },
        {
            "_id": "61c0c5a71d1f82001bdaaa75",
            "name": "Соус с шипами Антарианского плоскоходца",
            "type": "sauce",
            "proteins": 101,
            "fat": 99,
            "carbohydrates": 100,
            "calories": 100,
            "price": 88,
            "image": "https://code.s3.yandex.net/react/code/sauce-01.png",
            "image_mobile": "https://code.s3.yandex.net/react/code/sauce-01-mobile.png",
            "image_large": "https://code.s3.yandex.net/react/code/sauce-01-large.png",
            "__v": 0
        },
        {
            "_id": "61c0c5a71d1f82001bdaaa76",
            "name": "Хрустящие минеральные кольца",
            "type": "main",
            "proteins": 808,
            "fat": 689,
            "carbohydrates": 609,
            "calories": 986,
            "price": 300,
            "image": "https://code.s3.yandex.net/react/code/mineral_rings.png",
            "image_mobile": "https://code.s3.yandex.net/react/code/mineral_rings-mobile.png",
            "image_large": "https://code.s3.yandex.net/react/code/mineral_rings-large.png",
            "__v": 0
        },
        {
            "_id": "61c0c5a71d1f82001bdaaa77",
            "name": "Плоды Фалленианского дерева",
            "type": "main",
            "proteins": 20,
            "fat": 5,
            "carbohydrates": 55,
            "calories": 77,
            "price": 874,
            "image": "https://code.s3.yandex.net/react/code/sp_1.png",
            "image_mobile": "https://code.s3.yandex.net/react/code/sp_1-mobile.png",
            "image_large": "https://code.s3.yandex.net/react/code/sp_1-large.png",
            "__v": 0
        },
        {
            "_id": "61c0c5a71d1f82001bdaaa78",
            "name": "Кристаллы марсианских альфа-сахаридов",
            "type": "main",
            "proteins": 234,
            "fat": 432,
            "carbohydrates": 111,
            "calories": 189,
            "price": 762,
            "image": "https://code.s3.yandex.net/react/code/core.png",
            "image_mobile": "https://code.s3.yandex.net/react/code/core-mobile.png",
            "image_large": "https://code.s3.yandex.net/react/code/core-large.png",
            "__v": 0
        },
        {
            "_id": "61c0c5a71d1f82001bdaaa79",
            "name": "Мини-салат Экзо-Плантаго",
            "type": "main",
            "proteins": 1,
            "fat": 2,
            "carbohydrates": 3,
            "calories": 6,
            "price": 4400,
            "image": "https://code.s3.yandex.net/react/code/salad.png",
            "image_mobile": "https://code.s3.yandex.net/react/code/salad-mobile.png",
            "image_large": "https://code.s3.yandex.net/react/code/salad-large.png",
            "__v": 0
        },
        {
            "_id": "61c0c5a71d1f82001bdaaa7a",
            "name": "Сыр с астероидной плесенью",
            "type": "main",
            "proteins": 84,
            "fat": 48,
            "carbohydrates": 420,
            "calories": 3377,
            "price": 4142,
            "image": "https://code.s3.yandex.net/react/code/cheese.png",
            "image_mobile": "https://code.s3.yandex.net/react/code/cheese-mobile.png",
            "image_large": "https://code.s3.yandex.net/react/code/cheese-large.png",
            "__v": 0
        }
    ]
}
HTTP/1.1 200 OK
Server: nginx/1.24.0 (Ubuntu)
Date: Mon, 02 Feb 2026 20:03:16 GMT
Content-Type: application/json; charset=utf-8
Content-Length: 5957
Connection: keep-alive
X-Powered-By: Express
Access-Control-Allow-Origin: *
ETag: W/"1745-LHZ7D8kBZWcbCGljCoPXtjB5CeA"

{
    "success": true,
    "data": [
        {
            "_id": "61c0c5a71d1f82001bdaaa6d",
            "name": "Флюоресцентная булка R2-D3",
            "type": "bun",
            "proteins": 44,
            "fat": 26,
            "carbohydrates": 85,
            "calories": 643,
            "price": 988,
            "image": "https://code.s3.yandex.net/react/code/bun-01.png",
            "image_mobile": "https://code.s3.yandex.net/react/code/bun-01-mobile.png",
            "image_large": "https://code.s3.yandex.net/react/code/bun-01-large.png",
            "__v": 0
        },
        {
            "_id": "61c0c5a71d1f82001bdaaa6f",
            "name": "Мясо бессмертных моллюсков Protostomia",
            "type": "main",
            "proteins": 433,
            "fat": 244,
            "carbohydrates": 33,
            "calories": 420,
            "price": 1337,
            "image": "https://code.s3.yandex.net/react/code/meat-02.png",
            "image_mobile": "https://code.s3.yandex.net/react/code/meat-02-mobile.png",
            "image_large": "https://code.s3.yandex.net/react/code/meat-02-large.png",
            "__v": 0
        },
        {
            "_id": "61c0c5a71d1f82001bdaaa70",
            "name": "Говяжий метеорит (отбивная)",
            "type": "main",
            "proteins": 800,
            "fat": 800,
            "carbohydrates": 300,
            "calories": 2674,
            "price": 3000,
            "image": "https://code.s3.yandex.net/react/code/meat-04.png",
            "image_mobile": "https://code.s3.yandex.net/react/code/meat-04-mobile.png",
            "image_large": "https://code.s3.yandex.net/react/code/meat-04-large.png",
            "__v": 0
        },
        {
            "_id": "61c0c5a71d1f82001bdaaa71",
            "name": "Биокотлета из марсианской Магнолии",
            "type": "main",
            "proteins": 420,
            "fat": 142,
            "carbohydrates": 242,
            "calories": 4242,
            "price": 424,
            "image": "https://code.s3.yandex.net/react/code/meat-01.png",
            "image_mobile": "https://code.s3.yandex.net/react/code/meat-01-mobile.png",
            "image_large": "https://code.s3.yandex.net/react/code/meat-01-large.png",
            "__v": 0
        },
        {
            "_id": "61c0c5a71d1f82001bdaaa72",
            "name": "Соус Spicy-X",
            "type": "sauce",
            "proteins": 30,
            "fat": 20,
            "carbohydrates": 40,
            "calories": 30,
            "price": 90,
            "image": "https://code.s3.yandex.net/react/code/sauce-02.png",
            "image_mobile": "https://code.s3.yandex.net/react/code/sauce-02-mobile.png",
            "image_large": "https://code.s3.yandex.net/react/code/sauce-02-large.png",
            "__v": 0
        },
        {
            "_id": "61c0c5a71d1f82001bdaaa6e",
            "name": "Филе Люминесцентного тетраодонтимформа",
            "type": "main",
            "proteins": 44,
            "fat": 26,
            "carbohydrates": 85,
            "calories": 643,
            "price": 988,
            "image": "https://code.s3.yandex.net/react/code/meat-03.png",
            "image_mobile": "https://code.s3.yandex.net/react/code/meat-03-mobile.png",
            "image_large": "https://code.s3.yandex.net/react/code/meat-03-large.png",
            "__v": 0
        },
        {
            "_id": "61c0c5a71d1f82001bdaaa73",
            "name": "Соус фирменный Space Sauce",
            "type": "sauce",
            "proteins": 50,
            "fat": 22,
            "carbohydrates": 11,
            "calories": 14,
            "price": 80,
            "image": "https://code.s3.yandex.net/react/code/sauce-04.png",
            "image_mobile": "https://code.s3.yandex.net/react/code/sauce-04-mobile.png",
            "image_large": "https://code.s3.yandex.net/react/code/sauce-04-large.png",
            "__v": 0
        },
        {
            "_id": "61c0c5a71d1f82001bdaaa74",
            "name": "Соус традиционный галактический",
            "type": "sauce",
            "proteins": 42,
            "fat": 24,
            "carbohydrates": 42,
            "calories": 99,
            "price": 15,
            "image": "https://code.s3.yandex.net/react/code/sauce-03.png",
            "image_mobile": "https://code.s3.yandex.net/react/code/sauce-03-mobile.png",
            "image_large": "https://code.s3.yandex.net/react/code/sauce-03-large.png",
            "__v": 0
        },
        {
            "_id": "61c0c5a71d1f82001bdaaa6c",
            "name": "Краторная булка N-200i",
            "type": "bun",
            "proteins": 80,
            "fat": 24,
            "carbohydrates": 53,
            "calories": 420,
            "price": 1255,
            "image": "https://code.s3.yandex.net/react/code/bun-02.png",
            "image_mobile": "https://code.s3.yandex.net/react/code/bun-02-mobile.png",
            "image_large": "https://code.s3.yandex.net/react/code/bun-02-large.png",
            "__v": 0
        },
        {
            "_id": "61c0c5a71d1f82001bdaaa75",
            "name": "Соус с шипами Антарианского плоскоходца",
            "type": "sauce",
            "proteins": 101,
            "fat": 99,
            "carbohydrates": 100,
            "calories": 100,
            "price": 88,
            "image": "https://code.s3.yandex.net/react/code/sauce-01.png",
            "image_mobile": "https://code.s3.yandex.net/react/code/sauce-01-mobile.png",
            "image_large": "https://code.s3.yandex.net/react/code/sauce-01-large.png",
            "__v": 0
        },
        {
            "_id": "61c0c5a71d1f82001bdaaa76",
            "name": "Хрустящие минеральные кольца",
            "type": "main",
            "proteins": 808,
            "fat": 689,
            "carbohydrates": 609,
            "calories": 986,
            "price": 300,
            "image": "https://code.s3.yandex.net/react/code/mineral_rings.png",
            "image_mobile": "https://code.s3.yandex.net/react/code/mineral_rings-mobile.png",
            "image_large": "https://code.s3.yandex.net/react/code/mineral_rings-large.png",
            "__v": 0
        },
        {
            "_id": "61c0c5a71d1f82001bdaaa77",
            "name": "Плоды Фалленианского дерева",
            "type": "main",
            "proteins": 20,
            "fat": 5,
            "carbohydrates": 55,
            "calories": 77,
            "price": 874,
            "image": "https://code.s3.yandex.net/react/code/sp_1.png",
            "image_mobile": "https://code.s3.yandex.net/react/code/sp_1-mobile.png",
            "image_large": "https://code.s3.yandex.net/react/code/sp_1-large.png",
            "__v": 0
        },
        {
            "_id": "61c0c5a71d1f82001bdaaa78",
            "name": "Кристаллы марсианских альфа-сахаридов",
            "type": "main",
            "proteins": 234,
            "fat": 432,
            "carbohydrates": 111,
            "calories": 189,
            "price": 762,
            "image": "https://code.s3.yandex.net/react/code/core.png",
            "image_mobile": "https://code.s3.yandex.net/react/code/core-mobile.png",
            "image_large": "https://code.s3.yandex.net/react/code/core-large.png",
            "__v": 0
        },
        {
            "_id": "61c0c5a71d1f82001bdaaa79",
            "name": "Мини-салат Экзо-Плантаго",
            "type": "main",
            "proteins": 1,
            "fat": 2,
            "carbohydrates": 3,
            "calories": 6,
            "price": 4400,
            "image": "https://code.s3.yandex.net/react/code/salad.png",
            "image_mobile": "https://code.s3.yandex.net/react/code/salad-mobile.png",
            "image_large": "https://code.s3.yandex.net/react/code/salad-large.png",
            "__v": 0
        },
        {
            "_id": "61c0c5a71d1f82001bdaaa7a",
            "name": "Сыр с астероидной плесенью",
            "type": "main",
            "proteins": 84,
            "fat": 48,
            "carbohydrates": 420,
            "calories": 3377,
            "price": 4142,
            "image": "https://code.s3.yandex.net/react/code/cheese.png",
            "image_mobile": "https://code.s3.yandex.net/react/code/cheese-mobile.png",
            "image_large": "https://code.s3.yandex.net/react/code/cheese-large.png",
            "__v": 0
        }
    ]
}
HTTP/1.1 200 OK
Server: nginx/1.24.0 (Ubuntu)
Date: Mon, 02 Feb 2026 20:03:16 GMT
Content-Type: application/json; charset=utf-8
Content-Length: 5957
Connection: keep-alive
X-Powered-By: Express
Access-Control-Allow-Origin: *
ETag: W/"1745-LHZ7D8kBZWcbCGljCoPXtjB5CeA"

{
    "success": true,
    "data": [
        {
            "_id": "61c0c5a71d1f82001bdaaa6d",
            "name": "Флюоресцентная булка R2-D3",
            "type": "bun",
            "proteins": 44,
            "fat": 26,
            "carbohydrates": 85,
            "calories": 643,
            "price": 988,
            "image": "https://code.s3.yandex.net/react/code/bun-01.png",
            "image_mobile": "https://code.s3.yandex.net/react/code/bun-01-mobile.png",
            "image_large": "https://code.s3.yandex.net/react/code/bun-01-large.png",
            "__v": 0
        },
        {
            "_id": "61c0c5a71d1f82001bdaaa6f",
            "name": "Мясо бессмертных моллюсков Protostomia",
            "type": "main",
            "proteins": 433,
            "fat": 244,
            "carbohydrates": 33,
            "calories": 420,
            "price": 1337,
            "image": "https://code.s3.yandex.net/react/code/meat-02.png",
            "image_mobile": "https://code.s3.yandex.net/react/code/meat-02-mobile.png",
            "image_large": "https://code.s3.yandex.net/react/code/meat-02-large.png",
            "__v": 0
        },
        {
            "_id": "61c0c5a71d1f82001bdaaa70",
            "name": "Говяжий метеорит (отбивная)",
            "type": "main",
            "proteins": 800,
            "fat": 800,
            "carbohydrates": 300,
            "calories": 2674,
            "price": 3000,
            "image": "https://code.s3.yandex.net/react/code/meat-04.png",
            "image_mobile": "https://code.s3.yandex.net/react/code/meat-04-mobile.png",
            "image_large": "https://code.s3.yandex.net/react/code/meat-04-large.png",
            "__v": 0
        },
        {
            "_id": "61c0c5a71d1f82001bdaaa71",
            "name": "Биокотлета из марсианской Магнолии",
            "type": "main",
            "proteins": 420,
            "fat": 142,
            "carbohydrates": 242,
            "calories": 4242,
            "price": 424,
            "image": "https://code.s3.yandex.net/react/code/meat-01.png",
            "image_mobile": "https://code.s3.yandex.net/react/code/meat-01-mobile.png",
            "image_large": "https://code.s3.yandex.net/react/code/meat-01-large.png",
            "__v": 0
        },
        {
            "_id": "61c0c5a71d1f82001bdaaa72",
            "name": "Соус Spicy-X",
            "type": "sauce",
            "proteins": 30,
            "fat": 20,
            "carbohydrates": 40,
            "calories": 30,
            "price": 90,
            "image": "https://code.s3.yandex.net/react/code/sauce-02.png",
            "image_mobile": "https://code.s3.yandex.net/react/code/sauce-02-mobile.png",
            "image_large": "https://code.s3.yandex.net/react/code/sauce-02-large.png",
            "__v": 0
        },
        {
            "_id": "61c0c5a71d1f82001bdaaa6e",
            "name": "Филе Люминесцентного тетраодонтимформа",
            "type": "main",
            "proteins": 44,
            "fat": 26,
            "carbohydrates": 85,
            "calories": 643,
            "price": 988,
            "image": "https://code.s3.yandex.net/react/code/meat-03.png",
            "image_mobile": "https://code.s3.yandex.net/react/code/meat-03-mobile.png",
            "image_large": "https://code.s3.yandex.net/react/code/meat-03-large.png",
            "__v": 0
        },
        {
            "_id": "61c0c5a71d1f82001bdaaa73",
            "name": "Соус фирменный Space Sauce",
            "type": "sauce",
            "proteins": 50,
            "fat": 22,
            "carbohydrates": 11,
            "calories": 14,
            "price": 80,
            "image": "https://code.s3.yandex.net/react/code/sauce-04.png",
            "image_mobile": "https://code.s3.yandex.net/react/code/sauce-04-mobile.png",
            "image_large": "https://code.s3.yandex.net/react/code/sauce-04-large.png",
            "__v": 0
        },
        {
            "_id": "61c0c5a71d1f82001bdaaa74",
            "name": "Соус традиционный галактический",
            "type": "sauce",
            "proteins": 42,
            "fat": 24,
            "carbohydrates": 42,
            "calories": 99,
            "price": 15,
            "image": "https://code.s3.yandex.net/react/code/sauce-03.png",
            "image_mobile": "https://code.s3.yandex.net/react/code/sauce-03-mobile.png",
            "image_large": "https://code.s3.yandex.net/react/code/sauce-03-large.png",
            "__v": 0
        },
        {
            "_id": "61c0c5a71d1f82001bdaaa6c",
            "name": "Краторная булка N-200i",
            "type": "bun",
            "proteins": 80,
            "fat": 24,
            "carbohydrates": 53,
            "calories": 420,
            "price": 1255,
            "image": "https://code.s3.yandex.net/react/code/bun-02.png",
            "image_mobile": "https://code.s3.yandex.net/react/code/bun-02-mobile.png",
            "image_large": "https://code.s3.yandex.net/react/code/bun-02-large.png",
            "__v": 0
        },
        {
            "_id": "61c0c5a71d1f82001bdaaa75",
            "name": "Соус с шипами Антарианского плоскоходца",
            "type": "sauce",
            "proteins": 101,
            "fat": 99,
            "carbohydrates": 100,
            "calories": 100,
            "price": 88,
            "image": "https://code.s3.yandex.net/react/code/sauce-01.png",
            "image_mobile": "https://code.s3.yandex.net/react/code/sauce-01-mobile.png",
            "image_large": "https://code.s3.yandex.net/react/code/sauce-01-large.png",
            "__v": 0
        },
        {
            "_id": "61c0c5a71d1f82001bdaaa76",
            "name": "Хрустящие минеральные кольца",
            "type": "main",
            "proteins": 808,
            "fat": 689,
            "carbohydrates": 609,
            "calories": 986,
            "price": 300,
            "image": "https://code.s3.yandex.net/react/code/mineral_rings.png",
            "image_mobile": "https://code.s3.yandex.net/react/code/mineral_rings-mobile.png",
            "image_large": "https://code.s3.yandex.net/react/code/mineral_rings-large.png",
            "__v": 0
        },
        {
            "_id": "61c0c5a71d1f82001bdaaa77",
            "name": "Плоды Фалленианского дерева",
            "type": "main",
            "proteins": 20,
            "fat": 5,
            "carbohydrates": 55,
            "calories": 77,
            "price": 874,
            "image": "https://code.s3.yandex.net/react/code/sp_1.png",
            "image_mobile": "https://code.s3.yandex.net/react/code/sp_1-mobile.png",
            "image_large": "https://code.s3.yandex.net/react/code/sp_1-large.png",
            "__v": 0
        },
        {
            "_id": "61c0c5a71d1f82001bdaaa78",
            "name": "Кристаллы марсианских альфа-сахаридов",
            "type": "main",
            "proteins": 234,
            "fat": 432,
            "carbohydrates": 111,
            "calories": 189,
            "price": 762,
            "image": "https://code.s3.yandex.net/react/code/core.png",
            "image_mobile": "https://code.s3.yandex.net/react/code/core-mobile.png",
            "image_large": "https://code.s3.yandex.net/react/code/core-large.png",
            "__v": 0
        },
        {
            "_id": "61c0c5a71d1f82001bdaaa79",
            "name": "Мини-салат Экзо-Плантаго",
            "type": "main",
            "proteins": 1,
            "fat": 2,
            "carbohydrates": 3,
            "calories": 6,
            "price": 4400,
            "image": "https://code.s3.yandex.net/react/code/salad.png",
            "image_mobile": "https://code.s3.yandex.net/react/code/salad-mobile.png",
            "image_large": "https://code.s3.yandex.net/react/code/salad-large.png",
            "__v": 0
        },
        {
            "_id": "61c0c5a71d1f82001bdaaa7a",
            "name": "Сыр с астероидной плесенью",
            "type": "main",
            "proteins": 84,
            "fat": 48,
            "carbohydrates": 420,
            "calories": 3377,
            "price": 4142,
            "image": "https://code.s3.yandex.net/react/code/cheese.png",
            "image_mobile": "https://code.s3.yandex.net/react/code/cheese-mobile.png",
            "image_large": "https://code.s3.yandex.net/react/code/cheese-large.png",
            "__v": 0
        }
    ]
}
HTTP/1.1 200 OK
Server: nginx/1.24.0 (Ubuntu)
Date: Mon, 02 Feb 2026 20:03:16 GMT
Content-Type: application/json; charset=utf-8
Content-Length: 5957
Connection: keep-alive
X-Powered-By: Express
Access-Control-Allow-Origin: *
ETag: W/"1745-LHZ7D8kBZWcbCGljCoPXtjB5CeA"

{
    "success": true,
    "data": [
        {
            "_id": "61c0c5a71d1f82001bdaaa6d",
            "name": "Флюоресцентная булка R2-D3",
            "type": "bun",
            "proteins": 44,
            "fat": 26,
            "carbohydrates": 85,
            "calories": 643,
            "price": 988,
            "image": "https://code.s3.yandex.net/react/code/bun-01.png",
            "image_mobile": "https://code.s3.yandex.net/react/code/bun-01-mobile.png",
            "image_large": "https://code.s3.yandex.net/react/code/bun-01-large.png",
            "__v": 0
        },
        {
            "_id": "61c0c5a71d1f82001bdaaa6f",
            "name": "Мясо бессмертных моллюсков Protostomia",
            "type": "main",
            "proteins": 433,
            "fat": 244,
            "carbohydrates": 33,
            "calories": 420,
            "price": 1337,
            "image": "https://code.s3.yandex.net/react/code/meat-02.png",
            "image_mobile": "https://code.s3.yandex.net/react/code/meat-02-mobile.png",
            "image_large": "https://code.s3.yandex.net/react/code/meat-02-large.png",
            "__v": 0
        },
        {
            "_id": "61c0c5a71d1f82001bdaaa70",
            "name": "Говяжий метеорит (отбивная)",
            "type": "main",
            "proteins": 800,
            "fat": 800,
            "carbohydrates": 300,
            "calories": 2674,
            "price": 3000,
            "image": "https://code.s3.yandex.net/react/code/meat-04.png",
            "image_mobile": "https://code.s3.yandex.net/react/code/meat-04-mobile.png",
            "image_large": "https://code.s3.yandex.net/react/code/meat-04-large.png",
            "__v": 0
        },
        {
            "_id": "61c0c5a71d1f82001bdaaa71",
            "name": "Биокотлета из марсианской Магнолии",
            "type": "main",
            "proteins": 420,
            "fat": 142,
            "carbohydrates": 242,
            "calories": 4242,
            "price": 424,
            "image": "https://code.s3.yandex.net/react/code/meat-01.png",
            "image_mobile": "https://code.s3.yandex.net/react/code/meat-01-mobile.png",
            "image_large": "https://code.s3.yandex.net/react/code/meat-01-large.png",
            "__v": 0
        },
        {
            "_id": "61c0c5a71d1f82001bdaaa72",
            "name": "Соус Spicy-X",
            "type": "sauce",
            "proteins": 30,
            "fat": 20,
            "carbohydrates": 40,
            "calories": 30,
            "price": 90,
            "image": "https://code.s3.yandex.net/react/code/sauce-02.png",
            "image_mobile": "https://code.s3.yandex.net/react/code/sauce-02-mobile.png",
            "image_large": "https://code.s3.yandex.net/react/code/sauce-02-large.png",
            "__v": 0
        },
        {
            "_id": "61c0c5a71d1f82001bdaaa6e",
            "name": "Филе Люминесцентного тетраодонтимформа",
            "type": "main",
            "proteins": 44,
            "fat": 26,
            "carbohydrates": 85,
            "calories": 643,
            "price": 988,
            "image": "https://code.s3.yandex.net/react/code/meat-03.png",
            "image_mobile": "https://code.s3.yandex.net/react/code/meat-03-mobile.png",
            "image_large": "https://code.s3.yandex.net/react/code/meat-03-large.png",
            "__v": 0
        },
        {
            "_id": "61c0c5a71d1f82001bdaaa73",
            "name": "Соус фирменный Space Sauce",
            "type": "sauce",
            "proteins": 50,
            "fat": 22,
            "carbohydrates": 11,
            "calories": 14,
            "price": 80,
            "image": "https://code.s3.yandex.net/react/code/sauce-04.png",
            "image_mobile": "https://code.s3.yandex.net/react/code/sauce-04-mobile.png",
            "image_large": "https://code.s3.yandex.net/react/code/sauce-04-large.png",
            "__v": 0
        },
        {
            "_id": "61c0c5a71d1f82001bdaaa74",
            "name": "Соус традиционный галактический",
            "type": "sauce",
            "proteins": 42,
            "fat": 24,
            "carbohydrates": 42,
            "calories": 99,
            "price": 15,
            "image": "https://code.s3.yandex.net/react/code/sauce-03.png",
            "image_mobile": "https://code.s3.yandex.net/react/code/sauce-03-mobile.png",
            "image_large": "https://code.s3.yandex.net/react/code/sauce-03-large.png",
            "__v": 0
        },
        {
            "_id": "61c0c5a71d1f82001bdaaa6c",
            "name": "Краторная булка N-200i",
            "type": "bun",
            "proteins": 80,
            "fat": 24,
            "carbohydrates": 53,
            "calories": 420,
            "price": 1255,
            "image": "https://code.s3.yandex.net/react/code/bun-02.png",
            "image_mobile": "https://code.s3.yandex.net/react/code/bun-02-mobile.png",
            "image_large": "https://code.s3.yandex.net/react/code/bun-02-large.png",
            "__v": 0
        },
        {
            "_id": "61c0c5a71d1f82001bdaaa75",
            "name": "Соус с шипами Антарианского плоскоходца",
            "type": "sauce",
            "proteins": 101,
            "fat": 99,
            "carbohydrates": 100,
            "calories": 100,
            "price": 88,
            "image": "https://code.s3.yandex.net/react/code/sauce-01.png",
            "image_mobile": "https://code.s3.yandex.net/react/code/sauce-01-mobile.png",
            "image_large": "https://code.s3.yandex.net/react/code/sauce-01-large.png",
            "__v": 0
        },
        {
            "_id": "61c0c5a71d1f82001bdaaa76",
            "name": "Хрустящие минеральные кольца",
            "type": "main",
            "proteins": 808,
            "fat": 689,
            "carbohydrates": 609,
            "calories": 986,
            "price": 300,
            "image": "https://code.s3.yandex.net/react/code/mineral_rings.png",
            "image_mobile": "https://code.s3.yandex.net/react/code/mineral_rings-mobile.png",
            "image_large": "https://code.s3.yandex.net/react/code/mineral_rings-large.png",
            "__v": 0
        },
        {
            "_id": "61c0c5a71d1f82001bdaaa77",
            "name": "Плоды Фалленианского дерева",
            "type": "main",
            "proteins": 20,
            "fat": 5,
            "carbohydrates": 55,
            "calories": 77,
            "price": 874,
            "image": "https://code.s3.yandex.net/react/code/sp_1.png",
            "image_mobile": "https://code.s3.yandex.net/react/code/sp_1-mobile.png",
            "image_large": "https://code.s3.yandex.net/react/code/sp_1-large.png",
            "__v": 0
        },
        {
            "_id": "61c0c5a71d1f82001bdaaa78",
            "name": "Кристаллы марсианских альфа-сахаридов",
            "type": "main",
            "proteins": 234,
            "fat": 432,
            "carbohydrates": 111,
            "calories": 189,
            "price": 762,
            "image": "https://code.s3.yandex.net/react/code/core.png",
            "image_mobile": "https://code.s3.yandex.net/react/code/core-mobile.png",
            "image_large": "https://code.s3.yandex.net/react/code/core-large.png",
            "__v": 0
        },
        {
            "_id": "61c0c5a71d1f82001bdaaa79",
            "name": "Мини-салат Экзо-Плантаго",
            "type": "main",
            "proteins": 1,
            "fat": 2,
            "carbohydrates": 3,
            "calories": 6,
            "price": 4400,
            "image": "https://code.s3.yandex.net/react/code/salad.png",
            "image_mobile": "https://code.s3.yandex.net/react/code/salad-mobile.png",
            "image_large": "https://code.s3.yandex.net/react/code/salad-large.png",
            "__v": 0
        },
        {
            "_id": "61c0c5a71d1f82001bdaaa7a",
            "name": "Сыр с астероидной плесенью",
            "type": "main",
            "proteins": 84,
            "fat": 48,
            "carbohydrates": 420,
            "calories": 3377,
            "price": 4142,
            "image": "https://code.s3.yandex.net/react/code/cheese.png",
            "image_mobile": "https://code.s3.yandex.net/react/code/cheese-mobile.png",
            "image_large": "https://code.s3.yandex.net/react/code/cheese-large.png",
            "__v": 0
        }
    ]
}
HTTP/1.1 200 OK
Server: nginx/1.24.0 (Ubuntu)
Date: Mon, 02 Feb 2026 20:03:16 GMT
Content-Type: application/json; charset=utf-8
Content-Length: 5957
Connection: keep-alive
X-Powered-By: Express
Access-Control-Allow-Origin: *
ETag: W/"1745-LHZ7D8kBZWcbCGljCoPXtjB5CeA"

{
    "success": true,
    "data": [
        {
            "_id": "61c0c5a71d1f82001bdaaa6d",
            "name": "Флюоресцентная булка R2-D3",
            "type": "bun",
            "proteins": 44,
            "fat": 26,
            "carbohydrates": 85,
            "calories": 643,
            "price": 988,
            "image": "https://code.s3.yandex.net/react/code/bun-01.png",
            "image_mobile": "https://code.s3.yandex.net/react/code/bun-01-mobile.png",
            "image_large": "https://code.s3.yandex.net/react/code/bun-01-large.png",
            "__v": 0
        },
        {
            "_id": "61c0c5a71d1f82001bdaaa6f",
            "name": "Мясо бессмертных моллюсков Protostomia",
            "type": "main",
            "proteins": 433,
            "fat": 244,
            "carbohydrates": 33,
            "calories": 420,
            "price": 1337,
            "image": "https://code.s3.yandex.net/react/code/meat-02.png",
            "image_mobile": "https://code.s3.yandex.net/react/code/meat-02-mobile.png",
            "image_large": "https://code.s3.yandex.net/react/code/meat-02-large.png",
            "__v": 0
        },
        {
            "_id": "61c0c5a71d1f82001bdaaa70",
            "name": "Говяжий метеорит (отбивная)",
            "type": "main",
            "proteins": 800,
            "fat": 800,
            "carbohydrates": 300,
            "calories": 2674,
            "price": 3000,
            "image": "https://code.s3.yandex.net/react/code/meat-04.png",
            "image_mobile": "https://code.s3.yandex.net/react/code/meat-04-mobile.png",
            "image_large": "https://code.s3.yandex.net/react/code/meat-04-large.png",
            "__v": 0
        },
        {
            "_id": "61c0c5a71d1f82001bdaaa71",
            "name": "Биокотлета из марсианской Магнолии",
            "type": "main",
            "proteins": 420,
            "fat": 142,
            "carbohydrates": 242,
            "calories": 4242,
            "price": 424,
            "image": "https://code.s3.yandex.net/react/code/meat-01.png",
            "image_mobile": "https://code.s3.yandex.net/react/code/meat-01-mobile.png",
            "image_large": "https://code.s3.yandex.net/react/code/meat-01-large.png",
            "__v": 0
        },
        {
            "_id": "61c0c5a71d1f82001bdaaa72",
            "name": "Соус Spicy-X",
            "type": "sauce",
            "proteins": 30,
            "fat": 20,
            "carbohydrates": 40,
            "calories": 30,
            "price": 90,
            "image": "https://code.s3.yandex.net/react/code/sauce-02.png",
            "image_mobile": "https://code.s3.yandex.net/react/code/sauce-02-mobile.png",
            "image_large": "https://code.s3.yandex.net/react/code/sauce-02-large.png",
            "__v": 0
        },
        {
            "_id": "61c0c5a71d1f82001bdaaa6e",
            "name": "Филе Люминесцентного тетраодонтимформа",
            "type": "main",
            "proteins": 44,
            "fat": 26,
            "carbohydrates": 85,
            "calories": 643,
            "price": 988,
            "image": "https://code.s3.yandex.net/react/code/meat-03.png",
            "image_mobile": "https://code.s3.yandex.net/react/code/meat-03-mobile.png",
            "image_large": "https://code.s3.yandex.net/react/code/meat-03-large.png",
            "__v": 0
        },
        {
            "_id": "61c0c5a71d1f82001bdaaa73",
            "name": "Соус фирменный Space Sauce",
            "type": "sauce",
            "proteins": 50,
            "fat": 22,
            "carbohydrates": 11,
            "calories": 14,
            "price": 80,
            "image": "https://code.s3.yandex.net/react/code/sauce-04.png",
            "image_mobile": "https://code.s3.yandex.net/react/code/sauce-04-mobile.png",
            "image_large": "https://code.s3.yandex.net/react/code/sauce-04-large.png",
            "__v": 0
        },
        {
            "_id": "61c0c5a71d1f82001bdaaa74",
            "name": "Соус традиционный галактический",
            "type": "sauce",
            "proteins": 42,
            "fat": 24,
            "carbohydrates": 42,
            "calories": 99,
            "price": 15,
            "image": "https://code.s3.yandex.net/react/code/sauce-03.png",
            "image_mobile": "https://code.s3.yandex.net/react/code/sauce-03-mobile.png",
            "image_large": "https://code.s3.yandex.net/react/code/sauce-03-large.png",
            "__v": 0
        },
        {
            "_id": "61c0c5a71d1f82001bdaaa6c",
            "name": "Краторная булка N-200i",
            "type": "bun",
            "proteins": 80,
            "fat": 24,
            "carbohydrates": 53,
            "calories": 420,
            "price": 1255,
            "image": "https://code.s3.yandex.net/react/code/bun-02.png",
            "image_mobile": "https://code.s3.yandex.net/react/code/bun-02-mobile.png",
            "image_large": "https://code.s3.yandex.net/react/code/bun-02-large.png",
            "__v": 0
        },
        {
            "_id": "61c0c5a71d1f82001bdaaa75",
            "name": "Соус с шипами Антарианского плоскоходца",
            "type": "sauce",
            "proteins": 101,
            "fat": 99,
            "carbohydrates": 100,
            "calories": 100,
            "price": 88,
            "image": "https://code.s3.yandex.net/react/code/sauce-01.png",
            "image_mobile": "https://code.s3.yandex.net/react/code/sauce-01-mobile.png",
            "image_large": "https://code.s3.yandex.net/react/code/sauce-01-large.png",
            "__v": 0
        },
        {
            "_id": "61c0c5a71d1f82001bdaaa76",
            "name": "Хрустящие минеральные кольца",
            "type": "main",
            "proteins": 808,
            "fat": 689,
            "carbohydrates": 609,
            "calories": 986,
            "price": 300,
            "image": "https://code.s3.yandex.net/react/code/mineral_rings.png",
            "image_mobile": "https://code.s3.yandex.net/react/code/mineral_rings-mobile.png",
            "image_large": "https://code.s3.yandex.net/react/code/mineral_rings-large.png",
            "__v": 0
        },
        {
            "_id": "61c0c5a71d1f82001bdaaa77",
            "name": "Плоды Фалленианского дерева",
            "type": "main",
            "proteins": 20,
            "fat": 5,
            "carbohydrates": 55,
            "calories": 77,
            "price": 874,
            "image": "https://code.s3.yandex.net/react/code/sp_1.png",
            "image_mobile": "https://code.s3.yandex.net/react/code/sp_1-mobile.png",
            "image_large": "https://code.s3.yandex.net/react/code/sp_1-large.png",
            "__v": 0
        },
        {
            "_id": "61c0c5a71d1f82001bdaaa78",
            "name": "Кристаллы марсианских альфа-сахаридов",
            "type": "main",
            "proteins": 234,
            "fat": 432,
            "carbohydrates": 111,
            "calories": 189,
            "price": 762,
            "image": "https://code.s3.yandex.net/react/code/core.png",
            "image_mobile": "https://code.s3.yandex.net/react/code/core-mobile.png",
            "image_large": "https://code.s3.yandex.net/react/code/core-large.png",
            "__v": 0
        },
        {
            "_id": "61c0c5a71d1f82001bdaaa79",
            "name": "Мини-салат Экзо-Плантаго",
            "type": "main",
            "proteins": 1,
            "fat": 2,
            "carbohydrates": 3,
            "calories": 6,
            "price": 4400,
            "image": "https://code.s3.yandex.net/react/code/salad.png",
            "image_mobile": "https://code.s3.yandex.net/react/code/salad-mobile.png",
            "image_large": "https://code.s3.yandex.net/react/code/salad-large.png",
            "__v": 0
        },
        {
            "_id": "61c0c5a71d1f82001bdaaa7a",
            "name": "Сыр с астероидной плесенью",
            "type": "main",
            "proteins": 84,
            "fat": 48,
            "carbohydrates": 420,
            "calories": 3377,
            "price": 4142,
            "image": "https://code.s3.yandex.net/react/code/cheese.png",
            "image_mobile": "https://code.s3.yandex.net/react/code/cheese-mobile.png",
            "image_large": "https://code.s3.yandex.net/react/code/cheese-large.png",
            "__v": 0
        }
    ]
}
HTTP/1.1 200 OK
Server: nginx/1.24.0 (Ubuntu)
Date: Mon, 02 Feb 2026 20:03:16 GMT
Content-Type: application/json; charset=utf-8
Content-Length: 5957
Connection: keep-alive
X-Powered-By: Express
Access-Control-Allow-Origin: *
ETag: W/"1745-LHZ7D8kBZWcbCGljCoPXtjB5CeA"

{
    "success": true,
    "data": [
        {
            "_id": "61c0c5a71d1f82001bdaaa6d",
            "name": "Флюоресцентная булка R2-D3",
            "type": "bun",
            "proteins": 44,
            "fat": 26,
            "carbohydrates": 85,
            "calories": 643,
            "price": 988,
            "image": "https://code.s3.yandex.net/react/code/bun-01.png",
            "image_mobile": "https://code.s3.yandex.net/react/code/bun-01-mobile.png",
            "image_large": "https://code.s3.yandex.net/react/code/bun-01-large.png",
            "__v": 0
        },
        {
            "_id": "61c0c5a71d1f82001bdaaa6f",
            "name": "Мясо бессмертных моллюсков Protostomia",
            "type": "main",
            "proteins": 433,
            "fat": 244,
            "carbohydrates": 33,
            "calories": 420,
            "price": 1337,
            "image": "https://code.s3.yandex.net/react/code/meat-02.png",
            "image_mobile": "https://code.s3.yandex.net/react/code/meat-02-mobile.png",
            "image_large": "https://code.s3.yandex.net/react/code/meat-02-large.png",
            "__v": 0
        },
        {
            "_id": "61c0c5a71d1f82001bdaaa70",
            "name": "Говяжий метеорит (отбивная)",
            "type": "main",
            "proteins": 800,
            "fat": 800,
            "carbohydrates": 300,
            "calories": 2674,
            "price": 3000,
            "image": "https://code.s3.yandex.net/react/code/meat-04.png",
            "image_mobile": "https://code.s3.yandex.net/react/code/meat-04-mobile.png",
            "image_large": "https://code.s3.yandex.net/react/code/meat-04-large.png",
            "__v": 0
        },
        {
            "_id": "61c0c5a71d1f82001bdaaa71",
            "name": "Биокотлета из марсианской Магнолии",
            "type": "main",
            "proteins": 420,
            "fat": 142,
            "carbohydrates": 242,
            "calories": 4242,
            "price": 424,
            "image": "https://code.s3.yandex.net/react/code/meat-01.png",
            "image_mobile": "https://code.s3.yandex.net/react/code/meat-01-mobile.png",
            "image_large": "https://code.s3.yandex.net/react/code/meat-01-large.png",
            "__v": 0
        },
        {
            "_id": "61c0c5a71d1f82001bdaaa72",
            "name": "Соус Spicy-X",
            "type": "sauce",
            "proteins": 30,
            "fat": 20,
            "carbohydrates": 40,
            "calories": 30,
            "price": 90,
            "image": "https://code.s3.yandex.net/react/code/sauce-02.png",
            "image_mobile": "https://code.s3.yandex.net/react/code/sauce-02-mobile.png",
            "image_large": "https://code.s3.yandex.net/react/code/sauce-02-large.png",
            "__v": 0
        },
        {
            "_id": "61c0c5a71d1f82001bdaaa6e",
            "name": "Филе Люминесцентного тетраодонтимформа",
            "type": "main",
            "proteins": 44,
            "fat": 26,
            "carbohydrates": 85,
            "calories": 643,
            "price": 988,
            "image": "https://code.s3.yandex.net/react/code/meat-03.png",
            "image_mobile": "https://code.s3.yandex.net/react/code/meat-03-mobile.png",
            "image_large": "https://code.s3.yandex.net/react/code/meat-03-large.png",
            "__v": 0
        },
        {
            "_id": "61c0c5a71d1f82001bdaaa73",
            "name": "Соус фирменный Space Sauce",
            "type": "sauce",
            "proteins": 50,
            "fat": 22,
            "carbohydrates": 11,
            "calories": 14,
            "price": 80,
            "image": "https://code.s3.yandex.net/react/code/sauce-04.png",
            "image_mobile": "https://code.s3.yandex.net/react/code/sauce-04-mobile.png",
            "image_large": "https://code.s3.yandex.net/react/code/sauce-04-large.png",
            "__v": 0
        },
        {
            "_id": "61c0c5a71d1f82001bdaaa74",
            "name": "Соус традиционный галактический",
            "type": "sauce",
            "proteins": 42,
            "fat": 24,
            "carbohydrates": 42,
            "calories": 99,
            "price": 15,
            "image": "https://code.s3.yandex.net/react/code/sauce-03.png",
            "image_mobile": "https://code.s3.yandex.net/react/code/sauce-03-mobile.png",
            "image_large": "https://code.s3.yandex.net/react/code/sauce-03-large.png",
            "__v": 0
        },
        {
            "_id": "61c0c5a71d1f82001bdaaa6c",
            "name": "Краторная булка N-200i",
            "type": "bun",
            "proteins": 80,
            "fat": 24,
            "carbohydrates": 53,
            "calories": 420,
            "price": 1255,
            "image": "https://code.s3.yandex.net/react/code/bun-02.png",
            "image_mobile": "https://code.s3.yandex.net/react/code/bun-02-mobile.png",
            "image_large": "https://code.s3.yandex.net/react/code/bun-02-large.png",
            "__v": 0
        },
        {
            "_id": "61c0c5a71d1f82001bdaaa75",
            "name": "Соус с шипами Антарианского плоскоходца",
            "type": "sauce",
            "proteins": 101,
            "fat": 99,
            "carbohydrates": 100,
            "calories": 100,
            "price": 88,
            "image": "https://code.s3.yandex.net/react/code/sauce-01.png",
            "image_mobile": "https://code.s3.yandex.net/react/code/sauce-01-mobile.png",
            "image_large": "https://code.s3.yandex.net/react/code/sauce-01-large.png",
            "__v": 0
        },
        {
            "_id": "61c0c5a71d1f82001bdaaa76",
            "name": "Хрустящие минеральные кольца",
            "type": "main",
            "proteins": 808,
            "fat": 689,
            "carbohydrates": 609,
            "calories": 986,
            "price": 300,
            "image": "https://code.s3.yandex.net/react/code/mineral_rings.png",
            "image_mobile": "https://code.s3.yandex.net/react/code/mineral_rings-mobile.png",
            "image_large": "https://code.s3.yandex.net/react/code/mineral_rings-large.png",
            "__v": 0
        },
        {
            "_id": "61c0c5a71d1f82001bdaaa77",
            "name": "Плоды Фалленианского дерева",
            "type": "main",
            "proteins": 20,
            "fat": 5,
            "carbohydrates": 55,
            "calories": 77,
            "price": 874,
            "image": "https://code.s3.yandex.net/react/code/sp_1.png",
            "image_mobile": "https://code.s3.yandex.net/react/code/sp_1-mobile.png",
            "image_large": "https://code.s3.yandex.net/react/code/sp_1-large.png",
            "__v": 0
        },
        {
            "_id": "61c0c5a71d1f82001bdaaa78",
            "name": "Кристаллы марсианских альфа-сахаридов",
            "type": "main",
            "proteins": 234,
            "fat": 432,
            "carbohydrates": 111,
            "calories": 189,
            "price": 762,
            "image": "https://code.s3.yandex.net/react/code/core.png",
            "image_mobile": "https://code.s3.yandex.net/react/code/core-mobile.png",
            "image_large": "https://code.s3.yandex.net/react/code/core-large.png",
            "__v": 0
        },
        {
            "_id": "61c0c5a71d1f82001bdaaa79",
            "name": "Мини-салат Экзо-Плантаго",
            "type": "main",
            "proteins": 1,
            "fat": 2,
            "carbohydrates": 3,
            "calories": 6,
            "price": 4400,
            "image": "https://code.s3.yandex.net/react/code/salad.png",
            "image_mobile": "https://code.s3.yandex.net/react/code/salad-mobile.png",
            "image_large": "https://code.s3.yandex.net/react/code/salad-large.png",
            "__v": 0
        },
        {
            "_id": "61c0c5a71d1f82001bdaaa7a",
            "name": "Сыр с астероидной плесенью",
            "type": "main",
            "proteins": 84,
            "fat": 48,
            "carbohydrates": 420,
            "calories": 3377,
            "price": 4142,
            "image": "https://code.s3.yandex.net/react/code/cheese.png",
            "image_mobile": "https://code.s3.yandex.net/react/code/cheese-mobile.png",
            "image_large": "https://code.s3.yandex.net/react/code/cheese-large.png",
            "__v": 0
        }
    ]
}
HTTP/1.1 200 OK
Server: nginx/1.24.0 (Ubuntu)
Date: Mon, 02 Feb 2026 20:03:16 GMT
Content-Type: application/json; charset=utf-8
Content-Length: 5957
Connection: keep-alive
X-Powered-By: Express
Access-Control-Allow-Origin: *
ETag: W/"1745-LHZ7D8kBZWcbCGljCoPXtjB5CeA"

{
    "success": true,
    "data": [
        {
            "_id": "61c0c5a71d1f82001bdaaa6d",
            "name": "Флюоресцентная булка R2-D3",
            "type": "bun",
            "proteins": 44,
            "fat": 26,
            "carbohydrates": 85,
            "calories": 643,
            "price": 988,
            "image": "https://code.s3.yandex.net/react/code/bun-01.png",
            "image_mobile": "https://code.s3.yandex.net/react/code/bun-01-mobile.png",
            "image_large": "https://code.s3.yandex.net/react/code/bun-01-large.png",
            "__v": 0
        },
        {
            "_id": "61c0c5a71d1f82001bdaaa6f",
            "name": "Мясо бессмертных моллюсков Protostomia",
            "type": "main",
            "proteins": 433,
            "fat": 244,
            "carbohydrates": 33,
            "calories": 420,
            "price": 1337,
            "image": "https://code.s3.yandex.net/react/code/meat-02.png",
            "image_mobile": "https://code.s3.yandex.net/react/code/meat-02-mobile.png",
            "image_large": "https://code.s3.yandex.net/react/code/meat-02-large.png",
            "__v": 0
        },
        {
            "_id": "61c0c5a71d1f82001bdaaa70",
            "name": "Говяжий метеорит (отбивная)",
            "type": "main",
            "proteins": 800,
            "fat": 800,
            "carbohydrates": 300,
            "calories": 2674,
            "price": 3000,
            "image": "https://code.s3.yandex.net/react/code/meat-04.png",
            "image_mobile": "https://code.s3.yandex.net/react/code/meat-04-mobile.png",
            "image_large": "https://code.s3.yandex.net/react/code/meat-04-large.png",
            "__v": 0
        },
        {
            "_id": "61c0c5a71d1f82001bdaaa71",
            "name": "Биокотлета из марсианской Магнолии",
            "type": "main",
            "proteins": 420,
            "fat": 142,
            "carbohydrates": 242,
            "calories": 4242,
            "price": 424,
            "image": "https://code.s3.yandex.net/react/code/meat-01.png",
            "image_mobile": "https://code.s3.yandex.net/react/code/meat-01-mobile.png",
            "image_large": "https://code.s3.yandex.net/react/code/meat-01-large.png",
            "__v": 0
        },
        {
            "_id": "61c0c5a71d1f82001bdaaa72",
            "name": "Соус Spicy-X",
            "type": "sauce",
            "proteins": 30,
            "fat": 20,
            "carbohydrates": 40,
            "calories": 30,
            "price": 90,
            "image": "https://code.s3.yandex.net/react/code/sauce-02.png",
            "image_mobile": "https://code.s3.yandex.net/react/code/sauce-02-mobile.png",
            "image_large": "https://code.s3.yandex.net/react/code/sauce-02-large.png",
            "__v": 0
        },
        {
            "_id": "61c0c5a71d1f82001bdaaa6e",
            "name": "Филе Люминесцентного тетраодонтимформа",
            "type": "main",
            "proteins": 44,
            "fat": 26,
            "carbohydrates": 85,
            "calories": 643,
            "price": 988,
            "image": "https://code.s3.yandex.net/react/code/meat-03.png",
            "image_mobile": "https://code.s3.yandex.net/react/code/meat-03-mobile.png",
            "image_large": "https://code.s3.yandex.net/react/code/meat-03-large.png",
            "__v": 0
        },
        {
            "_id": "61c0c5a71d1f82001bdaaa73",
            "name": "Соус фирменный Space Sauce",
            "type": "sauce",
            "proteins": 50,
            "fat": 22,
            "carbohydrates": 11,
            "calories": 14,
            "price": 80,
            "image": "https://code.s3.yandex.net/react/code/sauce-04.png",
            "image_mobile": "https://code.s3.yandex.net/react/code/sauce-04-mobile.png",
            "image_large": "https://code.s3.yandex.net/react/code/sauce-04-large.png",
            "__v": 0
        },
        {
            "_id": "61c0c5a71d1f82001bdaaa74",
            "name": "Соус традиционный галактический",
            "type": "sauce",
            "proteins": 42,
            "fat": 24,
            "carbohydrates": 42,
            "calories": 99,
            "price": 15,
            "image": "https://code.s3.yandex.net/react/code/sauce-03.png",
            "image_mobile": "https://code.s3.yandex.net/react/code/sauce-03-mobile.png",
            "image_large": "https://code.s3.yandex.net/react/code/sauce-03-large.png",
            "__v": 0
        },
        {
            "_id": "61c0c5a71d1f82001bdaaa6c",
            "name": "Краторная булка N-200i",
            "type": "bun",
            "proteins": 80,
            "fat": 24,
            "carbohydrates": 53,
            "calories": 420,
            "price": 1255,
            "image": "https://code.s3.yandex.net/react/code/bun-02.png",
            "image_mobile": "https://code.s3.yandex.net/react/code/bun-02-mobile.png",
            "image_large": "https://code.s3.yandex.net/react/code/bun-02-large.png",
            "__v": 0
        },
        {
            "_id": "61c0c5a71d1f82001bdaaa75",
            "name": "Соус с шипами Антарианского плоскоходца",
            "type": "sauce",
            "proteins": 101,
            "fat": 99,
            "carbohydrates": 100,
            "calories": 100,
            "price": 88,
            "image": "https://code.s3.yandex.net/react/code/sauce-01.png",
            "image_mobile": "https://code.s3.yandex.net/react/code/sauce-01-mobile.png",
            "image_large": "https://code.s3.yandex.net/react/code/sauce-01-large.png",
            "__v": 0
        },
        {
            "_id": "61c0c5a71d1f82001bdaaa76",
            "name": "Хрустящие минеральные кольца",
            "type": "main",
            "proteins": 808,
            "fat": 689,
            "carbohydrates": 609,
            "calories": 986,
            "price": 300,
            "image": "https://code.s3.yandex.net/react/code/mineral_rings.png",
            "image_mobile": "https://code.s3.yandex.net/react/code/mineral_rings-mobile.png",
            "image_large": "https://code.s3.yandex.net/react/code/mineral_rings-large.png",
            "__v": 0
        },
        {
            "_id": "61c0c5a71d1f82001bdaaa77",
            "name": "Плоды Фалленианского дерева",
            "type": "main",
            "proteins": 20,
            "fat": 5,
            "carbohydrates": 55,
            "calories": 77,
            "price": 874,
            "image": "https://code.s3.yandex.net/react/code/sp_1.png",
            "image_mobile": "https://code.s3.yandex.net/react/code/sp_1-mobile.png",
            "image_large": "https://code.s3.yandex.net/react/code/sp_1-large.png",
            "__v": 0
        },
        {
            "_id": "61c0c5a71d1f82001bdaaa78",
            "name": "Кристаллы марсианских альфа-сахаридов",
            "type": "main",
            "proteins": 234,
            "fat": 432,
            "carbohydrates": 111,
            "calories": 189,
            "price": 762,
            "image": "https://code.s3.yandex.net/react/code/core.png",
            "image_mobile": "https://code.s3.yandex.net/react/code/core-mobile.png",
            "image_large": "https://code.s3.yandex.net/react/code/core-large.png",
            "__v": 0
        },
        {
            "_id": "61c0c5a71d1f82001bdaaa79",
            "name": "Мини-салат Экзо-Плантаго",
            "type": "main",
            "proteins": 1,
            "fat": 2,
            "carbohydrates": 3,
            "calories": 6,
            "price": 4400,
            "image": "https://code.s3.yandex.net/react/code/salad.png",
            "image_mobile": "https://code.s3.yandex.net/react/code/salad-mobile.png",
            "image_large": "https://code.s3.yandex.net/react/code/salad-large.png",
            "__v": 0
        },
        {
            "_id": "61c0c5a71d1f82001bdaaa7a",
            "name": "Сыр с астероидной плесенью",
            "type": "main",
            "proteins": 84,
            "fat": 48,
            "carbohydrates": 420,
            "calories": 3377,
            "price": 4142,
            "image": "https://code.s3.yandex.net/react/code/cheese.png",
            "image_mobile": "https://code.s3.yandex.net/react/code/cheese-mobile.png",
            "image_large": "https://code.s3.yandex.net/react/code/cheese-large.png",
            "__v": 0
        }
    ]
}
HTTP/1.1 200 OK
Server: nginx/1.24.0 (Ubuntu)
Date: Mon, 02 Feb 2026 20:03:16 GMT
Content-Type: application/json; charset=utf-8
Content-Length: 5957
Connection: keep-alive
X-Powered-By: Express
Access-Control-Allow-Origin: *
ETag: W/"1745-LHZ7D8kBZWcbCGljCoPXtjB5CeA"

{
    "success": true,
    "data": [
        {
            "_id": "61c0c5a71d1f82001bdaaa6d",
            "name": "Флюоресцентная булка R2-D3",
            "type": "bun",
            "proteins": 44,
            "fat": 26,
            "carbohydrates": 85,
            "calories": 643,
            "price": 988,
            "image": "https://code.s3.yandex.net/react/code/bun-01.png",
            "image_mobile": "https://code.s3.yandex.net/react/code/bun-01-mobile.png",
            "image_large": "https://code.s3.yandex.net/react/code/bun-01-large.png",
            "__v": 0
        },
        {
            "_id": "61c0c5a71d1f82001bdaaa6f",
            "name": "Мясо бессмертных моллюсков Protostomia",
            "type": "main",
            "proteins": 433,
            "fat": 244,
            "carbohydrates": 33,
            "calories": 420,
            "price": 1337,
            "image": "https://code.s3.yandex.net/react/code/meat-02.png",
            "image_mobile": "https://code.s3.yandex.net/react/code/meat-02-mobile.png",
            "image_large": "https://code.s3.yandex.net/react/code/meat-02-large.png",
            "__v": 0
        },
        {
            "_id": "61c0c5a71d1f82001bdaaa70",
            "name": "Говяжий метеорит (отбивная)",
            "type": "main",
            "proteins": 800,
            "fat": 800,
            "carbohydrates": 300,
            "calories": 2674,
            "price": 3000,
            "image": "https://code.s3.yandex.net/react/code/meat-04.png",
            "image_mobile": "https://code.s3.yandex.net/react/code/meat-04-mobile.png",
            "image_large": "https://code.s3.yandex.net/react/code/meat-04-large.png",
            "__v": 0
        },
        {
            "_id": "61c0c5a71d1f82001bdaaa71",
            "name": "Биокотлета из марсианской Магнолии",
            "type": "main",
            "proteins": 420,
            "fat": 142,
            "carbohydrates": 242,
            "calories": 4242,
            "price": 424,
            "image": "https://code.s3.yandex.net/react/code/meat-01.png",
            "image_mobile": "https://code.s3.yandex.net/react/code/meat-01-mobile.png",
            "image_large": "https://code.s3.yandex.net/react/code/meat-01-large.png",
            "__v": 0
        },
        {
            "_id": "61c0c5a71d1f82001bdaaa72",
            "name": "Соус Spicy-X",
            "type": "sauce",
            "proteins": 30,
            "fat": 20,
            "carbohydrates": 40,
            "calories": 30,
            "price": 90,
            "image": "https://code.s3.yandex.net/react/code/sauce-02.png",
            "image_mobile": "https://code.s3.yandex.net/react/code/sauce-02-mobile.png",
            "image_large": "https://code.s3.yandex.net/react/code/sauce-02-large.png",
            "__v": 0
        },
        {
            "_id": "61c0c5a71d1f82001bdaaa6e",
            "name": "Филе Люминесцентного тетраодонтимформа",
            "type": "main",
            "proteins": 44,
            "fat": 26,
            "carbohydrates": 85,
            "calories": 643,
            "price": 988,
            "image": "https://code.s3.yandex.net/react/code/meat-03.png",
            "image_mobile": "https://code.s3.yandex.net/react/code/meat-03-mobile.png",
            "image_large": "https://code.s3.yandex.net/react/code/meat-03-large.png",
            "__v": 0
        },
        {
            "_id": "61c0c5a71d1f82001bdaaa73",
            "name": "Соус фирменный Space Sauce",
            "type": "sauce",
            "proteins": 50,
            "fat": 22,
            "carbohydrates": 11,
            "calories": 14,
            "price": 80,
            "image": "https://code.s3.yandex.net/react/code/sauce-04.png",
            "image_mobile": "https://code.s3.yandex.net/react/code/sauce-04-mobile.png",
            "image_large": "https://code.s3.yandex.net/react/code/sauce-04-large.png",
            "__v": 0
        },
        {
            "_id": "61c0c5a71d1f82001bdaaa74",
            "name": "Соус традиционный галактический",
            "type": "sauce",
            "proteins": 42,
            "fat": 24,
            "carbohydrates": 42,
            "calories": 99,
            "price": 15,
            "image": "https://code.s3.yandex.net/react/code/sauce-03.png",
            "image_mobile": "https://code.s3.yandex.net/react/code/sauce-03-mobile.png",
            "image_large": "https://code.s3.yandex.net/react/code/sauce-03-large.png",
            "__v": 0
        },
        {
            "_id": "61c0c5a71d1f82001bdaaa6c",
            "name": "Краторная булка N-200i",
            "type": "bun",
            "proteins": 80,
            "fat": 24,
            "carbohydrates": 53,
            "calories": 420,
            "price": 1255,
            "image": "https://code.s3.yandex.net/react/code/bun-02.png",
            "image_mobile": "https://code.s3.yandex.net/react/code/bun-02-mobile.png",
            "image_large": "https://code.s3.yandex.net/react/code/bun-02-large.png",
            "__v": 0
        },
        {
            "_id": "61c0c5a71d1f82001bdaaa75",
            "name": "Соус с шипами Антарианского плоскоходца",
            "type": "sauce",
            "proteins": 101,
            "fat": 99,
            "carbohydrates": 100,
            "calories": 100,
            "price": 88,
            "image": "https://code.s3.yandex.net/react/code/sauce-01.png",
            "image_mobile": "https://code.s3.yandex.net/react/code/sauce-01-mobile.png",
            "image_large": "https://code.s3.yandex.net/react/code/sauce-01-large.png",
            "__v": 0
        },
        {
            "_id": "61c0c5a71d1f82001bdaaa76",
            "name": "Хрустящие минеральные кольца",
            "type": "main",
            "proteins": 808,
            "fat": 689,
            "carbohydrates": 609,
            "calories": 986,
            "price": 300,
            "image": "https://code.s3.yandex.net/react/code/mineral_rings.png",
            "image_mobile": "https://code.s3.yandex.net/react/code/mineral_rings-mobile.png",
            "image_large": "https://code.s3.yandex.net/react/code/mineral_rings-large.png",
            "__v": 0
        },
        {
            "_id": "61c0c5a71d1f82001bdaaa77",
            "name": "Плоды Фалленианского дерева",
            "type": "main",
            "proteins": 20,
            "fat": 5,
            "carbohydrates": 55,
            "calories": 77,
            "price": 874,
            "image": "https://code.s3.yandex.net/react/code/sp_1.png",
            "image_mobile": "https://code.s3.yandex.net/react/code/sp_1-mobile.png",
            "image_large": "https://code.s3.yandex.net/react/code/sp_1-large.png",
            "__v": 0
        },
        {
            "_id": "61c0c5a71d1f82001bdaaa78",
            "name": "Кристаллы марсианских альфа-сахаридов",
            "type": "main",
            "proteins": 234,
            "fat": 432,
            "carbohydrates": 111,
            "calories": 189,
            "price": 762,
            "image": "https://code.s3.yandex.net/react/code/core.png",
            "image_mobile": "https://code.s3.yandex.net/react/code/core-mobile.png",
            "image_large": "https://code.s3.yandex.net/react/code/core-large.png",
            "__v": 0
        },
        {
            "_id": "61c0c5a71d1f82001bdaaa79",
            "name": "Мини-салат Экзо-Плантаго",
            "type": "main",
            "proteins": 1,
            "fat": 2,
            "carbohydrates": 3,
            "calories": 6,
            "price": 4400,
            "image": "https://code.s3.yandex.net/react/code/salad.png",
            "image_mobile": "https://code.s3.yandex.net/react/code/salad-mobile.png",
            "image_large": "https://code.s3.yandex.net/react/code/salad-large.png",
            "__v": 0
        },
        {
            "_id": "61c0c5a71d1f82001bdaaa7a",
            "name": "Сыр с астероидной плесенью",
            "type": "main",
            "proteins": 84,
            "fat": 48,
            "carbohydrates": 420,
            "calories": 3377,
            "price": 4142,
            "image": "https://code.s3.yandex.net/react/code/cheese.png",
            "image_mobile": "https://code.s3.yandex.net/react/code/cheese-mobile.png",
            "image_large": "https://code.s3.yandex.net/react/code/cheese-large.png",
            "__v": 0
        }
    ]
}
HTTP/1.1 200 OK
Server: nginx/1.24.0 (Ubuntu)
Date: Mon, 02 Feb 2026 20:03:16 GMT
Content-Type: application/json; charset=utf-8
Content-Length: 5957
Connection: keep-alive
X-Powered-By: Express
Access-Control-Allow-Origin: *
ETag: W/"1745-LHZ7D8kBZWcbCGljCoPXtjB5CeA"

{
    "success": true,
    "data": [
        {
            "_id": "61c0c5a71d1f82001bdaaa6d",
            "name": "Флюоресцентная булка R2-D3",
            "type": "bun",
            "proteins": 44,
            "fat": 26,
            "carbohydrates": 85,
            "calories": 643,
            "price": 988,
            "image": "https://code.s3.yandex.net/react/code/bun-01.png",
            "image_mobile": "https://code.s3.yandex.net/react/code/bun-01-mobile.png",
            "image_large": "https://code.s3.yandex.net/react/code/bun-01-large.png",
            "__v": 0
        },
        {
            "_id": "61c0c5a71d1f82001bdaaa6f",
            "name": "Мясо бессмертных моллюсков Protostomia",
            "type": "main",
            "proteins": 433,
            "fat": 244,
            "carbohydrates": 33,
            "calories": 420,
            "price": 1337,
            "image": "https://code.s3.yandex.net/react/code/meat-02.png",
            "image_mobile": "https://code.s3.yandex.net/react/code/meat-02-mobile.png",
            "image_large": "https://code.s3.yandex.net/react/code/meat-02-large.png",
            "__v": 0
        },
        {
            "_id": "61c0c5a71d1f82001bdaaa70",
            "name": "Говяжий метеорит (отбивная)",
            "type": "main",
            "proteins": 800,
            "fat": 800,
            "carbohydrates": 300,
            "calories": 2674,
            "price": 3000,
            "image": "https://code.s3.yandex.net/react/code/meat-04.png",
            "image_mobile": "https://code.s3.yandex.net/react/code/meat-04-mobile.png",
            "image_large": "https://code.s3.yandex.net/react/code/meat-04-large.png",
            "__v": 0
        },
        {
            "_id": "61c0c5a71d1f82001bdaaa71",
            "name": "Биокотлета из марсианской Магнолии",
            "type": "main",
            "proteins": 420,
            "fat": 142,
            "carbohydrates": 242,
            "calories": 4242,
            "price": 424,
            "image": "https://code.s3.yandex.net/react/code/meat-01.png",
            "image_mobile": "https://code.s3.yandex.net/react/code/meat-01-mobile.png",
            "image_large": "https://code.s3.yandex.net/react/code/meat-01-large.png",
            "__v": 0
        },
        {
            "_id": "61c0c5a71d1f82001bdaaa72",
            "name": "Соус Spicy-X",
            "type": "sauce",
            "proteins": 30,
            "fat": 20,
            "carbohydrates": 40,
            "calories": 30,
            "price": 90,
            "image": "https://code.s3.yandex.net/react/code/sauce-02.png",
            "image_mobile": "https://code.s3.yandex.net/react/code/sauce-02-mobile.png",
            "image_large": "https://code.s3.yandex.net/react/code/sauce-02-large.png",
            "__v": 0
        },
        {
            "_id": "61c0c5a71d1f82001bdaaa6e",
            "name": "Филе Люминесцентного тетраодонтимформа",
            "type": "main",
            "proteins": 44,
            "fat": 26,
            "carbohydrates": 85,
            "calories": 643,
            "price": 988,
            "image": "https://code.s3.yandex.net/react/code/meat-03.png",
            "image_mobile": "https://code.s3.yandex.net/react/code/meat-03-mobile.png",
            "image_large": "https://code.s3.yandex.net/react/code/meat-03-large.png",
            "__v": 0
        },
        {
            "_id": "61c0c5a71d1f82001bdaaa73",
            "name": "Соус фирменный Space Sauce",
            "type": "sauce",
            "proteins": 50,
            "fat": 22,
            "carbohydrates": 11,
            "calories": 14,
            "price": 80,
            "image": "https://code.s3.yandex.net/react/code/sauce-04.png",
            "image_mobile": "https://code.s3.yandex.net/react/code/sauce-04-mobile.png",
            "image_large": "https://code.s3.yandex.net/react/code/sauce-04-large.png",
            "__v": 0
        },
        {
            "_id": "61c0c5a71d1f82001bdaaa74",
            "name": "Соус традиционный галактический",
            "type": "sauce",
            "proteins": 42,
            "fat": 24,
            "carbohydrates": 42,
            "calories": 99,
            "price": 15,
            "image": "https://code.s3.yandex.net/react/code/sauce-03.png",
            "image_mobile": "https://code.s3.yandex.net/react/code/sauce-03-mobile.png",
            "image_large": "https://code.s3.yandex.net/react/code/sauce-03-large.png",
            "__v": 0
        },
        {
            "_id": "61c0c5a71d1f82001bdaaa6c",
            "name": "Краторная булка N-200i",
            "type": "bun",
            "proteins": 80,
            "fat": 24,
            "carbohydrates": 53,
            "calories": 420,
            "price": 1255,
            "image": "https://code.s3.yandex.net/react/code/bun-02.png",
            "image_mobile": "https://code.s3.yandex.net/react/code/bun-02-mobile.png",
            "image_large": "https://code.s3.yandex.net/react/code/bun-02-large.png",
            "__v": 0
        },
        {
            "_id": "61c0c5a71d1f82001bdaaa75",
            "name": "Соус с шипами Антарианского плоскоходца",
            "type": "sauce",
            "proteins": 101,
            "fat": 99,
            "carbohydrates": 100,
            "calories": 100,
            "price": 88,
            "image": "https://code.s3.yandex.net/react/code/sauce-01.png",
            "image_mobile": "https://code.s3.yandex.net/react/code/sauce-01-mobile.png",
            "image_large": "https://code.s3.yandex.net/react/code/sauce-01-large.png",
            "__v": 0
        },
        {
            "_id": "61c0c5a71d1f82001bdaaa76",
            "name": "Хрустящие минеральные кольца",
            "type": "main",
            "proteins": 808,
            "fat": 689,
            "carbohydrates": 609,
            "calories": 986,
            "price": 300,
            "image": "https://code.s3.yandex.net/react/code/mineral_rings.png",
            "image_mobile": "https://code.s3.yandex.net/react/code/mineral_rings-mobile.png",
            "image_large": "https://code.s3.yandex.net/react/code/mineral_rings-large.png",
            "__v": 0
        },
        {
            "_id": "61c0c5a71d1f82001bdaaa77",
            "name": "Плоды Фалленианского дерева",
            "type": "main",
            "proteins": 20,
            "fat": 5,
            "carbohydrates": 55,
            "calories": 77,
            "price": 874,
            "image": "https://code.s3.yandex.net/react/code/sp_1.png",
            "image_mobile": "https://code.s3.yandex.net/react/code/sp_1-mobile.png",
            "image_large": "https://code.s3.yandex.net/react/code/sp_1-large.png",
            "__v": 0
        },
        {
            "_id": "61c0c5a71d1f82001bdaaa78",
            "name": "Кристаллы марсианских альфа-сахаридов",
            "type": "main",
            "proteins": 234,
            "fat": 432,
            "carbohydrates": 111,
            "calories": 189,
            "price": 762,
            "image": "https://code.s3.yandex.net/react/code/core.png",
            "image_mobile": "https://code.s3.yandex.net/react/code/core-mobile.png",
            "image_large": "https://code.s3.yandex.net/react/code/core-large.png",
            "__v": 0
        },
        {
            "_id": "61c0c5a71d1f82001bdaaa79",
            "name": "Мини-салат Экзо-Плантаго",
            "type": "main",
            "proteins": 1,
            "fat": 2,
            "carbohydrates": 3,
            "calories": 6,
            "price": 4400,
            "image": "https://code.s3.yandex.net/react/code/salad.png",
            "image_mobile": "https://code.s3.yandex.net/react/code/salad-mobile.png",
            "image_large": "https://code.s3.yandex.net/react/code/salad-large.png",
            "__v": 0
        },
        {
            "_id": "61c0c5a71d1f82001bdaaa7a",
            "name": "Сыр с астероидной плесенью",
            "type": "main",
            "proteins": 84,
            "fat": 48,
            "carbohydrates": 420,
            "calories": 3377,
            "price": 4142,
            "image": "https://code.s3.yandex.net/react/code/cheese.png",
            "image_mobile": "https://code.s3.yandex.net/react/code/cheese-mobile.png",
            "image_large": "https://code.s3.yandex.net/react/code/cheese-large.png",
            "__v": 0
        }
    ]
}
HTTP/1.1 200 OK
Server: nginx/1.24.0 (Ubuntu)
Date: Mon, 02 Feb 2026 20:03:16 GMT
Content-Type: application/json; charset=utf-8
Content-Length: 5957
Connection: keep-alive
X-Powered-By: Express
Access-Control-Allow-Origin: *
ETag: W/"1745-LHZ7D8kBZWcbCGljCoPXtjB5CeA"

{
    "success": true,
    "data": [
        {
            "_id": "61c0c5a71d1f82001bdaaa6d",
            "name": "Флюоресцентная булка R2-D3",
            "type": "bun",
            "proteins": 44,
            "fat": 26,
            "carbohydrates": 85,
            "calories": 643,
            "price": 988,
            "image": "https://code.s3.yandex.net/react/code/bun-01.png",
            "image_mobile": "https://code.s3.yandex.net/react/code/bun-01-mobile.png",
            "image_large": "https://code.s3.yandex.net/react/code/bun-01-large.png",
            "__v": 0
        },
        {
            "_id": "61c0c5a71d1f82001bdaaa6f",
            "name": "Мясо бессмертных моллюсков Protostomia",
            "type": "main",
            "proteins": 433,
            "fat": 244,
            "carbohydrates": 33,
            "calories": 420,
            "price": 1337,
            "image": "https://code.s3.yandex.net/react/code/meat-02.png",
            "image_mobile": "https://code.s3.yandex.net/react/code/meat-02-mobile.png",
            "image_large": "https://code.s3.yandex.net/react/code/meat-02-large.png",
            "__v": 0
        },
        {
            "_id": "61c0c5a71d1f82001bdaaa70",
            "name": "Говяжий метеорит (отбивная)",
            "type": "main",
            "proteins": 800,
            "fat": 800,
            "carbohydrates": 300,
            "calories": 2674,
            "price": 3000,
            "image": "https://code.s3.yandex.net/react/code/meat-04.png",
            "image_mobile": "https://code.s3.yandex.net/react/code/meat-04-mobile.png",
            "image_large": "https://code.s3.yandex.net/react/code/meat-04-large.png",
            "__v": 0
        },
        {
            "_id": "61c0c5a71d1f82001bdaaa71",
            "name": "Биокотлета из марсианской Магнолии",
            "type": "main",
            "proteins": 420,
            "fat": 142,
            "carbohydrates": 242,
            "calories": 4242,
            "price": 424,
            "image": "https://code.s3.yandex.net/react/code/meat-01.png",
            "image_mobile": "https://code.s3.yandex.net/react/code/meat-01-mobile.png",
            "image_large": "https://code.s3.yandex.net/react/code/meat-01-large.png",
            "__v": 0
        },
        {
            "_id": "61c0c5a71d1f82001bdaaa72",
            "name": "Соус Spicy-X",
            "type": "sauce",
            "proteins": 30,
            "fat": 20,
            "carbohydrates": 40,
            "calories": 30,
            "price": 90,
            "image": "https://code.s3.yandex.net/react/code/sauce-02.png",
            "image_mobile": "https://code.s3.yandex.net/react/code/sauce-02-mobile.png",
            "image_large": "https://code.s3.yandex.net/react/code/sauce-02-large.png",
            "__v": 0
        },
        {
            "_id": "61c0c5a71d1f82001bdaaa6e",
            "name": "Филе Люминесцентного тетраодонтимформа",
            "type": "main",
            "proteins": 44,
            "fat": 26,
            "carbohydrates": 85,
            "calories": 643,
            "price": 988,
            "image": "https://code.s3.yandex.net/react/code/meat-03.png",
            "image_mobile": "https://code.s3.yandex.net/react/code/meat-03-mobile.png",
            "image_large": "https://code.s3.yandex.net/react/code/meat-03-large.png",
            "__v": 0
        },
        {
            "_id": "61c0c5a71d1f82001bdaaa73",
            "name": "Соус фирменный Space Sauce",
            "type": "sauce",
            "proteins": 50,
            "fat": 22,
            "carbohydrates": 11,
            "calories": 14,
            "price": 80,
            "image": "https://code.s3.yandex.net/react/code/sauce-04.png",
            "image_mobile": "https://code.s3.yandex.net/react/code/sauce-04-mobile.png",
            "image_large": "https://code.s3.yandex.net/react/code/sauce-04-large.png",
            "__v": 0
        },
        {
            "_id": "61c0c5a71d1f82001bdaaa74",
            "name": "Соус традиционный галактический",
            "type": "sauce",
            "proteins": 42,
            "fat": 24,
            "carbohydrates": 42,
            "calories": 99,
            "price": 15,
            "image": "https://code.s3.yandex.net/react/code/sauce-03.png",
            "image_mobile": "https://code.s3.yandex.net/react/code/sauce-03-mobile.png",
            "image_large": "https://code.s3.yandex.net/react/code/sauce-03-large.png",
            "__v": 0
        },
        {
            "_id": "61c0c5a71d1f82001bdaaa6c",
            "name": "Краторная булка N-200i",
            "type": "bun",
            "proteins": 80,
            "fat": 24,
            "carbohydrates": 53,
            "calories": 420,
            "price": 1255,
            "image": "https://code.s3.yandex.net/react/code/bun-02.png",
            "image_mobile": "https://code.s3.yandex.net/react/code/bun-02-mobile.png",
            "image_large": "https://code.s3.yandex.net/react/code/bun-02-large.png",
            "__v": 0
        },
        {
            "_id": "61c0c5a71d1f82001bdaaa75",
            "name": "Соус с шипами Антарианского плоскоходца",
            "type": "sauce",
            "proteins": 101,
            "fat": 99,
            "carbohydrates": 100,
            "calories": 100,
            "price": 88,
            "image": "https://code.s3.yandex.net/react/code/sauce-01.png",
            "image_mobile": "https://code.s3.yandex.net/react/code/sauce-01-mobile.png",
            "image_large": "https://code.s3.yandex.net/react/code/sauce-01-large.png",
            "__v": 0
        },
        {
            "_id": "61c0c5a71d1f82001bdaaa76",
            "name": "Хрустящие минеральные кольца",
            "type": "main",
            "proteins": 808,
            "fat": 689,
            "carbohydrates": 609,
            "calories": 986,
            "price": 300,
            "image": "https://code.s3.yandex.net/react/code/mineral_rings.png",
            "image_mobile": "https://code.s3.yandex.net/react/code/mineral_rings-mobile.png",
            "image_large": "https://code.s3.yandex.net/react/code/mineral_rings-large.png",
            "__v": 0
        },
        {
            "_id": "61c0c5a71d1f82001bdaaa77",
            "name": "Плоды Фалленианского дерева",
            "type": "main",
            "proteins": 20,
            "fat": 5,
            "carbohydrates": 55,
            "calories": 77,
            "price": 874,
            "image": "https://code.s3.yandex.net/react/code/sp_1.png",
            "image_mobile": "https://code.s3.yandex.net/react/code/sp_1-mobile.png",
            "image_large": "https://code.s3.yandex.net/react/code/sp_1-large.png",
            "__v": 0
        },
        {
            "_id": "61c0c5a71d1f82001bdaaa78",
            "name": "Кристаллы марсианских альфа-сахаридов",
            "type": "main",
            "proteins": 234,
            "fat": 432,
            "carbohydrates": 111,
            "calories": 189,
            "price": 762,
            "image": "https://code.s3.yandex.net/react/code/core.png",
            "image_mobile": "https://code.s3.yandex.net/react/code/core-mobile.png",
            "image_large": "https://code.s3.yandex.net/react/code/core-large.png",
            "__v": 0
        },
        {
            "_id": "61c0c5a71d1f82001bdaaa79",
            "name": "Мини-салат Экзо-Плантаго",
            "type": "main",
            "proteins": 1,
            "fat": 2,
            "carbohydrates": 3,
            "calories": 6,
            "price": 4400,
            "image": "https://code.s3.yandex.net/react/code/salad.png",
            "image_mobile": "https://code.s3.yandex.net/react/code/salad-mobile.png",
            "image_large": "https://code.s3.yandex.net/react/code/salad-large.png",
            "__v": 0
        },
        {
            "_id": "61c0c5a71d1f82001bdaaa7a",
            "name": "Сыр с астероидной плесенью",
            "type": "main",
            "proteins": 84,
            "fat": 48,
            "carbohydrates": 420,
            "calories": 3377,
            "price": 4142,
            "image": "https://code.s3.yandex.net/react/code/cheese.png",
            "image_mobile": "https://code.s3.yandex.net/react/code/cheese-mobile.png",
            "image_large": "https://code.s3.yandex.net/react/code/cheese-large.png",
            "__v": 0
        }
    ]
}
HTTP/1.1 200 OK
Server: nginx/1.24.0 (Ubuntu)
Date: Mon, 02 Feb 2026 20:03:16 GMT
Content-Type: application/json; charset=utf-8
Content-Length: 5957
Connection: keep-alive
X-Powered-By: Express
Access-Control-Allow-Origin: *
ETag: W/"1745-LHZ7D8kBZWcbCGljCoPXtjB5CeA"

{
    "success": true,
    "data": [
        {
            "_id": "61c0c5a71d1f82001bdaaa6d",
            "name": "Флюоресцентная булка R2-D3",
            "type": "bun",
            "proteins": 44,
            "fat": 26,
            "carbohydrates": 85,
            "calories": 643,
            "price": 988,
            "image": "https://code.s3.yandex.net/react/code/bun-01.png",
            "image_mobile": "https://code.s3.yandex.net/react/code/bun-01-mobile.png",
            "image_large": "https://code.s3.yandex.net/react/code/bun-01-large.png",
            "__v": 0
        },
        {
            "_id": "61c0c5a71d1f82001bdaaa6f",
            "name": "Мясо бессмертных моллюсков Protostomia",
            "type": "main",
            "proteins": 433,
            "fat": 244,
            "carbohydrates": 33,
            "calories": 420,
            "price": 1337,
            "image": "https://code.s3.yandex.net/react/code/meat-02.png",
            "image_mobile": "https://code.s3.yandex.net/react/code/meat-02-mobile.png",
            "image_large": "https://code.s3.yandex.net/react/code/meat-02-large.png",
            "__v": 0
        },
        {
            "_id": "61c0c5a71d1f82001bdaaa70",
            "name": "Говяжий метеорит (отбивная)",
            "type": "main",
            "proteins": 800,
            "fat": 800,
            "carbohydrates": 300,
            "calories": 2674,
            "price": 3000,
            "image": "https://code.s3.yandex.net/react/code/meat-04.png",
            "image_mobile": "https://code.s3.yandex.net/react/code/meat-04-mobile.png",
            "image_large": "https://code.s3.yandex.net/react/code/meat-04-large.png",
            "__v": 0
        },
        {
            "_id": "61c0c5a71d1f82001bdaaa71",
            "name": "Биокотлета из марсианской Магнолии",
            "type": "main",
            "proteins": 420,
            "fat": 142,
            "carbohydrates": 242,
            "calories": 4242,
            "price": 424,
            "image": "https://code.s3.yandex.net/react/code/meat-01.png",
            "image_mobile": "https://code.s3.yandex.net/react/code/meat-01-mobile.png",
            "image_large": "https://code.s3.yandex.net/react/code/meat-01-large.png",
            "__v": 0
        },
        {
            "_id": "61c0c5a71d1f82001bdaaa72",
            "name": "Соус Spicy-X",
            "type": "sauce",
            "proteins": 30,
            "fat": 20,
            "carbohydrates": 40,
            "calories": 30,
            "price": 90,
            "image": "https://code.s3.yandex.net/react/code/sauce-02.png",
            "image_mobile": "https://code.s3.yandex.net/react/code/sauce-02-mobile.png",
            "image_large": "https://code.s3.yandex.net/react/code/sauce-02-large.png",
            "__v": 0
        },
        {
            "_id": "61c0c5a71d1f82001bdaaa6e",
            "name": "Филе Люминесцентного тетраодонтимформа",
            "type": "main",
            "proteins": 44,
            "fat": 26,
            "carbohydrates": 85,
            "calories": 643,
            "price": 988,
            "image": "https://code.s3.yandex.net/react/code/meat-03.png",
            "image_mobile": "https://code.s3.yandex.net/react/code/meat-03-mobile.png",
            "image_large": "https://code.s3.yandex.net/react/code/meat-03-large.png",
            "__v": 0
        },
        {
            "_id": "61c0c5a71d1f82001bdaaa73",
            "name": "Соус фирменный Space Sauce",
            "type": "sauce",
            "proteins": 50,
            "fat": 22,
            "carbohydrates": 11,
            "calories": 14,
            "price": 80,
            "image": "https://code.s3.yandex.net/react/code/sauce-04.png",
            "image_mobile": "https://code.s3.yandex.net/react/code/sauce-04-mobile.png",
            "image_large": "https://code.s3.yandex.net/react/code/sauce-04-large.png",
            "__v": 0
        },
        {
            "_id": "61c0c5a71d1f82001bdaaa74",
            "name": "Соус традиционный галактический",
            "type": "sauce",
            "proteins": 42,
            "fat": 24,
            "carbohydrates": 42,
            "calories": 99,
            "price": 15,
            "image": "https://code.s3.yandex.net/react/code/sauce-03.png",
            "image_mobile": "https://code.s3.yandex.net/react/code/sauce-03-mobile.png",
            "image_large": "https://code.s3.yandex.net/react/code/sauce-03-large.png",
            "__v": 0
        },
        {
            "_id": "61c0c5a71d1f82001bdaaa6c",
            "name": "Краторная булка N-200i",
            "type": "bun",
            "proteins": 80,
            "fat": 24,
            "carbohydrates": 53,
            "calories": 420,
            "price": 1255,
            "image": "https://code.s3.yandex.net/react/code/bun-02.png",
            "image_mobile": "https://code.s3.yandex.net/react/code/bun-02-mobile.png",
            "image_large": "https://code.s3.yandex.net/react/code/bun-02-large.png",
            "__v": 0
        },
        {
            "_id": "61c0c5a71d1f82001bdaaa75",
            "name": "Соус с шипами Антарианского плоскоходца",
            "type": "sauce",
            "proteins": 101,
            "fat": 99,
            "carbohydrates": 100,
            "calories": 100,
            "price": 88,
            "image": "https://code.s3.yandex.net/react/code/sauce-01.png",
            "image_mobile": "https://code.s3.yandex.net/react/code/sauce-01-mobile.png",
            "image_large": "https://code.s3.yandex.net/react/code/sauce-01-large.png",
            "__v": 0
        },
        {
            "_id": "61c0c5a71d1f82001bdaaa76",
            "name": "Хрустящие минеральные кольца",
            "type": "main",
            "proteins": 808,
            "fat": 689,
            "carbohydrates": 609,
            "calories": 986,
            "price": 300,
            "image": "https://code.s3.yandex.net/react/code/mineral_rings.png",
            "image_mobile": "https://code.s3.yandex.net/react/code/mineral_rings-mobile.png",
            "image_large": "https://code.s3.yandex.net/react/code/mineral_rings-large.png",
            "__v": 0
        },
        {
            "_id": "61c0c5a71d1f82001bdaaa77",
            "name": "Плоды Фалленианского дерева",
            "type": "main",
            "proteins": 20,
            "fat": 5,
            "carbohydrates": 55,
            "calories": 77,
            "price": 874,
            "image": "https://code.s3.yandex.net/react/code/sp_1.png",
            "image_mobile": "https://code.s3.yandex.net/react/code/sp_1-mobile.png",
            "image_large": "https://code.s3.yandex.net/react/code/sp_1-large.png",
            "__v": 0
        },
        {
            "_id": "61c0c5a71d1f82001bdaaa78",
            "name": "Кристаллы марсианских альфа-сахаридов",
            "type": "main",
            "proteins": 234,
            "fat": 432,
            "carbohydrates": 111,
            "calories": 189,
            "price": 762,
            "image": "https://code.s3.yandex.net/react/code/core.png",
            "image_mobile": "https://code.s3.yandex.net/react/code/core-mobile.png",
            "image_large": "https://code.s3.yandex.net/react/code/core-large.png",
            "__v": 0
        },
        {
            "_id": "61c0c5a71d1f82001bdaaa79",
            "name": "Мини-салат Экзо-Плантаго",
            "type": "main",
            "proteins": 1,
            "fat": 2,
            "carbohydrates": 3,
            "calories": 6,
            "price": 4400,
            "image": "https://code.s3.yandex.net/react/code/salad.png",
            "image_mobile": "https://code.s3.yandex.net/react/code/salad-mobile.png",
            "image_large": "https://code.s3.yandex.net/react/code/salad-large.png",
            "__v": 0
        },
        {
            "_id": "61c0c5a71d1f82001bdaaa7a",
            "name": "Сыр с астероидной плесенью",
            "type": "main",
            "proteins": 84,
            "fat": 48,
            "carbohydrates": 420,
            "calories": 3377,
            "price": 4142,
            "image": "https://code.s3.yandex.net/react/code/cheese.png",
            "image_mobile": "https://code.s3.yandex.net/react/code/cheese-mobile.png",
            "image_large": "https://code.s3.yandex.net/react/code/cheese-large.png",
            "__v": 0
        }
    ]
}
HTTP/1.1 200 OK
Server: nginx/1.24.0 (Ubuntu)
Date: Mon, 02 Feb 2026 20:03:16 GMT
Content-Type: application/json; charset=utf-8
Content-Length: 5957
Connection: keep-alive
X-Powered-By: Express
Access-Control-Allow-Origin: *
ETag: W/"1745-LHZ7D8kBZWcbCGljCoPXtjB5CeA"

{
    "success": true,
    "data": [
        {
            "_id": "61c0c5a71d1f82001bdaaa6d",
            "name": "Флюоресцентная булка R2-D3",
            "type": "bun",
            "proteins": 44,
            "fat": 26,
            "carbohydrates": 85,
            "calories": 643,
            "price": 988,
            "image": "https://code.s3.yandex.net/react/code/bun-01.png",
            "image_mobile": "https://code.s3.yandex.net/react/code/bun-01-mobile.png",
            "image_large": "https://code.s3.yandex.net/react/code/bun-01-large.png",
            "__v": 0
        },
        {
            "_id": "61c0c5a71d1f82001bdaaa6f",
            "name": "Мясо бессмертных моллюсков Protostomia",
            "type": "main",
            "proteins": 433,
            "fat": 244,
            "carbohydrates": 33,
            "calories": 420,
            "price": 1337,
            "image": "https://code.s3.yandex.net/react/code/meat-02.png",
            "image_mobile": "https://code.s3.yandex.net/react/code/meat-02-mobile.png",
            "image_large": "https://code.s3.yandex.net/react/code/meat-02-large.png",
            "__v": 0
        },
        {
            "_id": "61c0c5a71d1f82001bdaaa70",
            "name": "Говяжий метеорит (отбивная)",
            "type": "main",
            "proteins": 800,
            "fat": 800,
            "carbohydrates": 300,
            "calories": 2674,
            "price": 3000,
            "image": "https://code.s3.yandex.net/react/code/meat-04.png",
            "image_mobile": "https://code.s3.yandex.net/react/code/meat-04-mobile.png",
            "image_large": "https://code.s3.yandex.net/react/code/meat-04-large.png",
            "__v": 0
        },
        {
            "_id": "61c0c5a71d1f82001bdaaa71",
            "name": "Биокотлета из марсианской Магнолии",
            "type": "main",
            "proteins": 420,
            "fat": 142,
            "carbohydrates": 242,
            "calories": 4242,
            "price": 424,
            "image": "https://code.s3.yandex.net/react/code/meat-01.png",
            "image_mobile": "https://code.s3.yandex.net/react/code/meat-01-mobile.png",
            "image_large": "https://code.s3.yandex.net/react/code/meat-01-large.png",
            "__v": 0
        },
        {
            "_id": "61c0c5a71d1f82001bdaaa72",
            "name": "Соус Spicy-X",
            "type": "sauce",
            "proteins": 30,
            "fat": 20,
            "carbohydrates": 40,
            "calories": 30,
            "price": 90,
            "image": "https://code.s3.yandex.net/react/code/sauce-02.png",
            "image_mobile": "https://code.s3.yandex.net/react/code/sauce-02-mobile.png",
            "image_large": "https://code.s3.yandex.net/react/code/sauce-02-large.png",
            "__v": 0
        },
        {
            "_id": "61c0c5a71d1f82001bdaaa6e",
            "name": "Филе Люминесцентного тетраодонтимформа",
            "type": "main",
            "proteins": 44,
            "fat": 26,
            "carbohydrates": 85,
            "calories": 643,
            "price": 988,
            "image": "https://code.s3.yandex.net/react/code/meat-03.png",
            "image_mobile": "https://code.s3.yandex.net/react/code/meat-03-mobile.png",
            "image_large": "https://code.s3.yandex.net/react/code/meat-03-large.png",
            "__v": 0
        },
        {
            "_id": "61c0c5a71d1f82001bdaaa73",
            "name": "Соус фирменный Space Sauce",
            "type": "sauce",
            "proteins": 50,
            "fat": 22,
            "carbohydrates": 11,
            "calories": 14,
            "price": 80,
            "image": "https://code.s3.yandex.net/react/code/sauce-04.png",
            "image_mobile": "https://code.s3.yandex.net/react/code/sauce-04-mobile.png",
            "image_large": "https://code.s3.yandex.net/react/code/sauce-04-large.png",
            "__v": 0
        },
        {
            "_id": "61c0c5a71d1f82001bdaaa74",
            "name": "Соус традиционный галактический",
            "type": "sauce",
            "proteins": 42,
            "fat": 24,
            "carbohydrates": 42,
            "calories": 99,
            "price": 15,
            "image": "https://code.s3.yandex.net/react/code/sauce-03.png",
            "image_mobile": "https://code.s3.yandex.net/react/code/sauce-03-mobile.png",
            "image_large": "https://code.s3.yandex.net/react/code/sauce-03-large.png",
            "__v": 0
        },
        {
            "_id": "61c0c5a71d1f82001bdaaa6c",
            "name": "Краторная булка N-200i",
            "type": "bun",
            "proteins": 80,
            "fat": 24,
            "carbohydrates": 53,
            "calories": 420,
            "price": 1255,
            "image": "https://code.s3.yandex.net/react/code/bun-02.png",
            "image_mobile": "https://code.s3.yandex.net/react/code/bun-02-mobile.png",
            "image_large": "https://code.s3.yandex.net/react/code/bun-02-large.png",
            "__v": 0
        },
        {
            "_id": "61c0c5a71d1f82001bdaaa75",
            "name": "Соус с шипами Антарианского плоскоходца",
            "type": "sauce",
            "proteins": 101,
            "fat": 99,
            "carbohydrates": 100,
            "calories": 100,
            "price": 88,
            "image": "https://code.s3.yandex.net/react/code/sauce-01.png",
            "image_mobile": "https://code.s3.yandex.net/react/code/sauce-01-mobile.png",
            "image_large": "https://code.s3.yandex.net/react/code/sauce-01-large.png",
            "__v": 0
        },
        {
            "_id": "61c0c5a71d1f82001bdaaa76",
            "name": "Хрустящие минеральные кольца",
            "type": "main",
            "proteins": 808,
            "fat": 689,
            "carbohydrates": 609,
            "calories": 986,
            "price": 300,
            "image": "https://code.s3.yandex.net/react/code/mineral_rings.png",
            "image_mobile": "https://code.s3.yandex.net/react/code/mineral_rings-mobile.png",
            "image_large": "https://code.s3.yandex.net/react/code/mineral_rings-large.png",
            "__v": 0
        },
        {
            "_id": "61c0c5a71d1f82001bdaaa77",
            "name": "Плоды Фалленианского дерева",
            "type": "main",
            "proteins": 20,
            "fat": 5,
            "carbohydrates": 55,
            "calories": 77,
            "price": 874,
            "image": "https://code.s3.yandex.net/react/code/sp_1.png",
            "image_mobile": "https://code.s3.yandex.net/react/code/sp_1-mobile.png",
            "image_large": "https://code.s3.yandex.net/react/code/sp_1-large.png",
            "__v": 0
        },
        {
            "_id": "61c0c5a71d1f82001bdaaa78",
            "name": "Кристаллы марсианских альфа-сахаридов",
            "type": "main",
            "proteins": 234,
            "fat": 432,
            "carbohydrates": 111,
            "calories": 189,
            "price": 762,
            "image": "https://code.s3.yandex.net/react/code/core.png",
            "image_mobile": "https://code.s3.yandex.net/react/code/core-mobile.png",
            "image_large": "https://code.s3.yandex.net/react/code/core-large.png",
            "__v": 0
        },
        {
            "_id": "61c0c5a71d1f82001bdaaa79",
            "name": "Мини-салат Экзо-Плантаго",
            "type": "main",
            "proteins": 1,
            "fat": 2,
            "carbohydrates": 3,
            "calories": 6,
            "price": 4400,
            "image": "https://code.s3.yandex.net/react/code/salad.png",
            "image_mobile": "https://code.s3.yandex.net/react/code/salad-mobile.png",
            "image_large": "https://code.s3.yandex.net/react/code/salad-large.png",
            "__v": 0
        },
        {
            "_id": "61c0c5a71d1f82001bdaaa7a",
            "name": "Сыр с астероидной плесенью",
            "type": "main",
            "proteins": 84,
            "fat": 48,
            "carbohydrates": 420,
            "calories": 3377,
            "price": 4142,
            "image": "https://code.s3.yandex.net/react/code/cheese.png",
            "image_mobile": "https://code.s3.yandex.net/react/code/cheese-mobile.png",
            "image_large": "https://code.s3.yandex.net/react/code/cheese-large.png",
            "__v": 0
        }
    ]
}
HTTP/1.1 200 OK
Server: nginx/1.24.0 (Ubuntu)
Date: Mon, 02 Feb 2026 20:03:16 GMT
Content-Type: application/json; charset=utf-8
Content-Length: 5957
Connection: keep-alive
X-Powered-By: Express
Access-Control-Allow-Origin: *
ETag: W/"1745-LHZ7D8kBZWcbCGljCoPXtjB5CeA"

{
    "success": true,
    "data": [
        {
            "_id": "61c0c5a71d1f82001bdaaa6d",
            "name": "Флюоресцентная булка R2-D3",
            "type": "bun",
            "proteins": 44,
            "fat": 26,
            "carbohydrates": 85,
            "calories": 643,
            "price": 988,
            "image": "https://code.s3.yandex.net/react/code/bun-01.png",
            "image_mobile": "https://code.s3.yandex.net/react/code/bun-01-mobile.png",
            "image_large": "https://code.s3.yandex.net/react/code/bun-01-large.png",
            "__v": 0
        },
        {
            "_id": "61c0c5a71d1f82001bdaaa6f",
            "name": "Мясо бессмертных моллюсков Protostomia",
            "type": "main",
            "proteins": 433,
            "fat": 244,
            "carbohydrates": 33,
            "calories": 420,
            "price": 1337,
            "image": "https://code.s3.yandex.net/react/code/meat-02.png",
            "image_mobile": "https://code.s3.yandex.net/react/code/meat-02-mobile.png",
            "image_large": "https://code.s3.yandex.net/react/code/meat-02-large.png",
            "__v": 0
        },
        {
            "_id": "61c0c5a71d1f82001bdaaa70",
            "name": "Говяжий метеорит (отбивная)",
            "type": "main",
            "proteins": 800,
            "fat": 800,
            "carbohydrates": 300,
            "calories": 2674,
            "price": 3000,
            "image": "https://code.s3.yandex.net/react/code/meat-04.png",
            "image_mobile": "https://code.s3.yandex.net/react/code/meat-04-mobile.png",
            "image_large": "https://code.s3.yandex.net/react/code/meat-04-large.png",
            "__v": 0
        },
        {
            "_id": "61c0c5a71d1f82001bdaaa71",
            "name": "Биокотлета из марсианской Магнолии",
            "type": "main",
            "proteins": 420,
            "fat": 142,
            "carbohydrates": 242,
            "calories": 4242,
            "price": 424,
            "image": "https://code.s3.yandex.net/react/code/meat-01.png",
            "image_mobile": "https://code.s3.yandex.net/react/code/meat-01-mobile.png",
            "image_large": "https://code.s3.yandex.net/react/code/meat-01-large.png",
            "__v": 0
        },
        {
            "_id": "61c0c5a71d1f82001bdaaa72",
            "name": "Соус Spicy-X",
            "type": "sauce",
            "proteins": 30,
            "fat": 20,
            "carbohydrates": 40,
            "calories": 30,
            "price": 90,
            "image": "https://code.s3.yandex.net/react/code/sauce-02.png",
            "image_mobile": "https://code.s3.yandex.net/react/code/sauce-02-mobile.png",
            "image_large": "https://code.s3.yandex.net/react/code/sauce-02-large.png",
            "__v": 0
        },
        {
            "_id": "61c0c5a71d1f82001bdaaa6e",
            "name": "Филе Люминесцентного тетраодонтимформа",
            "type": "main",
            "proteins": 44,
            "fat": 26,
            "carbohydrates": 85,
            "calories": 643,
            "price": 988,
            "image": "https://code.s3.yandex.net/react/code/meat-03.png",
            "image_mobile": "https://code.s3.yandex.net/react/code/meat-03-mobile.png",
            "image_large": "https://code.s3.yandex.net/react/code/meat-03-large.png",
            "__v": 0
        },
        {
            "_id": "61c0c5a71d1f82001bdaaa73",
            "name": "Соус фирменный Space Sauce",
            "type": "sauce",
            "proteins": 50,
            "fat": 22,
            "carbohydrates": 11,
            "calories": 14,
            "price": 80,
            "image": "https://code.s3.yandex.net/react/code/sauce-04.png",
            "image_mobile": "https://code.s3.yandex.net/react/code/sauce-04-mobile.png",
            "image_large": "https://code.s3.yandex.net/react/code/sauce-04-large.png",
            "__v": 0
        },
        {
            "_id": "61c0c5a71d1f82001bdaaa74",
            "name": "Соус традиционный галактический",
            "type": "sauce",
            "proteins": 42,
            "fat": 24,
            "carbohydrates": 42,
            "calories": 99,
            "price": 15,
            "image": "https://code.s3.yandex.net/react/code/sauce-03.png",
            "image_mobile": "https://code.s3.yandex.net/react/code/sauce-03-mobile.png",
            "image_large": "https://code.s3.yandex.net/react/code/sauce-03-large.png",
            "__v": 0
        },
        {
            "_id": "61c0c5a71d1f82001bdaaa6c",
            "name": "Краторная булка N-200i",
            "type": "bun",
            "proteins": 80,
            "fat": 24,
            "carbohydrates": 53,
            "calories": 420,
            "price": 1255,
            "image": "https://code.s3.yandex.net/react/code/bun-02.png",
            "image_mobile": "https://code.s3.yandex.net/react/code/bun-02-mobile.png",
            "image_large": "https://code.s3.yandex.net/react/code/bun-02-large.png",
            "__v": 0
        },
        {
            "_id": "61c0c5a71d1f82001bdaaa75",
            "name": "Соус с шипами Антарианского плоскоходца",
            "type": "sauce",
            "proteins": 101,
            "fat": 99,
            "carbohydrates": 100,
            "calories": 100,
            "price": 88,
            "image": "https://code.s3.yandex.net/react/code/sauce-01.png",
            "image_mobile": "https://code.s3.yandex.net/react/code/sauce-01-mobile.png",
            "image_large": "https://code.s3.yandex.net/react/code/sauce-01-large.png",
            "__v": 0
        },
        {
            "_id": "61c0c5a71d1f82001bdaaa76",
            "name": "Хрустящие минеральные кольца",
            "type": "main",
            "proteins": 808,
            "fat": 689,
            "carbohydrates": 609,
            "calories": 986,
            "price": 300,
            "image": "https://code.s3.yandex.net/react/code/mineral_rings.png",
            "image_mobile": "https://code.s3.yandex.net/react/code/mineral_rings-mobile.png",
            "image_large": "https://code.s3.yandex.net/react/code/mineral_rings-large.png",
            "__v": 0
        },
        {
            "_id": "61c0c5a71d1f82001bdaaa77",
            "name": "Плоды Фалленианского дерева",
            "type": "main",
            "proteins": 20,
            "fat": 5,
            "carbohydrates": 55,
            "calories": 77,
            "price": 874,
            "image": "https://code.s3.yandex.net/react/code/sp_1.png",
            "image_mobile": "https://code.s3.yandex.net/react/code/sp_1-mobile.png",
            "image_large": "https://code.s3.yandex.net/react/code/sp_1-large.png",
            "__v": 0
        },
        {
            "_id": "61c0c5a71d1f82001bdaaa78",
            "name": "Кристаллы марсианских альфа-сахаридов",
            "type": "main",
            "proteins": 234,
            "fat": 432,
            "carbohydrates": 111,
            "calories": 189,
            "price": 762,
            "image": "https://code.s3.yandex.net/react/code/core.png",
            "image_mobile": "https://code.s3.yandex.net/react/code/core-mobile.png",
            "image_large": "https://code.s3.yandex.net/react/code/core-large.png",
            "__v": 0
        },
        {
            "_id": "61c0c5a71d1f82001bdaaa79",
            "name": "Мини-салат Экзо-Плантаго",
            "type": "main",
            "proteins": 1,
            "fat": 2,
            "carbohydrates": 3,
            "calories": 6,
            "price": 4400,
            "image": "https://code.s3.yandex.net/react/code/salad.png",
            "image_mobile": "https://code.s3.yandex.net/react/code/salad-mobile.png",
            "image_large": "https://code.s3.yandex.net/react/code/salad-large.png",
            "__v": 0
        },
        {
            "_id": "61c0c5a71d1f82001bdaaa7a",
            "name": "Сыр с астероидной плесенью",
            "type": "main",
            "proteins": 84,
            "fat": 48,
            "carbohydrates": 420,
            "calories": 3377,
            "price": 4142,
            "image": "https://code.s3.yandex.net/react/code/cheese.png",
            "image_mobile": "https://code.s3.yandex.net/react/code/cheese-mobile.png",
            "image_large": "https://code.s3.yandex.net/react/code/cheese-large.png",
            "__v": 0
        }
    ]
}
HTTP/1.1 200 OK
Server: nginx/1.24.0 (Ubuntu)
Date: Mon, 02 Feb 2026 20:03:16 GMT
Content-Type: application/json; charset=utf-8
Content-Length: 5957
Connection: keep-alive
X-Powered-By: Express
Access-Control-Allow-Origin: *
ETag: W/"1745-LHZ7D8kBZWcbCGljCoPXtjB5CeA"

{
    "success": true,
    "data": [
        {
            "_id": "61c0c5a71d1f82001bdaaa6d",
            "name": "Флюоресцентная булка R2-D3",
            "type": "bun",
            "proteins": 44,
            "fat": 26,
            "carbohydrates": 85,
            "calories": 643,
            "price": 988,
            "image": "https://code.s3.yandex.net/react/code/bun-01.png",
            "image_mobile": "https://code.s3.yandex.net/react/code/bun-01-mobile.png",
            "image_large": "https://code.s3.yandex.net/react/code/bun-01-large.png",
            "__v": 0
        },
        {
            "_id": "61c0c5a71d1f82001bdaaa6f",
            "name": "Мясо бессмертных моллюсков Protostomia",
            "type": "main",
            "proteins": 433,
            "fat": 244,
            "carbohydrates": 33,
            "calories": 420,
            "price": 1337,
            "image": "https://code.s3.yandex.net/react/code/meat-02.png",
            "image_mobile": "https://code.s3.yandex.net/react/code/meat-02-mobile.png",
            "image_large": "https://code.s3.yandex.net/react/code/meat-02-large.png",
            "__v": 0
        },
        {
            "_id": "61c0c5a71d1f82001bdaaa70",
            "name": "Говяжий метеорит (отбивная)",
            "type": "main",
            "proteins": 800,
            "fat": 800,
            "carbohydrates": 300,
            "calories": 2674,
            "price": 3000,
            "image": "https://code.s3.yandex.net/react/code/meat-04.png",
            "image_mobile": "https://code.s3.yandex.net/react/code/meat-04-mobile.png",
            "image_large": "https://code.s3.yandex.net/react/code/meat-04-large.png",
            "__v": 0
        },
        {
            "_id": "61c0c5a71d1f82001bdaaa71",
            "name": "Биокотлета из марсианской Магнолии",
            "type": "main",
            "proteins": 420,
            "fat": 142,
            "carbohydrates": 242,
            "calories": 4242,
            "price": 424,
            "image": "https://code.s3.yandex.net/react/code/meat-01.png",
            "image_mobile": "https://code.s3.yandex.net/react/code/meat-01-mobile.png",
            "image_large": "https://code.s3.yandex.net/react/code/meat-01-large.png",
            "__v": 0
        },
        {
            "_id": "61c0c5a71d1f82001bdaaa72",
            "name": "Соус Spicy-X",
            "type": "sauce",
            "proteins": 30,
            "fat": 20,
            "carbohydrates": 40,
            "calories": 30,
            "price": 90,
            "image": "https://code.s3.yandex.net/react/code/sauce-02.png",
            "image_mobile": "https://code.s3.yandex.net/react/code/sauce-02-mobile.png",
            "image_large": "https://code.s3.yandex.net/react/code/sauce-02-large.png",
            "__v": 0
        },
        {
            "_id": "61c0c5a71d1f82001bdaaa6e",
            "name": "Филе Люминесцентного тетраодонтимформа",
            "type": "main",
            "proteins": 44,
            "fat": 26,
            "carbohydrates": 85,
            "calories": 643,
            "price": 988,
            "image": "https://code.s3.yandex.net/react/code/meat-03.png",
            "image_mobile": "https://code.s3.yandex.net/react/code/meat-03-mobile.png",
            "image_large": "https://code.s3.yandex.net/react/code/meat-03-large.png",
            "__v": 0
        },
        {
            "_id": "61c0c5a71d1f82001bdaaa73",
            "name": "Соус фирменный Space Sauce",
            "type": "sauce",
            "proteins": 50,
            "fat": 22,
            "carbohydrates": 11,
            "calories": 14,
            "price": 80,
            "image": "https://code.s3.yandex.net/react/code/sauce-04.png",
            "image_mobile": "https://code.s3.yandex.net/react/code/sauce-04-mobile.png",
            "image_large": "https://code.s3.yandex.net/react/code/sauce-04-large.png",
            "__v": 0
        },
        {
            "_id": "61c0c5a71d1f82001bdaaa74",
            "name": "Соус традиционный галактический",
            "type": "sauce",
            "proteins": 42,
            "fat": 24,
            "carbohydrates": 42,
            "calories": 99,
            "price": 15,
            "image": "https://code.s3.yandex.net/react/code/sauce-03.png",
            "image_mobile": "https://code.s3.yandex.net/react/code/sauce-03-mobile.png",
            "image_large": "https://code.s3.yandex.net/react/code/sauce-03-large.png",
            "__v": 0
        },
        {
            "_id": "61c0c5a71d1f82001bdaaa6c",
            "name": "Краторная булка N-200i",
            "type": "bun",
            "proteins": 80,
            "fat": 24,
            "carbohydrates": 53,
            "calories": 420,
            "price": 1255,
            "image": "https://code.s3.yandex.net/react/code/bun-02.png",
            "image_mobile": "https://code.s3.yandex.net/react/code/bun-02-mobile.png",
            "image_large": "https://code.s3.yandex.net/react/code/bun-02-large.png",
            "__v": 0
        },
        {
            "_id": "61c0c5a71d1f82001bdaaa75",
            "name": "Соус с шипами Антарианского плоскоходца",
            "type": "sauce",
            "proteins": 101,
            "fat": 99,
            "carbohydrates": 100,
            "calories": 100,
            "price": 88,
            "image": "https://code.s3.yandex.net/react/code/sauce-01.png",
            "image_mobile": "https://code.s3.yandex.net/react/code/sauce-01-mobile.png",
            "image_large": "https://code.s3.yandex.net/react/code/sauce-01-large.png",
            "__v": 0
        },
        {
            "_id": "61c0c5a71d1f82001bdaaa76",
            "name": "Хрустящие минеральные кольца",
            "type": "main",
            "proteins": 808,
            "fat": 689,
            "carbohydrates": 609,
            "calories": 986,
            "price": 300,
            "image": "https://code.s3.yandex.net/react/code/mineral_rings.png",
            "image_mobile": "https://code.s3.yandex.net/react/code/mineral_rings-mobile.png",
            "image_large": "https://code.s3.yandex.net/react/code/mineral_rings-large.png",
            "__v": 0
        },
        {
            "_id": "61c0c5a71d1f82001bdaaa77",
            "name": "Плоды Фалленианского дерева",
            "type": "main",
            "proteins": 20,
            "fat": 5,
            "carbohydrates": 55,
            "calories": 77,
            "price": 874,
            "image": "https://code.s3.yandex.net/react/code/sp_1.png",
            "image_mobile": "https://code.s3.yandex.net/react/code/sp_1-mobile.png",
            "image_large": "https://code.s3.yandex.net/react/code/sp_1-large.png",
            "__v": 0
        },
        {
            "_id": "61c0c5a71d1f82001bdaaa78",
            "name": "Кристаллы марсианских альфа-сахаридов",
            "type": "main",
            "proteins": 234,
            "fat": 432,
            "carbohydrates": 111,
            "calories": 189,
            "price": 762,
            "image": "https://code.s3.yandex.net/react/code/core.png",
            "image_mobile": "https://code.s3.yandex.net/react/code/core-mobile.png",
            "image_large": "https://code.s3.yandex.net/react/code/core-large.png",
            "__v": 0
        },
        {
            "_id": "61c0c5a71d1f82001bdaaa79",
            "name": "Мини-салат Экзо-Плантаго",
            "type": "main",
            "proteins": 1,
            "fat": 2,
            "carbohydrates": 3,
            "calories": 6,
            "price": 4400,
            "image": "https://code.s3.yandex.net/react/code/salad.png",
            "image_mobile": "https://code.s3.yandex.net/react/code/salad-mobile.png",
            "image_large": "https://code.s3.yandex.net/react/code/salad-large.png",
            "__v": 0
        },
        {
            "_id": "61c0c5a71d1f82001bdaaa7a",
            "name": "Сыр с астероидной плесенью",
            "type": "main",
            "proteins": 84,
            "fat": 48,
            "carbohydrates": 420,
            "calories": 3377,
            "price": 4142,
            "image": "https://code.s3.yandex.net/react/code/cheese.png",
            "image_mobile": "https://code.s3.yandex.net/react/code/cheese-mobile.png",
            "image_large": "https://code.s3.yandex.net/react/code/cheese-large.png",
            "__v": 0
        }
    ]
}
HTTP/1.1 200 OK
Server: nginx/1.24.0 (Ubuntu)
Date: Mon, 02 Feb 2026 20:03:16 GMT
Content-Type: application/json; charset=utf-8
Content-Length: 5957
Connection: keep-alive
X-Powered-By: Express
Access-Control-Allow-Origin: *
ETag: W/"1745-LHZ7D8kBZWcbCGljCoPXtjB5CeA"

{
    "success": true,
    "data": [
        {
            "_id": "61c0c5a71d1f82001bdaaa6d",
            "name": "Флюоресцентная булка R2-D3",
            "type": "bun",
            "proteins": 44,
            "fat": 26,
            "carbohydrates": 85,
            "calories": 643,
            "price": 988,
            "image": "https://code.s3.yandex.net/react/code/bun-01.png",
            "image_mobile": "https://code.s3.yandex.net/react/code/bun-01-mobile.png",
            "image_large": "https://code.s3.yandex.net/react/code/bun-01-large.png",
            "__v": 0
        },
        {
            "_id": "61c0c5a71d1f82001bdaaa6f",
            "name": "Мясо бессмертных моллюсков Protostomia",
            "type": "main",
            "proteins": 433,
            "fat": 244,
            "carbohydrates": 33,
            "calories": 420,
            "price": 1337,
            "image": "https://code.s3.yandex.net/react/code/meat-02.png",
            "image_mobile": "https://code.s3.yandex.net/react/code/meat-02-mobile.png",
            "image_large": "https://code.s3.yandex.net/react/code/meat-02-large.png",
            "__v": 0
        },
        {
            "_id": "61c0c5a71d1f82001bdaaa70",
            "name": "Говяжий метеорит (отбивная)",
            "type": "main",
            "proteins": 800,
            "fat": 800,
            "carbohydrates": 300,
            "calories": 2674,
            "price": 3000,
            "image": "https://code.s3.yandex.net/react/code/meat-04.png",
            "image_mobile": "https://code.s3.yandex.net/react/code/meat-04-mobile.png",
            "image_large": "https://code.s3.yandex.net/react/code/meat-04-large.png",
            "__v": 0
        },
        {
            "_id": "61c0c5a71d1f82001bdaaa71",
            "name": "Биокотлета из марсианской Магнолии",
            "type": "main",
            "proteins": 420,
            "fat": 142,
            "carbohydrates": 242,
            "calories": 4242,
            "price": 424,
            "image": "https://code.s3.yandex.net/react/code/meat-01.png",
            "image_mobile": "https://code.s3.yandex.net/react/code/meat-01-mobile.png",
            "image_large": "https://code.s3.yandex.net/react/code/meat-01-large.png",
            "__v": 0
        },
        {
            "_id": "61c0c5a71d1f82001bdaaa72",
            "name": "Соус Spicy-X",
            "type": "sauce",
            "proteins": 30,
            "fat": 20,
            "carbohydrates": 40,
            "calories": 30,
            "price": 90,
            "image": "https://code.s3.yandex.net/react/code/sauce-02.png",
            "image_mobile": "https://code.s3.yandex.net/react/code/sauce-02-mobile.png",
            "image_large": "https://code.s3.yandex.net/react/code/sauce-02-large.png",
            "__v": 0
        },
        {
            "_id": "61c0c5a71d1f82001bdaaa6e",
            "name": "Филе Люминесцентного тетраодонтимформа",
            "type": "main",
            "proteins": 44,
            "fat": 26,
            "carbohydrates": 85,
            "calories": 643,
            "price": 988,
            "image": "https://code.s3.yandex.net/react/code/meat-03.png",
            "image_mobile": "https://code.s3.yandex.net/react/code/meat-03-mobile.png",
            "image_large": "https://code.s3.yandex.net/react/code/meat-03-large.png",
            "__v": 0
        },
        {
            "_id": "61c0c5a71d1f82001bdaaa73",
            "name": "Соус фирменный Space Sauce",
            "type": "sauce",
            "proteins": 50,
            "fat": 22,
            "carbohydrates": 11,
            "calories": 14,
            "price": 80,
            "image": "https://code.s3.yandex.net/react/code/sauce-04.png",
            "image_mobile": "https://code.s3.yandex.net/react/code/sauce-04-mobile.png",
            "image_large": "https://code.s3.yandex.net/react/code/sauce-04-large.png",
            "__v": 0
        },
        {
            "_id": "61c0c5a71d1f82001bdaaa74",
            "name": "Соус традиционный галактический",
            "type": "sauce",
            "proteins": 42,
            "fat": 24,
            "carbohydrates": 42,
            "calories": 99,
            "price": 15,
            "image": "https://code.s3.yandex.net/react/code/sauce-03.png",
            "image_mobile": "https://code.s3.yandex.net/react/code/sauce-03-mobile.png",
            "image_large": "https://code.s3.yandex.net/react/code/sauce-03-large.png",
            "__v": 0
        },
        {
            "_id": "61c0c5a71d1f82001bdaaa6c",
            "name": "Краторная булка N-200i",
            "type": "bun",
            "proteins": 80,
            "fat": 24,
            "carbohydrates": 53,
            "calories": 420,
            "price": 1255,
            "image": "https://code.s3.yandex.net/react/code/bun-02.png",
            "image_mobile": "https://code.s3.yandex.net/react/code/bun-02-mobile.png",
            "image_large": "https://code.s3.yandex.net/react/code/bun-02-large.png",
            "__v": 0
        },
        {
            "_id": "61c0c5a71d1f82001bdaaa75",
            "name": "Соус с шипами Антарианского плоскоходца",
            "type": "sauce",
            "proteins": 101,
            "fat": 99,
            "carbohydrates": 100,
            "calories": 100,
            "price": 88,
            "image": "https://code.s3.yandex.net/react/code/sauce-01.png",
            "image_mobile": "https://code.s3.yandex.net/react/code/sauce-01-mobile.png",
            "image_large": "https://code.s3.yandex.net/react/code/sauce-01-large.png",
            "__v": 0
        },
        {
            "_id": "61c0c5a71d1f82001bdaaa76",
            "name": "Хрустящие минеральные кольца",
            "type": "main",
            "proteins": 808,
            "fat": 689,
            "carbohydrates": 609,
            "calories": 986,
            "price": 300,
            "image": "https://code.s3.yandex.net/react/code/mineral_rings.png",
            "image_mobile": "https://code.s3.yandex.net/react/code/mineral_rings-mobile.png",
            "image_large": "https://code.s3.yandex.net/react/code/mineral_rings-large.png",
            "__v": 0
        },
        {
            "_id": "61c0c5a71d1f82001bdaaa77",
            "name": "Плоды Фалленианского дерева",
            "type": "main",
            "proteins": 20,
            "fat": 5,
            "carbohydrates": 55,
            "calories": 77,
            "price": 874,
            "image": "https://code.s3.yandex.net/react/code/sp_1.png",
            "image_mobile": "https://code.s3.yandex.net/react/code/sp_1-mobile.png",
            "image_large": "https://code.s3.yandex.net/react/code/sp_1-large.png",
            "__v": 0
        },
        {
            "_id": "61c0c5a71d1f82001bdaaa78",
            "name": "Кристаллы марсианских альфа-сахаридов",
            "type": "main",
            "proteins": 234,
            "fat": 432,
            "carbohydrates": 111,
            "calories": 189,
            "price": 762,
            "image": "https://code.s3.yandex.net/react/code/core.png",
            "image_mobile": "https://code.s3.yandex.net/react/code/core-mobile.png",
            "image_large": "https://code.s3.yandex.net/react/code/core-large.png",
            "__v": 0
        },
        {
            "_id": "61c0c5a71d1f82001bdaaa79",
            "name": "Мини-салат Экзо-Плантаго",
            "type": "main",
            "proteins": 1,
            "fat": 2,
            "carbohydrates": 3,
            "calories": 6,
            "price": 4400,
            "image": "https://code.s3.yandex.net/react/code/salad.png",
            "image_mobile": "https://code.s3.yandex.net/react/code/salad-mobile.png",
            "image_large": "https://code.s3.yandex.net/react/code/salad-large.png",
            "__v": 0
        },
        {
            "_id": "61c0c5a71d1f82001bdaaa7a",
            "name": "Сыр с астероидной плесенью",
            "type": "main",
            "proteins": 84,
            "fat": 48,
            "carbohydrates": 420,
            "calories": 3377,
            "price": 4142,
            "image": "https://code.s3.yandex.net/react/code/cheese.png",
            "image_mobile": "https://code.s3.yandex.net/react/code/cheese-mobile.png",
            "image_large": "https://code.s3.yandex.net/react/code/cheese-large.png",
            "__v": 0
        }
    ]
}
HTTP/1.1 200 OK
Server: nginx/1.24.0 (Ubuntu)
Date: Mon, 02 Feb 2026 20:03:16 GMT
Content-Type: application/json; charset=utf-8
Content-Length: 5957
Connection: keep-alive
X-Powered-By: Express
Access-Control-Allow-Origin: *
ETag: W/"1745-LHZ7D8kBZWcbCGljCoPXtjB5CeA"

{
    "success": true,
    "data": [
        {
            "_id": "61c0c5a71d1f82001bdaaa6d",
            "name": "Флюоресцентная булка R2-D3",
            "type": "bun",
            "proteins": 44,
            "fat": 26,
            "carbohydrates": 85,
            "calories": 643,
            "price": 988,
            "image": "https://code.s3.yandex.net/react/code/bun-01.png",
            "image_mobile": "https://code.s3.yandex.net/react/code/bun-01-mobile.png",
            "image_large": "https://code.s3.yandex.net/react/code/bun-01-large.png",
            "__v": 0
        },
        {
            "_id": "61c0c5a71d1f82001bdaaa6f",
            "name": "Мясо бессмертных моллюсков Protostomia",
            "type": "main",
            "proteins": 433,
            "fat": 244,
            "carbohydrates": 33,
            "calories": 420,
            "price": 1337,
            "image": "https://code.s3.yandex.net/react/code/meat-02.png",
            "image_mobile": "https://code.s3.yandex.net/react/code/meat-02-mobile.png",
            "image_large": "https://code.s3.yandex.net/react/code/meat-02-large.png",
            "__v": 0
        },
        {
            "_id": "61c0c5a71d1f82001bdaaa70",
            "name": "Говяжий метеорит (отбивная)",
            "type": "main",
            "proteins": 800,
            "fat": 800,
            "carbohydrates": 300,
            "calories": 2674,
            "price": 3000,
            "image": "https://code.s3.yandex.net/react/code/meat-04.png",
            "image_mobile": "https://code.s3.yandex.net/react/code/meat-04-mobile.png",
            "image_large": "https://code.s3.yandex.net/react/code/meat-04-large.png",
            "__v": 0
        },
        {
            "_id": "61c0c5a71d1f82001bdaaa71",
            "name": "Биокотлета из марсианской Магнолии",
            "type": "main",
            "proteins": 420,
            "fat": 142,
            "carbohydrates": 242,
            "calories": 4242,
            "price": 424,
            "image": "https://code.s3.yandex.net/react/code/meat-01.png",
            "image_mobile": "https://code.s3.yandex.net/react/code/meat-01-mobile.png",
            "image_large": "https://code.s3.yandex.net/react/code/meat-01-large.png",
            "__v": 0
        },
        {
            "_id": "61c0c5a71d1f82001bdaaa72",
            "name": "Соус Spicy-X",
            "type": "sauce",
            "proteins": 30,
            "fat": 20,
            "carbohydrates": 40,
            "calories": 30,
            "price": 90,
            "image": "https://code.s3.yandex.net/react/code/sauce-02.png",
            "image_mobile": "https://code.s3.yandex.net/react/code/sauce-02-mobile.png",
            "image_large": "https://code.s3.yandex.net/react/code/sauce-02-large.png",
            "__v": 0
        },
        {
            "_id": "61c0c5a71d1f82001bdaaa6e",
            "name": "Филе Люминесцентного тетраодонтимформа",
            "type": "main",
            "proteins": 44,
            "fat": 26,
            "carbohydrates": 85,
            "calories": 643,
            "price": 988,
            "image": "https://code.s3.yandex.net/react/code/meat-03.png",
            "image_mobile": "https://code.s3.yandex.net/react/code/meat-03-mobile.png",
            "image_large": "https://code.s3.yandex.net/react/code/meat-03-large.png",
            "__v": 0
        },
        {
            "_id": "61c0c5a71d1f82001bdaaa73",
            "name": "Соус фирменный Space Sauce",
            "type": "sauce",
            "proteins": 50,
            "fat": 22,
            "carbohydrates": 11,
            "calories": 14,
            "price": 80,
            "image": "https://code.s3.yandex.net/react/code/sauce-04.png",
            "image_mobile": "https://code.s3.yandex.net/react/code/sauce-04-mobile.png",
            "image_large": "https://code.s3.yandex.net/react/code/sauce-04-large.png",
            "__v": 0
        },
        {
            "_id": "61c0c5a71d1f82001bdaaa74",
            "name": "Соус традиционный галактический",
            "type": "sauce",
            "proteins": 42,
            "fat": 24,
            "carbohydrates": 42,
            "calories": 99,
            "price": 15,
            "image": "https://code.s3.yandex.net/react/code/sauce-03.png",
            "image_mobile": "https://code.s3.yandex.net/react/code/sauce-03-mobile.png",
            "image_large": "https://code.s3.yandex.net/react/code/sauce-03-large.png",
            "__v": 0
        },
        {
            "_id": "61c0c5a71d1f82001bdaaa6c",
            "name": "Краторная булка N-200i",
            "type": "bun",
            "proteins": 80,
            "fat": 24,
            "carbohydrates": 53,
            "calories": 420,
            "price": 1255,
            "image": "https://code.s3.yandex.net/react/code/bun-02.png",
            "image_mobile": "https://code.s3.yandex.net/react/code/bun-02-mobile.png",
            "image_large": "https://code.s3.yandex.net/react/code/bun-02-large.png",
            "__v": 0
        },
        {
            "_id": "61c0c5a71d1f82001bdaaa75",
            "name": "Соус с шипами Антарианского плоскоходца",
            "type": "sauce",
            "proteins": 101,
            "fat": 99,
            "carbohydrates": 100,
            "calories": 100,
            "price": 88,
            "image": "https://code.s3.yandex.net/react/code/sauce-01.png",
            "image_mobile": "https://code.s3.yandex.net/react/code/sauce-01-mobile.png",
            "image_large": "https://code.s3.yandex.net/react/code/sauce-01-large.png",
            "__v": 0
        },
        {
            "_id": "61c0c5a71d1f82001bdaaa76",
            "name": "Хрустящие минеральные кольца",
            "type": "main",
            "proteins": 808,
            "fat": 689,
            "carbohydrates": 609,
            "calories": 986,
            "price": 300,
            "image": "https://code.s3.yandex.net/react/code/mineral_rings.png",
            "image_mobile": "https://code.s3.yandex.net/react/code/mineral_rings-mobile.png",
            "image_large": "https://code.s3.yandex.net/react/code/mineral_rings-large.png",
            "__v": 0
        },
        {
            "_id": "61c0c5a71d1f82001bdaaa77",
            "name": "Плоды Фалленианского дерева",
            "type": "main",
            "proteins": 20,
            "fat": 5,
            "carbohydrates": 55,
            "calories": 77,
            "price": 874,
            "image": "https://code.s3.yandex.net/react/code/sp_1.png",
            "image_mobile": "https://code.s3.yandex.net/react/code/sp_1-mobile.png",
            "image_large": "https://code.s3.yandex.net/react/code/sp_1-large.png",
            "__v": 0
        },
        {
            "_id": "61c0c5a71d1f82001bdaaa78",
            "name": "Кристаллы марсианских альфа-сахаридов",
            "type": "main",
            "proteins": 234,
            "fat": 432,
            "carbohydrates": 111,
            "calories": 189,
            "price": 762,
            "image": "https://code.s3.yandex.net/react/code/core.png",
            "image_mobile": "https://code.s3.yandex.net/react/code/core-mobile.png",
            "image_large": "https://code.s3.yandex.net/react/code/core-large.png",
            "__v": 0
        },
        {
            "_id": "61c0c5a71d1f82001bdaaa79",
            "name": "Мини-салат Экзо-Плантаго",
            "type": "main",
            "proteins": 1,
            "fat": 2,
            "carbohydrates": 3,
            "calories": 6,
            "price": 4400,
            "image": "https://code.s3.yandex.net/react/code/salad.png",
            "image_mobile": "https://code.s3.yandex.net/react/code/salad-mobile.png",
            "image_large": "https://code.s3.yandex.net/react/code/salad-large.png",
            "__v": 0
        },
        {
            "_id": "61c0c5a71d1f82001bdaaa7a",
            "name": "Сыр с астероидной плесенью",
            "type": "main",
            "proteins": 84,
            "fat": 48,
            "carbohydrates": 420,
            "calories": 3377,
            "price": 4142,
            "image": "https://code.s3.yandex.net/react/code/cheese.png",
            "image_mobile": "https://code.s3.yandex.net/react/code/cheese-mobile.png",
            "image_large": "https://code.s3.yandex.net/react/code/cheese-large.png",
            "__v": 0
        }
    ]
}
HTTP/1.1 200 OK
Server: nginx/1.24.0 (Ubuntu)
Date: Mon, 02 Feb 2026 20:03:16 GMT
Content-Type: application/json; charset=utf-8
Content-Length: 5957
Connection: keep-alive
X-Powered-By: Express
Access-Control-Allow-Origin: *
ETag: W/"1745-LHZ7D8kBZWcbCGljCoPXtjB5CeA"

{
    "success": true,
    "data": [
        {
            "_id": "61c0c5a71d1f82001bdaaa6d",
            "name": "Флюоресцентная булка R2-D3",
            "type": "bun",
            "proteins": 44,
            "fat": 26,
            "carbohydrates": 85,
            "calories": 643,
            "price": 988,
            "image": "https://code.s3.yandex.net/react/code/bun-01.png",
            "image_mobile": "https://code.s3.yandex.net/react/code/bun-01-mobile.png",
            "image_large": "https://code.s3.yandex.net/react/code/bun-01-large.png",
            "__v": 0
        },
        {
            "_id": "61c0c5a71d1f82001bdaaa6f",
            "name": "Мясо бессмертных моллюсков Protostomia",
            "type": "main",
            "proteins": 433,
            "fat": 244,
            "carbohydrates": 33,
            "calories": 420,
            "price": 1337,
            "image": "https://code.s3.yandex.net/react/code/meat-02.png",
            "image_mobile": "https://code.s3.yandex.net/react/code/meat-02-mobile.png",
            "image_large": "https://code.s3.yandex.net/react/code/meat-02-large.png",
            "__v": 0
        },
        {
            "_id": "61c0c5a71d1f82001bdaaa70",
            "name": "Говяжий метеорит (отбивная)",
            "type": "main",
            "proteins": 800,
            "fat": 800,
            "carbohydrates": 300,
            "calories": 2674,
            "price": 3000,
            "image": "https://code.s3.yandex.net/react/code/meat-04.png",
            "image_mobile": "https://code.s3.yandex.net/react/code/meat-04-mobile.png",
            "image_large": "https://code.s3.yandex.net/react/code/meat-04-large.png",
            "__v": 0
        },
        {
            "_id": "61c0c5a71d1f82001bdaaa71",
            "name": "Биокотлета из марсианской Магнолии",
            "type": "main",
            "proteins": 420,
            "fat": 142,
            "carbohydrates": 242,
            "calories": 4242,
            "price": 424,
            "image": "https://code.s3.yandex.net/react/code/meat-01.png",
            "image_mobile": "https://code.s3.yandex.net/react/code/meat-01-mobile.png",
            "image_large": "https://code.s3.yandex.net/react/code/meat-01-large.png",
            "__v": 0
        },
        {
            "_id": "61c0c5a71d1f82001bdaaa72",
            "name": "Соус Spicy-X",
            "type": "sauce",
            "proteins": 30,
            "fat": 20,
            "carbohydrates": 40,
            "calories": 30,
            "price": 90,
            "image": "https://code.s3.yandex.net/react/code/sauce-02.png",
            "image_mobile": "https://code.s3.yandex.net/react/code/sauce-02-mobile.png",
            "image_large": "https://code.s3.yandex.net/react/code/sauce-02-large.png",
            "__v": 0
        },
        {
            "_id": "61c0c5a71d1f82001bdaaa6e",
            "name": "Филе Люминесцентного тетраодонтимформа",
            "type": "main",
            "proteins": 44,
            "fat": 26,
            "carbohydrates": 85,
            "calories": 643,
            "price": 988,
            "image": "https://code.s3.yandex.net/react/code/meat-03.png",
            "image_mobile": "https://code.s3.yandex.net/react/code/meat-03-mobile.png",
            "image_large": "https://code.s3.yandex.net/react/code/meat-03-large.png",
            "__v": 0
        },
        {
            "_id": "61c0c5a71d1f82001bdaaa73",
            "name": "Соус фирменный Space Sauce",
            "type": "sauce",
            "proteins": 50,
            "fat": 22,
            "carbohydrates": 11,
            "calories": 14,
            "price": 80,
            "image": "https://code.s3.yandex.net/react/code/sauce-04.png",
            "image_mobile": "https://code.s3.yandex.net/react/code/sauce-04-mobile.png",
            "image_large": "https://code.s3.yandex.net/react/code/sauce-04-large.png",
            "__v": 0
        },
        {
            "_id": "61c0c5a71d1f82001bdaaa74",
            "name": "Соус традиционный галактический",
            "type": "sauce",
            "proteins": 42,
            "fat": 24,
            "carbohydrates": 42,
            "calories": 99,
            "price": 15,
            "image": "https://code.s3.yandex.net/react/code/sauce-03.png",
            "image_mobile": "https://code.s3.yandex.net/react/code/sauce-03-mobile.png",
            "image_large": "https://code.s3.yandex.net/react/code/sauce-03-large.png",
            "__v": 0
        },
        {
            "_id": "61c0c5a71d1f82001bdaaa6c",
            "name": "Краторная булка N-200i",
            "type": "bun",
            "proteins": 80,
            "fat": 24,
            "carbohydrates": 53,
            "calories": 420,
            "price": 1255,
            "image": "https://code.s3.yandex.net/react/code/bun-02.png",
            "image_mobile": "https://code.s3.yandex.net/react/code/bun-02-mobile.png",
            "image_large": "https://code.s3.yandex.net/react/code/bun-02-large.png",
            "__v": 0
        },
        {
            "_id": "61c0c5a71d1f82001bdaaa75",
            "name": "Соус с шипами Антарианского плоскоходца",
            "type": "sauce",
            "proteins": 101,
            "fat": 99,
            "carbohydrates": 100,
            "calories": 100,
            "price": 88,
            "image": "https://code.s3.yandex.net/react/code/sauce-01.png",
            "image_mobile": "https://code.s3.yandex.net/react/code/sauce-01-mobile.png",
            "image_large": "https://code.s3.yandex.net/react/code/sauce-01-large.png",
            "__v": 0
        },
        {
            "_id": "61c0c5a71d1f82001bdaaa76",
            "name": "Хрустящие минеральные кольца",
            "type": "main",
            "proteins": 808,
            "fat": 689,
            "carbohydrates": 609,
            "calories": 986,
            "price": 300,
            "image": "https://code.s3.yandex.net/react/code/mineral_rings.png",
            "image_mobile": "https://code.s3.yandex.net/react/code/mineral_rings-mobile.png",
            "image_large": "https://code.s3.yandex.net/react/code/mineral_rings-large.png",
            "__v": 0
        },
        {
            "_id": "61c0c5a71d1f82001bdaaa77",
            "name": "Плоды Фалленианского дерева",
            "type": "main",
            "proteins": 20,
            "fat": 5,
            "carbohydrates": 55,
            "calories": 77,
            "price": 874,
            "image": "https://code.s3.yandex.net/react/code/sp_1.png",
            "image_mobile": "https://code.s3.yandex.net/react/code/sp_1-mobile.png",
            "image_large": "https://code.s3.yandex.net/react/code/sp_1-large.png",
            "__v": 0
        },
        {
            "_id": "61c0c5a71d1f82001bdaaa78",
            "name": "Кристаллы марсианских альфа-сахаридов",
            "type": "main",
            "proteins": 234,
            "fat": 432,
            "carbohydrates": 111,
            "calories": 189,
            "price": 762,
            "image": "https://code.s3.yandex.net/react/code/core.png",
            "image_mobile": "https://code.s3.yandex.net/react/code/core-mobile.png",
            "image_large": "https://code.s3.yandex.net/react/code/core-large.png",
            "__v": 0
        },
        {
            "_id": "61c0c5a71d1f82001bdaaa79",
            "name": "Мини-салат Экзо-Плантаго",
            "type": "main",
            "proteins": 1,
            "fat": 2,
            "carbohydrates": 3,
            "calories": 6,
            "price": 4400,
            "image": "https://code.s3.yandex.net/react/code/salad.png",
            "image_mobile": "https://code.s3.yandex.net/react/code/salad-mobile.png",
            "image_large": "https://code.s3.yandex.net/react/code/salad-large.png",
            "__v": 0
        },
        {
            "_id": "61c0c5a71d1f82001bdaaa7a",
            "name": "Сыр с астероидной плесенью",
            "type": "main",
            "proteins": 84,
            "fat": 48,
            "carbohydrates": 420,
            "calories": 3377,
            "price": 4142,
            "image": "https://code.s3.yandex.net/react/code/cheese.png",
            "image_mobile": "https://code.s3.yandex.net/react/code/cheese-mobile.png",
            "image_large": "https://code.s3.yandex.net/react/code/cheese-large.png",
            "__v": 0
        }
    ]
}
HTTP/1.1 200 OK
Server: nginx/1.24.0 (Ubuntu)
Date: Mon, 02 Feb 2026 20:03:16 GMT
Content-Type: application/json; charset=utf-8
Content-Length: 5957
Connection: keep-alive
X-Powered-By: Express
Access-Control-Allow-Origin: *
ETag: W/"1745-LHZ7D8kBZWcbCGljCoPXtjB5CeA"

{
    "success": true,
    "data": [
        {
            "_id": "61c0c5a71d1f82001bdaaa6d",
            "name": "Флюоресцентная булка R2-D3",
            "type": "bun",
            "proteins": 44,
            "fat": 26,
            "carbohydrates": 85,
            "calories": 643,
            "price": 988,
            "image": "https://code.s3.yandex.net/react/code/bun-01.png",
            "image_mobile": "https://code.s3.yandex.net/react/code/bun-01-mobile.png",
            "image_large": "https://code.s3.yandex.net/react/code/bun-01-large.png",
            "__v": 0
        },
        {
            "_id": "61c0c5a71d1f82001bdaaa6f",
            "name": "Мясо бессмертных моллюсков Protostomia",
            "type": "main",
            "proteins": 433,
            "fat": 244,
            "carbohydrates": 33,
            "calories": 420,
            "price": 1337,
            "image": "https://code.s3.yandex.net/react/code/meat-02.png",
            "image_mobile": "https://code.s3.yandex.net/react/code/meat-02-mobile.png",
            "image_large": "https://code.s3.yandex.net/react/code/meat-02-large.png",
            "__v": 0
        },
        {
            "_id": "61c0c5a71d1f82001bdaaa70",
            "name": "Говяжий метеорит (отбивная)",
            "type": "main",
            "proteins": 800,
            "fat": 800,
            "carbohydrates": 300,
            "calories": 2674,
            "price": 3000,
            "image": "https://code.s3.yandex.net/react/code/meat-04.png",
            "image_mobile": "https://code.s3.yandex.net/react/code/meat-04-mobile.png",
            "image_large": "https://code.s3.yandex.net/react/code/meat-04-large.png",
            "__v": 0
        },
        {
            "_id": "61c0c5a71d1f82001bdaaa71",
            "name": "Биокотлета из марсианской Магнолии",
            "type": "main",
            "proteins": 420,
            "fat": 142,
            "carbohydrates": 242,
            "calories": 4242,
            "price": 424,
            "image": "https://code.s3.yandex.net/react/code/meat-01.png",
            "image_mobile": "https://code.s3.yandex.net/react/code/meat-01-mobile.png",
            "image_large": "https://code.s3.yandex.net/react/code/meat-01-large.png",
            "__v": 0
        },
        {
            "_id": "61c0c5a71d1f82001bdaaa72",
            "name": "Соус Spicy-X",
            "type": "sauce",
            "proteins": 30,
            "fat": 20,
            "carbohydrates": 40,
            "calories": 30,
            "price": 90,
            "image": "https://code.s3.yandex.net/react/code/sauce-02.png",
            "image_mobile": "https://code.s3.yandex.net/react/code/sauce-02-mobile.png",
            "image_large": "https://code.s3.yandex.net/react/code/sauce-02-large.png",
            "__v": 0
        },
        {
            "_id": "61c0c5a71d1f82001bdaaa6e",
            "name": "Филе Люминесцентного тетраодонтимформа",
            "type": "main",
            "proteins": 44,
            "fat": 26,
            "carbohydrates": 85,
            "calories": 643,
            "price": 988,
            "image": "https://code.s3.yandex.net/react/code/meat-03.png",
            "image_mobile": "https://code.s3.yandex.net/react/code/meat-03-mobile.png",
            "image_large": "https://code.s3.yandex.net/react/code/meat-03-large.png",
            "__v": 0
        },
        {
            "_id": "61c0c5a71d1f82001bdaaa73",
            "name": "Соус фирменный Space Sauce",
            "type": "sauce",
            "proteins": 50,
            "fat": 22,
            "carbohydrates": 11,
            "calories": 14,
            "price": 80,
            "image": "https://code.s3.yandex.net/react/code/sauce-04.png",
            "image_mobile": "https://code.s3.yandex.net/react/code/sauce-04-mobile.png",
            "image_large": "https://code.s3.yandex.net/react/code/sauce-04-large.png",
            "__v": 0
        },
        {
            "_id": "61c0c5a71d1f82001bdaaa74",
            "name": "Соус традиционный галактический",
            "type": "sauce",
            "proteins": 42,
            "fat": 24,
            "carbohydrates": 42,
            "calories": 99,
            "price": 15,
            "image": "https://code.s3.yandex.net/react/code/sauce-03.png",
            "image_mobile": "https://code.s3.yandex.net/react/code/sauce-03-mobile.png",
            "image_large": "https://code.s3.yandex.net/react/code/sauce-03-large.png",
            "__v": 0
        },
        {
            "_id": "61c0c5a71d1f82001bdaaa6c",
            "name": "Краторная булка N-200i",
            "type": "bun",
            "proteins": 80,
            "fat": 24,
            "carbohydrates": 53,
            "calories": 420,
            "price": 1255,
            "image": "https://code.s3.yandex.net/react/code/bun-02.png",
            "image_mobile": "https://code.s3.yandex.net/react/code/bun-02-mobile.png",
            "image_large": "https://code.s3.yandex.net/react/code/bun-02-large.png",
            "__v": 0
        },
        {
            "_id": "61c0c5a71d1f82001bdaaa75",
            "name": "Соус с шипами Антарианского плоскоходца",
            "type": "sauce",
            "proteins": 101,
            "fat": 99,
            "carbohydrates": 100,
            "calories": 100,
            "price": 88,
            "image": "https://code.s3.yandex.net/react/code/sauce-01.png",
            "image_mobile": "https://code.s3.yandex.net/react/code/sauce-01-mobile.png",
            "image_large": "https://code.s3.yandex.net/react/code/sauce-01-large.png",
            "__v": 0
        },
        {
            "_id": "61c0c5a71d1f82001bdaaa76",
            "name": "Хрустящие минеральные кольца",
            "type": "main",
            "proteins": 808,
            "fat": 689,
            "carbohydrates": 609,
            "calories": 986,
            "price": 300,
            "image": "https://code.s3.yandex.net/react/code/mineral_rings.png",
            "image_mobile": "https://code.s3.yandex.net/react/code/mineral_rings-mobile.png",
            "image_large": "https://code.s3.yandex.net/react/code/mineral_rings-large.png",
            "__v": 0
        },
        {
            "_id": "61c0c5a71d1f82001bdaaa77",
            "name": "Плоды Фалленианского дерева",
            "type": "main",
            "proteins": 20,
            "fat": 5,
            "carbohydrates": 55,
            "calories": 77,
            "price": 874,
            "image": "https://code.s3.yandex.net/react/code/sp_1.png",
            "image_mobile": "https://code.s3.yandex.net/react/code/sp_1-mobile.png",
            "image_large": "https://code.s3.yandex.net/react/code/sp_1-large.png",
            "__v": 0
        },
        {
            "_id": "61c0c5a71d1f82001bdaaa78",
            "name": "Кристаллы марсианских альфа-сахаридов",
            "type": "main",
            "proteins": 234,
            "fat": 432,
            "carbohydrates": 111,
            "calories": 189,
            "price": 762,
            "image": "https://code.s3.yandex.net/react/code/core.png",
            "image_mobile": "https://code.s3.yandex.net/react/code/core-mobile.png",
            "image_large": "https://code.s3.yandex.net/react/code/core-large.png",
            "__v": 0
        },
        {
            "_id": "61c0c5a71d1f82001bdaaa79",
            "name": "Мини-салат Экзо-Плантаго",
            "type": "main",
            "proteins": 1,
            "fat": 2,
            "carbohydrates": 3,
            "calories": 6,
            "price": 4400,
            "image": "https://code.s3.yandex.net/react/code/salad.png",
            "image_mobile": "https://code.s3.yandex.net/react/code/salad-mobile.png",
            "image_large": "https://code.s3.yandex.net/react/code/salad-large.png",
            "__v": 0
        },
        {
            "_id": "61c0c5a71d1f82001bdaaa7a",
            "name": "Сыр с астероидной плесенью",
            "type": "main",
            "proteins": 84,
            "fat": 48,
            "carbohydrates": 420,
            "calories": 3377,
            "price": 4142,
            "image": "https://code.s3.yandex.net/react/code/cheese.png",
            "image_mobile": "https://code.s3.yandex.net/react/code/cheese-mobile.png",
            "image_large": "https://code.s3.yandex.net/react/code/cheese-large.png",
            "__v": 0
        }
    ]
}
HTTP/1.1 200 OK
Server: nginx/1.24.0 (Ubuntu)
Date: Mon, 02 Feb 2026 20:03:16 GMT
Content-Type: application/json; charset=utf-8
Content-Length: 5957
Connection: keep-alive
X-Powered-By: Express
Access-Control-Allow-Origin: *
ETag: W/"1745-LHZ7D8kBZWcbCGljCoPXtjB5CeA"

{
    "success": true,
    "data": [
        {
            "_id": "61c0c5a71d1f82001bdaaa6d",
            "name": "Флюоресцентная булка R2-D3",
            "type": "bun",
            "proteins": 44,
            "fat": 26,
            "carbohydrates": 85,
            "calories": 643,
            "price": 988,
            "image": "https://code.s3.yandex.net/react/code/bun-01.png",
            "image_mobile": "https://code.s3.yandex.net/react/code/bun-01-mobile.png",
            "image_large": "https://code.s3.yandex.net/react/code/bun-01-large.png",
            "__v": 0
        },
        {
            "_id": "61c0c5a71d1f82001bdaaa6f",
            "name": "Мясо бессмертных моллюсков Protostomia",
            "type": "main",
            "proteins": 433,
            "fat": 244,
            "carbohydrates": 33,
            "calories": 420,
            "price": 1337,
            "image": "https://code.s3.yandex.net/react/code/meat-02.png",
            "image_mobile": "https://code.s3.yandex.net/react/code/meat-02-mobile.png",
            "image_large": "https://code.s3.yandex.net/react/code/meat-02-large.png",
            "__v": 0
        },
        {
            "_id": "61c0c5a71d1f82001bdaaa70",
            "name": "Говяжий метеорит (отбивная)",
            "type": "main",
            "proteins": 800,
            "fat": 800,
            "carbohydrates": 300,
            "calories": 2674,
            "price": 3000,
            "image": "https://code.s3.yandex.net/react/code/meat-04.png",
            "image_mobile": "https://code.s3.yandex.net/react/code/meat-04-mobile.png",
            "image_large": "https://code.s3.yandex.net/react/code/meat-04-large.png",
            "__v": 0
        },
        {
            "_id": "61c0c5a71d1f82001bdaaa71",
            "name": "Биокотлета из марсианской Магнолии",
            "type": "main",
            "proteins": 420,
            "fat": 142,
            "carbohydrates": 242,
            "calories": 4242,
            "price": 424,
            "image": "https://code.s3.yandex.net/react/code/meat-01.png",
            "image_mobile": "https://code.s3.yandex.net/react/code/meat-01-mobile.png",
            "image_large": "https://code.s3.yandex.net/react/code/meat-01-large.png",
            "__v": 0
        },
        {
            "_id": "61c0c5a71d1f82001bdaaa72",
            "name": "Соус Spicy-X",
            "type": "sauce",
            "proteins": 30,
            "fat": 20,
            "carbohydrates": 40,
            "calories": 30,
            "price": 90,
            "image": "https://code.s3.yandex.net/react/code/sauce-02.png",
            "image_mobile": "https://code.s3.yandex.net/react/code/sauce-02-mobile.png",
            "image_large": "https://code.s3.yandex.net/react/code/sauce-02-large.png",
            "__v": 0
        },
        {
            "_id": "61c0c5a71d1f82001bdaaa6e",
            "name": "Филе Люминесцентного тетраодонтимформа",
            "type": "main",
            "proteins": 44,
            "fat": 26,
            "carbohydrates": 85,
            "calories": 643,
            "price": 988,
            "image": "https://code.s3.yandex.net/react/code/meat-03.png",
            "image_mobile": "https://code.s3.yandex.net/react/code/meat-03-mobile.png",
            "image_large": "https://code.s3.yandex.net/react/code/meat-03-large.png",
            "__v": 0
        },
        {
            "_id": "61c0c5a71d1f82001bdaaa73",
            "name": "Соус фирменный Space Sauce",
            "type": "sauce",
            "proteins": 50,
            "fat": 22,
            "carbohydrates": 11,
            "calories": 14,
            "price": 80,
            "image": "https://code.s3.yandex.net/react/code/sauce-04.png",
            "image_mobile": "https://code.s3.yandex.net/react/code/sauce-04-mobile.png",
            "image_large": "https://code.s3.yandex.net/react/code/sauce-04-large.png",
            "__v": 0
        },
        {
            "_id": "61c0c5a71d1f82001bdaaa74",
            "name": "Соус традиционный галактический",
            "type": "sauce",
            "proteins": 42,
            "fat": 24,
            "carbohydrates": 42,
            "calories": 99,
            "price": 15,
            "image": "https://code.s3.yandex.net/react/code/sauce-03.png",
            "image_mobile": "https://code.s3.yandex.net/react/code/sauce-03-mobile.png",
            "image_large": "https://code.s3.yandex.net/react/code/sauce-03-large.png",
            "__v": 0
        },
        {
            "_id": "61c0c5a71d1f82001bdaaa6c",
            "name": "Краторная булка N-200i",
            "type": "bun",
            "proteins": 80,
            "fat": 24,
            "carbohydrates": 53,
            "calories": 420,
            "price": 1255,
            "image": "https://code.s3.yandex.net/react/code/bun-02.png",
            "image_mobile": "https://code.s3.yandex.net/react/code/bun-02-mobile.png",
            "image_large": "https://code.s3.yandex.net/react/code/bun-02-large.png",
            "__v": 0
        },
        {
            "_id": "61c0c5a71d1f82001bdaaa75",
            "name": "Соус с шипами Антарианского плоскоходца",
            "type": "sauce",
            "proteins": 101,
            "fat": 99,
            "carbohydrates": 100,
            "calories": 100,
            "price": 88,
            "image": "https://code.s3.yandex.net/react/code/sauce-01.png",
            "image_mobile": "https://code.s3.yandex.net/react/code/sauce-01-mobile.png",
            "image_large": "https://code.s3.yandex.net/react/code/sauce-01-large.png",
            "__v": 0
        },
        {
            "_id": "61c0c5a71d1f82001bdaaa76",
            "name": "Хрустящие минеральные кольца",
            "type": "main",
            "proteins": 808,
            "fat": 689,
            "carbohydrates": 609,
            "calories": 986,
            "price": 300,
            "image": "https://code.s3.yandex.net/react/code/mineral_rings.png",
            "image_mobile": "https://code.s3.yandex.net/react/code/mineral_rings-mobile.png",
            "image_large": "https://code.s3.yandex.net/react/code/mineral_rings-large.png",
            "__v": 0
        },
        {
            "_id": "61c0c5a71d1f82001bdaaa77",
            "name": "Плоды Фалленианского дерева",
            "type": "main",
            "proteins": 20,
            "fat": 5,
            "carbohydrates": 55,
            "calories": 77,
            "price": 874,
            "image": "https://code.s3.yandex.net/react/code/sp_1.png",
            "image_mobile": "https://code.s3.yandex.net/react/code/sp_1-mobile.png",
            "image_large": "https://code.s3.yandex.net/react/code/sp_1-large.png",
            "__v": 0
        },
        {
            "_id": "61c0c5a71d1f82001bdaaa78",
            "name": "Кристаллы марсианских альфа-сахаридов",
            "type": "main",
            "proteins": 234,
            "fat": 432,
            "carbohydrates": 111,
            "calories": 189,
            "price": 762,
            "image": "https://code.s3.yandex.net/react/code/core.png",
            "image_mobile": "https://code.s3.yandex.net/react/code/core-mobile.png",
            "image_large": "https://code.s3.yandex.net/react/code/core-large.png",
            "__v": 0
        },
        {
            "_id": "61c0c5a71d1f82001bdaaa79",
            "name": "Мини-салат Экзо-Плантаго",
            "type": "main",
            "proteins": 1,
            "fat": 2,
            "carbohydrates": 3,
            "calories": 6,
            "price": 4400,
            "image": "https://code.s3.yandex.net/react/code/salad.png",
            "image_mobile": "https://code.s3.yandex.net/react/code/salad-mobile.png",
            "image_large": "https://code.s3.yandex.net/react/code/salad-large.png",
            "__v": 0
        },
        {
            "_id": "61c0c5a71d1f82001bdaaa7a",
            "name": "Сыр с астероидной плесенью",
            "type": "main",
            "proteins": 84,
            "fat": 48,
            "carbohydrates": 420,
            "calories": 3377,
            "price": 4142,
            "image": "https://code.s3.yandex.net/react/code/cheese.png",
            "image_mobile": "https://code.s3.yandex.net/react/code/cheese-mobile.png",
            "image_large": "https://code.s3.yandex.net/react/code/cheese-large.png",
            "__v": 0
        }
    ]
}
HTTP/1.1 200 OK
Server: nginx/1.24.0 (Ubuntu)
Date: Mon, 02 Feb 2026 20:03:16 GMT
Content-Type: application/json; charset=utf-8
Content-Length: 5957
Connection: keep-alive
X-Powered-By: Express
Access-Control-Allow-Origin: *
ETag: W/"1745-LHZ7D8kBZWcbCGljCoPXtjB5CeA"

{
    "success": true,
    "data": [
        {
            "_id": "61c0c5a71d1f82001bdaaa6d",
            "name": "Флюоресцентная булка R2-D3",
            "type": "bun",
            "proteins": 44,
            "fat": 26,
            "carbohydrates": 85,
            "calories": 643,
            "price": 988,
            "image": "https://code.s3.yandex.net/react/code/bun-01.png",
            "image_mobile": "https://code.s3.yandex.net/react/code/bun-01-mobile.png",
            "image_large": "https://code.s3.yandex.net/react/code/bun-01-large.png",
            "__v": 0
        },
        {
            "_id": "61c0c5a71d1f82001bdaaa6f",
            "name": "Мясо бессмертных моллюсков Protostomia",
            "type": "main",
            "proteins": 433,
            "fat": 244,
            "carbohydrates": 33,
            "calories": 420,
            "price": 1337,
            "image": "https://code.s3.yandex.net/react/code/meat-02.png",
            "image_mobile": "https://code.s3.yandex.net/react/code/meat-02-mobile.png",
            "image_large": "https://code.s3.yandex.net/react/code/meat-02-large.png",
            "__v": 0
        },
        {
            "_id": "61c0c5a71d1f82001bdaaa70",
            "name": "Говяжий метеорит (отбивная)",
            "type": "main",
            "proteins": 800,
            "fat": 800,
            "carbohydrates": 300,
            "calories": 2674,
            "price": 3000,
            "image": "https://code.s3.yandex.net/react/code/meat-04.png",
            "image_mobile": "https://code.s3.yandex.net/react/code/meat-04-mobile.png",
            "image_large": "https://code.s3.yandex.net/react/code/meat-04-large.png",
            "__v": 0
        },
        {
            "_id": "61c0c5a71d1f82001bdaaa71",
            "name": "Биокотлета из марсианской Магнолии",
            "type": "main",
            "proteins": 420,
            "fat": 142,
            "carbohydrates": 242,
            "calories": 4242,
            "price": 424,
            "image": "https://code.s3.yandex.net/react/code/meat-01.png",
            "image_mobile": "https://code.s3.yandex.net/react/code/meat-01-mobile.png",
            "image_large": "https://code.s3.yandex.net/react/code/meat-01-large.png",
            "__v": 0
        },
        {
            "_id": "61c0c5a71d1f82001bdaaa72",
            "name": "Соус Spicy-X",
            "type": "sauce",
            "proteins": 30,
            "fat": 20,
            "carbohydrates": 40,
            "calories": 30,
            "price": 90,
            "image": "https://code.s3.yandex.net/react/code/sauce-02.png",
            "image_mobile": "https://code.s3.yandex.net/react/code/sauce-02-mobile.png",
            "image_large": "https://code.s3.yandex.net/react/code/sauce-02-large.png",
            "__v": 0
        },
        {
            "_id": "61c0c5a71d1f82001bdaaa6e",
            "name": "Филе Люминесцентного тетраодонтимформа",
            "type": "main",
            "proteins": 44,
            "fat": 26,
            "carbohydrates": 85,
            "calories": 643,
            "price": 988,
            "image": "https://code.s3.yandex.net/react/code/meat-03.png",
            "image_mobile": "https://code.s3.yandex.net/react/code/meat-03-mobile.png",
            "image_large": "https://code.s3.yandex.net/react/code/meat-03-large.png",
            "__v": 0
        },
        {
            "_id": "61c0c5a71d1f82001bdaaa73",
            "name": "Соус фирменный Space Sauce",
            "type": "sauce",
            "proteins": 50,
            "fat": 22,
            "carbohydrates": 11,
            "calories": 14,
            "price": 80,
            "image": "https://code.s3.yandex.net/react/code/sauce-04.png",
            "image_mobile": "https://code.s3.yandex.net/react/code/sauce-04-mobile.png",
            "image_large": "https://code.s3.yandex.net/react/code/sauce-04-large.png",
            "__v": 0
        },
        {
            "_id": "61c0c5a71d1f82001bdaaa74",
            "name": "Соус традиционный галактический",
            "type": "sauce",
            "proteins": 42,
            "fat": 24,
            "carbohydrates": 42,
            "calories": 99,
            "price": 15,
            "image": "https://code.s3.yandex.net/react/code/sauce-03.png",
            "image_mobile": "https://code.s3.yandex.net/react/code/sauce-03-mobile.png",
            "image_large": "https://code.s3.yandex.net/react/code/sauce-03-large.png",
            "__v": 0
        },
        {
            "_id": "61c0c5a71d1f82001bdaaa6c",
            "name": "Краторная булка N-200i",
            "type": "bun",
            "proteins": 80,
            "fat": 24,
            "carbohydrates": 53,
            "calories": 420,
            "price": 1255,
            "image": "https://code.s3.yandex.net/react/code/bun-02.png",
            "image_mobile": "https://code.s3.yandex.net/react/code/bun-02-mobile.png",
            "image_large": "https://code.s3.yandex.net/react/code/bun-02-large.png",
            "__v": 0
        },
        {
            "_id": "61c0c5a71d1f82001bdaaa75",
            "name": "Соус с шипами Антарианского плоскоходца",
            "type": "sauce",
            "proteins": 101,
            "fat": 99,
            "carbohydrates": 100,
            "calories": 100,
            "price": 88,
            "image": "https://code.s3.yandex.net/react/code/sauce-01.png",
            "image_mobile": "https://code.s3.yandex.net/react/code/sauce-01-mobile.png",
            "image_large": "https://code.s3.yandex.net/react/code/sauce-01-large.png",
            "__v": 0
        },
        {
            "_id": "61c0c5a71d1f82001bdaaa76",
            "name": "Хрустящие минеральные кольца",
            "type": "main",
            "proteins": 808,
            "fat": 689,
            "carbohydrates": 609,
            "calories": 986,
            "price": 300,
            "image": "https://code.s3.yandex.net/react/code/mineral_rings.png",
            "image_mobile": "https://code.s3.yandex.net/react/code/mineral_rings-mobile.png",
            "image_large": "https://code.s3.yandex.net/react/code/mineral_rings-large.png",
            "__v": 0
        },
        {
            "_id": "61c0c5a71d1f82001bdaaa77",
            "name": "Плоды Фалленианского дерева",
            "type": "main",
            "proteins": 20,
            "fat": 5,
            "carbohydrates": 55,
            "calories": 77,
            "price": 874,
            "image": "https://code.s3.yandex.net/react/code/sp_1.png",
            "image_mobile": "https://code.s3.yandex.net/react/code/sp_1-mobile.png",
            "image_large": "https://code.s3.yandex.net/react/code/sp_1-large.png",
            "__v": 0
        },
        {
            "_id": "61c0c5a71d1f82001bdaaa78",
            "name": "Кристаллы марсианских альфа-сахаридов",
            "type": "main",
            "proteins": 234,
            "fat": 432,
            "carbohydrates": 111,
            "calories": 189,
            "price": 762,
            "image": "https://code.s3.yandex.net/react/code/core.png",
            "image_mobile": "https://code.s3.yandex.net/react/code/core-mobile.png",
            "image_large": "https://code.s3.yandex.net/react/code/core-large.png",
            "__v": 0
        },
        {
            "_id": "61c0c5a71d1f82001bdaaa79",
            "name": "Мини-салат Экзо-Плантаго",
            "type": "main",
            "proteins": 1,
            "fat": 2,
            "carbohydrates": 3,
            "calories": 6,
            "price": 4400,
            "image": "https://code.s3.yandex.net/react/code/salad.png",
            "image_mobile": "https://code.s3.yandex.net/react/code/salad-mobile.png",
            "image_large": "https://code.s3.yandex.net/react/code/salad-large.png",
            "__v": 0
        },
        {
            "_id": "61c0c5a71d1f82001bdaaa7a",
            "name": "Сыр с астероидной плесенью",
            "type": "main",
            "proteins": 84,
            "fat": 48,
            "carbohydrates": 420,
            "calories": 3377,
            "price": 4142,
            "image": "https://code.s3.yandex.net/react/code/cheese.png",
            "image_mobile": "https://code.s3.yandex.net/react/code/cheese-mobile.png",
            "image_large": "https://code.s3.yandex.net/react/code/cheese-large.png",
            "__v": 0
        }
    ]
}
HTTP/1.1 200 OK
Server: nginx/1.24.0 (Ubuntu)
Date: Mon, 02 Feb 2026 20:03:16 GMT
Content-Type: application/json; charset=utf-8
Content-Length: 5957
Connection: keep-alive
X-Powered-By: Express
Access-Control-Allow-Origin: *
ETag: W/"1745-LHZ7D8kBZWcbCGljCoPXtjB5CeA"

{
    "success": true,
    "data": [
        {
            "_id": "61c0c5a71d1f82001bdaaa6d",
            "name": "Флюоресцентная булка R2-D3",
            "type": "bun",
            "proteins": 44,
            "fat": 26,
            "carbohydrates": 85,
            "calories": 643,
            "price": 988,
            "image": "https://code.s3.yandex.net/react/code/bun-01.png",
            "image_mobile": "https://code.s3.yandex.net/react/code/bun-01-mobile.png",
            "image_large": "https://code.s3.yandex.net/react/code/bun-01-large.png",
            "__v": 0
        },
        {
            "_id": "61c0c5a71d1f82001bdaaa6f",
            "name": "Мясо бессмертных моллюсков Protostomia",
            "type": "main",
            "proteins": 433,
            "fat": 244,
            "carbohydrates": 33,
            "calories": 420,
            "price": 1337,
            "image": "https://code.s3.yandex.net/react/code/meat-02.png",
            "image_mobile": "https://code.s3.yandex.net/react/code/meat-02-mobile.png",
            "image_large": "https://code.s3.yandex.net/react/code/meat-02-large.png",
            "__v": 0
        },
        {
            "_id": "61c0c5a71d1f82001bdaaa70",
            "name": "Говяжий метеорит (отбивная)",
            "type": "main",
            "proteins": 800,
            "fat": 800,
            "carbohydrates": 300,
            "calories": 2674,
            "price": 3000,
            "image": "https://code.s3.yandex.net/react/code/meat-04.png",
            "image_mobile": "https://code.s3.yandex.net/react/code/meat-04-mobile.png",
            "image_large": "https://code.s3.yandex.net/react/code/meat-04-large.png",
            "__v": 0
        },
        {
            "_id": "61c0c5a71d1f82001bdaaa71",
            "name": "Биокотлета из марсианской Магнолии",
            "type": "main",
            "proteins": 420,
            "fat": 142,
            "carbohydrates": 242,
            "calories": 4242,
            "price": 424,
            "image": "https://code.s3.yandex.net/react/code/meat-01.png",
            "image_mobile": "https://code.s3.yandex.net/react/code/meat-01-mobile.png",
            "image_large": "https://code.s3.yandex.net/react/code/meat-01-large.png",
            "__v": 0
        },
        {
            "_id": "61c0c5a71d1f82001bdaaa72",
            "name": "Соус Spicy-X",
            "type": "sauce",
            "proteins": 30,
            "fat": 20,
            "carbohydrates": 40,
            "calories": 30,
            "price": 90,
            "image": "https://code.s3.yandex.net/react/code/sauce-02.png",
            "image_mobile": "https://code.s3.yandex.net/react/code/sauce-02-mobile.png",
            "image_large": "https://code.s3.yandex.net/react/code/sauce-02-large.png",
            "__v": 0
        },
        {
            "_id": "61c0c5a71d1f82001bdaaa6e",
            "name": "Филе Люминесцентного тетраодонтимформа",
            "type": "main",
            "proteins": 44,
            "fat": 26,
            "carbohydrates": 85,
            "calories": 643,
            "price": 988,
            "image": "https://code.s3.yandex.net/react/code/meat-03.png",
            "image_mobile": "https://code.s3.yandex.net/react/code/meat-03-mobile.png",
            "image_large": "https://code.s3.yandex.net/react/code/meat-03-large.png",
            "__v": 0
        },
        {
            "_id": "61c0c5a71d1f82001bdaaa73",
            "name": "Соус фирменный Space Sauce",
            "type": "sauce",
            "proteins": 50,
            "fat": 22,
            "carbohydrates": 11,
            "calories": 14,
            "price": 80,
            "image": "https://code.s3.yandex.net/react/code/sauce-04.png",
            "image_mobile": "https://code.s3.yandex.net/react/code/sauce-04-mobile.png",
            "image_large": "https://code.s3.yandex.net/react/code/sauce-04-large.png",
            "__v": 0
        },
        {
            "_id": "61c0c5a71d1f82001bdaaa74",
            "name": "Соус традиционный галактический",
            "type": "sauce",
            "proteins": 42,
            "fat": 24,
            "carbohydrates": 42,
            "calories": 99,
            "price": 15,
            "image": "https://code.s3.yandex.net/react/code/sauce-03.png",
            "image_mobile": "https://code.s3.yandex.net/react/code/sauce-03-mobile.png",
            "image_large": "https://code.s3.yandex.net/react/code/sauce-03-large.png",
            "__v": 0
        },
        {
            "_id": "61c0c5a71d1f82001bdaaa6c",
            "name": "Краторная булка N-200i",
            "type": "bun",
            "proteins": 80,
            "fat": 24,
            "carbohydrates": 53,
            "calories": 420,
            "price": 1255,
            "image": "https://code.s3.yandex.net/react/code/bun-02.png",
            "image_mobile": "https://code.s3.yandex.net/react/code/bun-02-mobile.png",
            "image_large": "https://code.s3.yandex.net/react/code/bun-02-large.png",
            "__v": 0
        },
        {
            "_id": "61c0c5a71d1f82001bdaaa75",
            "name": "Соус с шипами Антарианского плоскоходца",
            "type": "sauce",
            "proteins": 101,
            "fat": 99,
            "carbohydrates": 100,
            "calories": 100,
            "price": 88,
            "image": "https://code.s3.yandex.net/react/code/sauce-01.png",
            "image_mobile": "https://code.s3.yandex.net/react/code/sauce-01-mobile.png",
            "image_large": "https://code.s3.yandex.net/react/code/sauce-01-large.png",
            "__v": 0
        },
        {
            "_id": "61c0c5a71d1f82001bdaaa76",
            "name": "Хрустящие минеральные кольца",
            "type": "main",
            "proteins": 808,
            "fat": 689,
            "carbohydrates": 609,
            "calories": 986,
            "price": 300,
            "image": "https://code.s3.yandex.net/react/code/mineral_rings.png",
            "image_mobile": "https://code.s3.yandex.net/react/code/mineral_rings-mobile.png",
            "image_large": "https://code.s3.yandex.net/react/code/mineral_rings-large.png",
            "__v": 0
        },
        {
            "_id": "61c0c5a71d1f82001bdaaa77",
            "name": "Плоды Фалленианского дерева",
            "type": "main",
            "proteins": 20,
            "fat": 5,
            "carbohydrates": 55,
            "calories": 77,
            "price": 874,
            "image": "https://code.s3.yandex.net/react/code/sp_1.png",
            "image_mobile": "https://code.s3.yandex.net/react/code/sp_1-mobile.png",
            "image_large": "https://code.s3.yandex.net/react/code/sp_1-large.png",
            "__v": 0
        },
        {
            "_id": "61c0c5a71d1f82001bdaaa78",
            "name": "Кристаллы марсианских альфа-сахаридов",
            "type": "main",
            "proteins": 234,
            "fat": 432,
            "carbohydrates": 111,
            "calories": 189,
            "price": 762,
            "image": "https://code.s3.yandex.net/react/code/core.png",
            "image_mobile": "https://code.s3.yandex.net/react/code/core-mobile.png",
            "image_large": "https://code.s3.yandex.net/react/code/core-large.png",
            "__v": 0
        },
        {
            "_id": "61c0c5a71d1f82001bdaaa79",
            "name": "Мини-салат Экзо-Плантаго",
            "type": "main",
            "proteins": 1,
            "fat": 2,
            "carbohydrates": 3,
            "calories": 6,
            "price": 4400,
            "image": "https://code.s3.yandex.net/react/code/salad.png",
            "image_mobile": "https://code.s3.yandex.net/react/code/salad-mobile.png",
            "image_large": "https://code.s3.yandex.net/react/code/salad-large.png",
            "__v": 0
        },
        {
            "_id": "61c0c5a71d1f82001bdaaa7a",
            "name": "Сыр с астероидной плесенью",
            "type": "main",
            "proteins": 84,
            "fat": 48,
            "carbohydrates": 420,
            "calories": 3377,
            "price": 4142,
            "image": "https://code.s3.yandex.net/react/code/cheese.png",
            "image_mobile": "https://code.s3.yandex.net/react/code/cheese-mobile.png",
            "image_large": "https://code.s3.yandex.net/react/code/cheese-large.png",
            "__v": 0
        }
    ]
}
Найдено ингредиентов: 15
Request method:	POST
Request URI:	https://stellarburgers.education-services.ru/api/orders
Proxy:			<none>
Request params:	<none>
Query params:	<none>
Form params:	<none>
Path params:	<none>
Headers:		Authorization=Bearer eyJhbGciOiJIUzI1NiIsInR5cCI6IkpXVCJ9.eyJpZCI6IjY5ODEwMzA0OTg0MjcwMDAxYmU0MmQ3NSIsImlhdCI6MTc3MDA2MjU5NiwiZXhwIjoxNzcwMDYzNzk2fQ.GV9e3YTgg31E1oKViywNytrmGMyhKOK-SJXmgq7drV0
				Accept=*/*
				Content-Type=application/json
Cookies:		<none>
Multiparts:		<none>
Body:
{
    "ingredients": [
        "invalid_hash_123"
    ]
}
Request method:	POST
Request URI:	https://stellarburgers.education-services.ru/api/orders
Proxy:			<none>
Request params:	<none>
Query params:	<none>
Form params:	<none>
Path params:	<none>
Headers:		Authorization=Bearer eyJhbGciOiJIUzI1NiIsInR5cCI6IkpXVCJ9.eyJpZCI6IjY5ODEwMzA0OTg0MjcwMDAxYmU0MmQ3NSIsImlhdCI6MTc3MDA2MjU5NiwiZXhwIjoxNzcwMDYzNzk2fQ.GV9e3YTgg31E1oKViywNytrmGMyhKOK-SJXmgq7drV0
				Accept=*/*
				Content-Type=application/json
Cookies:		<none>
Multiparts:		<none>
Body:
{
    "ingredients": [
        "invalid_hash_123"
    ]
}
Request method:	POST
Request URI:	https://stellarburgers.education-services.ru/api/orders
Proxy:			<none>
Request params:	<none>
Query params:	<none>
Form params:	<none>
Path params:	<none>
Headers:		Authorization=Bearer eyJhbGciOiJIUzI1NiIsInR5cCI6IkpXVCJ9.eyJpZCI6IjY5ODEwMzA0OTg0MjcwMDAxYmU0MmQ3NSIsImlhdCI6MTc3MDA2MjU5NiwiZXhwIjoxNzcwMDYzNzk2fQ.GV9e3YTgg31E1oKViywNytrmGMyhKOK-SJXmgq7drV0
				Accept=*/*
				Content-Type=application/json
Cookies:		<none>
Multiparts:		<none>
Body:
{
    "ingredients": [
        "invalid_hash_123"
    ]
}
Request method:	POST
Request URI:	https://stellarburgers.education-services.ru/api/orders
Proxy:			<none>
Request params:	<none>
Query params:	<none>
Form params:	<none>
Path params:	<none>
Headers:		Authorization=Bearer eyJhbGciOiJIUzI1NiIsInR5cCI6IkpXVCJ9.eyJpZCI6IjY5ODEwMzA0OTg0MjcwMDAxYmU0MmQ3NSIsImlhdCI6MTc3MDA2MjU5NiwiZXhwIjoxNzcwMDYzNzk2fQ.GV9e3YTgg31E1oKViywNytrmGMyhKOK-SJXmgq7drV0
				Accept=*/*
				Content-Type=application/json
Cookies:		<none>
Multiparts:		<none>
Body:
{
    "ingredients": [
        "invalid_hash_123"
    ]
}
Request method:	POST
Request URI:	https://stellarburgers.education-services.ru/api/orders
Proxy:			<none>
Request params:	<none>
Query params:	<none>
Form params:	<none>
Path params:	<none>
Headers:		Authorization=Bearer eyJhbGciOiJIUzI1NiIsInR5cCI6IkpXVCJ9.eyJpZCI6IjY5ODEwMzA0OTg0MjcwMDAxYmU0MmQ3NSIsImlhdCI6MTc3MDA2MjU5NiwiZXhwIjoxNzcwMDYzNzk2fQ.GV9e3YTgg31E1oKViywNytrmGMyhKOK-SJXmgq7drV0
				Accept=*/*
				Content-Type=application/json
Cookies:		<none>
Multiparts:		<none>
Body:
{
    "ingredients": [
        "invalid_hash_123"
    ]
}
Request method:	POST
Request URI:	https://stellarburgers.education-services.ru/api/orders
Proxy:			<none>
Request params:	<none>
Query params:	<none>
Form params:	<none>
Path params:	<none>
Headers:		Authorization=Bearer eyJhbGciOiJIUzI1NiIsInR5cCI6IkpXVCJ9.eyJpZCI6IjY5ODEwMzA0OTg0MjcwMDAxYmU0MmQ3NSIsImlhdCI6MTc3MDA2MjU5NiwiZXhwIjoxNzcwMDYzNzk2fQ.GV9e3YTgg31E1oKViywNytrmGMyhKOK-SJXmgq7drV0
				Accept=*/*
				Content-Type=application/json
Cookies:		<none>
Multiparts:		<none>
Body:
{
    "ingredients": [
        "invalid_hash_123"
    ]
}
Request method:	POST
Request URI:	https://stellarburgers.education-services.ru/api/orders
Proxy:			<none>
Request params:	<none>
Query params:	<none>
Form params:	<none>
Path params:	<none>
Headers:		Authorization=Bearer eyJhbGciOiJIUzI1NiIsInR5cCI6IkpXVCJ9.eyJpZCI6IjY5ODEwMzA0OTg0MjcwMDAxYmU0MmQ3NSIsImlhdCI6MTc3MDA2MjU5NiwiZXhwIjoxNzcwMDYzNzk2fQ.GV9e3YTgg31E1oKViywNytrmGMyhKOK-SJXmgq7drV0
				Accept=*/*
				Content-Type=application/json
Cookies:		<none>
Multiparts:		<none>
Body:
{
    "ingredients": [
        "invalid_hash_123"
    ]
}
Request method:	POST
Request URI:	https://stellarburgers.education-services.ru/api/orders
Proxy:			<none>
Request params:	<none>
Query params:	<none>
Form params:	<none>
Path params:	<none>
Headers:		Authorization=Bearer eyJhbGciOiJIUzI1NiIsInR5cCI6IkpXVCJ9.eyJpZCI6IjY5ODEwMzA0OTg0MjcwMDAxYmU0MmQ3NSIsImlhdCI6MTc3MDA2MjU5NiwiZXhwIjoxNzcwMDYzNzk2fQ.GV9e3YTgg31E1oKViywNytrmGMyhKOK-SJXmgq7drV0
				Accept=*/*
				Content-Type=application/json
Cookies:		<none>
Multiparts:		<none>
Body:
{
    "ingredients": [
        "invalid_hash_123"
    ]
}
Request method:	POST
Request URI:	https://stellarburgers.education-services.ru/api/orders
Proxy:			<none>
Request params:	<none>
Query params:	<none>
Form params:	<none>
Path params:	<none>
Headers:		Authorization=Bearer eyJhbGciOiJIUzI1NiIsInR5cCI6IkpXVCJ9.eyJpZCI6IjY5ODEwMzA0OTg0MjcwMDAxYmU0MmQ3NSIsImlhdCI6MTc3MDA2MjU5NiwiZXhwIjoxNzcwMDYzNzk2fQ.GV9e3YTgg31E1oKViywNytrmGMyhKOK-SJXmgq7drV0
				Accept=*/*
				Content-Type=application/json
Cookies:		<none>
Multiparts:		<none>
Body:
{
    "ingredients": [
        "invalid_hash_123"
    ]
}
Request method:	POST
Request URI:	https://stellarburgers.education-services.ru/api/orders
Proxy:			<none>
Request params:	<none>
Query params:	<none>
Form params:	<none>
Path params:	<none>
Headers:		Authorization=Bearer eyJhbGciOiJIUzI1NiIsInR5cCI6IkpXVCJ9.eyJpZCI6IjY5ODEwMzA0OTg0MjcwMDAxYmU0MmQ3NSIsImlhdCI6MTc3MDA2MjU5NiwiZXhwIjoxNzcwMDYzNzk2fQ.GV9e3YTgg31E1oKViywNytrmGMyhKOK-SJXmgq7drV0
				Accept=*/*
				Content-Type=application/json
Cookies:		<none>
Multiparts:		<none>
Body:
{
    "ingredients": [
        "invalid_hash_123"
    ]
}
Request method:	POST
Request URI:	https://stellarburgers.education-services.ru/api/orders
Proxy:			<none>
Request params:	<none>
Query params:	<none>
Form params:	<none>
Path params:	<none>
Headers:		Authorization=Bearer eyJhbGciOiJIUzI1NiIsInR5cCI6IkpXVCJ9.eyJpZCI6IjY5ODEwMzA0OTg0MjcwMDAxYmU0MmQ3NSIsImlhdCI6MTc3MDA2MjU5NiwiZXhwIjoxNzcwMDYzNzk2fQ.GV9e3YTgg31E1oKViywNytrmGMyhKOK-SJXmgq7drV0
				Accept=*/*
				Content-Type=application/json
Cookies:		<none>
Multiparts:		<none>
Body:
{
    "ingredients": [
        "invalid_hash_123"
    ]
}
Request method:	POST
Request URI:	https://stellarburgers.education-services.ru/api/orders
Proxy:			<none>
Request params:	<none>
Query params:	<none>
Form params:	<none>
Path params:	<none>
Headers:		Authorization=Bearer eyJhbGciOiJIUzI1NiIsInR5cCI6IkpXVCJ9.eyJpZCI6IjY5ODEwMzA0OTg0MjcwMDAxYmU0MmQ3NSIsImlhdCI6MTc3MDA2MjU5NiwiZXhwIjoxNzcwMDYzNzk2fQ.GV9e3YTgg31E1oKViywNytrmGMyhKOK-SJXmgq7drV0
				Accept=*/*
				Content-Type=application/json
Cookies:		<none>
Multiparts:		<none>
Body:
{
    "ingredients": [
        "invalid_hash_123"
    ]
}
Request method:	POST
Request URI:	https://stellarburgers.education-services.ru/api/orders
Proxy:			<none>
Request params:	<none>
Query params:	<none>
Form params:	<none>
Path params:	<none>
Headers:		Authorization=Bearer eyJhbGciOiJIUzI1NiIsInR5cCI6IkpXVCJ9.eyJpZCI6IjY5ODEwMzA0OTg0MjcwMDAxYmU0MmQ3NSIsImlhdCI6MTc3MDA2MjU5NiwiZXhwIjoxNzcwMDYzNzk2fQ.GV9e3YTgg31E1oKViywNytrmGMyhKOK-SJXmgq7drV0
				Accept=*/*
				Content-Type=application/json
Cookies:		<none>
Multiparts:		<none>
Body:
{
    "ingredients": [
        "invalid_hash_123"
    ]
}
Request method:	POST
Request URI:	https://stellarburgers.education-services.ru/api/orders
Proxy:			<none>
Request params:	<none>
Query params:	<none>
Form params:	<none>
Path params:	<none>
Headers:		Authorization=Bearer eyJhbGciOiJIUzI1NiIsInR5cCI6IkpXVCJ9.eyJpZCI6IjY5ODEwMzA0OTg0MjcwMDAxYmU0MmQ3NSIsImlhdCI6MTc3MDA2MjU5NiwiZXhwIjoxNzcwMDYzNzk2fQ.GV9e3YTgg31E1oKViywNytrmGMyhKOK-SJXmgq7drV0
				Accept=*/*
				Content-Type=application/json
Cookies:		<none>
Multiparts:		<none>
Body:
{
    "ingredients": [
        "invalid_hash_123"
    ]
}
Request method:	POST
Request URI:	https://stellarburgers.education-services.ru/api/orders
Proxy:			<none>
Request params:	<none>
Query params:	<none>
Form params:	<none>
Path params:	<none>
Headers:		Authorization=Bearer eyJhbGciOiJIUzI1NiIsInR5cCI6IkpXVCJ9.eyJpZCI6IjY5ODEwMzA0OTg0MjcwMDAxYmU0MmQ3NSIsImlhdCI6MTc3MDA2MjU5NiwiZXhwIjoxNzcwMDYzNzk2fQ.GV9e3YTgg31E1oKViywNytrmGMyhKOK-SJXmgq7drV0
				Accept=*/*
				Content-Type=application/json
Cookies:		<none>
Multiparts:		<none>
Body:
{
    "ingredients": [
        "invalid_hash_123"
    ]
}
Request method:	POST
Request URI:	https://stellarburgers.education-services.ru/api/orders
Proxy:			<none>
Request params:	<none>
Query params:	<none>
Form params:	<none>
Path params:	<none>
Headers:		Authorization=Bearer eyJhbGciOiJIUzI1NiIsInR5cCI6IkpXVCJ9.eyJpZCI6IjY5ODEwMzA0OTg0MjcwMDAxYmU0MmQ3NSIsImlhdCI6MTc3MDA2MjU5NiwiZXhwIjoxNzcwMDYzNzk2fQ.GV9e3YTgg31E1oKViywNytrmGMyhKOK-SJXmgq7drV0
				Accept=*/*
				Content-Type=application/json
Cookies:		<none>
Multiparts:		<none>
Body:
{
    "ingredients": [
        "invalid_hash_123"
    ]
}
Request method:	POST
Request URI:	https://stellarburgers.education-services.ru/api/orders
Proxy:			<none>
Request params:	<none>
Query params:	<none>
Form params:	<none>
Path params:	<none>
Headers:		Authorization=Bearer eyJhbGciOiJIUzI1NiIsInR5cCI6IkpXVCJ9.eyJpZCI6IjY5ODEwMzA0OTg0MjcwMDAxYmU0MmQ3NSIsImlhdCI6MTc3MDA2MjU5NiwiZXhwIjoxNzcwMDYzNzk2fQ.GV9e3YTgg31E1oKViywNytrmGMyhKOK-SJXmgq7drV0
				Accept=*/*
				Content-Type=application/json
Cookies:		<none>
Multiparts:		<none>
Body:
{
    "ingredients": [
        "invalid_hash_123"
    ]
}
Request method:	POST
Request URI:	https://stellarburgers.education-services.ru/api/orders
Proxy:			<none>
Request params:	<none>
Query params:	<none>
Form params:	<none>
Path params:	<none>
Headers:		Authorization=Bearer eyJhbGciOiJIUzI1NiIsInR5cCI6IkpXVCJ9.eyJpZCI6IjY5ODEwMzA0OTg0MjcwMDAxYmU0MmQ3NSIsImlhdCI6MTc3MDA2MjU5NiwiZXhwIjoxNzcwMDYzNzk2fQ.GV9e3YTgg31E1oKViywNytrmGMyhKOK-SJXmgq7drV0
				Accept=*/*
				Content-Type=application/json
Cookies:		<none>
Multiparts:		<none>
Body:
{
    "ingredients": [
        "invalid_hash_123"
    ]
}
Request method:	POST
Request URI:	https://stellarburgers.education-services.ru/api/orders
Proxy:			<none>
Request params:	<none>
Query params:	<none>
Form params:	<none>
Path params:	<none>
Headers:		Authorization=Bearer eyJhbGciOiJIUzI1NiIsInR5cCI6IkpXVCJ9.eyJpZCI6IjY5ODEwMzA0OTg0MjcwMDAxYmU0MmQ3NSIsImlhdCI6MTc3MDA2MjU5NiwiZXhwIjoxNzcwMDYzNzk2fQ.GV9e3YTgg31E1oKViywNytrmGMyhKOK-SJXmgq7drV0
				Accept=*/*
				Content-Type=application/json
Cookies:		<none>
Multiparts:		<none>
Body:
{
    "ingredients": [
        "invalid_hash_123"
    ]
}
Request method:	POST
Request URI:	https://stellarburgers.education-services.ru/api/orders
Proxy:			<none>
Request params:	<none>
Query params:	<none>
Form params:	<none>
Path params:	<none>
Headers:		Authorization=Bearer eyJhbGciOiJIUzI1NiIsInR5cCI6IkpXVCJ9.eyJpZCI6IjY5ODEwMzA0OTg0MjcwMDAxYmU0MmQ3NSIsImlhdCI6MTc3MDA2MjU5NiwiZXhwIjoxNzcwMDYzNzk2fQ.GV9e3YTgg31E1oKViywNytrmGMyhKOK-SJXmgq7drV0
				Accept=*/*
				Content-Type=application/json
Cookies:		<none>
Multiparts:		<none>
Body:
{
    "ingredients": [
        "invalid_hash_123"
    ]
}
Request method:	POST
Request URI:	https://stellarburgers.education-services.ru/api/orders
Proxy:			<none>
Request params:	<none>
Query params:	<none>
Form params:	<none>
Path params:	<none>
Headers:		Authorization=Bearer eyJhbGciOiJIUzI1NiIsInR5cCI6IkpXVCJ9.eyJpZCI6IjY5ODEwMzA0OTg0MjcwMDAxYmU0MmQ3NSIsImlhdCI6MTc3MDA2MjU5NiwiZXhwIjoxNzcwMDYzNzk2fQ.GV9e3YTgg31E1oKViywNytrmGMyhKOK-SJXmgq7drV0
				Accept=*/*
				Content-Type=application/json
Cookies:		<none>
Multiparts:		<none>
Body:
{
    "ingredients": [
        "invalid_hash_123"
    ]
}
Request method:	POST
Request URI:	https://stellarburgers.education-services.ru/api/orders
Proxy:			<none>
Request params:	<none>
Query params:	<none>
Form params:	<none>
Path params:	<none>
Headers:		Authorization=Bearer eyJhbGciOiJIUzI1NiIsInR5cCI6IkpXVCJ9.eyJpZCI6IjY5ODEwMzA0OTg0MjcwMDAxYmU0MmQ3NSIsImlhdCI6MTc3MDA2MjU5NiwiZXhwIjoxNzcwMDYzNzk2fQ.GV9e3YTgg31E1oKViywNytrmGMyhKOK-SJXmgq7drV0
				Accept=*/*
				Content-Type=application/json
Cookies:		<none>
Multiparts:		<none>
Body:
{
    "ingredients": [
        "invalid_hash_123"
    ]
}
Request method:	POST
Request URI:	https://stellarburgers.education-services.ru/api/orders
Proxy:			<none>
Request params:	<none>
Query params:	<none>
Form params:	<none>
Path params:	<none>
Headers:		Authorization=Bearer eyJhbGciOiJIUzI1NiIsInR5cCI6IkpXVCJ9.eyJpZCI6IjY5ODEwMzA0OTg0MjcwMDAxYmU0MmQ3NSIsImlhdCI6MTc3MDA2MjU5NiwiZXhwIjoxNzcwMDYzNzk2fQ.GV9e3YTgg31E1oKViywNytrmGMyhKOK-SJXmgq7drV0
				Accept=*/*
				Content-Type=application/json
Cookies:		<none>
Multiparts:		<none>
Body:
{
    "ingredients": [
        "invalid_hash_123"
    ]
}
Request method:	POST
Request URI:	https://stellarburgers.education-services.ru/api/orders
Proxy:			<none>
Request params:	<none>
Query params:	<none>
Form params:	<none>
Path params:	<none>
Headers:		Authorization=Bearer eyJhbGciOiJIUzI1NiIsInR5cCI6IkpXVCJ9.eyJpZCI6IjY5ODEwMzA0OTg0MjcwMDAxYmU0MmQ3NSIsImlhdCI6MTc3MDA2MjU5NiwiZXhwIjoxNzcwMDYzNzk2fQ.GV9e3YTgg31E1oKViywNytrmGMyhKOK-SJXmgq7drV0
				Accept=*/*
				Content-Type=application/json
Cookies:		<none>
Multiparts:		<none>
Body:
{
    "ingredients": [
        "invalid_hash_123"
    ]
}
Request method:	POST
Request URI:	https://stellarburgers.education-services.ru/api/orders
Proxy:			<none>
Request params:	<none>
Query params:	<none>
Form params:	<none>
Path params:	<none>
Headers:		Authorization=Bearer eyJhbGciOiJIUzI1NiIsInR5cCI6IkpXVCJ9.eyJpZCI6IjY5ODEwMzA0OTg0MjcwMDAxYmU0MmQ3NSIsImlhdCI6MTc3MDA2MjU5NiwiZXhwIjoxNzcwMDYzNzk2fQ.GV9e3YTgg31E1oKViywNytrmGMyhKOK-SJXmgq7drV0
				Accept=*/*
				Content-Type=application/json
Cookies:		<none>
Multiparts:		<none>
Body:
{
    "ingredients": [
        "invalid_hash_123"
    ]
}
Request method:	POST
Request URI:	https://stellarburgers.education-services.ru/api/orders
Proxy:			<none>
Request params:	<none>
Query params:	<none>
Form params:	<none>
Path params:	<none>
Headers:		Authorization=Bearer eyJhbGciOiJIUzI1NiIsInR5cCI6IkpXVCJ9.eyJpZCI6IjY5ODEwMzA0OTg0MjcwMDAxYmU0MmQ3NSIsImlhdCI6MTc3MDA2MjU5NiwiZXhwIjoxNzcwMDYzNzk2fQ.GV9e3YTgg31E1oKViywNytrmGMyhKOK-SJXmgq7drV0
				Accept=*/*
				Content-Type=application/json
Cookies:		<none>
Multiparts:		<none>
Body:
{
    "ingredients": [
        "invalid_hash_123"
    ]
}
HTTP/1.1 500 Internal Server Error
Server: nginx/1.24.0 (Ubuntu)
Date: Mon, 02 Feb 2026 20:03:16 GMT
Content-Type: text/html; charset=utf-8
Content-Length: 148
Connection: keep-alive
X-Powered-By: Express
Access-Control-Allow-Origin: *
Content-Security-Policy: default-src 'none'
X-Content-Type-Options: nosniff

<html lang="en">
  <head>
    <meta charset="utf-8"/>
    <title>Error</title>
  </head>
  <body>
    <pre>Internal Server Error</pre>
  </body>
</html>
HTTP/1.1 500 Internal Server Error
Server: nginx/1.24.0 (Ubuntu)
Date: Mon, 02 Feb 2026 20:03:16 GMT
Content-Type: text/html; charset=utf-8
Content-Length: 148
Connection: keep-alive
X-Powered-By: Express
Access-Control-Allow-Origin: *
Content-Security-Policy: default-src 'none'
X-Content-Type-Options: nosniff

<html lang="en">
  <head>
    <meta charset="utf-8"/>
    <title>Error</title>
  </head>
  <body>
    <pre>Internal Server Error</pre>
  </body>
</html>
HTTP/1.1 500 Internal Server Error
Server: nginx/1.24.0 (Ubuntu)
Date: Mon, 02 Feb 2026 20:03:16 GMT
Content-Type: text/html; charset=utf-8
Content-Length: 148
Connection: keep-alive
X-Powered-By: Express
Access-Control-Allow-Origin: *
Content-Security-Policy: default-src 'none'
X-Content-Type-Options: nosniff

<html lang="en">
  <head>
    <meta charset="utf-8"/>
    <title>Error</title>
  </head>
  <body>
    <pre>Internal Server Error</pre>
  </body>
</html>
HTTP/1.1 500 Internal Server Error
Server: nginx/1.24.0 (Ubuntu)
Date: Mon, 02 Feb 2026 20:03:16 GMT
Content-Type: text/html; charset=utf-8
Content-Length: 148
Connection: keep-alive
X-Powered-By: Express
Access-Control-Allow-Origin: *
Content-Security-Policy: default-src 'none'
X-Content-Type-Options: nosniff

<html lang="en">
  <head>
    <meta charset="utf-8"/>
    <title>Error</title>
  </head>
  <body>
    <pre>Internal Server Error</pre>
  </body>
</html>
HTTP/1.1 500 Internal Server Error
Server: nginx/1.24.0 (Ubuntu)
Date: Mon, 02 Feb 2026 20:03:16 GMT
Content-Type: text/html; charset=utf-8
Content-Length: 148
Connection: keep-alive
X-Powered-By: Express
Access-Control-Allow-Origin: *
Content-Security-Policy: default-src 'none'
X-Content-Type-Options: nosniff

<html lang="en">
  <head>
    <meta charset="utf-8"/>
    <title>Error</title>
  </head>
  <body>
    <pre>Internal Server Error</pre>
  </body>
</html>
HTTP/1.1 500 Internal Server Error
Server: nginx/1.24.0 (Ubuntu)
Date: Mon, 02 Feb 2026 20:03:16 GMT
Content-Type: text/html; charset=utf-8
Content-Length: 148
Connection: keep-alive
X-Powered-By: Express
Access-Control-Allow-Origin: *
Content-Security-Policy: default-src 'none'
X-Content-Type-Options: nosniff

<html lang="en">
  <head>
    <meta charset="utf-8"/>
    <title>Error</title>
  </head>
  <body>
    <pre>Internal Server Error</pre>
  </body>
</html>
HTTP/1.1 500 Internal Server Error
Server: nginx/1.24.0 (Ubuntu)
Date: Mon, 02 Feb 2026 20:03:16 GMT
Content-Type: text/html; charset=utf-8
Content-Length: 148
Connection: keep-alive
X-Powered-By: Express
Access-Control-Allow-Origin: *
Content-Security-Policy: default-src 'none'
X-Content-Type-Options: nosniff

<html lang="en">
  <head>
    <meta charset="utf-8"/>
    <title>Error</title>
  </head>
  <body>
    <pre>Internal Server Error</pre>
  </body>
</html>
HTTP/1.1 500 Internal Server Error
Server: nginx/1.24.0 (Ubuntu)
Date: Mon, 02 Feb 2026 20:03:16 GMT
Content-Type: text/html; charset=utf-8
Content-Length: 148
Connection: keep-alive
X-Powered-By: Express
Access-Control-Allow-Origin: *
Content-Security-Policy: default-src 'none'
X-Content-Type-Options: nosniff

<html lang="en">
  <head>
    <meta charset="utf-8"/>
    <title>Error</title>
  </head>
  <body>
    <pre>Internal Server Error</pre>
  </body>
</html>
HTTP/1.1 500 Internal Server Error
Server: nginx/1.24.0 (Ubuntu)
Date: Mon, 02 Feb 2026 20:03:16 GMT
Content-Type: text/html; charset=utf-8
Content-Length: 148
Connection: keep-alive
X-Powered-By: Express
Access-Control-Allow-Origin: *
Content-Security-Policy: default-src 'none'
X-Content-Type-Options: nosniff

<html lang="en">
  <head>
    <meta charset="utf-8"/>
    <title>Error</title>
  </head>
  <body>
    <pre>Internal Server Error</pre>
  </body>
</html>
HTTP/1.1 500 Internal Server Error
Server: nginx/1.24.0 (Ubuntu)
Date: Mon, 02 Feb 2026 20:03:16 GMT
Content-Type: text/html; charset=utf-8
Content-Length: 148
Connection: keep-alive
X-Powered-By: Express
Access-Control-Allow-Origin: *
Content-Security-Policy: default-src 'none'
X-Content-Type-Options: nosniff

<html lang="en">
  <head>
    <meta charset="utf-8"/>
    <title>Error</title>
  </head>
  <body>
    <pre>Internal Server Error</pre>
  </body>
</html>
HTTP/1.1 500 Internal Server Error
Server: nginx/1.24.0 (Ubuntu)
Date: Mon, 02 Feb 2026 20:03:16 GMT
Content-Type: text/html; charset=utf-8
Content-Length: 148
Connection: keep-alive
X-Powered-By: Express
Access-Control-Allow-Origin: *
Content-Security-Policy: default-src 'none'
X-Content-Type-Options: nosniff

<html lang="en">
  <head>
    <meta charset="utf-8"/>
    <title>Error</title>
  </head>
  <body>
    <pre>Internal Server Error</pre>
  </body>
</html>
HTTP/1.1 500 Internal Server Error
Server: nginx/1.24.0 (Ubuntu)
Date: Mon, 02 Feb 2026 20:03:16 GMT
Content-Type: text/html; charset=utf-8
Content-Length: 148
Connection: keep-alive
X-Powered-By: Express
Access-Control-Allow-Origin: *
Content-Security-Policy: default-src 'none'
X-Content-Type-Options: nosniff

<html lang="en">
  <head>
    <meta charset="utf-8"/>
    <title>Error</title>
  </head>
  <body>
    <pre>Internal Server Error</pre>
  </body>
</html>
HTTP/1.1 500 Internal Server Error
Server: nginx/1.24.0 (Ubuntu)
Date: Mon, 02 Feb 2026 20:03:16 GMT
Content-Type: text/html; charset=utf-8
Content-Length: 148
Connection: keep-alive
X-Powered-By: Express
Access-Control-Allow-Origin: *
Content-Security-Policy: default-src 'none'
X-Content-Type-Options: nosniff

<html lang="en">
  <head>
    <meta charset="utf-8"/>
    <title>Error</title>
  </head>
  <body>
    <pre>Internal Server Error</pre>
  </body>
</html>
HTTP/1.1 500 Internal Server Error
Server: nginx/1.24.0 (Ubuntu)
Date: Mon, 02 Feb 2026 20:03:16 GMT
Content-Type: text/html; charset=utf-8
Content-Length: 148
Connection: keep-alive
X-Powered-By: Express
Access-Control-Allow-Origin: *
Content-Security-Policy: default-src 'none'
X-Content-Type-Options: nosniff

<html lang="en">
  <head>
    <meta charset="utf-8"/>
    <title>Error</title>
  </head>
  <body>
    <pre>Internal Server Error</pre>
  </body>
</html>
HTTP/1.1 500 Internal Server Error
Server: nginx/1.24.0 (Ubuntu)
Date: Mon, 02 Feb 2026 20:03:16 GMT
Content-Type: text/html; charset=utf-8
Content-Length: 148
Connection: keep-alive
X-Powered-By: Express
Access-Control-Allow-Origin: *
Content-Security-Policy: default-src 'none'
X-Content-Type-Options: nosniff

<html lang="en">
  <head>
    <meta charset="utf-8"/>
    <title>Error</title>
  </head>
  <body>
    <pre>Internal Server Error</pre>
  </body>
</html>
HTTP/1.1 500 Internal Server Error
Server: nginx/1.24.0 (Ubuntu)
Date: Mon, 02 Feb 2026 20:03:16 GMT
Content-Type: text/html; charset=utf-8
Content-Length: 148
Connection: keep-alive
X-Powered-By: Express
Access-Control-Allow-Origin: *
Content-Security-Policy: default-src 'none'
X-Content-Type-Options: nosniff

<html lang="en">
  <head>
    <meta charset="utf-8"/>
    <title>Error</title>
  </head>
  <body>
    <pre>Internal Server Error</pre>
  </body>
</html>
HTTP/1.1 500 Internal Server Error
Server: nginx/1.24.0 (Ubuntu)
Date: Mon, 02 Feb 2026 20:03:16 GMT
Content-Type: text/html; charset=utf-8
Content-Length: 148
Connection: keep-alive
X-Powered-By: Express
Access-Control-Allow-Origin: *
Content-Security-Policy: default-src 'none'
X-Content-Type-Options: nosniff

<html lang="en">
  <head>
    <meta charset="utf-8"/>
    <title>Error</title>
  </head>
  <body>
    <pre>Internal Server Error</pre>
  </body>
</html>
HTTP/1.1 500 Internal Server Error
Server: nginx/1.24.0 (Ubuntu)
Date: Mon, 02 Feb 2026 20:03:16 GMT
Content-Type: text/html; charset=utf-8
Content-Length: 148
Connection: keep-alive
X-Powered-By: Express
Access-Control-Allow-Origin: *
Content-Security-Policy: default-src 'none'
X-Content-Type-Options: nosniff

<html lang="en">
  <head>
    <meta charset="utf-8"/>
    <title>Error</title>
  </head>
  <body>
    <pre>Internal Server Error</pre>
  </body>
</html>
HTTP/1.1 500 Internal Server Error
Server: nginx/1.24.0 (Ubuntu)
Date: Mon, 02 Feb 2026 20:03:16 GMT
Content-Type: text/html; charset=utf-8
Content-Length: 148
Connection: keep-alive
X-Powered-By: Express
Access-Control-Allow-Origin: *
Content-Security-Policy: default-src 'none'
X-Content-Type-Options: nosniff

<html lang="en">
  <head>
    <meta charset="utf-8"/>
    <title>Error</title>
  </head>
  <body>
    <pre>Internal Server Error</pre>
  </body>
</html>
HTTP/1.1 500 Internal Server Error
Server: nginx/1.24.0 (Ubuntu)
Date: Mon, 02 Feb 2026 20:03:16 GMT
Content-Type: text/html; charset=utf-8
Content-Length: 148
Connection: keep-alive
X-Powered-By: Express
Access-Control-Allow-Origin: *
Content-Security-Policy: default-src 'none'
X-Content-Type-Options: nosniff

<html lang="en">
  <head>
    <meta charset="utf-8"/>
    <title>Error</title>
  </head>
  <body>
    <pre>Internal Server Error</pre>
  </body>
</html>
HTTP/1.1 500 Internal Server Error
Server: nginx/1.24.0 (Ubuntu)
Date: Mon, 02 Feb 2026 20:03:16 GMT
Content-Type: text/html; charset=utf-8
Content-Length: 148
Connection: keep-alive
X-Powered-By: Express
Access-Control-Allow-Origin: *
Content-Security-Policy: default-src 'none'
X-Content-Type-Options: nosniff

<html lang="en">
  <head>
    <meta charset="utf-8"/>
    <title>Error</title>
  </head>
  <body>
    <pre>Internal Server Error</pre>
  </body>
</html>
HTTP/1.1 500 Internal Server Error
Server: nginx/1.24.0 (Ubuntu)
Date: Mon, 02 Feb 2026 20:03:16 GMT
Content-Type: text/html; charset=utf-8
Content-Length: 148
Connection: keep-alive
X-Powered-By: Express
Access-Control-Allow-Origin: *
Content-Security-Policy: default-src 'none'
X-Content-Type-Options: nosniff

<html lang="en">
  <head>
    <meta charset="utf-8"/>
    <title>Error</title>
  </head>
  <body>
    <pre>Internal Server Error</pre>
  </body>
</html>
HTTP/1.1 500 Internal Server Error
Server: nginx/1.24.0 (Ubuntu)
Date: Mon, 02 Feb 2026 20:03:16 GMT
Content-Type: text/html; charset=utf-8
Content-Length: 148
Connection: keep-alive
X-Powered-By: Express
Access-Control-Allow-Origin: *
Content-Security-Policy: default-src 'none'
X-Content-Type-Options: nosniff

<html lang="en">
  <head>
    <meta charset="utf-8"/>
    <title>Error</title>
  </head>
  <body>
    <pre>Internal Server Error</pre>
  </body>
</html>
HTTP/1.1 500 Internal Server Error
Server: nginx/1.24.0 (Ubuntu)
Date: Mon, 02 Feb 2026 20:03:16 GMT
Content-Type: text/html; charset=utf-8
Content-Length: 148
Connection: keep-alive
X-Powered-By: Express
Access-Control-Allow-Origin: *
Content-Security-Policy: default-src 'none'
X-Content-Type-Options: nosniff

<html lang="en">
  <head>
    <meta charset="utf-8"/>
    <title>Error</title>
  </head>
  <body>
    <pre>Internal Server Error</pre>
  </body>
</html>
HTTP/1.1 500 Internal Server Error
Server: nginx/1.24.0 (Ubuntu)
Date: Mon, 02 Feb 2026 20:03:16 GMT
Content-Type: text/html; charset=utf-8
Content-Length: 148
Connection: keep-alive
X-Powered-By: Express
Access-Control-Allow-Origin: *
Content-Security-Policy: default-src 'none'
X-Content-Type-Options: nosniff

<html lang="en">
  <head>
    <meta charset="utf-8"/>
    <title>Error</title>
  </head>
  <body>
    <pre>Internal Server Error</pre>
  </body>
</html>
HTTP/1.1 500 Internal Server Error
Server: nginx/1.24.0 (Ubuntu)
Date: Mon, 02 Feb 2026 20:03:16 GMT
Content-Type: text/html; charset=utf-8
Content-Length: 148
Connection: keep-alive
X-Powered-By: Express
Access-Control-Allow-Origin: *
Content-Security-Policy: default-src 'none'
X-Content-Type-Options: nosniff

<html lang="en">
  <head>
    <meta charset="utf-8"/>
    <title>Error</title>
  </head>
  <body>
    <pre>Internal Server Error</pre>
  </body>
</html>
Request method:	DELETE
Request URI:	https://stellarburgers.education-services.ru/api/auth/user
Proxy:			<none>
Request params:	<none>
Query params:	<none>
Form params:	<none>
Path params:	<none>
Headers:		Authorization=Bearer eyJhbGciOiJIUzI1NiIsInR5cCI6IkpXVCJ9.eyJpZCI6IjY5ODEwMzA0OTg0MjcwMDAxYmU0MmQ3NSIsImlhdCI6MTc3MDA2MjU5NiwiZXhwIjoxNzcwMDYzNzk2fQ.GV9e3YTgg31E1oKViywNytrmGMyhKOK-SJXmgq7drV0
				Accept=*/*
Cookies:		<none>
Multiparts:		<none>
Body:			<none>
Request method:	DELETE
Request URI:	https://stellarburgers.education-services.ru/api/auth/user
Proxy:			<none>
Request params:	<none>
Query params:	<none>
Form params:	<none>
Path params:	<none>
Headers:		Authorization=Bearer eyJhbGciOiJIUzI1NiIsInR5cCI6IkpXVCJ9.eyJpZCI6IjY5ODEwMzA0OTg0MjcwMDAxYmU0MmQ3NSIsImlhdCI6MTc3MDA2MjU5NiwiZXhwIjoxNzcwMDYzNzk2fQ.GV9e3YTgg31E1oKViywNytrmGMyhKOK-SJXmgq7drV0
				Accept=*/*
Cookies:		<none>
Multiparts:		<none>
Body:			<none>
Request method:	DELETE
Request URI:	https://stellarburgers.education-services.ru/api/auth/user
Proxy:			<none>
Request params:	<none>
Query params:	<none>
Form params:	<none>
Path params:	<none>
Headers:		Authorization=Bearer eyJhbGciOiJIUzI1NiIsInR5cCI6IkpXVCJ9.eyJpZCI6IjY5ODEwMzA0OTg0MjcwMDAxYmU0MmQ3NSIsImlhdCI6MTc3MDA2MjU5NiwiZXhwIjoxNzcwMDYzNzk2fQ.GV9e3YTgg31E1oKViywNytrmGMyhKOK-SJXmgq7drV0
				Accept=*/*
Cookies:		<none>
Multiparts:		<none>
Body:			<none>
Request method:	DELETE
Request URI:	https://stellarburgers.education-services.ru/api/auth/user
Proxy:			<none>
Request params:	<none>
Query params:	<none>
Form params:	<none>
Path params:	<none>
Headers:		Authorization=Bearer eyJhbGciOiJIUzI1NiIsInR5cCI6IkpXVCJ9.eyJpZCI6IjY5ODEwMzA0OTg0MjcwMDAxYmU0MmQ3NSIsImlhdCI6MTc3MDA2MjU5NiwiZXhwIjoxNzcwMDYzNzk2fQ.GV9e3YTgg31E1oKViywNytrmGMyhKOK-SJXmgq7drV0
				Accept=*/*
Cookies:		<none>
Multiparts:		<none>
Body:			<none>
Request method:	DELETE
Request URI:	https://stellarburgers.education-services.ru/api/auth/user
Proxy:			<none>
Request params:	<none>
Query params:	<none>
Form params:	<none>
Path params:	<none>
Headers:		Authorization=Bearer eyJhbGciOiJIUzI1NiIsInR5cCI6IkpXVCJ9.eyJpZCI6IjY5ODEwMzA0OTg0MjcwMDAxYmU0MmQ3NSIsImlhdCI6MTc3MDA2MjU5NiwiZXhwIjoxNzcwMDYzNzk2fQ.GV9e3YTgg31E1oKViywNytrmGMyhKOK-SJXmgq7drV0
				Accept=*/*
Cookies:		<none>
Multiparts:		<none>
Body:			<none>
Request method:	DELETE
Request URI:	https://stellarburgers.education-services.ru/api/auth/user
Proxy:			<none>
Request params:	<none>
Query params:	<none>
Form params:	<none>
Path params:	<none>
Headers:		Authorization=Bearer eyJhbGciOiJIUzI1NiIsInR5cCI6IkpXVCJ9.eyJpZCI6IjY5ODEwMzA0OTg0MjcwMDAxYmU0MmQ3NSIsImlhdCI6MTc3MDA2MjU5NiwiZXhwIjoxNzcwMDYzNzk2fQ.GV9e3YTgg31E1oKViywNytrmGMyhKOK-SJXmgq7drV0
				Accept=*/*
Cookies:		<none>
Multiparts:		<none>
Body:			<none>
Request method:	DELETE
Request URI:	https://stellarburgers.education-services.ru/api/auth/user
Proxy:			<none>
Request params:	<none>
Query params:	<none>
Form params:	<none>
Path params:	<none>
Headers:		Authorization=Bearer eyJhbGciOiJIUzI1NiIsInR5cCI6IkpXVCJ9.eyJpZCI6IjY5ODEwMzA0OTg0MjcwMDAxYmU0MmQ3NSIsImlhdCI6MTc3MDA2MjU5NiwiZXhwIjoxNzcwMDYzNzk2fQ.GV9e3YTgg31E1oKViywNytrmGMyhKOK-SJXmgq7drV0
				Accept=*/*
Cookies:		<none>
Multiparts:		<none>
Body:			<none>
Request method:	DELETE
Request URI:	https://stellarburgers.education-services.ru/api/auth/user
Proxy:			<none>
Request params:	<none>
Query params:	<none>
Form params:	<none>
Path params:	<none>
Headers:		Authorization=Bearer eyJhbGciOiJIUzI1NiIsInR5cCI6IkpXVCJ9.eyJpZCI6IjY5ODEwMzA0OTg0MjcwMDAxYmU0MmQ3NSIsImlhdCI6MTc3MDA2MjU5NiwiZXhwIjoxNzcwMDYzNzk2fQ.GV9e3YTgg31E1oKViywNytrmGMyhKOK-SJXmgq7drV0
				Accept=*/*
Cookies:		<none>
Multiparts:		<none>
Body:			<none>
Request method:	DELETE
Request URI:	https://stellarburgers.education-services.ru/api/auth/user
Proxy:			<none>
Request params:	<none>
Query params:	<none>
Form params:	<none>
Path params:	<none>
Headers:		Authorization=Bearer eyJhbGciOiJIUzI1NiIsInR5cCI6IkpXVCJ9.eyJpZCI6IjY5ODEwMzA0OTg0MjcwMDAxYmU0MmQ3NSIsImlhdCI6MTc3MDA2MjU5NiwiZXhwIjoxNzcwMDYzNzk2fQ.GV9e3YTgg31E1oKViywNytrmGMyhKOK-SJXmgq7drV0
				Accept=*/*
Cookies:		<none>
Multiparts:		<none>
Body:			<none>
Request method:	DELETE
Request URI:	https://stellarburgers.education-services.ru/api/auth/user
Proxy:			<none>
Request params:	<none>
Query params:	<none>
Form params:	<none>
Path params:	<none>
Headers:		Authorization=Bearer eyJhbGciOiJIUzI1NiIsInR5cCI6IkpXVCJ9.eyJpZCI6IjY5ODEwMzA0OTg0MjcwMDAxYmU0MmQ3NSIsImlhdCI6MTc3MDA2MjU5NiwiZXhwIjoxNzcwMDYzNzk2fQ.GV9e3YTgg31E1oKViywNytrmGMyhKOK-SJXmgq7drV0
				Accept=*/*
Cookies:		<none>
Multiparts:		<none>
Body:			<none>
Request method:	DELETE
Request URI:	https://stellarburgers.education-services.ru/api/auth/user
Proxy:			<none>
Request params:	<none>
Query params:	<none>
Form params:	<none>
Path params:	<none>
Headers:		Authorization=Bearer eyJhbGciOiJIUzI1NiIsInR5cCI6IkpXVCJ9.eyJpZCI6IjY5ODEwMzA0OTg0MjcwMDAxYmU0MmQ3NSIsImlhdCI6MTc3MDA2MjU5NiwiZXhwIjoxNzcwMDYzNzk2fQ.GV9e3YTgg31E1oKViywNytrmGMyhKOK-SJXmgq7drV0
				Accept=*/*
Cookies:		<none>
Multiparts:		<none>
Body:			<none>
Request method:	DELETE
Request URI:	https://stellarburgers.education-services.ru/api/auth/user
Proxy:			<none>
Request params:	<none>
Query params:	<none>
Form params:	<none>
Path params:	<none>
Headers:		Authorization=Bearer eyJhbGciOiJIUzI1NiIsInR5cCI6IkpXVCJ9.eyJpZCI6IjY5ODEwMzA0OTg0MjcwMDAxYmU0MmQ3NSIsImlhdCI6MTc3MDA2MjU5NiwiZXhwIjoxNzcwMDYzNzk2fQ.GV9e3YTgg31E1oKViywNytrmGMyhKOK-SJXmgq7drV0
				Accept=*/*
Cookies:		<none>
Multiparts:		<none>
Body:			<none>
Request method:	DELETE
Request URI:	https://stellarburgers.education-services.ru/api/auth/user
Proxy:			<none>
Request params:	<none>
Query params:	<none>
Form params:	<none>
Path params:	<none>
Headers:		Authorization=Bearer eyJhbGciOiJIUzI1NiIsInR5cCI6IkpXVCJ9.eyJpZCI6IjY5ODEwMzA0OTg0MjcwMDAxYmU0MmQ3NSIsImlhdCI6MTc3MDA2MjU5NiwiZXhwIjoxNzcwMDYzNzk2fQ.GV9e3YTgg31E1oKViywNytrmGMyhKOK-SJXmgq7drV0
				Accept=*/*
Cookies:		<none>
Multiparts:		<none>
Body:			<none>
Request method:	DELETE
Request URI:	https://stellarburgers.education-services.ru/api/auth/user
Proxy:			<none>
Request params:	<none>
Query params:	<none>
Form params:	<none>
Path params:	<none>
Headers:		Authorization=Bearer eyJhbGciOiJIUzI1NiIsInR5cCI6IkpXVCJ9.eyJpZCI6IjY5ODEwMzA0OTg0MjcwMDAxYmU0MmQ3NSIsImlhdCI6MTc3MDA2MjU5NiwiZXhwIjoxNzcwMDYzNzk2fQ.GV9e3YTgg31E1oKViywNytrmGMyhKOK-SJXmgq7drV0
				Accept=*/*
Cookies:		<none>
Multiparts:		<none>
Body:			<none>
Request method:	DELETE
Request URI:	https://stellarburgers.education-services.ru/api/auth/user
Proxy:			<none>
Request params:	<none>
Query params:	<none>
Form params:	<none>
Path params:	<none>
Headers:		Authorization=Bearer eyJhbGciOiJIUzI1NiIsInR5cCI6IkpXVCJ9.eyJpZCI6IjY5ODEwMzA0OTg0MjcwMDAxYmU0MmQ3NSIsImlhdCI6MTc3MDA2MjU5NiwiZXhwIjoxNzcwMDYzNzk2fQ.GV9e3YTgg31E1oKViywNytrmGMyhKOK-SJXmgq7drV0
				Accept=*/*
Cookies:		<none>
Multiparts:		<none>
Body:			<none>
Request method:	DELETE
Request URI:	https://stellarburgers.education-services.ru/api/auth/user
Proxy:			<none>
Request params:	<none>
Query params:	<none>
Form params:	<none>
Path params:	<none>
Headers:		Authorization=Bearer eyJhbGciOiJIUzI1NiIsInR5cCI6IkpXVCJ9.eyJpZCI6IjY5ODEwMzA0OTg0MjcwMDAxYmU0MmQ3NSIsImlhdCI6MTc3MDA2MjU5NiwiZXhwIjoxNzcwMDYzNzk2fQ.GV9e3YTgg31E1oKViywNytrmGMyhKOK-SJXmgq7drV0
				Accept=*/*
Cookies:		<none>
Multiparts:		<none>
Body:			<none>
Request method:	DELETE
Request URI:	https://stellarburgers.education-services.ru/api/auth/user
Proxy:			<none>
Request params:	<none>
Query params:	<none>
Form params:	<none>
Path params:	<none>
Headers:		Authorization=Bearer eyJhbGciOiJIUzI1NiIsInR5cCI6IkpXVCJ9.eyJpZCI6IjY5ODEwMzA0OTg0MjcwMDAxYmU0MmQ3NSIsImlhdCI6MTc3MDA2MjU5NiwiZXhwIjoxNzcwMDYzNzk2fQ.GV9e3YTgg31E1oKViywNytrmGMyhKOK-SJXmgq7drV0
				Accept=*/*
Cookies:		<none>
Multiparts:		<none>
Body:			<none>
Request method:	DELETE
Request URI:	https://stellarburgers.education-services.ru/api/auth/user
Proxy:			<none>
Request params:	<none>
Query params:	<none>
Form params:	<none>
Path params:	<none>
Headers:		Authorization=Bearer eyJhbGciOiJIUzI1NiIsInR5cCI6IkpXVCJ9.eyJpZCI6IjY5ODEwMzA0OTg0MjcwMDAxYmU0MmQ3NSIsImlhdCI6MTc3MDA2MjU5NiwiZXhwIjoxNzcwMDYzNzk2fQ.GV9e3YTgg31E1oKViywNytrmGMyhKOK-SJXmgq7drV0
				Accept=*/*
Cookies:		<none>
Multiparts:		<none>
Body:			<none>
Request method:	DELETE
Request URI:	https://stellarburgers.education-services.ru/api/auth/user
Proxy:			<none>
Request params:	<none>
Query params:	<none>
Form params:	<none>
Path params:	<none>
Headers:		Authorization=Bearer eyJhbGciOiJIUzI1NiIsInR5cCI6IkpXVCJ9.eyJpZCI6IjY5ODEwMzA0OTg0MjcwMDAxYmU0MmQ3NSIsImlhdCI6MTc3MDA2MjU5NiwiZXhwIjoxNzcwMDYzNzk2fQ.GV9e3YTgg31E1oKViywNytrmGMyhKOK-SJXmgq7drV0
				Accept=*/*
Cookies:		<none>
Multiparts:		<none>
Body:			<none>
Request method:	DELETE
Request URI:	https://stellarburgers.education-services.ru/api/auth/user
Proxy:			<none>
Request params:	<none>
Query params:	<none>
Form params:	<none>
Path params:	<none>
Headers:		Authorization=Bearer eyJhbGciOiJIUzI1NiIsInR5cCI6IkpXVCJ9.eyJpZCI6IjY5ODEwMzA0OTg0MjcwMDAxYmU0MmQ3NSIsImlhdCI6MTc3MDA2MjU5NiwiZXhwIjoxNzcwMDYzNzk2fQ.GV9e3YTgg31E1oKViywNytrmGMyhKOK-SJXmgq7drV0
				Accept=*/*
Cookies:		<none>
Multiparts:		<none>
Body:			<none>
Request method:	DELETE
Request URI:	https://stellarburgers.education-services.ru/api/auth/user
Proxy:			<none>
Request params:	<none>
Query params:	<none>
Form params:	<none>
Path params:	<none>
Headers:		Authorization=Bearer eyJhbGciOiJIUzI1NiIsInR5cCI6IkpXVCJ9.eyJpZCI6IjY5ODEwMzA0OTg0MjcwMDAxYmU0MmQ3NSIsImlhdCI6MTc3MDA2MjU5NiwiZXhwIjoxNzcwMDYzNzk2fQ.GV9e3YTgg31E1oKViywNytrmGMyhKOK-SJXmgq7drV0
				Accept=*/*
Cookies:		<none>
Multiparts:		<none>
Body:			<none>
Request method:	DELETE
Request URI:	https://stellarburgers.education-services.ru/api/auth/user
Proxy:			<none>
Request params:	<none>
Query params:	<none>
Form params:	<none>
Path params:	<none>
Headers:		Authorization=Bearer eyJhbGciOiJIUzI1NiIsInR5cCI6IkpXVCJ9.eyJpZCI6IjY5ODEwMzA0OTg0MjcwMDAxYmU0MmQ3NSIsImlhdCI6MTc3MDA2MjU5NiwiZXhwIjoxNzcwMDYzNzk2fQ.GV9e3YTgg31E1oKViywNytrmGMyhKOK-SJXmgq7drV0
				Accept=*/*
Cookies:		<none>
Multiparts:		<none>
Body:			<none>
Request method:	DELETE
Request URI:	https://stellarburgers.education-services.ru/api/auth/user
Proxy:			<none>
Request params:	<none>
Query params:	<none>
Form params:	<none>
Path params:	<none>
Headers:		Authorization=Bearer eyJhbGciOiJIUzI1NiIsInR5cCI6IkpXVCJ9.eyJpZCI6IjY5ODEwMzA0OTg0MjcwMDAxYmU0MmQ3NSIsImlhdCI6MTc3MDA2MjU5NiwiZXhwIjoxNzcwMDYzNzk2fQ.GV9e3YTgg31E1oKViywNytrmGMyhKOK-SJXmgq7drV0
				Accept=*/*
Cookies:		<none>
Multiparts:		<none>
Body:			<none>
Request method:	DELETE
Request URI:	https://stellarburgers.education-services.ru/api/auth/user
Proxy:			<none>
Request params:	<none>
Query params:	<none>
Form params:	<none>
Path params:	<none>
Headers:		Authorization=Bearer eyJhbGciOiJIUzI1NiIsInR5cCI6IkpXVCJ9.eyJpZCI6IjY5ODEwMzA0OTg0MjcwMDAxYmU0MmQ3NSIsImlhdCI6MTc3MDA2MjU5NiwiZXhwIjoxNzcwMDYzNzk2fQ.GV9e3YTgg31E1oKViywNytrmGMyhKOK-SJXmgq7drV0
				Accept=*/*
Cookies:		<none>
Multiparts:		<none>
Body:			<none>
Request method:	DELETE
Request URI:	https://stellarburgers.education-services.ru/api/auth/user
Proxy:			<none>
Request params:	<none>
Query params:	<none>
Form params:	<none>
Path params:	<none>
Headers:		Authorization=Bearer eyJhbGciOiJIUzI1NiIsInR5cCI6IkpXVCJ9.eyJpZCI6IjY5ODEwMzA0OTg0MjcwMDAxYmU0MmQ3NSIsImlhdCI6MTc3MDA2MjU5NiwiZXhwIjoxNzcwMDYzNzk2fQ.GV9e3YTgg31E1oKViywNytrmGMyhKOK-SJXmgq7drV0
				Accept=*/*
Cookies:		<none>
Multiparts:		<none>
Body:			<none>
Request method:	DELETE
Request URI:	https://stellarburgers.education-services.ru/api/auth/user
Proxy:			<none>
Request params:	<none>
Query params:	<none>
Form params:	<none>
Path params:	<none>
Headers:		Authorization=Bearer eyJhbGciOiJIUzI1NiIsInR5cCI6IkpXVCJ9.eyJpZCI6IjY5ODEwMzA0OTg0MjcwMDAxYmU0MmQ3NSIsImlhdCI6MTc3MDA2MjU5NiwiZXhwIjoxNzcwMDYzNzk2fQ.GV9e3YTgg31E1oKViywNytrmGMyhKOK-SJXmgq7drV0
				Accept=*/*
Cookies:		<none>
Multiparts:		<none>
Body:			<none>
HTTP/1.1 202 Accepted
Server: nginx/1.24.0 (Ubuntu)
Date: Mon, 02 Feb 2026 20:03:17 GMT
Content-Type: application/json; charset=utf-8
Content-Length: 54
Connection: keep-alive
X-Powered-By: Express
Access-Control-Allow-Origin: *
ETag: W/"36-hDmZnQ3Ou/ynnqAeC6TYmyseuzY"

{
    "success": true,
    "message": "User successfully removed"
}
HTTP/1.1 202 Accepted
Server: nginx/1.24.0 (Ubuntu)
Date: Mon, 02 Feb 2026 20:03:17 GMT
Content-Type: application/json; charset=utf-8
Content-Length: 54
Connection: keep-alive
X-Powered-By: Express
Access-Control-Allow-Origin: *
ETag: W/"36-hDmZnQ3Ou/ynnqAeC6TYmyseuzY"

{
    "success": true,
    "message": "User successfully removed"
}
HTTP/1.1 202 Accepted
Server: nginx/1.24.0 (Ubuntu)
Date: Mon, 02 Feb 2026 20:03:17 GMT
Content-Type: application/json; charset=utf-8
Content-Length: 54
Connection: keep-alive
X-Powered-By: Express
Access-Control-Allow-Origin: *
ETag: W/"36-hDmZnQ3Ou/ynnqAeC6TYmyseuzY"

{
    "success": true,
    "message": "User successfully removed"
}
HTTP/1.1 202 Accepted
Server: nginx/1.24.0 (Ubuntu)
Date: Mon, 02 Feb 2026 20:03:17 GMT
Content-Type: application/json; charset=utf-8
Content-Length: 54
Connection: keep-alive
X-Powered-By: Express
Access-Control-Allow-Origin: *
ETag: W/"36-hDmZnQ3Ou/ynnqAeC6TYmyseuzY"

{
    "success": true,
    "message": "User successfully removed"
}
HTTP/1.1 202 Accepted
Server: nginx/1.24.0 (Ubuntu)
Date: Mon, 02 Feb 2026 20:03:17 GMT
Content-Type: application/json; charset=utf-8
Content-Length: 54
Connection: keep-alive
X-Powered-By: Express
Access-Control-Allow-Origin: *
ETag: W/"36-hDmZnQ3Ou/ynnqAeC6TYmyseuzY"

{
    "success": true,
    "message": "User successfully removed"
}
HTTP/1.1 202 Accepted
Server: nginx/1.24.0 (Ubuntu)
Date: Mon, 02 Feb 2026 20:03:17 GMT
Content-Type: application/json; charset=utf-8
Content-Length: 54
Connection: keep-alive
X-Powered-By: Express
Access-Control-Allow-Origin: *
ETag: W/"36-hDmZnQ3Ou/ynnqAeC6TYmyseuzY"

{
    "success": true,
    "message": "User successfully removed"
}
HTTP/1.1 202 Accepted
Server: nginx/1.24.0 (Ubuntu)
Date: Mon, 02 Feb 2026 20:03:17 GMT
Content-Type: application/json; charset=utf-8
Content-Length: 54
Connection: keep-alive
X-Powered-By: Express
Access-Control-Allow-Origin: *
ETag: W/"36-hDmZnQ3Ou/ynnqAeC6TYmyseuzY"

{
    "success": true,
    "message": "User successfully removed"
}
HTTP/1.1 202 Accepted
Server: nginx/1.24.0 (Ubuntu)
Date: Mon, 02 Feb 2026 20:03:17 GMT
Content-Type: application/json; charset=utf-8
Content-Length: 54
Connection: keep-alive
X-Powered-By: Express
Access-Control-Allow-Origin: *
ETag: W/"36-hDmZnQ3Ou/ynnqAeC6TYmyseuzY"

{
    "success": true,
    "message": "User successfully removed"
}
HTTP/1.1 202 Accepted
Server: nginx/1.24.0 (Ubuntu)
Date: Mon, 02 Feb 2026 20:03:17 GMT
Content-Type: application/json; charset=utf-8
Content-Length: 54
Connection: keep-alive
X-Powered-By: Express
Access-Control-Allow-Origin: *
ETag: W/"36-hDmZnQ3Ou/ynnqAeC6TYmyseuzY"

{
    "success": true,
    "message": "User successfully removed"
}
HTTP/1.1 202 Accepted
Server: nginx/1.24.0 (Ubuntu)
Date: Mon, 02 Feb 2026 20:03:17 GMT
Content-Type: application/json; charset=utf-8
Content-Length: 54
Connection: keep-alive
X-Powered-By: Express
Access-Control-Allow-Origin: *
ETag: W/"36-hDmZnQ3Ou/ynnqAeC6TYmyseuzY"

{
    "success": true,
    "message": "User successfully removed"
}
HTTP/1.1 202 Accepted
Server: nginx/1.24.0 (Ubuntu)
Date: Mon, 02 Feb 2026 20:03:17 GMT
Content-Type: application/json; charset=utf-8
Content-Length: 54
Connection: keep-alive
X-Powered-By: Express
Access-Control-Allow-Origin: *
ETag: W/"36-hDmZnQ3Ou/ynnqAeC6TYmyseuzY"

{
    "success": true,
    "message": "User successfully removed"
}
HTTP/1.1 202 Accepted
Server: nginx/1.24.0 (Ubuntu)
Date: Mon, 02 Feb 2026 20:03:17 GMT
Content-Type: application/json; charset=utf-8
Content-Length: 54
Connection: keep-alive
X-Powered-By: Express
Access-Control-Allow-Origin: *
ETag: W/"36-hDmZnQ3Ou/ynnqAeC6TYmyseuzY"

{
    "success": true,
    "message": "User successfully removed"
}
HTTP/1.1 202 Accepted
Server: nginx/1.24.0 (Ubuntu)
Date: Mon, 02 Feb 2026 20:03:17 GMT
Content-Type: application/json; charset=utf-8
Content-Length: 54
Connection: keep-alive
X-Powered-By: Express
Access-Control-Allow-Origin: *
ETag: W/"36-hDmZnQ3Ou/ynnqAeC6TYmyseuzY"

{
    "success": true,
    "message": "User successfully removed"
}
HTTP/1.1 202 Accepted
Server: nginx/1.24.0 (Ubuntu)
Date: Mon, 02 Feb 2026 20:03:17 GMT
Content-Type: application/json; charset=utf-8
Content-Length: 54
Connection: keep-alive
X-Powered-By: Express
Access-Control-Allow-Origin: *
ETag: W/"36-hDmZnQ3Ou/ynnqAeC6TYmyseuzY"

{
    "success": true,
    "message": "User successfully removed"
}
HTTP/1.1 202 Accepted
Server: nginx/1.24.0 (Ubuntu)
Date: Mon, 02 Feb 2026 20:03:17 GMT
Content-Type: application/json; charset=utf-8
Content-Length: 54
Connection: keep-alive
X-Powered-By: Express
Access-Control-Allow-Origin: *
ETag: W/"36-hDmZnQ3Ou/ynnqAeC6TYmyseuzY"

{
    "success": true,
    "message": "User successfully removed"
}
HTTP/1.1 202 Accepted
Server: nginx/1.24.0 (Ubuntu)
Date: Mon, 02 Feb 2026 20:03:17 GMT
Content-Type: application/json; charset=utf-8
Content-Length: 54
Connection: keep-alive
X-Powered-By: Express
Access-Control-Allow-Origin: *
ETag: W/"36-hDmZnQ3Ou/ynnqAeC6TYmyseuzY"

{
    "success": true,
    "message": "User successfully removed"
}
HTTP/1.1 202 Accepted
Server: nginx/1.24.0 (Ubuntu)
Date: Mon, 02 Feb 2026 20:03:17 GMT
Content-Type: application/json; charset=utf-8
Content-Length: 54
Connection: keep-alive
X-Powered-By: Express
Access-Control-Allow-Origin: *
ETag: W/"36-hDmZnQ3Ou/ynnqAeC6TYmyseuzY"

{
    "success": true,
    "message": "User successfully removed"
}
HTTP/1.1 202 Accepted
Server: nginx/1.24.0 (Ubuntu)
Date: Mon, 02 Feb 2026 20:03:17 GMT
Content-Type: application/json; charset=utf-8
Content-Length: 54
Connection: keep-alive
X-Powered-By: Express
Access-Control-Allow-Origin: *
ETag: W/"36-hDmZnQ3Ou/ynnqAeC6TYmyseuzY"

{
    "success": true,
    "message": "User successfully removed"
}
HTTP/1.1 202 Accepted
Server: nginx/1.24.0 (Ubuntu)
Date: Mon, 02 Feb 2026 20:03:17 GMT
Content-Type: application/json; charset=utf-8
Content-Length: 54
Connection: keep-alive
X-Powered-By: Express
Access-Control-Allow-Origin: *
ETag: W/"36-hDmZnQ3Ou/ynnqAeC6TYmyseuzY"

{
    "success": true,
    "message": "User successfully removed"
}
HTTP/1.1 202 Accepted
Server: nginx/1.24.0 (Ubuntu)
Date: Mon, 02 Feb 2026 20:03:17 GMT
Content-Type: application/json; charset=utf-8
Content-Length: 54
Connection: keep-alive
X-Powered-By: Express
Access-Control-Allow-Origin: *
ETag: W/"36-hDmZnQ3Ou/ynnqAeC6TYmyseuzY"

{
    "success": true,
    "message": "User successfully removed"
}
HTTP/1.1 202 Accepted
Server: nginx/1.24.0 (Ubuntu)
Date: Mon, 02 Feb 2026 20:03:17 GMT
Content-Type: application/json; charset=utf-8
Content-Length: 54
Connection: keep-alive
X-Powered-By: Express
Access-Control-Allow-Origin: *
ETag: W/"36-hDmZnQ3Ou/ynnqAeC6TYmyseuzY"

{
    "success": true,
    "message": "User successfully removed"
}
HTTP/1.1 202 Accepted
Server: nginx/1.24.0 (Ubuntu)
Date: Mon, 02 Feb 2026 20:03:17 GMT
Content-Type: application/json; charset=utf-8
Content-Length: 54
Connection: keep-alive
X-Powered-By: Express
Access-Control-Allow-Origin: *
ETag: W/"36-hDmZnQ3Ou/ynnqAeC6TYmyseuzY"

{
    "success": true,
    "message": "User successfully removed"
}
HTTP/1.1 202 Accepted
Server: nginx/1.24.0 (Ubuntu)
Date: Mon, 02 Feb 2026 20:03:17 GMT
Content-Type: application/json; charset=utf-8
Content-Length: 54
Connection: keep-alive
X-Powered-By: Express
Access-Control-Allow-Origin: *
ETag: W/"36-hDmZnQ3Ou/ynnqAeC6TYmyseuzY"

{
    "success": true,
    "message": "User successfully removed"
}
HTTP/1.1 202 Accepted
Server: nginx/1.24.0 (Ubuntu)
Date: Mon, 02 Feb 2026 20:03:17 GMT
Content-Type: application/json; charset=utf-8
Content-Length: 54
Connection: keep-alive
X-Powered-By: Express
Access-Control-Allow-Origin: *
ETag: W/"36-hDmZnQ3Ou/ynnqAeC6TYmyseuzY"

{
    "success": true,
    "message": "User successfully removed"
}
HTTP/1.1 202 Accepted
Server: nginx/1.24.0 (Ubuntu)
Date: Mon, 02 Feb 2026 20:03:17 GMT
Content-Type: application/json; charset=utf-8
Content-Length: 54
Connection: keep-alive
X-Powered-By: Express
Access-Control-Allow-Origin: *
ETag: W/"36-hDmZnQ3Ou/ynnqAeC6TYmyseuzY"

{
    "success": true,
    "message": "User successfully removed"
}
HTTP/1.1 202 Accepted
Server: nginx/1.24.0 (Ubuntu)
Date: Mon, 02 Feb 2026 20:03:17 GMT
Content-Type: application/json; charset=utf-8
Content-Length: 54
Connection: keep-alive
X-Powered-By: Express
Access-Control-Allow-Origin: *
ETag: W/"36-hDmZnQ3Ou/ynnqAeC6TYmyseuzY"

{
    "success": true,
    "message": "User successfully removed"
}
Request method:	POST
Request URI:	https://stellarburgers.education-services.ru/api/auth/register
Proxy:			<none>
Request params:	<none>
Query params:	<none>
Form params:	<none>
Path params:	<none>
Headers:		Accept=*/*
				Content-Type=application/json
Cookies:		<none>
Multiparts:		<none>
Body:
{
    "email": "order_test_1770062597308@yandex.ru",
    "password": "password123",
    "name": "Order Test User"
}
Request method:	POST
Request URI:	https://stellarburgers.education-services.ru/api/auth/register
Proxy:			<none>
Request params:	<none>
Query params:	<none>
Form params:	<none>
Path params:	<none>
Headers:		Accept=*/*
				Content-Type=application/json
Cookies:		<none>
Multiparts:		<none>
Body:
{
    "email": "order_test_1770062597308@yandex.ru",
    "password": "password123",
    "name": "Order Test User"
}
Request method:	POST
Request URI:	https://stellarburgers.education-services.ru/api/auth/register
Proxy:			<none>
Request params:	<none>
Query params:	<none>
Form params:	<none>
Path params:	<none>
Headers:		Accept=*/*
				Content-Type=application/json
Cookies:		<none>
Multiparts:		<none>
Body:
{
    "email": "order_test_1770062597308@yandex.ru",
    "password": "password123",
    "name": "Order Test User"
}
Request method:	POST
Request URI:	https://stellarburgers.education-services.ru/api/auth/register
Proxy:			<none>
Request params:	<none>
Query params:	<none>
Form params:	<none>
Path params:	<none>
Headers:		Accept=*/*
				Content-Type=application/json
Cookies:		<none>
Multiparts:		<none>
Body:
{
    "email": "order_test_1770062597308@yandex.ru",
    "password": "password123",
    "name": "Order Test User"
}
Request method:	POST
Request URI:	https://stellarburgers.education-services.ru/api/auth/register
Proxy:			<none>
Request params:	<none>
Query params:	<none>
Form params:	<none>
Path params:	<none>
Headers:		Accept=*/*
				Content-Type=application/json
Cookies:		<none>
Multiparts:		<none>
Body:
{
    "email": "order_test_1770062597308@yandex.ru",
    "password": "password123",
    "name": "Order Test User"
}
Request method:	POST
Request URI:	https://stellarburgers.education-services.ru/api/auth/register
Proxy:			<none>
Request params:	<none>
Query params:	<none>
Form params:	<none>
Path params:	<none>
Headers:		Accept=*/*
				Content-Type=application/json
Cookies:		<none>
Multiparts:		<none>
Body:
{
    "email": "order_test_1770062597308@yandex.ru",
    "password": "password123",
    "name": "Order Test User"
}
Request method:	POST
Request URI:	https://stellarburgers.education-services.ru/api/auth/register
Proxy:			<none>
Request params:	<none>
Query params:	<none>
Form params:	<none>
Path params:	<none>
Headers:		Accept=*/*
				Content-Type=application/json
Cookies:		<none>
Multiparts:		<none>
Body:
{
    "email": "order_test_1770062597308@yandex.ru",
    "password": "password123",
    "name": "Order Test User"
}
Request method:	POST
Request URI:	https://stellarburgers.education-services.ru/api/auth/register
Proxy:			<none>
Request params:	<none>
Query params:	<none>
Form params:	<none>
Path params:	<none>
Headers:		Accept=*/*
				Content-Type=application/json
Cookies:		<none>
Multiparts:		<none>
Body:
{
    "email": "order_test_1770062597308@yandex.ru",
    "password": "password123",
    "name": "Order Test User"
}
Request method:	POST
Request URI:	https://stellarburgers.education-services.ru/api/auth/register
Proxy:			<none>
Request params:	<none>
Query params:	<none>
Form params:	<none>
Path params:	<none>
Headers:		Accept=*/*
				Content-Type=application/json
Cookies:		<none>
Multiparts:		<none>
Body:
{
    "email": "order_test_1770062597308@yandex.ru",
    "password": "password123",
    "name": "Order Test User"
}
Request method:	POST
Request URI:	https://stellarburgers.education-services.ru/api/auth/register
Proxy:			<none>
Request params:	<none>
Query params:	<none>
Form params:	<none>
Path params:	<none>
Headers:		Accept=*/*
				Content-Type=application/json
Cookies:		<none>
Multiparts:		<none>
Body:
{
    "email": "order_test_1770062597308@yandex.ru",
    "password": "password123",
    "name": "Order Test User"
}
Request method:	POST
Request URI:	https://stellarburgers.education-services.ru/api/auth/register
Proxy:			<none>
Request params:	<none>
Query params:	<none>
Form params:	<none>
Path params:	<none>
Headers:		Accept=*/*
				Content-Type=application/json
Cookies:		<none>
Multiparts:		<none>
Body:
{
    "email": "order_test_1770062597308@yandex.ru",
    "password": "password123",
    "name": "Order Test User"
}
Request method:	POST
Request URI:	https://stellarburgers.education-services.ru/api/auth/register
Proxy:			<none>
Request params:	<none>
Query params:	<none>
Form params:	<none>
Path params:	<none>
Headers:		Accept=*/*
				Content-Type=application/json
Cookies:		<none>
Multiparts:		<none>
Body:
{
    "email": "order_test_1770062597308@yandex.ru",
    "password": "password123",
    "name": "Order Test User"
}
Request method:	POST
Request URI:	https://stellarburgers.education-services.ru/api/auth/register
Proxy:			<none>
Request params:	<none>
Query params:	<none>
Form params:	<none>
Path params:	<none>
Headers:		Accept=*/*
				Content-Type=application/json
Cookies:		<none>
Multiparts:		<none>
Body:
{
    "email": "order_test_1770062597308@yandex.ru",
    "password": "password123",
    "name": "Order Test User"
}
Request method:	POST
Request URI:	https://stellarburgers.education-services.ru/api/auth/register
Proxy:			<none>
Request params:	<none>
Query params:	<none>
Form params:	<none>
Path params:	<none>
Headers:		Accept=*/*
				Content-Type=application/json
Cookies:		<none>
Multiparts:		<none>
Body:
{
    "email": "order_test_1770062597308@yandex.ru",
    "password": "password123",
    "name": "Order Test User"
}
Request method:	POST
Request URI:	https://stellarburgers.education-services.ru/api/auth/register
Proxy:			<none>
Request params:	<none>
Query params:	<none>
Form params:	<none>
Path params:	<none>
Headers:		Accept=*/*
				Content-Type=application/json
Cookies:		<none>
Multiparts:		<none>
Body:
{
    "email": "order_test_1770062597308@yandex.ru",
    "password": "password123",
    "name": "Order Test User"
}
Request method:	POST
Request URI:	https://stellarburgers.education-services.ru/api/auth/register
Proxy:			<none>
Request params:	<none>
Query params:	<none>
Form params:	<none>
Path params:	<none>
Headers:		Accept=*/*
				Content-Type=application/json
Cookies:		<none>
Multiparts:		<none>
Body:
{
    "email": "order_test_1770062597308@yandex.ru",
    "password": "password123",
    "name": "Order Test User"
}
Request method:	POST
Request URI:	https://stellarburgers.education-services.ru/api/auth/register
Proxy:			<none>
Request params:	<none>
Query params:	<none>
Form params:	<none>
Path params:	<none>
Headers:		Accept=*/*
				Content-Type=application/json
Cookies:		<none>
Multiparts:		<none>
Body:
{
    "email": "order_test_1770062597308@yandex.ru",
    "password": "password123",
    "name": "Order Test User"
}
Request method:	POST
Request URI:	https://stellarburgers.education-services.ru/api/auth/register
Proxy:			<none>
Request params:	<none>
Query params:	<none>
Form params:	<none>
Path params:	<none>
Headers:		Accept=*/*
				Content-Type=application/json
Cookies:		<none>
Multiparts:		<none>
Body:
{
    "email": "order_test_1770062597308@yandex.ru",
    "password": "password123",
    "name": "Order Test User"
}
Request method:	POST
Request URI:	https://stellarburgers.education-services.ru/api/auth/register
Proxy:			<none>
Request params:	<none>
Query params:	<none>
Form params:	<none>
Path params:	<none>
Headers:		Accept=*/*
				Content-Type=application/json
Cookies:		<none>
Multiparts:		<none>
Body:
{
    "email": "order_test_1770062597308@yandex.ru",
    "password": "password123",
    "name": "Order Test User"
}
Request method:	POST
Request URI:	https://stellarburgers.education-services.ru/api/auth/register
Proxy:			<none>
Request params:	<none>
Query params:	<none>
Form params:	<none>
Path params:	<none>
Headers:		Accept=*/*
				Content-Type=application/json
Cookies:		<none>
Multiparts:		<none>
Body:
{
    "email": "order_test_1770062597308@yandex.ru",
    "password": "password123",
    "name": "Order Test User"
}
Request method:	POST
Request URI:	https://stellarburgers.education-services.ru/api/auth/register
Proxy:			<none>
Request params:	<none>
Query params:	<none>
Form params:	<none>
Path params:	<none>
Headers:		Accept=*/*
				Content-Type=application/json
Cookies:		<none>
Multiparts:		<none>
Body:
{
    "email": "order_test_1770062597308@yandex.ru",
    "password": "password123",
    "name": "Order Test User"
}
Request method:	POST
Request URI:	https://stellarburgers.education-services.ru/api/auth/register
Proxy:			<none>
Request params:	<none>
Query params:	<none>
Form params:	<none>
Path params:	<none>
Headers:		Accept=*/*
				Content-Type=application/json
Cookies:		<none>
Multiparts:		<none>
Body:
{
    "email": "order_test_1770062597308@yandex.ru",
    "password": "password123",
    "name": "Order Test User"
}
Request method:	POST
Request URI:	https://stellarburgers.education-services.ru/api/auth/register
Proxy:			<none>
Request params:	<none>
Query params:	<none>
Form params:	<none>
Path params:	<none>
Headers:		Accept=*/*
				Content-Type=application/json
Cookies:		<none>
Multiparts:		<none>
Body:
{
    "email": "order_test_1770062597308@yandex.ru",
    "password": "password123",
    "name": "Order Test User"
}
Request method:	POST
Request URI:	https://stellarburgers.education-services.ru/api/auth/register
Proxy:			<none>
Request params:	<none>
Query params:	<none>
Form params:	<none>
Path params:	<none>
Headers:		Accept=*/*
				Content-Type=application/json
Cookies:		<none>
Multiparts:		<none>
Body:
{
    "email": "order_test_1770062597308@yandex.ru",
    "password": "password123",
    "name": "Order Test User"
}
Request method:	POST
Request URI:	https://stellarburgers.education-services.ru/api/auth/register
Proxy:			<none>
Request params:	<none>
Query params:	<none>
Form params:	<none>
Path params:	<none>
Headers:		Accept=*/*
				Content-Type=application/json
Cookies:		<none>
Multiparts:		<none>
Body:
{
    "email": "order_test_1770062597308@yandex.ru",
    "password": "password123",
    "name": "Order Test User"
}
Request method:	POST
Request URI:	https://stellarburgers.education-services.ru/api/auth/register
Proxy:			<none>
Request params:	<none>
Query params:	<none>
Form params:	<none>
Path params:	<none>
Headers:		Accept=*/*
				Content-Type=application/json
Cookies:		<none>
Multiparts:		<none>
Body:
{
    "email": "order_test_1770062597308@yandex.ru",
    "password": "password123",
    "name": "Order Test User"
}
Request method:	POST
Request URI:	https://stellarburgers.education-services.ru/api/auth/register
Proxy:			<none>
Request params:	<none>
Query params:	<none>
Form params:	<none>
Path params:	<none>
Headers:		Accept=*/*
				Content-Type=application/json
Cookies:		<none>
Multiparts:		<none>
Body:
{
    "email": "order_test_1770062597308@yandex.ru",
    "password": "password123",
    "name": "Order Test User"
}
Request method:	POST
Request URI:	https://stellarburgers.education-services.ru/api/auth/register
Proxy:			<none>
Request params:	<none>
Query params:	<none>
Form params:	<none>
Path params:	<none>
Headers:		Accept=*/*
				Content-Type=application/json
Cookies:		<none>
Multiparts:		<none>
Body:
{
    "email": "order_test_1770062597308@yandex.ru",
    "password": "password123",
    "name": "Order Test User"
}
HTTP/1.1 200 OK
Server: nginx/1.24.0 (Ubuntu)
Date: Mon, 02 Feb 2026 20:03:17 GMT
Content-Type: application/json; charset=utf-8
Content-Length: 388
Connection: keep-alive
X-Powered-By: Express
Access-Control-Allow-Origin: *
authorization: Bearer eyJhbGciOiJIUzI1NiIsInR5cCI6IkpXVCJ9.eyJpZCI6IjY5ODEwMzA1OTg0MjcwMDAxYmU0MmQ3NyIsImlhdCI6MTc3MDA2MjU5NywiZXhwIjoxNzcwMDYzNzk3fQ.0dbeszjfJcgectVtpgLkjK3iDxEOGojUeUZrlErH_TE
ETag: W/"184-YN7rT9VCF20T0oFymNG5HkfjVig"

{
    "success": true,
    "user": {
        "email": "order_test_1770062597308@yandex.ru",
        "name": "Order Test User"
    },
    "accessToken": "Bearer eyJhbGciOiJIUzI1NiIsInR5cCI6IkpXVCJ9.eyJpZCI6IjY5ODEwMzA1OTg0MjcwMDAxYmU0MmQ3NyIsImlhdCI6MTc3MDA2MjU5NywiZXhwIjoxNzcwMDYzNzk3fQ.0dbeszjfJcgectVtpgLkjK3iDxEOGojUeUZrlErH_TE",
    "refreshToken": "df7f3b54169ed1663cc480acbc25a97c1ca5993777661c01f3ae47b5de072eb94f8857e58172eca8"
}
HTTP/1.1 200 OK
Server: nginx/1.24.0 (Ubuntu)
Date: Mon, 02 Feb 2026 20:03:17 GMT
Content-Type: application/json; charset=utf-8
Content-Length: 388
Connection: keep-alive
X-Powered-By: Express
Access-Control-Allow-Origin: *
authorization: Bearer eyJhbGciOiJIUzI1NiIsInR5cCI6IkpXVCJ9.eyJpZCI6IjY5ODEwMzA1OTg0MjcwMDAxYmU0MmQ3NyIsImlhdCI6MTc3MDA2MjU5NywiZXhwIjoxNzcwMDYzNzk3fQ.0dbeszjfJcgectVtpgLkjK3iDxEOGojUeUZrlErH_TE
ETag: W/"184-YN7rT9VCF20T0oFymNG5HkfjVig"

{
    "success": true,
    "user": {
        "email": "order_test_1770062597308@yandex.ru",
        "name": "Order Test User"
    },
    "accessToken": "Bearer eyJhbGciOiJIUzI1NiIsInR5cCI6IkpXVCJ9.eyJpZCI6IjY5ODEwMzA1OTg0MjcwMDAxYmU0MmQ3NyIsImlhdCI6MTc3MDA2MjU5NywiZXhwIjoxNzcwMDYzNzk3fQ.0dbeszjfJcgectVtpgLkjK3iDxEOGojUeUZrlErH_TE",
    "refreshToken": "df7f3b54169ed1663cc480acbc25a97c1ca5993777661c01f3ae47b5de072eb94f8857e58172eca8"
}
HTTP/1.1 200 OK
Server: nginx/1.24.0 (Ubuntu)
Date: Mon, 02 Feb 2026 20:03:17 GMT
Content-Type: application/json; charset=utf-8
Content-Length: 388
Connection: keep-alive
X-Powered-By: Express
Access-Control-Allow-Origin: *
authorization: Bearer eyJhbGciOiJIUzI1NiIsInR5cCI6IkpXVCJ9.eyJpZCI6IjY5ODEwMzA1OTg0MjcwMDAxYmU0MmQ3NyIsImlhdCI6MTc3MDA2MjU5NywiZXhwIjoxNzcwMDYzNzk3fQ.0dbeszjfJcgectVtpgLkjK3iDxEOGojUeUZrlErH_TE
ETag: W/"184-YN7rT9VCF20T0oFymNG5HkfjVig"

{
    "success": true,
    "user": {
        "email": "order_test_1770062597308@yandex.ru",
        "name": "Order Test User"
    },
    "accessToken": "Bearer eyJhbGciOiJIUzI1NiIsInR5cCI6IkpXVCJ9.eyJpZCI6IjY5ODEwMzA1OTg0MjcwMDAxYmU0MmQ3NyIsImlhdCI6MTc3MDA2MjU5NywiZXhwIjoxNzcwMDYzNzk3fQ.0dbeszjfJcgectVtpgLkjK3iDxEOGojUeUZrlErH_TE",
    "refreshToken": "df7f3b54169ed1663cc480acbc25a97c1ca5993777661c01f3ae47b5de072eb94f8857e58172eca8"
}
HTTP/1.1 200 OK
Server: nginx/1.24.0 (Ubuntu)
Date: Mon, 02 Feb 2026 20:03:17 GMT
Content-Type: application/json; charset=utf-8
Content-Length: 388
Connection: keep-alive
X-Powered-By: Express
Access-Control-Allow-Origin: *
authorization: Bearer eyJhbGciOiJIUzI1NiIsInR5cCI6IkpXVCJ9.eyJpZCI6IjY5ODEwMzA1OTg0MjcwMDAxYmU0MmQ3NyIsImlhdCI6MTc3MDA2MjU5NywiZXhwIjoxNzcwMDYzNzk3fQ.0dbeszjfJcgectVtpgLkjK3iDxEOGojUeUZrlErH_TE
ETag: W/"184-YN7rT9VCF20T0oFymNG5HkfjVig"

{
    "success": true,
    "user": {
        "email": "order_test_1770062597308@yandex.ru",
        "name": "Order Test User"
    },
    "accessToken": "Bearer eyJhbGciOiJIUzI1NiIsInR5cCI6IkpXVCJ9.eyJpZCI6IjY5ODEwMzA1OTg0MjcwMDAxYmU0MmQ3NyIsImlhdCI6MTc3MDA2MjU5NywiZXhwIjoxNzcwMDYzNzk3fQ.0dbeszjfJcgectVtpgLkjK3iDxEOGojUeUZrlErH_TE",
    "refreshToken": "df7f3b54169ed1663cc480acbc25a97c1ca5993777661c01f3ae47b5de072eb94f8857e58172eca8"
}
HTTP/1.1 200 OK
Server: nginx/1.24.0 (Ubuntu)
Date: Mon, 02 Feb 2026 20:03:17 GMT
Content-Type: application/json; charset=utf-8
Content-Length: 388
Connection: keep-alive
X-Powered-By: Express
Access-Control-Allow-Origin: *
authorization: Bearer eyJhbGciOiJIUzI1NiIsInR5cCI6IkpXVCJ9.eyJpZCI6IjY5ODEwMzA1OTg0MjcwMDAxYmU0MmQ3NyIsImlhdCI6MTc3MDA2MjU5NywiZXhwIjoxNzcwMDYzNzk3fQ.0dbeszjfJcgectVtpgLkjK3iDxEOGojUeUZrlErH_TE
ETag: W/"184-YN7rT9VCF20T0oFymNG5HkfjVig"

{
    "success": true,
    "user": {
        "email": "order_test_1770062597308@yandex.ru",
        "name": "Order Test User"
    },
    "accessToken": "Bearer eyJhbGciOiJIUzI1NiIsInR5cCI6IkpXVCJ9.eyJpZCI6IjY5ODEwMzA1OTg0MjcwMDAxYmU0MmQ3NyIsImlhdCI6MTc3MDA2MjU5NywiZXhwIjoxNzcwMDYzNzk3fQ.0dbeszjfJcgectVtpgLkjK3iDxEOGojUeUZrlErH_TE",
    "refreshToken": "df7f3b54169ed1663cc480acbc25a97c1ca5993777661c01f3ae47b5de072eb94f8857e58172eca8"
}
HTTP/1.1 200 OK
Server: nginx/1.24.0 (Ubuntu)
Date: Mon, 02 Feb 2026 20:03:17 GMT
Content-Type: application/json; charset=utf-8
Content-Length: 388
Connection: keep-alive
X-Powered-By: Express
Access-Control-Allow-Origin: *
authorization: Bearer eyJhbGciOiJIUzI1NiIsInR5cCI6IkpXVCJ9.eyJpZCI6IjY5ODEwMzA1OTg0MjcwMDAxYmU0MmQ3NyIsImlhdCI6MTc3MDA2MjU5NywiZXhwIjoxNzcwMDYzNzk3fQ.0dbeszjfJcgectVtpgLkjK3iDxEOGojUeUZrlErH_TE
ETag: W/"184-YN7rT9VCF20T0oFymNG5HkfjVig"

{
    "success": true,
    "user": {
        "email": "order_test_1770062597308@yandex.ru",
        "name": "Order Test User"
    },
    "accessToken": "Bearer eyJhbGciOiJIUzI1NiIsInR5cCI6IkpXVCJ9.eyJpZCI6IjY5ODEwMzA1OTg0MjcwMDAxYmU0MmQ3NyIsImlhdCI6MTc3MDA2MjU5NywiZXhwIjoxNzcwMDYzNzk3fQ.0dbeszjfJcgectVtpgLkjK3iDxEOGojUeUZrlErH_TE",
    "refreshToken": "df7f3b54169ed1663cc480acbc25a97c1ca5993777661c01f3ae47b5de072eb94f8857e58172eca8"
}
HTTP/1.1 200 OK
Server: nginx/1.24.0 (Ubuntu)
Date: Mon, 02 Feb 2026 20:03:17 GMT
Content-Type: application/json; charset=utf-8
Content-Length: 388
Connection: keep-alive
X-Powered-By: Express
Access-Control-Allow-Origin: *
authorization: Bearer eyJhbGciOiJIUzI1NiIsInR5cCI6IkpXVCJ9.eyJpZCI6IjY5ODEwMzA1OTg0MjcwMDAxYmU0MmQ3NyIsImlhdCI6MTc3MDA2MjU5NywiZXhwIjoxNzcwMDYzNzk3fQ.0dbeszjfJcgectVtpgLkjK3iDxEOGojUeUZrlErH_TE
ETag: W/"184-YN7rT9VCF20T0oFymNG5HkfjVig"

{
    "success": true,
    "user": {
        "email": "order_test_1770062597308@yandex.ru",
        "name": "Order Test User"
    },
    "accessToken": "Bearer eyJhbGciOiJIUzI1NiIsInR5cCI6IkpXVCJ9.eyJpZCI6IjY5ODEwMzA1OTg0MjcwMDAxYmU0MmQ3NyIsImlhdCI6MTc3MDA2MjU5NywiZXhwIjoxNzcwMDYzNzk3fQ.0dbeszjfJcgectVtpgLkjK3iDxEOGojUeUZrlErH_TE",
    "refreshToken": "df7f3b54169ed1663cc480acbc25a97c1ca5993777661c01f3ae47b5de072eb94f8857e58172eca8"
}
HTTP/1.1 200 OK
Server: nginx/1.24.0 (Ubuntu)
Date: Mon, 02 Feb 2026 20:03:17 GMT
Content-Type: application/json; charset=utf-8
Content-Length: 388
Connection: keep-alive
X-Powered-By: Express
Access-Control-Allow-Origin: *
authorization: Bearer eyJhbGciOiJIUzI1NiIsInR5cCI6IkpXVCJ9.eyJpZCI6IjY5ODEwMzA1OTg0MjcwMDAxYmU0MmQ3NyIsImlhdCI6MTc3MDA2MjU5NywiZXhwIjoxNzcwMDYzNzk3fQ.0dbeszjfJcgectVtpgLkjK3iDxEOGojUeUZrlErH_TE
ETag: W/"184-YN7rT9VCF20T0oFymNG5HkfjVig"

{
    "success": true,
    "user": {
        "email": "order_test_1770062597308@yandex.ru",
        "name": "Order Test User"
    },
    "accessToken": "Bearer eyJhbGciOiJIUzI1NiIsInR5cCI6IkpXVCJ9.eyJpZCI6IjY5ODEwMzA1OTg0MjcwMDAxYmU0MmQ3NyIsImlhdCI6MTc3MDA2MjU5NywiZXhwIjoxNzcwMDYzNzk3fQ.0dbeszjfJcgectVtpgLkjK3iDxEOGojUeUZrlErH_TE",
    "refreshToken": "df7f3b54169ed1663cc480acbc25a97c1ca5993777661c01f3ae47b5de072eb94f8857e58172eca8"
}
HTTP/1.1 200 OK
Server: nginx/1.24.0 (Ubuntu)
Date: Mon, 02 Feb 2026 20:03:17 GMT
Content-Type: application/json; charset=utf-8
Content-Length: 388
Connection: keep-alive
X-Powered-By: Express
Access-Control-Allow-Origin: *
authorization: Bearer eyJhbGciOiJIUzI1NiIsInR5cCI6IkpXVCJ9.eyJpZCI6IjY5ODEwMzA1OTg0MjcwMDAxYmU0MmQ3NyIsImlhdCI6MTc3MDA2MjU5NywiZXhwIjoxNzcwMDYzNzk3fQ.0dbeszjfJcgectVtpgLkjK3iDxEOGojUeUZrlErH_TE
ETag: W/"184-YN7rT9VCF20T0oFymNG5HkfjVig"

{
    "success": true,
    "user": {
        "email": "order_test_1770062597308@yandex.ru",
        "name": "Order Test User"
    },
    "accessToken": "Bearer eyJhbGciOiJIUzI1NiIsInR5cCI6IkpXVCJ9.eyJpZCI6IjY5ODEwMzA1OTg0MjcwMDAxYmU0MmQ3NyIsImlhdCI6MTc3MDA2MjU5NywiZXhwIjoxNzcwMDYzNzk3fQ.0dbeszjfJcgectVtpgLkjK3iDxEOGojUeUZrlErH_TE",
    "refreshToken": "df7f3b54169ed1663cc480acbc25a97c1ca5993777661c01f3ae47b5de072eb94f8857e58172eca8"
}
HTTP/1.1 200 OK
Server: nginx/1.24.0 (Ubuntu)
Date: Mon, 02 Feb 2026 20:03:17 GMT
Content-Type: application/json; charset=utf-8
Content-Length: 388
Connection: keep-alive
X-Powered-By: Express
Access-Control-Allow-Origin: *
authorization: Bearer eyJhbGciOiJIUzI1NiIsInR5cCI6IkpXVCJ9.eyJpZCI6IjY5ODEwMzA1OTg0MjcwMDAxYmU0MmQ3NyIsImlhdCI6MTc3MDA2MjU5NywiZXhwIjoxNzcwMDYzNzk3fQ.0dbeszjfJcgectVtpgLkjK3iDxEOGojUeUZrlErH_TE
ETag: W/"184-YN7rT9VCF20T0oFymNG5HkfjVig"

{
    "success": true,
    "user": {
        "email": "order_test_1770062597308@yandex.ru",
        "name": "Order Test User"
    },
    "accessToken": "Bearer eyJhbGciOiJIUzI1NiIsInR5cCI6IkpXVCJ9.eyJpZCI6IjY5ODEwMzA1OTg0MjcwMDAxYmU0MmQ3NyIsImlhdCI6MTc3MDA2MjU5NywiZXhwIjoxNzcwMDYzNzk3fQ.0dbeszjfJcgectVtpgLkjK3iDxEOGojUeUZrlErH_TE",
    "refreshToken": "df7f3b54169ed1663cc480acbc25a97c1ca5993777661c01f3ae47b5de072eb94f8857e58172eca8"
}
HTTP/1.1 200 OK
Server: nginx/1.24.0 (Ubuntu)
Date: Mon, 02 Feb 2026 20:03:17 GMT
Content-Type: application/json; charset=utf-8
Content-Length: 388
Connection: keep-alive
X-Powered-By: Express
Access-Control-Allow-Origin: *
authorization: Bearer eyJhbGciOiJIUzI1NiIsInR5cCI6IkpXVCJ9.eyJpZCI6IjY5ODEwMzA1OTg0MjcwMDAxYmU0MmQ3NyIsImlhdCI6MTc3MDA2MjU5NywiZXhwIjoxNzcwMDYzNzk3fQ.0dbeszjfJcgectVtpgLkjK3iDxEOGojUeUZrlErH_TE
ETag: W/"184-YN7rT9VCF20T0oFymNG5HkfjVig"

{
    "success": true,
    "user": {
        "email": "order_test_1770062597308@yandex.ru",
        "name": "Order Test User"
    },
    "accessToken": "Bearer eyJhbGciOiJIUzI1NiIsInR5cCI6IkpXVCJ9.eyJpZCI6IjY5ODEwMzA1OTg0MjcwMDAxYmU0MmQ3NyIsImlhdCI6MTc3MDA2MjU5NywiZXhwIjoxNzcwMDYzNzk3fQ.0dbeszjfJcgectVtpgLkjK3iDxEOGojUeUZrlErH_TE",
    "refreshToken": "df7f3b54169ed1663cc480acbc25a97c1ca5993777661c01f3ae47b5de072eb94f8857e58172eca8"
}
HTTP/1.1 200 OK
Server: nginx/1.24.0 (Ubuntu)
Date: Mon, 02 Feb 2026 20:03:17 GMT
Content-Type: application/json; charset=utf-8
Content-Length: 388
Connection: keep-alive
X-Powered-By: Express
Access-Control-Allow-Origin: *
authorization: Bearer eyJhbGciOiJIUzI1NiIsInR5cCI6IkpXVCJ9.eyJpZCI6IjY5ODEwMzA1OTg0MjcwMDAxYmU0MmQ3NyIsImlhdCI6MTc3MDA2MjU5NywiZXhwIjoxNzcwMDYzNzk3fQ.0dbeszjfJcgectVtpgLkjK3iDxEOGojUeUZrlErH_TE
ETag: W/"184-YN7rT9VCF20T0oFymNG5HkfjVig"

{
    "success": true,
    "user": {
        "email": "order_test_1770062597308@yandex.ru",
        "name": "Order Test User"
    },
    "accessToken": "Bearer eyJhbGciOiJIUzI1NiIsInR5cCI6IkpXVCJ9.eyJpZCI6IjY5ODEwMzA1OTg0MjcwMDAxYmU0MmQ3NyIsImlhdCI6MTc3MDA2MjU5NywiZXhwIjoxNzcwMDYzNzk3fQ.0dbeszjfJcgectVtpgLkjK3iDxEOGojUeUZrlErH_TE",
    "refreshToken": "df7f3b54169ed1663cc480acbc25a97c1ca5993777661c01f3ae47b5de072eb94f8857e58172eca8"
}
HTTP/1.1 200 OK
Server: nginx/1.24.0 (Ubuntu)
Date: Mon, 02 Feb 2026 20:03:17 GMT
Content-Type: application/json; charset=utf-8
Content-Length: 388
Connection: keep-alive
X-Powered-By: Express
Access-Control-Allow-Origin: *
authorization: Bearer eyJhbGciOiJIUzI1NiIsInR5cCI6IkpXVCJ9.eyJpZCI6IjY5ODEwMzA1OTg0MjcwMDAxYmU0MmQ3NyIsImlhdCI6MTc3MDA2MjU5NywiZXhwIjoxNzcwMDYzNzk3fQ.0dbeszjfJcgectVtpgLkjK3iDxEOGojUeUZrlErH_TE
ETag: W/"184-YN7rT9VCF20T0oFymNG5HkfjVig"

{
    "success": true,
    "user": {
        "email": "order_test_1770062597308@yandex.ru",
        "name": "Order Test User"
    },
    "accessToken": "Bearer eyJhbGciOiJIUzI1NiIsInR5cCI6IkpXVCJ9.eyJpZCI6IjY5ODEwMzA1OTg0MjcwMDAxYmU0MmQ3NyIsImlhdCI6MTc3MDA2MjU5NywiZXhwIjoxNzcwMDYzNzk3fQ.0dbeszjfJcgectVtpgLkjK3iDxEOGojUeUZrlErH_TE",
    "refreshToken": "df7f3b54169ed1663cc480acbc25a97c1ca5993777661c01f3ae47b5de072eb94f8857e58172eca8"
}
HTTP/1.1 200 OK
Server: nginx/1.24.0 (Ubuntu)
Date: Mon, 02 Feb 2026 20:03:17 GMT
Content-Type: application/json; charset=utf-8
Content-Length: 388
Connection: keep-alive
X-Powered-By: Express
Access-Control-Allow-Origin: *
authorization: Bearer eyJhbGciOiJIUzI1NiIsInR5cCI6IkpXVCJ9.eyJpZCI6IjY5ODEwMzA1OTg0MjcwMDAxYmU0MmQ3NyIsImlhdCI6MTc3MDA2MjU5NywiZXhwIjoxNzcwMDYzNzk3fQ.0dbeszjfJcgectVtpgLkjK3iDxEOGojUeUZrlErH_TE
ETag: W/"184-YN7rT9VCF20T0oFymNG5HkfjVig"

{
    "success": true,
    "user": {
        "email": "order_test_1770062597308@yandex.ru",
        "name": "Order Test User"
    },
    "accessToken": "Bearer eyJhbGciOiJIUzI1NiIsInR5cCI6IkpXVCJ9.eyJpZCI6IjY5ODEwMzA1OTg0MjcwMDAxYmU0MmQ3NyIsImlhdCI6MTc3MDA2MjU5NywiZXhwIjoxNzcwMDYzNzk3fQ.0dbeszjfJcgectVtpgLkjK3iDxEOGojUeUZrlErH_TE",
    "refreshToken": "df7f3b54169ed1663cc480acbc25a97c1ca5993777661c01f3ae47b5de072eb94f8857e58172eca8"
}
HTTP/1.1 200 OK
Server: nginx/1.24.0 (Ubuntu)
Date: Mon, 02 Feb 2026 20:03:17 GMT
Content-Type: application/json; charset=utf-8
Content-Length: 388
Connection: keep-alive
X-Powered-By: Express
Access-Control-Allow-Origin: *
authorization: Bearer eyJhbGciOiJIUzI1NiIsInR5cCI6IkpXVCJ9.eyJpZCI6IjY5ODEwMzA1OTg0MjcwMDAxYmU0MmQ3NyIsImlhdCI6MTc3MDA2MjU5NywiZXhwIjoxNzcwMDYzNzk3fQ.0dbeszjfJcgectVtpgLkjK3iDxEOGojUeUZrlErH_TE
ETag: W/"184-YN7rT9VCF20T0oFymNG5HkfjVig"

{
    "success": true,
    "user": {
        "email": "order_test_1770062597308@yandex.ru",
        "name": "Order Test User"
    },
    "accessToken": "Bearer eyJhbGciOiJIUzI1NiIsInR5cCI6IkpXVCJ9.eyJpZCI6IjY5ODEwMzA1OTg0MjcwMDAxYmU0MmQ3NyIsImlhdCI6MTc3MDA2MjU5NywiZXhwIjoxNzcwMDYzNzk3fQ.0dbeszjfJcgectVtpgLkjK3iDxEOGojUeUZrlErH_TE",
    "refreshToken": "df7f3b54169ed1663cc480acbc25a97c1ca5993777661c01f3ae47b5de072eb94f8857e58172eca8"
}
HTTP/1.1 200 OK
Server: nginx/1.24.0 (Ubuntu)
Date: Mon, 02 Feb 2026 20:03:17 GMT
Content-Type: application/json; charset=utf-8
Content-Length: 388
Connection: keep-alive
X-Powered-By: Express
Access-Control-Allow-Origin: *
authorization: Bearer eyJhbGciOiJIUzI1NiIsInR5cCI6IkpXVCJ9.eyJpZCI6IjY5ODEwMzA1OTg0MjcwMDAxYmU0MmQ3NyIsImlhdCI6MTc3MDA2MjU5NywiZXhwIjoxNzcwMDYzNzk3fQ.0dbeszjfJcgectVtpgLkjK3iDxEOGojUeUZrlErH_TE
ETag: W/"184-YN7rT9VCF20T0oFymNG5HkfjVig"

{
    "success": true,
    "user": {
        "email": "order_test_1770062597308@yandex.ru",
        "name": "Order Test User"
    },
    "accessToken": "Bearer eyJhbGciOiJIUzI1NiIsInR5cCI6IkpXVCJ9.eyJpZCI6IjY5ODEwMzA1OTg0MjcwMDAxYmU0MmQ3NyIsImlhdCI6MTc3MDA2MjU5NywiZXhwIjoxNzcwMDYzNzk3fQ.0dbeszjfJcgectVtpgLkjK3iDxEOGojUeUZrlErH_TE",
    "refreshToken": "df7f3b54169ed1663cc480acbc25a97c1ca5993777661c01f3ae47b5de072eb94f8857e58172eca8"
}
HTTP/1.1 200 OK
Server: nginx/1.24.0 (Ubuntu)
Date: Mon, 02 Feb 2026 20:03:17 GMT
Content-Type: application/json; charset=utf-8
Content-Length: 388
Connection: keep-alive
X-Powered-By: Express
Access-Control-Allow-Origin: *
authorization: Bearer eyJhbGciOiJIUzI1NiIsInR5cCI6IkpXVCJ9.eyJpZCI6IjY5ODEwMzA1OTg0MjcwMDAxYmU0MmQ3NyIsImlhdCI6MTc3MDA2MjU5NywiZXhwIjoxNzcwMDYzNzk3fQ.0dbeszjfJcgectVtpgLkjK3iDxEOGojUeUZrlErH_TE
ETag: W/"184-YN7rT9VCF20T0oFymNG5HkfjVig"

{
    "success": true,
    "user": {
        "email": "order_test_1770062597308@yandex.ru",
        "name": "Order Test User"
    },
    "accessToken": "Bearer eyJhbGciOiJIUzI1NiIsInR5cCI6IkpXVCJ9.eyJpZCI6IjY5ODEwMzA1OTg0MjcwMDAxYmU0MmQ3NyIsImlhdCI6MTc3MDA2MjU5NywiZXhwIjoxNzcwMDYzNzk3fQ.0dbeszjfJcgectVtpgLkjK3iDxEOGojUeUZrlErH_TE",
    "refreshToken": "df7f3b54169ed1663cc480acbc25a97c1ca5993777661c01f3ae47b5de072eb94f8857e58172eca8"
}
HTTP/1.1 200 OK
Server: nginx/1.24.0 (Ubuntu)
Date: Mon, 02 Feb 2026 20:03:17 GMT
Content-Type: application/json; charset=utf-8
Content-Length: 388
Connection: keep-alive
X-Powered-By: Express
Access-Control-Allow-Origin: *
authorization: Bearer eyJhbGciOiJIUzI1NiIsInR5cCI6IkpXVCJ9.eyJpZCI6IjY5ODEwMzA1OTg0MjcwMDAxYmU0MmQ3NyIsImlhdCI6MTc3MDA2MjU5NywiZXhwIjoxNzcwMDYzNzk3fQ.0dbeszjfJcgectVtpgLkjK3iDxEOGojUeUZrlErH_TE
ETag: W/"184-YN7rT9VCF20T0oFymNG5HkfjVig"

{
    "success": true,
    "user": {
        "email": "order_test_1770062597308@yandex.ru",
        "name": "Order Test User"
    },
    "accessToken": "Bearer eyJhbGciOiJIUzI1NiIsInR5cCI6IkpXVCJ9.eyJpZCI6IjY5ODEwMzA1OTg0MjcwMDAxYmU0MmQ3NyIsImlhdCI6MTc3MDA2MjU5NywiZXhwIjoxNzcwMDYzNzk3fQ.0dbeszjfJcgectVtpgLkjK3iDxEOGojUeUZrlErH_TE",
    "refreshToken": "df7f3b54169ed1663cc480acbc25a97c1ca5993777661c01f3ae47b5de072eb94f8857e58172eca8"
}
HTTP/1.1 200 OK
Server: nginx/1.24.0 (Ubuntu)
Date: Mon, 02 Feb 2026 20:03:17 GMT
Content-Type: application/json; charset=utf-8
Content-Length: 388
Connection: keep-alive
X-Powered-By: Express
Access-Control-Allow-Origin: *
authorization: Bearer eyJhbGciOiJIUzI1NiIsInR5cCI6IkpXVCJ9.eyJpZCI6IjY5ODEwMzA1OTg0MjcwMDAxYmU0MmQ3NyIsImlhdCI6MTc3MDA2MjU5NywiZXhwIjoxNzcwMDYzNzk3fQ.0dbeszjfJcgectVtpgLkjK3iDxEOGojUeUZrlErH_TE
ETag: W/"184-YN7rT9VCF20T0oFymNG5HkfjVig"

{
    "success": true,
    "user": {
        "email": "order_test_1770062597308@yandex.ru",
        "name": "Order Test User"
    },
    "accessToken": "Bearer eyJhbGciOiJIUzI1NiIsInR5cCI6IkpXVCJ9.eyJpZCI6IjY5ODEwMzA1OTg0MjcwMDAxYmU0MmQ3NyIsImlhdCI6MTc3MDA2MjU5NywiZXhwIjoxNzcwMDYzNzk3fQ.0dbeszjfJcgectVtpgLkjK3iDxEOGojUeUZrlErH_TE",
    "refreshToken": "df7f3b54169ed1663cc480acbc25a97c1ca5993777661c01f3ae47b5de072eb94f8857e58172eca8"
}
HTTP/1.1 200 OK
Server: nginx/1.24.0 (Ubuntu)
Date: Mon, 02 Feb 2026 20:03:17 GMT
Content-Type: application/json; charset=utf-8
Content-Length: 388
Connection: keep-alive
X-Powered-By: Express
Access-Control-Allow-Origin: *
authorization: Bearer eyJhbGciOiJIUzI1NiIsInR5cCI6IkpXVCJ9.eyJpZCI6IjY5ODEwMzA1OTg0MjcwMDAxYmU0MmQ3NyIsImlhdCI6MTc3MDA2MjU5NywiZXhwIjoxNzcwMDYzNzk3fQ.0dbeszjfJcgectVtpgLkjK3iDxEOGojUeUZrlErH_TE
ETag: W/"184-YN7rT9VCF20T0oFymNG5HkfjVig"

{
    "success": true,
    "user": {
        "email": "order_test_1770062597308@yandex.ru",
        "name": "Order Test User"
    },
    "accessToken": "Bearer eyJhbGciOiJIUzI1NiIsInR5cCI6IkpXVCJ9.eyJpZCI6IjY5ODEwMzA1OTg0MjcwMDAxYmU0MmQ3NyIsImlhdCI6MTc3MDA2MjU5NywiZXhwIjoxNzcwMDYzNzk3fQ.0dbeszjfJcgectVtpgLkjK3iDxEOGojUeUZrlErH_TE",
    "refreshToken": "df7f3b54169ed1663cc480acbc25a97c1ca5993777661c01f3ae47b5de072eb94f8857e58172eca8"
}
HTTP/1.1 200 OK
Server: nginx/1.24.0 (Ubuntu)
Date: Mon, 02 Feb 2026 20:03:17 GMT
Content-Type: application/json; charset=utf-8
Content-Length: 388
Connection: keep-alive
X-Powered-By: Express
Access-Control-Allow-Origin: *
authorization: Bearer eyJhbGciOiJIUzI1NiIsInR5cCI6IkpXVCJ9.eyJpZCI6IjY5ODEwMzA1OTg0MjcwMDAxYmU0MmQ3NyIsImlhdCI6MTc3MDA2MjU5NywiZXhwIjoxNzcwMDYzNzk3fQ.0dbeszjfJcgectVtpgLkjK3iDxEOGojUeUZrlErH_TE
ETag: W/"184-YN7rT9VCF20T0oFymNG5HkfjVig"

{
    "success": true,
    "user": {
        "email": "order_test_1770062597308@yandex.ru",
        "name": "Order Test User"
    },
    "accessToken": "Bearer eyJhbGciOiJIUzI1NiIsInR5cCI6IkpXVCJ9.eyJpZCI6IjY5ODEwMzA1OTg0MjcwMDAxYmU0MmQ3NyIsImlhdCI6MTc3MDA2MjU5NywiZXhwIjoxNzcwMDYzNzk3fQ.0dbeszjfJcgectVtpgLkjK3iDxEOGojUeUZrlErH_TE",
    "refreshToken": "df7f3b54169ed1663cc480acbc25a97c1ca5993777661c01f3ae47b5de072eb94f8857e58172eca8"
}
HTTP/1.1 200 OK
Server: nginx/1.24.0 (Ubuntu)
Date: Mon, 02 Feb 2026 20:03:17 GMT
Content-Type: application/json; charset=utf-8
Content-Length: 388
Connection: keep-alive
X-Powered-By: Express
Access-Control-Allow-Origin: *
authorization: Bearer eyJhbGciOiJIUzI1NiIsInR5cCI6IkpXVCJ9.eyJpZCI6IjY5ODEwMzA1OTg0MjcwMDAxYmU0MmQ3NyIsImlhdCI6MTc3MDA2MjU5NywiZXhwIjoxNzcwMDYzNzk3fQ.0dbeszjfJcgectVtpgLkjK3iDxEOGojUeUZrlErH_TE
ETag: W/"184-YN7rT9VCF20T0oFymNG5HkfjVig"

{
    "success": true,
    "user": {
        "email": "order_test_1770062597308@yandex.ru",
        "name": "Order Test User"
    },
    "accessToken": "Bearer eyJhbGciOiJIUzI1NiIsInR5cCI6IkpXVCJ9.eyJpZCI6IjY5ODEwMzA1OTg0MjcwMDAxYmU0MmQ3NyIsImlhdCI6MTc3MDA2MjU5NywiZXhwIjoxNzcwMDYzNzk3fQ.0dbeszjfJcgectVtpgLkjK3iDxEOGojUeUZrlErH_TE",
    "refreshToken": "df7f3b54169ed1663cc480acbc25a97c1ca5993777661c01f3ae47b5de072eb94f8857e58172eca8"
}
HTTP/1.1 200 OK
Server: nginx/1.24.0 (Ubuntu)
Date: Mon, 02 Feb 2026 20:03:17 GMT
Content-Type: application/json; charset=utf-8
Content-Length: 388
Connection: keep-alive
X-Powered-By: Express
Access-Control-Allow-Origin: *
authorization: Bearer eyJhbGciOiJIUzI1NiIsInR5cCI6IkpXVCJ9.eyJpZCI6IjY5ODEwMzA1OTg0MjcwMDAxYmU0MmQ3NyIsImlhdCI6MTc3MDA2MjU5NywiZXhwIjoxNzcwMDYzNzk3fQ.0dbeszjfJcgectVtpgLkjK3iDxEOGojUeUZrlErH_TE
ETag: W/"184-YN7rT9VCF20T0oFymNG5HkfjVig"

{
    "success": true,
    "user": {
        "email": "order_test_1770062597308@yandex.ru",
        "name": "Order Test User"
    },
    "accessToken": "Bearer eyJhbGciOiJIUzI1NiIsInR5cCI6IkpXVCJ9.eyJpZCI6IjY5ODEwMzA1OTg0MjcwMDAxYmU0MmQ3NyIsImlhdCI6MTc3MDA2MjU5NywiZXhwIjoxNzcwMDYzNzk3fQ.0dbeszjfJcgectVtpgLkjK3iDxEOGojUeUZrlErH_TE",
    "refreshToken": "df7f3b54169ed1663cc480acbc25a97c1ca5993777661c01f3ae47b5de072eb94f8857e58172eca8"
}
HTTP/1.1 200 OK
Server: nginx/1.24.0 (Ubuntu)
Date: Mon, 02 Feb 2026 20:03:17 GMT
Content-Type: application/json; charset=utf-8
Content-Length: 388
Connection: keep-alive
X-Powered-By: Express
Access-Control-Allow-Origin: *
authorization: Bearer eyJhbGciOiJIUzI1NiIsInR5cCI6IkpXVCJ9.eyJpZCI6IjY5ODEwMzA1OTg0MjcwMDAxYmU0MmQ3NyIsImlhdCI6MTc3MDA2MjU5NywiZXhwIjoxNzcwMDYzNzk3fQ.0dbeszjfJcgectVtpgLkjK3iDxEOGojUeUZrlErH_TE
ETag: W/"184-YN7rT9VCF20T0oFymNG5HkfjVig"

{
    "success": true,
    "user": {
        "email": "order_test_1770062597308@yandex.ru",
        "name": "Order Test User"
    },
    "accessToken": "Bearer eyJhbGciOiJIUzI1NiIsInR5cCI6IkpXVCJ9.eyJpZCI6IjY5ODEwMzA1OTg0MjcwMDAxYmU0MmQ3NyIsImlhdCI6MTc3MDA2MjU5NywiZXhwIjoxNzcwMDYzNzk3fQ.0dbeszjfJcgectVtpgLkjK3iDxEOGojUeUZrlErH_TE",
    "refreshToken": "df7f3b54169ed1663cc480acbc25a97c1ca5993777661c01f3ae47b5de072eb94f8857e58172eca8"
}
HTTP/1.1 200 OK
Server: nginx/1.24.0 (Ubuntu)
Date: Mon, 02 Feb 2026 20:03:17 GMT
Content-Type: application/json; charset=utf-8
Content-Length: 388
Connection: keep-alive
X-Powered-By: Express
Access-Control-Allow-Origin: *
authorization: Bearer eyJhbGciOiJIUzI1NiIsInR5cCI6IkpXVCJ9.eyJpZCI6IjY5ODEwMzA1OTg0MjcwMDAxYmU0MmQ3NyIsImlhdCI6MTc3MDA2MjU5NywiZXhwIjoxNzcwMDYzNzk3fQ.0dbeszjfJcgectVtpgLkjK3iDxEOGojUeUZrlErH_TE
ETag: W/"184-YN7rT9VCF20T0oFymNG5HkfjVig"

{
    "success": true,
    "user": {
        "email": "order_test_1770062597308@yandex.ru",
        "name": "Order Test User"
    },
    "accessToken": "Bearer eyJhbGciOiJIUzI1NiIsInR5cCI6IkpXVCJ9.eyJpZCI6IjY5ODEwMzA1OTg0MjcwMDAxYmU0MmQ3NyIsImlhdCI6MTc3MDA2MjU5NywiZXhwIjoxNzcwMDYzNzk3fQ.0dbeszjfJcgectVtpgLkjK3iDxEOGojUeUZrlErH_TE",
    "refreshToken": "df7f3b54169ed1663cc480acbc25a97c1ca5993777661c01f3ae47b5de072eb94f8857e58172eca8"
}
HTTP/1.1 200 OK
Server: nginx/1.24.0 (Ubuntu)
Date: Mon, 02 Feb 2026 20:03:17 GMT
Content-Type: application/json; charset=utf-8
Content-Length: 388
Connection: keep-alive
X-Powered-By: Express
Access-Control-Allow-Origin: *
authorization: Bearer eyJhbGciOiJIUzI1NiIsInR5cCI6IkpXVCJ9.eyJpZCI6IjY5ODEwMzA1OTg0MjcwMDAxYmU0MmQ3NyIsImlhdCI6MTc3MDA2MjU5NywiZXhwIjoxNzcwMDYzNzk3fQ.0dbeszjfJcgectVtpgLkjK3iDxEOGojUeUZrlErH_TE
ETag: W/"184-YN7rT9VCF20T0oFymNG5HkfjVig"

{
    "success": true,
    "user": {
        "email": "order_test_1770062597308@yandex.ru",
        "name": "Order Test User"
    },
    "accessToken": "Bearer eyJhbGciOiJIUzI1NiIsInR5cCI6IkpXVCJ9.eyJpZCI6IjY5ODEwMzA1OTg0MjcwMDAxYmU0MmQ3NyIsImlhdCI6MTc3MDA2MjU5NywiZXhwIjoxNzcwMDYzNzk3fQ.0dbeszjfJcgectVtpgLkjK3iDxEOGojUeUZrlErH_TE",
    "refreshToken": "df7f3b54169ed1663cc480acbc25a97c1ca5993777661c01f3ae47b5de072eb94f8857e58172eca8"
}
HTTP/1.1 200 OK
Server: nginx/1.24.0 (Ubuntu)
Date: Mon, 02 Feb 2026 20:03:17 GMT
Content-Type: application/json; charset=utf-8
Content-Length: 388
Connection: keep-alive
X-Powered-By: Express
Access-Control-Allow-Origin: *
authorization: Bearer eyJhbGciOiJIUzI1NiIsInR5cCI6IkpXVCJ9.eyJpZCI6IjY5ODEwMzA1OTg0MjcwMDAxYmU0MmQ3NyIsImlhdCI6MTc3MDA2MjU5NywiZXhwIjoxNzcwMDYzNzk3fQ.0dbeszjfJcgectVtpgLkjK3iDxEOGojUeUZrlErH_TE
ETag: W/"184-YN7rT9VCF20T0oFymNG5HkfjVig"

{
    "success": true,
    "user": {
        "email": "order_test_1770062597308@yandex.ru",
        "name": "Order Test User"
    },
    "accessToken": "Bearer eyJhbGciOiJIUzI1NiIsInR5cCI6IkpXVCJ9.eyJpZCI6IjY5ODEwMzA1OTg0MjcwMDAxYmU0MmQ3NyIsImlhdCI6MTc3MDA2MjU5NywiZXhwIjoxNzcwMDYzNzk3fQ.0dbeszjfJcgectVtpgLkjK3iDxEOGojUeUZrlErH_TE",
    "refreshToken": "df7f3b54169ed1663cc480acbc25a97c1ca5993777661c01f3ae47b5de072eb94f8857e58172eca8"
}
HTTP/1.1 200 OK
Server: nginx/1.24.0 (Ubuntu)
Date: Mon, 02 Feb 2026 20:03:17 GMT
Content-Type: application/json; charset=utf-8
Content-Length: 388
Connection: keep-alive
X-Powered-By: Express
Access-Control-Allow-Origin: *
authorization: Bearer eyJhbGciOiJIUzI1NiIsInR5cCI6IkpXVCJ9.eyJpZCI6IjY5ODEwMzA1OTg0MjcwMDAxYmU0MmQ3NyIsImlhdCI6MTc3MDA2MjU5NywiZXhwIjoxNzcwMDYzNzk3fQ.0dbeszjfJcgectVtpgLkjK3iDxEOGojUeUZrlErH_TE
ETag: W/"184-YN7rT9VCF20T0oFymNG5HkfjVig"

{
    "success": true,
    "user": {
        "email": "order_test_1770062597308@yandex.ru",
        "name": "Order Test User"
    },
    "accessToken": "Bearer eyJhbGciOiJIUzI1NiIsInR5cCI6IkpXVCJ9.eyJpZCI6IjY5ODEwMzA1OTg0MjcwMDAxYmU0MmQ3NyIsImlhdCI6MTc3MDA2MjU5NywiZXhwIjoxNzcwMDYzNzk3fQ.0dbeszjfJcgectVtpgLkjK3iDxEOGojUeUZrlErH_TE",
    "refreshToken": "df7f3b54169ed1663cc480acbc25a97c1ca5993777661c01f3ae47b5de072eb94f8857e58172eca8"
}
Request method:	GET
Request URI:	https://stellarburgers.education-services.ru/api/ingredients
Proxy:			<none>
Request params:	<none>
Query params:	<none>
Form params:	<none>
Path params:	<none>
Headers:		Accept=*/*
Cookies:		<none>
Multiparts:		<none>
Body:			<none>
Request method:	GET
Request URI:	https://stellarburgers.education-services.ru/api/ingredients
Proxy:			<none>
Request params:	<none>
Query params:	<none>
Form params:	<none>
Path params:	<none>
Headers:		Accept=*/*
Cookies:		<none>
Multiparts:		<none>
Body:			<none>
Request method:	GET
Request URI:	https://stellarburgers.education-services.ru/api/ingredients
Proxy:			<none>
Request params:	<none>
Query params:	<none>
Form params:	<none>
Path params:	<none>
Headers:		Accept=*/*
Cookies:		<none>
Multiparts:		<none>
Body:			<none>
Request method:	GET
Request URI:	https://stellarburgers.education-services.ru/api/ingredients
Proxy:			<none>
Request params:	<none>
Query params:	<none>
Form params:	<none>
Path params:	<none>
Headers:		Accept=*/*
Cookies:		<none>
Multiparts:		<none>
Body:			<none>
Request method:	GET
Request URI:	https://stellarburgers.education-services.ru/api/ingredients
Proxy:			<none>
Request params:	<none>
Query params:	<none>
Form params:	<none>
Path params:	<none>
Headers:		Accept=*/*
Cookies:		<none>
Multiparts:		<none>
Body:			<none>
Request method:	GET
Request URI:	https://stellarburgers.education-services.ru/api/ingredients
Proxy:			<none>
Request params:	<none>
Query params:	<none>
Form params:	<none>
Path params:	<none>
Headers:		Accept=*/*
Cookies:		<none>
Multiparts:		<none>
Body:			<none>
Request method:	GET
Request URI:	https://stellarburgers.education-services.ru/api/ingredients
Proxy:			<none>
Request params:	<none>
Query params:	<none>
Form params:	<none>
Path params:	<none>
Headers:		Accept=*/*
Cookies:		<none>
Multiparts:		<none>
Body:			<none>
Request method:	GET
Request URI:	https://stellarburgers.education-services.ru/api/ingredients
Proxy:			<none>
Request params:	<none>
Query params:	<none>
Form params:	<none>
Path params:	<none>
Headers:		Accept=*/*
Cookies:		<none>
Multiparts:		<none>
Body:			<none>
Request method:	GET
Request URI:	https://stellarburgers.education-services.ru/api/ingredients
Proxy:			<none>
Request params:	<none>
Query params:	<none>
Form params:	<none>
Path params:	<none>
Headers:		Accept=*/*
Cookies:		<none>
Multiparts:		<none>
Body:			<none>
Request method:	GET
Request URI:	https://stellarburgers.education-services.ru/api/ingredients
Proxy:			<none>
Request params:	<none>
Query params:	<none>
Form params:	<none>
Path params:	<none>
Headers:		Accept=*/*
Cookies:		<none>
Multiparts:		<none>
Body:			<none>
Request method:	GET
Request URI:	https://stellarburgers.education-services.ru/api/ingredients
Proxy:			<none>
Request params:	<none>
Query params:	<none>
Form params:	<none>
Path params:	<none>
Headers:		Accept=*/*
Cookies:		<none>
Multiparts:		<none>
Body:			<none>
Request method:	GET
Request URI:	https://stellarburgers.education-services.ru/api/ingredients
Proxy:			<none>
Request params:	<none>
Query params:	<none>
Form params:	<none>
Path params:	<none>
Headers:		Accept=*/*
Cookies:		<none>
Multiparts:		<none>
Body:			<none>
Request method:	GET
Request URI:	https://stellarburgers.education-services.ru/api/ingredients
Proxy:			<none>
Request params:	<none>
Query params:	<none>
Form params:	<none>
Path params:	<none>
Headers:		Accept=*/*
Cookies:		<none>
Multiparts:		<none>
Body:			<none>
Request method:	GET
Request URI:	https://stellarburgers.education-services.ru/api/ingredients
Proxy:			<none>
Request params:	<none>
Query params:	<none>
Form params:	<none>
Path params:	<none>
Headers:		Accept=*/*
Cookies:		<none>
Multiparts:		<none>
Body:			<none>
Request method:	GET
Request URI:	https://stellarburgers.education-services.ru/api/ingredients
Proxy:			<none>
Request params:	<none>
Query params:	<none>
Form params:	<none>
Path params:	<none>
Headers:		Accept=*/*
Cookies:		<none>
Multiparts:		<none>
Body:			<none>
Request method:	GET
Request URI:	https://stellarburgers.education-services.ru/api/ingredients
Proxy:			<none>
Request params:	<none>
Query params:	<none>
Form params:	<none>
Path params:	<none>
Headers:		Accept=*/*
Cookies:		<none>
Multiparts:		<none>
Body:			<none>
Request method:	GET
Request URI:	https://stellarburgers.education-services.ru/api/ingredients
Proxy:			<none>
Request params:	<none>
Query params:	<none>
Form params:	<none>
Path params:	<none>
Headers:		Accept=*/*
Cookies:		<none>
Multiparts:		<none>
Body:			<none>
Request method:	GET
Request URI:	https://stellarburgers.education-services.ru/api/ingredients
Proxy:			<none>
Request params:	<none>
Query params:	<none>
Form params:	<none>
Path params:	<none>
Headers:		Accept=*/*
Cookies:		<none>
Multiparts:		<none>
Body:			<none>
Request method:	GET
Request URI:	https://stellarburgers.education-services.ru/api/ingredients
Proxy:			<none>
Request params:	<none>
Query params:	<none>
Form params:	<none>
Path params:	<none>
Headers:		Accept=*/*
Cookies:		<none>
Multiparts:		<none>
Body:			<none>
Request method:	GET
Request URI:	https://stellarburgers.education-services.ru/api/ingredients
Proxy:			<none>
Request params:	<none>
Query params:	<none>
Form params:	<none>
Path params:	<none>
Headers:		Accept=*/*
Cookies:		<none>
Multiparts:		<none>
Body:			<none>
Request method:	GET
Request URI:	https://stellarburgers.education-services.ru/api/ingredients
Proxy:			<none>
Request params:	<none>
Query params:	<none>
Form params:	<none>
Path params:	<none>
Headers:		Accept=*/*
Cookies:		<none>
Multiparts:		<none>
Body:			<none>
Request method:	GET
Request URI:	https://stellarburgers.education-services.ru/api/ingredients
Proxy:			<none>
Request params:	<none>
Query params:	<none>
Form params:	<none>
Path params:	<none>
Headers:		Accept=*/*
Cookies:		<none>
Multiparts:		<none>
Body:			<none>
Request method:	GET
Request URI:	https://stellarburgers.education-services.ru/api/ingredients
Proxy:			<none>
Request params:	<none>
Query params:	<none>
Form params:	<none>
Path params:	<none>
Headers:		Accept=*/*
Cookies:		<none>
Multiparts:		<none>
Body:			<none>
Request method:	GET
Request URI:	https://stellarburgers.education-services.ru/api/ingredients
Proxy:			<none>
Request params:	<none>
Query params:	<none>
Form params:	<none>
Path params:	<none>
Headers:		Accept=*/*
Cookies:		<none>
Multiparts:		<none>
Body:			<none>
Request method:	GET
Request URI:	https://stellarburgers.education-services.ru/api/ingredients
Proxy:			<none>
Request params:	<none>
Query params:	<none>
Form params:	<none>
Path params:	<none>
Headers:		Accept=*/*
Cookies:		<none>
Multiparts:		<none>
Body:			<none>
Request method:	GET
Request URI:	https://stellarburgers.education-services.ru/api/ingredients
Proxy:			<none>
Request params:	<none>
Query params:	<none>
Form params:	<none>
Path params:	<none>
Headers:		Accept=*/*
Cookies:		<none>
Multiparts:		<none>
Body:			<none>
Request method:	GET
Request URI:	https://stellarburgers.education-services.ru/api/ingredients
Proxy:			<none>
Request params:	<none>
Query params:	<none>
Form params:	<none>
Path params:	<none>
Headers:		Accept=*/*
Cookies:		<none>
Multiparts:		<none>
Body:			<none>
Request method:	GET
Request URI:	https://stellarburgers.education-services.ru/api/ingredients
Proxy:			<none>
Request params:	<none>
Query params:	<none>
Form params:	<none>
Path params:	<none>
Headers:		Accept=*/*
Cookies:		<none>
Multiparts:		<none>
Body:			<none>
HTTP/1.1 200 OK
Server: nginx/1.24.0 (Ubuntu)
Date: Mon, 02 Feb 2026 20:03:17 GMT
Content-Type: application/json; charset=utf-8
Content-Length: 5957
Connection: keep-alive
X-Powered-By: Express
Access-Control-Allow-Origin: *
ETag: W/"1745-LHZ7D8kBZWcbCGljCoPXtjB5CeA"

{
    "success": true,
    "data": [
        {
            "_id": "61c0c5a71d1f82001bdaaa6d",
            "name": "Флюоресцентная булка R2-D3",
            "type": "bun",
            "proteins": 44,
            "fat": 26,
            "carbohydrates": 85,
            "calories": 643,
            "price": 988,
            "image": "https://code.s3.yandex.net/react/code/bun-01.png",
            "image_mobile": "https://code.s3.yandex.net/react/code/bun-01-mobile.png",
            "image_large": "https://code.s3.yandex.net/react/code/bun-01-large.png",
            "__v": 0
        },
        {
            "_id": "61c0c5a71d1f82001bdaaa6f",
            "name": "Мясо бессмертных моллюсков Protostomia",
            "type": "main",
            "proteins": 433,
            "fat": 244,
            "carbohydrates": 33,
            "calories": 420,
            "price": 1337,
            "image": "https://code.s3.yandex.net/react/code/meat-02.png",
            "image_mobile": "https://code.s3.yandex.net/react/code/meat-02-mobile.png",
            "image_large": "https://code.s3.yandex.net/react/code/meat-02-large.png",
            "__v": 0
        },
        {
            "_id": "61c0c5a71d1f82001bdaaa70",
            "name": "Говяжий метеорит (отбивная)",
            "type": "main",
            "proteins": 800,
            "fat": 800,
            "carbohydrates": 300,
            "calories": 2674,
            "price": 3000,
            "image": "https://code.s3.yandex.net/react/code/meat-04.png",
            "image_mobile": "https://code.s3.yandex.net/react/code/meat-04-mobile.png",
            "image_large": "https://code.s3.yandex.net/react/code/meat-04-large.png",
            "__v": 0
        },
        {
            "_id": "61c0c5a71d1f82001bdaaa71",
            "name": "Биокотлета из марсианской Магнолии",
            "type": "main",
            "proteins": 420,
            "fat": 142,
            "carbohydrates": 242,
            "calories": 4242,
            "price": 424,
            "image": "https://code.s3.yandex.net/react/code/meat-01.png",
            "image_mobile": "https://code.s3.yandex.net/react/code/meat-01-mobile.png",
            "image_large": "https://code.s3.yandex.net/react/code/meat-01-large.png",
            "__v": 0
        },
        {
            "_id": "61c0c5a71d1f82001bdaaa72",
            "name": "Соус Spicy-X",
            "type": "sauce",
            "proteins": 30,
            "fat": 20,
            "carbohydrates": 40,
            "calories": 30,
            "price": 90,
            "image": "https://code.s3.yandex.net/react/code/sauce-02.png",
            "image_mobile": "https://code.s3.yandex.net/react/code/sauce-02-mobile.png",
            "image_large": "https://code.s3.yandex.net/react/code/sauce-02-large.png",
            "__v": 0
        },
        {
            "_id": "61c0c5a71d1f82001bdaaa6e",
            "name": "Филе Люминесцентного тетраодонтимформа",
            "type": "main",
            "proteins": 44,
            "fat": 26,
            "carbohydrates": 85,
            "calories": 643,
            "price": 988,
            "image": "https://code.s3.yandex.net/react/code/meat-03.png",
            "image_mobile": "https://code.s3.yandex.net/react/code/meat-03-mobile.png",
            "image_large": "https://code.s3.yandex.net/react/code/meat-03-large.png",
            "__v": 0
        },
        {
            "_id": "61c0c5a71d1f82001bdaaa73",
            "name": "Соус фирменный Space Sauce",
            "type": "sauce",
            "proteins": 50,
            "fat": 22,
            "carbohydrates": 11,
            "calories": 14,
            "price": 80,
            "image": "https://code.s3.yandex.net/react/code/sauce-04.png",
            "image_mobile": "https://code.s3.yandex.net/react/code/sauce-04-mobile.png",
            "image_large": "https://code.s3.yandex.net/react/code/sauce-04-large.png",
            "__v": 0
        },
        {
            "_id": "61c0c5a71d1f82001bdaaa74",
            "name": "Соус традиционный галактический",
            "type": "sauce",
            "proteins": 42,
            "fat": 24,
            "carbohydrates": 42,
            "calories": 99,
            "price": 15,
            "image": "https://code.s3.yandex.net/react/code/sauce-03.png",
            "image_mobile": "https://code.s3.yandex.net/react/code/sauce-03-mobile.png",
            "image_large": "https://code.s3.yandex.net/react/code/sauce-03-large.png",
            "__v": 0
        },
        {
            "_id": "61c0c5a71d1f82001bdaaa6c",
            "name": "Краторная булка N-200i",
            "type": "bun",
            "proteins": 80,
            "fat": 24,
            "carbohydrates": 53,
            "calories": 420,
            "price": 1255,
            "image": "https://code.s3.yandex.net/react/code/bun-02.png",
            "image_mobile": "https://code.s3.yandex.net/react/code/bun-02-mobile.png",
            "image_large": "https://code.s3.yandex.net/react/code/bun-02-large.png",
            "__v": 0
        },
        {
            "_id": "61c0c5a71d1f82001bdaaa75",
            "name": "Соус с шипами Антарианского плоскоходца",
            "type": "sauce",
            "proteins": 101,
            "fat": 99,
            "carbohydrates": 100,
            "calories": 100,
            "price": 88,
            "image": "https://code.s3.yandex.net/react/code/sauce-01.png",
            "image_mobile": "https://code.s3.yandex.net/react/code/sauce-01-mobile.png",
            "image_large": "https://code.s3.yandex.net/react/code/sauce-01-large.png",
            "__v": 0
        },
        {
            "_id": "61c0c5a71d1f82001bdaaa76",
            "name": "Хрустящие минеральные кольца",
            "type": "main",
            "proteins": 808,
            "fat": 689,
            "carbohydrates": 609,
            "calories": 986,
            "price": 300,
            "image": "https://code.s3.yandex.net/react/code/mineral_rings.png",
            "image_mobile": "https://code.s3.yandex.net/react/code/mineral_rings-mobile.png",
            "image_large": "https://code.s3.yandex.net/react/code/mineral_rings-large.png",
            "__v": 0
        },
        {
            "_id": "61c0c5a71d1f82001bdaaa77",
            "name": "Плоды Фалленианского дерева",
            "type": "main",
            "proteins": 20,
            "fat": 5,
            "carbohydrates": 55,
            "calories": 77,
            "price": 874,
            "image": "https://code.s3.yandex.net/react/code/sp_1.png",
            "image_mobile": "https://code.s3.yandex.net/react/code/sp_1-mobile.png",
            "image_large": "https://code.s3.yandex.net/react/code/sp_1-large.png",
            "__v": 0
        },
        {
            "_id": "61c0c5a71d1f82001bdaaa78",
            "name": "Кристаллы марсианских альфа-сахаридов",
            "type": "main",
            "proteins": 234,
            "fat": 432,
            "carbohydrates": 111,
            "calories": 189,
            "price": 762,
            "image": "https://code.s3.yandex.net/react/code/core.png",
            "image_mobile": "https://code.s3.yandex.net/react/code/core-mobile.png",
            "image_large": "https://code.s3.yandex.net/react/code/core-large.png",
            "__v": 0
        },
        {
            "_id": "61c0c5a71d1f82001bdaaa79",
            "name": "Мини-салат Экзо-Плантаго",
            "type": "main",
            "proteins": 1,
            "fat": 2,
            "carbohydrates": 3,
            "calories": 6,
            "price": 4400,
            "image": "https://code.s3.yandex.net/react/code/salad.png",
            "image_mobile": "https://code.s3.yandex.net/react/code/salad-mobile.png",
            "image_large": "https://code.s3.yandex.net/react/code/salad-large.png",
            "__v": 0
        },
        {
            "_id": "61c0c5a71d1f82001bdaaa7a",
            "name": "Сыр с астероидной плесенью",
            "type": "main",
            "proteins": 84,
            "fat": 48,
            "carbohydrates": 420,
            "calories": 3377,
            "price": 4142,
            "image": "https://code.s3.yandex.net/react/code/cheese.png",
            "image_mobile": "https://code.s3.yandex.net/react/code/cheese-mobile.png",
            "image_large": "https://code.s3.yandex.net/react/code/cheese-large.png",
            "__v": 0
        }
    ]
}
HTTP/1.1 200 OK
Server: nginx/1.24.0 (Ubuntu)
Date: Mon, 02 Feb 2026 20:03:17 GMT
Content-Type: application/json; charset=utf-8
Content-Length: 5957
Connection: keep-alive
X-Powered-By: Express
Access-Control-Allow-Origin: *
ETag: W/"1745-LHZ7D8kBZWcbCGljCoPXtjB5CeA"

{
    "success": true,
    "data": [
        {
            "_id": "61c0c5a71d1f82001bdaaa6d",
            "name": "Флюоресцентная булка R2-D3",
            "type": "bun",
            "proteins": 44,
            "fat": 26,
            "carbohydrates": 85,
            "calories": 643,
            "price": 988,
            "image": "https://code.s3.yandex.net/react/code/bun-01.png",
            "image_mobile": "https://code.s3.yandex.net/react/code/bun-01-mobile.png",
            "image_large": "https://code.s3.yandex.net/react/code/bun-01-large.png",
            "__v": 0
        },
        {
            "_id": "61c0c5a71d1f82001bdaaa6f",
            "name": "Мясо бессмертных моллюсков Protostomia",
            "type": "main",
            "proteins": 433,
            "fat": 244,
            "carbohydrates": 33,
            "calories": 420,
            "price": 1337,
            "image": "https://code.s3.yandex.net/react/code/meat-02.png",
            "image_mobile": "https://code.s3.yandex.net/react/code/meat-02-mobile.png",
            "image_large": "https://code.s3.yandex.net/react/code/meat-02-large.png",
            "__v": 0
        },
        {
            "_id": "61c0c5a71d1f82001bdaaa70",
            "name": "Говяжий метеорит (отбивная)",
            "type": "main",
            "proteins": 800,
            "fat": 800,
            "carbohydrates": 300,
            "calories": 2674,
            "price": 3000,
            "image": "https://code.s3.yandex.net/react/code/meat-04.png",
            "image_mobile": "https://code.s3.yandex.net/react/code/meat-04-mobile.png",
            "image_large": "https://code.s3.yandex.net/react/code/meat-04-large.png",
            "__v": 0
        },
        {
            "_id": "61c0c5a71d1f82001bdaaa71",
            "name": "Биокотлета из марсианской Магнолии",
            "type": "main",
            "proteins": 420,
            "fat": 142,
            "carbohydrates": 242,
            "calories": 4242,
            "price": 424,
            "image": "https://code.s3.yandex.net/react/code/meat-01.png",
            "image_mobile": "https://code.s3.yandex.net/react/code/meat-01-mobile.png",
            "image_large": "https://code.s3.yandex.net/react/code/meat-01-large.png",
            "__v": 0
        },
        {
            "_id": "61c0c5a71d1f82001bdaaa72",
            "name": "Соус Spicy-X",
            "type": "sauce",
            "proteins": 30,
            "fat": 20,
            "carbohydrates": 40,
            "calories": 30,
            "price": 90,
            "image": "https://code.s3.yandex.net/react/code/sauce-02.png",
            "image_mobile": "https://code.s3.yandex.net/react/code/sauce-02-mobile.png",
            "image_large": "https://code.s3.yandex.net/react/code/sauce-02-large.png",
            "__v": 0
        },
        {
            "_id": "61c0c5a71d1f82001bdaaa6e",
            "name": "Филе Люминесцентного тетраодонтимформа",
            "type": "main",
            "proteins": 44,
            "fat": 26,
            "carbohydrates": 85,
            "calories": 643,
            "price": 988,
            "image": "https://code.s3.yandex.net/react/code/meat-03.png",
            "image_mobile": "https://code.s3.yandex.net/react/code/meat-03-mobile.png",
            "image_large": "https://code.s3.yandex.net/react/code/meat-03-large.png",
            "__v": 0
        },
        {
            "_id": "61c0c5a71d1f82001bdaaa73",
            "name": "Соус фирменный Space Sauce",
            "type": "sauce",
            "proteins": 50,
            "fat": 22,
            "carbohydrates": 11,
            "calories": 14,
            "price": 80,
            "image": "https://code.s3.yandex.net/react/code/sauce-04.png",
            "image_mobile": "https://code.s3.yandex.net/react/code/sauce-04-mobile.png",
            "image_large": "https://code.s3.yandex.net/react/code/sauce-04-large.png",
            "__v": 0
        },
        {
            "_id": "61c0c5a71d1f82001bdaaa74",
            "name": "Соус традиционный галактический",
            "type": "sauce",
            "proteins": 42,
            "fat": 24,
            "carbohydrates": 42,
            "calories": 99,
            "price": 15,
            "image": "https://code.s3.yandex.net/react/code/sauce-03.png",
            "image_mobile": "https://code.s3.yandex.net/react/code/sauce-03-mobile.png",
            "image_large": "https://code.s3.yandex.net/react/code/sauce-03-large.png",
            "__v": 0
        },
        {
            "_id": "61c0c5a71d1f82001bdaaa6c",
            "name": "Краторная булка N-200i",
            "type": "bun",
            "proteins": 80,
            "fat": 24,
            "carbohydrates": 53,
            "calories": 420,
            "price": 1255,
            "image": "https://code.s3.yandex.net/react/code/bun-02.png",
            "image_mobile": "https://code.s3.yandex.net/react/code/bun-02-mobile.png",
            "image_large": "https://code.s3.yandex.net/react/code/bun-02-large.png",
            "__v": 0
        },
        {
            "_id": "61c0c5a71d1f82001bdaaa75",
            "name": "Соус с шипами Антарианского плоскоходца",
            "type": "sauce",
            "proteins": 101,
            "fat": 99,
            "carbohydrates": 100,
            "calories": 100,
            "price": 88,
            "image": "https://code.s3.yandex.net/react/code/sauce-01.png",
            "image_mobile": "https://code.s3.yandex.net/react/code/sauce-01-mobile.png",
            "image_large": "https://code.s3.yandex.net/react/code/sauce-01-large.png",
            "__v": 0
        },
        {
            "_id": "61c0c5a71d1f82001bdaaa76",
            "name": "Хрустящие минеральные кольца",
            "type": "main",
            "proteins": 808,
            "fat": 689,
            "carbohydrates": 609,
            "calories": 986,
            "price": 300,
            "image": "https://code.s3.yandex.net/react/code/mineral_rings.png",
            "image_mobile": "https://code.s3.yandex.net/react/code/mineral_rings-mobile.png",
            "image_large": "https://code.s3.yandex.net/react/code/mineral_rings-large.png",
            "__v": 0
        },
        {
            "_id": "61c0c5a71d1f82001bdaaa77",
            "name": "Плоды Фалленианского дерева",
            "type": "main",
            "proteins": 20,
            "fat": 5,
            "carbohydrates": 55,
            "calories": 77,
            "price": 874,
            "image": "https://code.s3.yandex.net/react/code/sp_1.png",
            "image_mobile": "https://code.s3.yandex.net/react/code/sp_1-mobile.png",
            "image_large": "https://code.s3.yandex.net/react/code/sp_1-large.png",
            "__v": 0
        },
        {
            "_id": "61c0c5a71d1f82001bdaaa78",
            "name": "Кристаллы марсианских альфа-сахаридов",
            "type": "main",
            "proteins": 234,
            "fat": 432,
            "carbohydrates": 111,
            "calories": 189,
            "price": 762,
            "image": "https://code.s3.yandex.net/react/code/core.png",
            "image_mobile": "https://code.s3.yandex.net/react/code/core-mobile.png",
            "image_large": "https://code.s3.yandex.net/react/code/core-large.png",
            "__v": 0
        },
        {
            "_id": "61c0c5a71d1f82001bdaaa79",
            "name": "Мини-салат Экзо-Плантаго",
            "type": "main",
            "proteins": 1,
            "fat": 2,
            "carbohydrates": 3,
            "calories": 6,
            "price": 4400,
            "image": "https://code.s3.yandex.net/react/code/salad.png",
            "image_mobile": "https://code.s3.yandex.net/react/code/salad-mobile.png",
            "image_large": "https://code.s3.yandex.net/react/code/salad-large.png",
            "__v": 0
        },
        {
            "_id": "61c0c5a71d1f82001bdaaa7a",
            "name": "Сыр с астероидной плесенью",
            "type": "main",
            "proteins": 84,
            "fat": 48,
            "carbohydrates": 420,
            "calories": 3377,
            "price": 4142,
            "image": "https://code.s3.yandex.net/react/code/cheese.png",
            "image_mobile": "https://code.s3.yandex.net/react/code/cheese-mobile.png",
            "image_large": "https://code.s3.yandex.net/react/code/cheese-large.png",
            "__v": 0
        }
    ]
}
HTTP/1.1 200 OK
Server: nginx/1.24.0 (Ubuntu)
Date: Mon, 02 Feb 2026 20:03:17 GMT
Content-Type: application/json; charset=utf-8
Content-Length: 5957
Connection: keep-alive
X-Powered-By: Express
Access-Control-Allow-Origin: *
ETag: W/"1745-LHZ7D8kBZWcbCGljCoPXtjB5CeA"

{
    "success": true,
    "data": [
        {
            "_id": "61c0c5a71d1f82001bdaaa6d",
            "name": "Флюоресцентная булка R2-D3",
            "type": "bun",
            "proteins": 44,
            "fat": 26,
            "carbohydrates": 85,
            "calories": 643,
            "price": 988,
            "image": "https://code.s3.yandex.net/react/code/bun-01.png",
            "image_mobile": "https://code.s3.yandex.net/react/code/bun-01-mobile.png",
            "image_large": "https://code.s3.yandex.net/react/code/bun-01-large.png",
            "__v": 0
        },
        {
            "_id": "61c0c5a71d1f82001bdaaa6f",
            "name": "Мясо бессмертных моллюсков Protostomia",
            "type": "main",
            "proteins": 433,
            "fat": 244,
            "carbohydrates": 33,
            "calories": 420,
            "price": 1337,
            "image": "https://code.s3.yandex.net/react/code/meat-02.png",
            "image_mobile": "https://code.s3.yandex.net/react/code/meat-02-mobile.png",
            "image_large": "https://code.s3.yandex.net/react/code/meat-02-large.png",
            "__v": 0
        },
        {
            "_id": "61c0c5a71d1f82001bdaaa70",
            "name": "Говяжий метеорит (отбивная)",
            "type": "main",
            "proteins": 800,
            "fat": 800,
            "carbohydrates": 300,
            "calories": 2674,
            "price": 3000,
            "image": "https://code.s3.yandex.net/react/code/meat-04.png",
            "image_mobile": "https://code.s3.yandex.net/react/code/meat-04-mobile.png",
            "image_large": "https://code.s3.yandex.net/react/code/meat-04-large.png",
            "__v": 0
        },
        {
            "_id": "61c0c5a71d1f82001bdaaa71",
            "name": "Биокотлета из марсианской Магнолии",
            "type": "main",
            "proteins": 420,
            "fat": 142,
            "carbohydrates": 242,
            "calories": 4242,
            "price": 424,
            "image": "https://code.s3.yandex.net/react/code/meat-01.png",
            "image_mobile": "https://code.s3.yandex.net/react/code/meat-01-mobile.png",
            "image_large": "https://code.s3.yandex.net/react/code/meat-01-large.png",
            "__v": 0
        },
        {
            "_id": "61c0c5a71d1f82001bdaaa72",
            "name": "Соус Spicy-X",
            "type": "sauce",
            "proteins": 30,
            "fat": 20,
            "carbohydrates": 40,
            "calories": 30,
            "price": 90,
            "image": "https://code.s3.yandex.net/react/code/sauce-02.png",
            "image_mobile": "https://code.s3.yandex.net/react/code/sauce-02-mobile.png",
            "image_large": "https://code.s3.yandex.net/react/code/sauce-02-large.png",
            "__v": 0
        },
        {
            "_id": "61c0c5a71d1f82001bdaaa6e",
            "name": "Филе Люминесцентного тетраодонтимформа",
            "type": "main",
            "proteins": 44,
            "fat": 26,
            "carbohydrates": 85,
            "calories": 643,
            "price": 988,
            "image": "https://code.s3.yandex.net/react/code/meat-03.png",
            "image_mobile": "https://code.s3.yandex.net/react/code/meat-03-mobile.png",
            "image_large": "https://code.s3.yandex.net/react/code/meat-03-large.png",
            "__v": 0
        },
        {
            "_id": "61c0c5a71d1f82001bdaaa73",
            "name": "Соус фирменный Space Sauce",
            "type": "sauce",
            "proteins": 50,
            "fat": 22,
            "carbohydrates": 11,
            "calories": 14,
            "price": 80,
            "image": "https://code.s3.yandex.net/react/code/sauce-04.png",
            "image_mobile": "https://code.s3.yandex.net/react/code/sauce-04-mobile.png",
            "image_large": "https://code.s3.yandex.net/react/code/sauce-04-large.png",
            "__v": 0
        },
        {
            "_id": "61c0c5a71d1f82001bdaaa74",
            "name": "Соус традиционный галактический",
            "type": "sauce",
            "proteins": 42,
            "fat": 24,
            "carbohydrates": 42,
            "calories": 99,
            "price": 15,
            "image": "https://code.s3.yandex.net/react/code/sauce-03.png",
            "image_mobile": "https://code.s3.yandex.net/react/code/sauce-03-mobile.png",
            "image_large": "https://code.s3.yandex.net/react/code/sauce-03-large.png",
            "__v": 0
        },
        {
            "_id": "61c0c5a71d1f82001bdaaa6c",
            "name": "Краторная булка N-200i",
            "type": "bun",
            "proteins": 80,
            "fat": 24,
            "carbohydrates": 53,
            "calories": 420,
            "price": 1255,
            "image": "https://code.s3.yandex.net/react/code/bun-02.png",
            "image_mobile": "https://code.s3.yandex.net/react/code/bun-02-mobile.png",
            "image_large": "https://code.s3.yandex.net/react/code/bun-02-large.png",
            "__v": 0
        },
        {
            "_id": "61c0c5a71d1f82001bdaaa75",
            "name": "Соус с шипами Антарианского плоскоходца",
            "type": "sauce",
            "proteins": 101,
            "fat": 99,
            "carbohydrates": 100,
            "calories": 100,
            "price": 88,
            "image": "https://code.s3.yandex.net/react/code/sauce-01.png",
            "image_mobile": "https://code.s3.yandex.net/react/code/sauce-01-mobile.png",
            "image_large": "https://code.s3.yandex.net/react/code/sauce-01-large.png",
            "__v": 0
        },
        {
            "_id": "61c0c5a71d1f82001bdaaa76",
            "name": "Хрустящие минеральные кольца",
            "type": "main",
            "proteins": 808,
            "fat": 689,
            "carbohydrates": 609,
            "calories": 986,
            "price": 300,
            "image": "https://code.s3.yandex.net/react/code/mineral_rings.png",
            "image_mobile": "https://code.s3.yandex.net/react/code/mineral_rings-mobile.png",
            "image_large": "https://code.s3.yandex.net/react/code/mineral_rings-large.png",
            "__v": 0
        },
        {
            "_id": "61c0c5a71d1f82001bdaaa77",
            "name": "Плоды Фалленианского дерева",
            "type": "main",
            "proteins": 20,
            "fat": 5,
            "carbohydrates": 55,
            "calories": 77,
            "price": 874,
            "image": "https://code.s3.yandex.net/react/code/sp_1.png",
            "image_mobile": "https://code.s3.yandex.net/react/code/sp_1-mobile.png",
            "image_large": "https://code.s3.yandex.net/react/code/sp_1-large.png",
            "__v": 0
        },
        {
            "_id": "61c0c5a71d1f82001bdaaa78",
            "name": "Кристаллы марсианских альфа-сахаридов",
            "type": "main",
            "proteins": 234,
            "fat": 432,
            "carbohydrates": 111,
            "calories": 189,
            "price": 762,
            "image": "https://code.s3.yandex.net/react/code/core.png",
            "image_mobile": "https://code.s3.yandex.net/react/code/core-mobile.png",
            "image_large": "https://code.s3.yandex.net/react/code/core-large.png",
            "__v": 0
        },
        {
            "_id": "61c0c5a71d1f82001bdaaa79",
            "name": "Мини-салат Экзо-Плантаго",
            "type": "main",
            "proteins": 1,
            "fat": 2,
            "carbohydrates": 3,
            "calories": 6,
            "price": 4400,
            "image": "https://code.s3.yandex.net/react/code/salad.png",
            "image_mobile": "https://code.s3.yandex.net/react/code/salad-mobile.png",
            "image_large": "https://code.s3.yandex.net/react/code/salad-large.png",
            "__v": 0
        },
        {
            "_id": "61c0c5a71d1f82001bdaaa7a",
            "name": "Сыр с астероидной плесенью",
            "type": "main",
            "proteins": 84,
            "fat": 48,
            "carbohydrates": 420,
            "calories": 3377,
            "price": 4142,
            "image": "https://code.s3.yandex.net/react/code/cheese.png",
            "image_mobile": "https://code.s3.yandex.net/react/code/cheese-mobile.png",
            "image_large": "https://code.s3.yandex.net/react/code/cheese-large.png",
            "__v": 0
        }
    ]
}
HTTP/1.1 200 OK
Server: nginx/1.24.0 (Ubuntu)
Date: Mon, 02 Feb 2026 20:03:17 GMT
Content-Type: application/json; charset=utf-8
Content-Length: 5957
Connection: keep-alive
X-Powered-By: Express
Access-Control-Allow-Origin: *
ETag: W/"1745-LHZ7D8kBZWcbCGljCoPXtjB5CeA"

{
    "success": true,
    "data": [
        {
            "_id": "61c0c5a71d1f82001bdaaa6d",
            "name": "Флюоресцентная булка R2-D3",
            "type": "bun",
            "proteins": 44,
            "fat": 26,
            "carbohydrates": 85,
            "calories": 643,
            "price": 988,
            "image": "https://code.s3.yandex.net/react/code/bun-01.png",
            "image_mobile": "https://code.s3.yandex.net/react/code/bun-01-mobile.png",
            "image_large": "https://code.s3.yandex.net/react/code/bun-01-large.png",
            "__v": 0
        },
        {
            "_id": "61c0c5a71d1f82001bdaaa6f",
            "name": "Мясо бессмертных моллюсков Protostomia",
            "type": "main",
            "proteins": 433,
            "fat": 244,
            "carbohydrates": 33,
            "calories": 420,
            "price": 1337,
            "image": "https://code.s3.yandex.net/react/code/meat-02.png",
            "image_mobile": "https://code.s3.yandex.net/react/code/meat-02-mobile.png",
            "image_large": "https://code.s3.yandex.net/react/code/meat-02-large.png",
            "__v": 0
        },
        {
            "_id": "61c0c5a71d1f82001bdaaa70",
            "name": "Говяжий метеорит (отбивная)",
            "type": "main",
            "proteins": 800,
            "fat": 800,
            "carbohydrates": 300,
            "calories": 2674,
            "price": 3000,
            "image": "https://code.s3.yandex.net/react/code/meat-04.png",
            "image_mobile": "https://code.s3.yandex.net/react/code/meat-04-mobile.png",
            "image_large": "https://code.s3.yandex.net/react/code/meat-04-large.png",
            "__v": 0
        },
        {
            "_id": "61c0c5a71d1f82001bdaaa71",
            "name": "Биокотлета из марсианской Магнолии",
            "type": "main",
            "proteins": 420,
            "fat": 142,
            "carbohydrates": 242,
            "calories": 4242,
            "price": 424,
            "image": "https://code.s3.yandex.net/react/code/meat-01.png",
            "image_mobile": "https://code.s3.yandex.net/react/code/meat-01-mobile.png",
            "image_large": "https://code.s3.yandex.net/react/code/meat-01-large.png",
            "__v": 0
        },
        {
            "_id": "61c0c5a71d1f82001bdaaa72",
            "name": "Соус Spicy-X",
            "type": "sauce",
            "proteins": 30,
            "fat": 20,
            "carbohydrates": 40,
            "calories": 30,
            "price": 90,
            "image": "https://code.s3.yandex.net/react/code/sauce-02.png",
            "image_mobile": "https://code.s3.yandex.net/react/code/sauce-02-mobile.png",
            "image_large": "https://code.s3.yandex.net/react/code/sauce-02-large.png",
            "__v": 0
        },
        {
            "_id": "61c0c5a71d1f82001bdaaa6e",
            "name": "Филе Люминесцентного тетраодонтимформа",
            "type": "main",
            "proteins": 44,
            "fat": 26,
            "carbohydrates": 85,
            "calories": 643,
            "price": 988,
            "image": "https://code.s3.yandex.net/react/code/meat-03.png",
            "image_mobile": "https://code.s3.yandex.net/react/code/meat-03-mobile.png",
            "image_large": "https://code.s3.yandex.net/react/code/meat-03-large.png",
            "__v": 0
        },
        {
            "_id": "61c0c5a71d1f82001bdaaa73",
            "name": "Соус фирменный Space Sauce",
            "type": "sauce",
            "proteins": 50,
            "fat": 22,
            "carbohydrates": 11,
            "calories": 14,
            "price": 80,
            "image": "https://code.s3.yandex.net/react/code/sauce-04.png",
            "image_mobile": "https://code.s3.yandex.net/react/code/sauce-04-mobile.png",
            "image_large": "https://code.s3.yandex.net/react/code/sauce-04-large.png",
            "__v": 0
        },
        {
            "_id": "61c0c5a71d1f82001bdaaa74",
            "name": "Соус традиционный галактический",
            "type": "sauce",
            "proteins": 42,
            "fat": 24,
            "carbohydrates": 42,
            "calories": 99,
            "price": 15,
            "image": "https://code.s3.yandex.net/react/code/sauce-03.png",
            "image_mobile": "https://code.s3.yandex.net/react/code/sauce-03-mobile.png",
            "image_large": "https://code.s3.yandex.net/react/code/sauce-03-large.png",
            "__v": 0
        },
        {
            "_id": "61c0c5a71d1f82001bdaaa6c",
            "name": "Краторная булка N-200i",
            "type": "bun",
            "proteins": 80,
            "fat": 24,
            "carbohydrates": 53,
            "calories": 420,
            "price": 1255,
            "image": "https://code.s3.yandex.net/react/code/bun-02.png",
            "image_mobile": "https://code.s3.yandex.net/react/code/bun-02-mobile.png",
            "image_large": "https://code.s3.yandex.net/react/code/bun-02-large.png",
            "__v": 0
        },
        {
            "_id": "61c0c5a71d1f82001bdaaa75",
            "name": "Соус с шипами Антарианского плоскоходца",
            "type": "sauce",
            "proteins": 101,
            "fat": 99,
            "carbohydrates": 100,
            "calories": 100,
            "price": 88,
            "image": "https://code.s3.yandex.net/react/code/sauce-01.png",
            "image_mobile": "https://code.s3.yandex.net/react/code/sauce-01-mobile.png",
            "image_large": "https://code.s3.yandex.net/react/code/sauce-01-large.png",
            "__v": 0
        },
        {
            "_id": "61c0c5a71d1f82001bdaaa76",
            "name": "Хрустящие минеральные кольца",
            "type": "main",
            "proteins": 808,
            "fat": 689,
            "carbohydrates": 609,
            "calories": 986,
            "price": 300,
            "image": "https://code.s3.yandex.net/react/code/mineral_rings.png",
            "image_mobile": "https://code.s3.yandex.net/react/code/mineral_rings-mobile.png",
            "image_large": "https://code.s3.yandex.net/react/code/mineral_rings-large.png",
            "__v": 0
        },
        {
            "_id": "61c0c5a71d1f82001bdaaa77",
            "name": "Плоды Фалленианского дерева",
            "type": "main",
            "proteins": 20,
            "fat": 5,
            "carbohydrates": 55,
            "calories": 77,
            "price": 874,
            "image": "https://code.s3.yandex.net/react/code/sp_1.png",
            "image_mobile": "https://code.s3.yandex.net/react/code/sp_1-mobile.png",
            "image_large": "https://code.s3.yandex.net/react/code/sp_1-large.png",
            "__v": 0
        },
        {
            "_id": "61c0c5a71d1f82001bdaaa78",
            "name": "Кристаллы марсианских альфа-сахаридов",
            "type": "main",
            "proteins": 234,
            "fat": 432,
            "carbohydrates": 111,
            "calories": 189,
            "price": 762,
            "image": "https://code.s3.yandex.net/react/code/core.png",
            "image_mobile": "https://code.s3.yandex.net/react/code/core-mobile.png",
            "image_large": "https://code.s3.yandex.net/react/code/core-large.png",
            "__v": 0
        },
        {
            "_id": "61c0c5a71d1f82001bdaaa79",
            "name": "Мини-салат Экзо-Плантаго",
            "type": "main",
            "proteins": 1,
            "fat": 2,
            "carbohydrates": 3,
            "calories": 6,
            "price": 4400,
            "image": "https://code.s3.yandex.net/react/code/salad.png",
            "image_mobile": "https://code.s3.yandex.net/react/code/salad-mobile.png",
            "image_large": "https://code.s3.yandex.net/react/code/salad-large.png",
            "__v": 0
        },
        {
            "_id": "61c0c5a71d1f82001bdaaa7a",
            "name": "Сыр с астероидной плесенью",
            "type": "main",
            "proteins": 84,
            "fat": 48,
            "carbohydrates": 420,
            "calories": 3377,
            "price": 4142,
            "image": "https://code.s3.yandex.net/react/code/cheese.png",
            "image_mobile": "https://code.s3.yandex.net/react/code/cheese-mobile.png",
            "image_large": "https://code.s3.yandex.net/react/code/cheese-large.png",
            "__v": 0
        }
    ]
}
HTTP/1.1 200 OK
Server: nginx/1.24.0 (Ubuntu)
Date: Mon, 02 Feb 2026 20:03:17 GMT
Content-Type: application/json; charset=utf-8
Content-Length: 5957
Connection: keep-alive
X-Powered-By: Express
Access-Control-Allow-Origin: *
ETag: W/"1745-LHZ7D8kBZWcbCGljCoPXtjB5CeA"

{
    "success": true,
    "data": [
        {
            "_id": "61c0c5a71d1f82001bdaaa6d",
            "name": "Флюоресцентная булка R2-D3",
            "type": "bun",
            "proteins": 44,
            "fat": 26,
            "carbohydrates": 85,
            "calories": 643,
            "price": 988,
            "image": "https://code.s3.yandex.net/react/code/bun-01.png",
            "image_mobile": "https://code.s3.yandex.net/react/code/bun-01-mobile.png",
            "image_large": "https://code.s3.yandex.net/react/code/bun-01-large.png",
            "__v": 0
        },
        {
            "_id": "61c0c5a71d1f82001bdaaa6f",
            "name": "Мясо бессмертных моллюсков Protostomia",
            "type": "main",
            "proteins": 433,
            "fat": 244,
            "carbohydrates": 33,
            "calories": 420,
            "price": 1337,
            "image": "https://code.s3.yandex.net/react/code/meat-02.png",
            "image_mobile": "https://code.s3.yandex.net/react/code/meat-02-mobile.png",
            "image_large": "https://code.s3.yandex.net/react/code/meat-02-large.png",
            "__v": 0
        },
        {
            "_id": "61c0c5a71d1f82001bdaaa70",
            "name": "Говяжий метеорит (отбивная)",
            "type": "main",
            "proteins": 800,
            "fat": 800,
            "carbohydrates": 300,
            "calories": 2674,
            "price": 3000,
            "image": "https://code.s3.yandex.net/react/code/meat-04.png",
            "image_mobile": "https://code.s3.yandex.net/react/code/meat-04-mobile.png",
            "image_large": "https://code.s3.yandex.net/react/code/meat-04-large.png",
            "__v": 0
        },
        {
            "_id": "61c0c5a71d1f82001bdaaa71",
            "name": "Биокотлета из марсианской Магнолии",
            "type": "main",
            "proteins": 420,
            "fat": 142,
            "carbohydrates": 242,
            "calories": 4242,
            "price": 424,
            "image": "https://code.s3.yandex.net/react/code/meat-01.png",
            "image_mobile": "https://code.s3.yandex.net/react/code/meat-01-mobile.png",
            "image_large": "https://code.s3.yandex.net/react/code/meat-01-large.png",
            "__v": 0
        },
        {
            "_id": "61c0c5a71d1f82001bdaaa72",
            "name": "Соус Spicy-X",
            "type": "sauce",
            "proteins": 30,
            "fat": 20,
            "carbohydrates": 40,
            "calories": 30,
            "price": 90,
            "image": "https://code.s3.yandex.net/react/code/sauce-02.png",
            "image_mobile": "https://code.s3.yandex.net/react/code/sauce-02-mobile.png",
            "image_large": "https://code.s3.yandex.net/react/code/sauce-02-large.png",
            "__v": 0
        },
        {
            "_id": "61c0c5a71d1f82001bdaaa6e",
            "name": "Филе Люминесцентного тетраодонтимформа",
            "type": "main",
            "proteins": 44,
            "fat": 26,
            "carbohydrates": 85,
            "calories": 643,
            "price": 988,
            "image": "https://code.s3.yandex.net/react/code/meat-03.png",
            "image_mobile": "https://code.s3.yandex.net/react/code/meat-03-mobile.png",
            "image_large": "https://code.s3.yandex.net/react/code/meat-03-large.png",
            "__v": 0
        },
        {
            "_id": "61c0c5a71d1f82001bdaaa73",
            "name": "Соус фирменный Space Sauce",
            "type": "sauce",
            "proteins": 50,
            "fat": 22,
            "carbohydrates": 11,
            "calories": 14,
            "price": 80,
            "image": "https://code.s3.yandex.net/react/code/sauce-04.png",
            "image_mobile": "https://code.s3.yandex.net/react/code/sauce-04-mobile.png",
            "image_large": "https://code.s3.yandex.net/react/code/sauce-04-large.png",
            "__v": 0
        },
        {
            "_id": "61c0c5a71d1f82001bdaaa74",
            "name": "Соус традиционный галактический",
            "type": "sauce",
            "proteins": 42,
            "fat": 24,
            "carbohydrates": 42,
            "calories": 99,
            "price": 15,
            "image": "https://code.s3.yandex.net/react/code/sauce-03.png",
            "image_mobile": "https://code.s3.yandex.net/react/code/sauce-03-mobile.png",
            "image_large": "https://code.s3.yandex.net/react/code/sauce-03-large.png",
            "__v": 0
        },
        {
            "_id": "61c0c5a71d1f82001bdaaa6c",
            "name": "Краторная булка N-200i",
            "type": "bun",
            "proteins": 80,
            "fat": 24,
            "carbohydrates": 53,
            "calories": 420,
            "price": 1255,
            "image": "https://code.s3.yandex.net/react/code/bun-02.png",
            "image_mobile": "https://code.s3.yandex.net/react/code/bun-02-mobile.png",
            "image_large": "https://code.s3.yandex.net/react/code/bun-02-large.png",
            "__v": 0
        },
        {
            "_id": "61c0c5a71d1f82001bdaaa75",
            "name": "Соус с шипами Антарианского плоскоходца",
            "type": "sauce",
            "proteins": 101,
            "fat": 99,
            "carbohydrates": 100,
            "calories": 100,
            "price": 88,
            "image": "https://code.s3.yandex.net/react/code/sauce-01.png",
            "image_mobile": "https://code.s3.yandex.net/react/code/sauce-01-mobile.png",
            "image_large": "https://code.s3.yandex.net/react/code/sauce-01-large.png",
            "__v": 0
        },
        {
            "_id": "61c0c5a71d1f82001bdaaa76",
            "name": "Хрустящие минеральные кольца",
            "type": "main",
            "proteins": 808,
            "fat": 689,
            "carbohydrates": 609,
            "calories": 986,
            "price": 300,
            "image": "https://code.s3.yandex.net/react/code/mineral_rings.png",
            "image_mobile": "https://code.s3.yandex.net/react/code/mineral_rings-mobile.png",
            "image_large": "https://code.s3.yandex.net/react/code/mineral_rings-large.png",
            "__v": 0
        },
        {
            "_id": "61c0c5a71d1f82001bdaaa77",
            "name": "Плоды Фалленианского дерева",
            "type": "main",
            "proteins": 20,
            "fat": 5,
            "carbohydrates": 55,
            "calories": 77,
            "price": 874,
            "image": "https://code.s3.yandex.net/react/code/sp_1.png",
            "image_mobile": "https://code.s3.yandex.net/react/code/sp_1-mobile.png",
            "image_large": "https://code.s3.yandex.net/react/code/sp_1-large.png",
            "__v": 0
        },
        {
            "_id": "61c0c5a71d1f82001bdaaa78",
            "name": "Кристаллы марсианских альфа-сахаридов",
            "type": "main",
            "proteins": 234,
            "fat": 432,
            "carbohydrates": 111,
            "calories": 189,
            "price": 762,
            "image": "https://code.s3.yandex.net/react/code/core.png",
            "image_mobile": "https://code.s3.yandex.net/react/code/core-mobile.png",
            "image_large": "https://code.s3.yandex.net/react/code/core-large.png",
            "__v": 0
        },
        {
            "_id": "61c0c5a71d1f82001bdaaa79",
            "name": "Мини-салат Экзо-Плантаго",
            "type": "main",
            "proteins": 1,
            "fat": 2,
            "carbohydrates": 3,
            "calories": 6,
            "price": 4400,
            "image": "https://code.s3.yandex.net/react/code/salad.png",
            "image_mobile": "https://code.s3.yandex.net/react/code/salad-mobile.png",
            "image_large": "https://code.s3.yandex.net/react/code/salad-large.png",
            "__v": 0
        },
        {
            "_id": "61c0c5a71d1f82001bdaaa7a",
            "name": "Сыр с астероидной плесенью",
            "type": "main",
            "proteins": 84,
            "fat": 48,
            "carbohydrates": 420,
            "calories": 3377,
            "price": 4142,
            "image": "https://code.s3.yandex.net/react/code/cheese.png",
            "image_mobile": "https://code.s3.yandex.net/react/code/cheese-mobile.png",
            "image_large": "https://code.s3.yandex.net/react/code/cheese-large.png",
            "__v": 0
        }
    ]
}
HTTP/1.1 200 OK
Server: nginx/1.24.0 (Ubuntu)
Date: Mon, 02 Feb 2026 20:03:17 GMT
Content-Type: application/json; charset=utf-8
Content-Length: 5957
Connection: keep-alive
X-Powered-By: Express
Access-Control-Allow-Origin: *
ETag: W/"1745-LHZ7D8kBZWcbCGljCoPXtjB5CeA"

{
    "success": true,
    "data": [
        {
            "_id": "61c0c5a71d1f82001bdaaa6d",
            "name": "Флюоресцентная булка R2-D3",
            "type": "bun",
            "proteins": 44,
            "fat": 26,
            "carbohydrates": 85,
            "calories": 643,
            "price": 988,
            "image": "https://code.s3.yandex.net/react/code/bun-01.png",
            "image_mobile": "https://code.s3.yandex.net/react/code/bun-01-mobile.png",
            "image_large": "https://code.s3.yandex.net/react/code/bun-01-large.png",
            "__v": 0
        },
        {
            "_id": "61c0c5a71d1f82001bdaaa6f",
            "name": "Мясо бессмертных моллюсков Protostomia",
            "type": "main",
            "proteins": 433,
            "fat": 244,
            "carbohydrates": 33,
            "calories": 420,
            "price": 1337,
            "image": "https://code.s3.yandex.net/react/code/meat-02.png",
            "image_mobile": "https://code.s3.yandex.net/react/code/meat-02-mobile.png",
            "image_large": "https://code.s3.yandex.net/react/code/meat-02-large.png",
            "__v": 0
        },
        {
            "_id": "61c0c5a71d1f82001bdaaa70",
            "name": "Говяжий метеорит (отбивная)",
            "type": "main",
            "proteins": 800,
            "fat": 800,
            "carbohydrates": 300,
            "calories": 2674,
            "price": 3000,
            "image": "https://code.s3.yandex.net/react/code/meat-04.png",
            "image_mobile": "https://code.s3.yandex.net/react/code/meat-04-mobile.png",
            "image_large": "https://code.s3.yandex.net/react/code/meat-04-large.png",
            "__v": 0
        },
        {
            "_id": "61c0c5a71d1f82001bdaaa71",
            "name": "Биокотлета из марсианской Магнолии",
            "type": "main",
            "proteins": 420,
            "fat": 142,
            "carbohydrates": 242,
            "calories": 4242,
            "price": 424,
            "image": "https://code.s3.yandex.net/react/code/meat-01.png",
            "image_mobile": "https://code.s3.yandex.net/react/code/meat-01-mobile.png",
            "image_large": "https://code.s3.yandex.net/react/code/meat-01-large.png",
            "__v": 0
        },
        {
            "_id": "61c0c5a71d1f82001bdaaa72",
            "name": "Соус Spicy-X",
            "type": "sauce",
            "proteins": 30,
            "fat": 20,
            "carbohydrates": 40,
            "calories": 30,
            "price": 90,
            "image": "https://code.s3.yandex.net/react/code/sauce-02.png",
            "image_mobile": "https://code.s3.yandex.net/react/code/sauce-02-mobile.png",
            "image_large": "https://code.s3.yandex.net/react/code/sauce-02-large.png",
            "__v": 0
        },
        {
            "_id": "61c0c5a71d1f82001bdaaa6e",
            "name": "Филе Люминесцентного тетраодонтимформа",
            "type": "main",
            "proteins": 44,
            "fat": 26,
            "carbohydrates": 85,
            "calories": 643,
            "price": 988,
            "image": "https://code.s3.yandex.net/react/code/meat-03.png",
            "image_mobile": "https://code.s3.yandex.net/react/code/meat-03-mobile.png",
            "image_large": "https://code.s3.yandex.net/react/code/meat-03-large.png",
            "__v": 0
        },
        {
            "_id": "61c0c5a71d1f82001bdaaa73",
            "name": "Соус фирменный Space Sauce",
            "type": "sauce",
            "proteins": 50,
            "fat": 22,
            "carbohydrates": 11,
            "calories": 14,
            "price": 80,
            "image": "https://code.s3.yandex.net/react/code/sauce-04.png",
            "image_mobile": "https://code.s3.yandex.net/react/code/sauce-04-mobile.png",
            "image_large": "https://code.s3.yandex.net/react/code/sauce-04-large.png",
            "__v": 0
        },
        {
            "_id": "61c0c5a71d1f82001bdaaa74",
            "name": "Соус традиционный галактический",
            "type": "sauce",
            "proteins": 42,
            "fat": 24,
            "carbohydrates": 42,
            "calories": 99,
            "price": 15,
            "image": "https://code.s3.yandex.net/react/code/sauce-03.png",
            "image_mobile": "https://code.s3.yandex.net/react/code/sauce-03-mobile.png",
            "image_large": "https://code.s3.yandex.net/react/code/sauce-03-large.png",
            "__v": 0
        },
        {
            "_id": "61c0c5a71d1f82001bdaaa6c",
            "name": "Краторная булка N-200i",
            "type": "bun",
            "proteins": 80,
            "fat": 24,
            "carbohydrates": 53,
            "calories": 420,
            "price": 1255,
            "image": "https://code.s3.yandex.net/react/code/bun-02.png",
            "image_mobile": "https://code.s3.yandex.net/react/code/bun-02-mobile.png",
            "image_large": "https://code.s3.yandex.net/react/code/bun-02-large.png",
            "__v": 0
        },
        {
            "_id": "61c0c5a71d1f82001bdaaa75",
            "name": "Соус с шипами Антарианского плоскоходца",
            "type": "sauce",
            "proteins": 101,
            "fat": 99,
            "carbohydrates": 100,
            "calories": 100,
            "price": 88,
            "image": "https://code.s3.yandex.net/react/code/sauce-01.png",
            "image_mobile": "https://code.s3.yandex.net/react/code/sauce-01-mobile.png",
            "image_large": "https://code.s3.yandex.net/react/code/sauce-01-large.png",
            "__v": 0
        },
        {
            "_id": "61c0c5a71d1f82001bdaaa76",
            "name": "Хрустящие минеральные кольца",
            "type": "main",
            "proteins": 808,
            "fat": 689,
            "carbohydrates": 609,
            "calories": 986,
            "price": 300,
            "image": "https://code.s3.yandex.net/react/code/mineral_rings.png",
            "image_mobile": "https://code.s3.yandex.net/react/code/mineral_rings-mobile.png",
            "image_large": "https://code.s3.yandex.net/react/code/mineral_rings-large.png",
            "__v": 0
        },
        {
            "_id": "61c0c5a71d1f82001bdaaa77",
            "name": "Плоды Фалленианского дерева",
            "type": "main",
            "proteins": 20,
            "fat": 5,
            "carbohydrates": 55,
            "calories": 77,
            "price": 874,
            "image": "https://code.s3.yandex.net/react/code/sp_1.png",
            "image_mobile": "https://code.s3.yandex.net/react/code/sp_1-mobile.png",
            "image_large": "https://code.s3.yandex.net/react/code/sp_1-large.png",
            "__v": 0
        },
        {
            "_id": "61c0c5a71d1f82001bdaaa78",
            "name": "Кристаллы марсианских альфа-сахаридов",
            "type": "main",
            "proteins": 234,
            "fat": 432,
            "carbohydrates": 111,
            "calories": 189,
            "price": 762,
            "image": "https://code.s3.yandex.net/react/code/core.png",
            "image_mobile": "https://code.s3.yandex.net/react/code/core-mobile.png",
            "image_large": "https://code.s3.yandex.net/react/code/core-large.png",
            "__v": 0
        },
        {
            "_id": "61c0c5a71d1f82001bdaaa79",
            "name": "Мини-салат Экзо-Плантаго",
            "type": "main",
            "proteins": 1,
            "fat": 2,
            "carbohydrates": 3,
            "calories": 6,
            "price": 4400,
            "image": "https://code.s3.yandex.net/react/code/salad.png",
            "image_mobile": "https://code.s3.yandex.net/react/code/salad-mobile.png",
            "image_large": "https://code.s3.yandex.net/react/code/salad-large.png",
            "__v": 0
        },
        {
            "_id": "61c0c5a71d1f82001bdaaa7a",
            "name": "Сыр с астероидной плесенью",
            "type": "main",
            "proteins": 84,
            "fat": 48,
            "carbohydrates": 420,
            "calories": 3377,
            "price": 4142,
            "image": "https://code.s3.yandex.net/react/code/cheese.png",
            "image_mobile": "https://code.s3.yandex.net/react/code/cheese-mobile.png",
            "image_large": "https://code.s3.yandex.net/react/code/cheese-large.png",
            "__v": 0
        }
    ]
}
HTTP/1.1 200 OK
Server: nginx/1.24.0 (Ubuntu)
Date: Mon, 02 Feb 2026 20:03:17 GMT
Content-Type: application/json; charset=utf-8
Content-Length: 5957
Connection: keep-alive
X-Powered-By: Express
Access-Control-Allow-Origin: *
ETag: W/"1745-LHZ7D8kBZWcbCGljCoPXtjB5CeA"

{
    "success": true,
    "data": [
        {
            "_id": "61c0c5a71d1f82001bdaaa6d",
            "name": "Флюоресцентная булка R2-D3",
            "type": "bun",
            "proteins": 44,
            "fat": 26,
            "carbohydrates": 85,
            "calories": 643,
            "price": 988,
            "image": "https://code.s3.yandex.net/react/code/bun-01.png",
            "image_mobile": "https://code.s3.yandex.net/react/code/bun-01-mobile.png",
            "image_large": "https://code.s3.yandex.net/react/code/bun-01-large.png",
            "__v": 0
        },
        {
            "_id": "61c0c5a71d1f82001bdaaa6f",
            "name": "Мясо бессмертных моллюсков Protostomia",
            "type": "main",
            "proteins": 433,
            "fat": 244,
            "carbohydrates": 33,
            "calories": 420,
            "price": 1337,
            "image": "https://code.s3.yandex.net/react/code/meat-02.png",
            "image_mobile": "https://code.s3.yandex.net/react/code/meat-02-mobile.png",
            "image_large": "https://code.s3.yandex.net/react/code/meat-02-large.png",
            "__v": 0
        },
        {
            "_id": "61c0c5a71d1f82001bdaaa70",
            "name": "Говяжий метеорит (отбивная)",
            "type": "main",
            "proteins": 800,
            "fat": 800,
            "carbohydrates": 300,
            "calories": 2674,
            "price": 3000,
            "image": "https://code.s3.yandex.net/react/code/meat-04.png",
            "image_mobile": "https://code.s3.yandex.net/react/code/meat-04-mobile.png",
            "image_large": "https://code.s3.yandex.net/react/code/meat-04-large.png",
            "__v": 0
        },
        {
            "_id": "61c0c5a71d1f82001bdaaa71",
            "name": "Биокотлета из марсианской Магнолии",
            "type": "main",
            "proteins": 420,
            "fat": 142,
            "carbohydrates": 242,
            "calories": 4242,
            "price": 424,
            "image": "https://code.s3.yandex.net/react/code/meat-01.png",
            "image_mobile": "https://code.s3.yandex.net/react/code/meat-01-mobile.png",
            "image_large": "https://code.s3.yandex.net/react/code/meat-01-large.png",
            "__v": 0
        },
        {
            "_id": "61c0c5a71d1f82001bdaaa72",
            "name": "Соус Spicy-X",
            "type": "sauce",
            "proteins": 30,
            "fat": 20,
            "carbohydrates": 40,
            "calories": 30,
            "price": 90,
            "image": "https://code.s3.yandex.net/react/code/sauce-02.png",
            "image_mobile": "https://code.s3.yandex.net/react/code/sauce-02-mobile.png",
            "image_large": "https://code.s3.yandex.net/react/code/sauce-02-large.png",
            "__v": 0
        },
        {
            "_id": "61c0c5a71d1f82001bdaaa6e",
            "name": "Филе Люминесцентного тетраодонтимформа",
            "type": "main",
            "proteins": 44,
            "fat": 26,
            "carbohydrates": 85,
            "calories": 643,
            "price": 988,
            "image": "https://code.s3.yandex.net/react/code/meat-03.png",
            "image_mobile": "https://code.s3.yandex.net/react/code/meat-03-mobile.png",
            "image_large": "https://code.s3.yandex.net/react/code/meat-03-large.png",
            "__v": 0
        },
        {
            "_id": "61c0c5a71d1f82001bdaaa73",
            "name": "Соус фирменный Space Sauce",
            "type": "sauce",
            "proteins": 50,
            "fat": 22,
            "carbohydrates": 11,
            "calories": 14,
            "price": 80,
            "image": "https://code.s3.yandex.net/react/code/sauce-04.png",
            "image_mobile": "https://code.s3.yandex.net/react/code/sauce-04-mobile.png",
            "image_large": "https://code.s3.yandex.net/react/code/sauce-04-large.png",
            "__v": 0
        },
        {
            "_id": "61c0c5a71d1f82001bdaaa74",
            "name": "Соус традиционный галактический",
            "type": "sauce",
            "proteins": 42,
            "fat": 24,
            "carbohydrates": 42,
            "calories": 99,
            "price": 15,
            "image": "https://code.s3.yandex.net/react/code/sauce-03.png",
            "image_mobile": "https://code.s3.yandex.net/react/code/sauce-03-mobile.png",
            "image_large": "https://code.s3.yandex.net/react/code/sauce-03-large.png",
            "__v": 0
        },
        {
            "_id": "61c0c5a71d1f82001bdaaa6c",
            "name": "Краторная булка N-200i",
            "type": "bun",
            "proteins": 80,
            "fat": 24,
            "carbohydrates": 53,
            "calories": 420,
            "price": 1255,
            "image": "https://code.s3.yandex.net/react/code/bun-02.png",
            "image_mobile": "https://code.s3.yandex.net/react/code/bun-02-mobile.png",
            "image_large": "https://code.s3.yandex.net/react/code/bun-02-large.png",
            "__v": 0
        },
        {
            "_id": "61c0c5a71d1f82001bdaaa75",
            "name": "Соус с шипами Антарианского плоскоходца",
            "type": "sauce",
            "proteins": 101,
            "fat": 99,
            "carbohydrates": 100,
            "calories": 100,
            "price": 88,
            "image": "https://code.s3.yandex.net/react/code/sauce-01.png",
            "image_mobile": "https://code.s3.yandex.net/react/code/sauce-01-mobile.png",
            "image_large": "https://code.s3.yandex.net/react/code/sauce-01-large.png",
            "__v": 0
        },
        {
            "_id": "61c0c5a71d1f82001bdaaa76",
            "name": "Хрустящие минеральные кольца",
            "type": "main",
            "proteins": 808,
            "fat": 689,
            "carbohydrates": 609,
            "calories": 986,
            "price": 300,
            "image": "https://code.s3.yandex.net/react/code/mineral_rings.png",
            "image_mobile": "https://code.s3.yandex.net/react/code/mineral_rings-mobile.png",
            "image_large": "https://code.s3.yandex.net/react/code/mineral_rings-large.png",
            "__v": 0
        },
        {
            "_id": "61c0c5a71d1f82001bdaaa77",
            "name": "Плоды Фалленианского дерева",
            "type": "main",
            "proteins": 20,
            "fat": 5,
            "carbohydrates": 55,
            "calories": 77,
            "price": 874,
            "image": "https://code.s3.yandex.net/react/code/sp_1.png",
            "image_mobile": "https://code.s3.yandex.net/react/code/sp_1-mobile.png",
            "image_large": "https://code.s3.yandex.net/react/code/sp_1-large.png",
            "__v": 0
        },
        {
            "_id": "61c0c5a71d1f82001bdaaa78",
            "name": "Кристаллы марсианских альфа-сахаридов",
            "type": "main",
            "proteins": 234,
            "fat": 432,
            "carbohydrates": 111,
            "calories": 189,
            "price": 762,
            "image": "https://code.s3.yandex.net/react/code/core.png",
            "image_mobile": "https://code.s3.yandex.net/react/code/core-mobile.png",
            "image_large": "https://code.s3.yandex.net/react/code/core-large.png",
            "__v": 0
        },
        {
            "_id": "61c0c5a71d1f82001bdaaa79",
            "name": "Мини-салат Экзо-Плантаго",
            "type": "main",
            "proteins": 1,
            "fat": 2,
            "carbohydrates": 3,
            "calories": 6,
            "price": 4400,
            "image": "https://code.s3.yandex.net/react/code/salad.png",
            "image_mobile": "https://code.s3.yandex.net/react/code/salad-mobile.png",
            "image_large": "https://code.s3.yandex.net/react/code/salad-large.png",
            "__v": 0
        },
        {
            "_id": "61c0c5a71d1f82001bdaaa7a",
            "name": "Сыр с астероидной плесенью",
            "type": "main",
            "proteins": 84,
            "fat": 48,
            "carbohydrates": 420,
            "calories": 3377,
            "price": 4142,
            "image": "https://code.s3.yandex.net/react/code/cheese.png",
            "image_mobile": "https://code.s3.yandex.net/react/code/cheese-mobile.png",
            "image_large": "https://code.s3.yandex.net/react/code/cheese-large.png",
            "__v": 0
        }
    ]
}
HTTP/1.1 200 OK
Server: nginx/1.24.0 (Ubuntu)
Date: Mon, 02 Feb 2026 20:03:17 GMT
Content-Type: application/json; charset=utf-8
Content-Length: 5957
Connection: keep-alive
X-Powered-By: Express
Access-Control-Allow-Origin: *
ETag: W/"1745-LHZ7D8kBZWcbCGljCoPXtjB5CeA"

{
    "success": true,
    "data": [
        {
            "_id": "61c0c5a71d1f82001bdaaa6d",
            "name": "Флюоресцентная булка R2-D3",
            "type": "bun",
            "proteins": 44,
            "fat": 26,
            "carbohydrates": 85,
            "calories": 643,
            "price": 988,
            "image": "https://code.s3.yandex.net/react/code/bun-01.png",
            "image_mobile": "https://code.s3.yandex.net/react/code/bun-01-mobile.png",
            "image_large": "https://code.s3.yandex.net/react/code/bun-01-large.png",
            "__v": 0
        },
        {
            "_id": "61c0c5a71d1f82001bdaaa6f",
            "name": "Мясо бессмертных моллюсков Protostomia",
            "type": "main",
            "proteins": 433,
            "fat": 244,
            "carbohydrates": 33,
            "calories": 420,
            "price": 1337,
            "image": "https://code.s3.yandex.net/react/code/meat-02.png",
            "image_mobile": "https://code.s3.yandex.net/react/code/meat-02-mobile.png",
            "image_large": "https://code.s3.yandex.net/react/code/meat-02-large.png",
            "__v": 0
        },
        {
            "_id": "61c0c5a71d1f82001bdaaa70",
            "name": "Говяжий метеорит (отбивная)",
            "type": "main",
            "proteins": 800,
            "fat": 800,
            "carbohydrates": 300,
            "calories": 2674,
            "price": 3000,
            "image": "https://code.s3.yandex.net/react/code/meat-04.png",
            "image_mobile": "https://code.s3.yandex.net/react/code/meat-04-mobile.png",
            "image_large": "https://code.s3.yandex.net/react/code/meat-04-large.png",
            "__v": 0
        },
        {
            "_id": "61c0c5a71d1f82001bdaaa71",
            "name": "Биокотлета из марсианской Магнолии",
            "type": "main",
            "proteins": 420,
            "fat": 142,
            "carbohydrates": 242,
            "calories": 4242,
            "price": 424,
            "image": "https://code.s3.yandex.net/react/code/meat-01.png",
            "image_mobile": "https://code.s3.yandex.net/react/code/meat-01-mobile.png",
            "image_large": "https://code.s3.yandex.net/react/code/meat-01-large.png",
            "__v": 0
        },
        {
            "_id": "61c0c5a71d1f82001bdaaa72",
            "name": "Соус Spicy-X",
            "type": "sauce",
            "proteins": 30,
            "fat": 20,
            "carbohydrates": 40,
            "calories": 30,
            "price": 90,
            "image": "https://code.s3.yandex.net/react/code/sauce-02.png",
            "image_mobile": "https://code.s3.yandex.net/react/code/sauce-02-mobile.png",
            "image_large": "https://code.s3.yandex.net/react/code/sauce-02-large.png",
            "__v": 0
        },
        {
            "_id": "61c0c5a71d1f82001bdaaa6e",
            "name": "Филе Люминесцентного тетраодонтимформа",
            "type": "main",
            "proteins": 44,
            "fat": 26,
            "carbohydrates": 85,
            "calories": 643,
            "price": 988,
            "image": "https://code.s3.yandex.net/react/code/meat-03.png",
            "image_mobile": "https://code.s3.yandex.net/react/code/meat-03-mobile.png",
            "image_large": "https://code.s3.yandex.net/react/code/meat-03-large.png",
            "__v": 0
        },
        {
            "_id": "61c0c5a71d1f82001bdaaa73",
            "name": "Соус фирменный Space Sauce",
            "type": "sauce",
            "proteins": 50,
            "fat": 22,
            "carbohydrates": 11,
            "calories": 14,
            "price": 80,
            "image": "https://code.s3.yandex.net/react/code/sauce-04.png",
            "image_mobile": "https://code.s3.yandex.net/react/code/sauce-04-mobile.png",
            "image_large": "https://code.s3.yandex.net/react/code/sauce-04-large.png",
            "__v": 0
        },
        {
            "_id": "61c0c5a71d1f82001bdaaa74",
            "name": "Соус традиционный галактический",
            "type": "sauce",
            "proteins": 42,
            "fat": 24,
            "carbohydrates": 42,
            "calories": 99,
            "price": 15,
            "image": "https://code.s3.yandex.net/react/code/sauce-03.png",
            "image_mobile": "https://code.s3.yandex.net/react/code/sauce-03-mobile.png",
            "image_large": "https://code.s3.yandex.net/react/code/sauce-03-large.png",
            "__v": 0
        },
        {
            "_id": "61c0c5a71d1f82001bdaaa6c",
            "name": "Краторная булка N-200i",
            "type": "bun",
            "proteins": 80,
            "fat": 24,
            "carbohydrates": 53,
            "calories": 420,
            "price": 1255,
            "image": "https://code.s3.yandex.net/react/code/bun-02.png",
            "image_mobile": "https://code.s3.yandex.net/react/code/bun-02-mobile.png",
            "image_large": "https://code.s3.yandex.net/react/code/bun-02-large.png",
            "__v": 0
        },
        {
            "_id": "61c0c5a71d1f82001bdaaa75",
            "name": "Соус с шипами Антарианского плоскоходца",
            "type": "sauce",
            "proteins": 101,
            "fat": 99,
            "carbohydrates": 100,
            "calories": 100,
            "price": 88,
            "image": "https://code.s3.yandex.net/react/code/sauce-01.png",
            "image_mobile": "https://code.s3.yandex.net/react/code/sauce-01-mobile.png",
            "image_large": "https://code.s3.yandex.net/react/code/sauce-01-large.png",
            "__v": 0
        },
        {
            "_id": "61c0c5a71d1f82001bdaaa76",
            "name": "Хрустящие минеральные кольца",
            "type": "main",
            "proteins": 808,
            "fat": 689,
            "carbohydrates": 609,
            "calories": 986,
            "price": 300,
            "image": "https://code.s3.yandex.net/react/code/mineral_rings.png",
            "image_mobile": "https://code.s3.yandex.net/react/code/mineral_rings-mobile.png",
            "image_large": "https://code.s3.yandex.net/react/code/mineral_rings-large.png",
            "__v": 0
        },
        {
            "_id": "61c0c5a71d1f82001bdaaa77",
            "name": "Плоды Фалленианского дерева",
            "type": "main",
            "proteins": 20,
            "fat": 5,
            "carbohydrates": 55,
            "calories": 77,
            "price": 874,
            "image": "https://code.s3.yandex.net/react/code/sp_1.png",
            "image_mobile": "https://code.s3.yandex.net/react/code/sp_1-mobile.png",
            "image_large": "https://code.s3.yandex.net/react/code/sp_1-large.png",
            "__v": 0
        },
        {
            "_id": "61c0c5a71d1f82001bdaaa78",
            "name": "Кристаллы марсианских альфа-сахаридов",
            "type": "main",
            "proteins": 234,
            "fat": 432,
            "carbohydrates": 111,
            "calories": 189,
            "price": 762,
            "image": "https://code.s3.yandex.net/react/code/core.png",
            "image_mobile": "https://code.s3.yandex.net/react/code/core-mobile.png",
            "image_large": "https://code.s3.yandex.net/react/code/core-large.png",
            "__v": 0
        },
        {
            "_id": "61c0c5a71d1f82001bdaaa79",
            "name": "Мини-салат Экзо-Плантаго",
            "type": "main",
            "proteins": 1,
            "fat": 2,
            "carbohydrates": 3,
            "calories": 6,
            "price": 4400,
            "image": "https://code.s3.yandex.net/react/code/salad.png",
            "image_mobile": "https://code.s3.yandex.net/react/code/salad-mobile.png",
            "image_large": "https://code.s3.yandex.net/react/code/salad-large.png",
            "__v": 0
        },
        {
            "_id": "61c0c5a71d1f82001bdaaa7a",
            "name": "Сыр с астероидной плесенью",
            "type": "main",
            "proteins": 84,
            "fat": 48,
            "carbohydrates": 420,
            "calories": 3377,
            "price": 4142,
            "image": "https://code.s3.yandex.net/react/code/cheese.png",
            "image_mobile": "https://code.s3.yandex.net/react/code/cheese-mobile.png",
            "image_large": "https://code.s3.yandex.net/react/code/cheese-large.png",
            "__v": 0
        }
    ]
}
HTTP/1.1 200 OK
Server: nginx/1.24.0 (Ubuntu)
Date: Mon, 02 Feb 2026 20:03:17 GMT
Content-Type: application/json; charset=utf-8
Content-Length: 5957
Connection: keep-alive
X-Powered-By: Express
Access-Control-Allow-Origin: *
ETag: W/"1745-LHZ7D8kBZWcbCGljCoPXtjB5CeA"

{
    "success": true,
    "data": [
        {
            "_id": "61c0c5a71d1f82001bdaaa6d",
            "name": "Флюоресцентная булка R2-D3",
            "type": "bun",
            "proteins": 44,
            "fat": 26,
            "carbohydrates": 85,
            "calories": 643,
            "price": 988,
            "image": "https://code.s3.yandex.net/react/code/bun-01.png",
            "image_mobile": "https://code.s3.yandex.net/react/code/bun-01-mobile.png",
            "image_large": "https://code.s3.yandex.net/react/code/bun-01-large.png",
            "__v": 0
        },
        {
            "_id": "61c0c5a71d1f82001bdaaa6f",
            "name": "Мясо бессмертных моллюсков Protostomia",
            "type": "main",
            "proteins": 433,
            "fat": 244,
            "carbohydrates": 33,
            "calories": 420,
            "price": 1337,
            "image": "https://code.s3.yandex.net/react/code/meat-02.png",
            "image_mobile": "https://code.s3.yandex.net/react/code/meat-02-mobile.png",
            "image_large": "https://code.s3.yandex.net/react/code/meat-02-large.png",
            "__v": 0
        },
        {
            "_id": "61c0c5a71d1f82001bdaaa70",
            "name": "Говяжий метеорит (отбивная)",
            "type": "main",
            "proteins": 800,
            "fat": 800,
            "carbohydrates": 300,
            "calories": 2674,
            "price": 3000,
            "image": "https://code.s3.yandex.net/react/code/meat-04.png",
            "image_mobile": "https://code.s3.yandex.net/react/code/meat-04-mobile.png",
            "image_large": "https://code.s3.yandex.net/react/code/meat-04-large.png",
            "__v": 0
        },
        {
            "_id": "61c0c5a71d1f82001bdaaa71",
            "name": "Биокотлета из марсианской Магнолии",
            "type": "main",
            "proteins": 420,
            "fat": 142,
            "carbohydrates": 242,
            "calories": 4242,
            "price": 424,
            "image": "https://code.s3.yandex.net/react/code/meat-01.png",
            "image_mobile": "https://code.s3.yandex.net/react/code/meat-01-mobile.png",
            "image_large": "https://code.s3.yandex.net/react/code/meat-01-large.png",
            "__v": 0
        },
        {
            "_id": "61c0c5a71d1f82001bdaaa72",
            "name": "Соус Spicy-X",
            "type": "sauce",
            "proteins": 30,
            "fat": 20,
            "carbohydrates": 40,
            "calories": 30,
            "price": 90,
            "image": "https://code.s3.yandex.net/react/code/sauce-02.png",
            "image_mobile": "https://code.s3.yandex.net/react/code/sauce-02-mobile.png",
            "image_large": "https://code.s3.yandex.net/react/code/sauce-02-large.png",
            "__v": 0
        },
        {
            "_id": "61c0c5a71d1f82001bdaaa6e",
            "name": "Филе Люминесцентного тетраодонтимформа",
            "type": "main",
            "proteins": 44,
            "fat": 26,
            "carbohydrates": 85,
            "calories": 643,
            "price": 988,
            "image": "https://code.s3.yandex.net/react/code/meat-03.png",
            "image_mobile": "https://code.s3.yandex.net/react/code/meat-03-mobile.png",
            "image_large": "https://code.s3.yandex.net/react/code/meat-03-large.png",
            "__v": 0
        },
        {
            "_id": "61c0c5a71d1f82001bdaaa73",
            "name": "Соус фирменный Space Sauce",
            "type": "sauce",
            "proteins": 50,
            "fat": 22,
            "carbohydrates": 11,
            "calories": 14,
            "price": 80,
            "image": "https://code.s3.yandex.net/react/code/sauce-04.png",
            "image_mobile": "https://code.s3.yandex.net/react/code/sauce-04-mobile.png",
            "image_large": "https://code.s3.yandex.net/react/code/sauce-04-large.png",
            "__v": 0
        },
        {
            "_id": "61c0c5a71d1f82001bdaaa74",
            "name": "Соус традиционный галактический",
            "type": "sauce",
            "proteins": 42,
            "fat": 24,
            "carbohydrates": 42,
            "calories": 99,
            "price": 15,
            "image": "https://code.s3.yandex.net/react/code/sauce-03.png",
            "image_mobile": "https://code.s3.yandex.net/react/code/sauce-03-mobile.png",
            "image_large": "https://code.s3.yandex.net/react/code/sauce-03-large.png",
            "__v": 0
        },
        {
            "_id": "61c0c5a71d1f82001bdaaa6c",
            "name": "Краторная булка N-200i",
            "type": "bun",
            "proteins": 80,
            "fat": 24,
            "carbohydrates": 53,
            "calories": 420,
            "price": 1255,
            "image": "https://code.s3.yandex.net/react/code/bun-02.png",
            "image_mobile": "https://code.s3.yandex.net/react/code/bun-02-mobile.png",
            "image_large": "https://code.s3.yandex.net/react/code/bun-02-large.png",
            "__v": 0
        },
        {
            "_id": "61c0c5a71d1f82001bdaaa75",
            "name": "Соус с шипами Антарианского плоскоходца",
            "type": "sauce",
            "proteins": 101,
            "fat": 99,
            "carbohydrates": 100,
            "calories": 100,
            "price": 88,
            "image": "https://code.s3.yandex.net/react/code/sauce-01.png",
            "image_mobile": "https://code.s3.yandex.net/react/code/sauce-01-mobile.png",
            "image_large": "https://code.s3.yandex.net/react/code/sauce-01-large.png",
            "__v": 0
        },
        {
            "_id": "61c0c5a71d1f82001bdaaa76",
            "name": "Хрустящие минеральные кольца",
            "type": "main",
            "proteins": 808,
            "fat": 689,
            "carbohydrates": 609,
            "calories": 986,
            "price": 300,
            "image": "https://code.s3.yandex.net/react/code/mineral_rings.png",
            "image_mobile": "https://code.s3.yandex.net/react/code/mineral_rings-mobile.png",
            "image_large": "https://code.s3.yandex.net/react/code/mineral_rings-large.png",
            "__v": 0
        },
        {
            "_id": "61c0c5a71d1f82001bdaaa77",
            "name": "Плоды Фалленианского дерева",
            "type": "main",
            "proteins": 20,
            "fat": 5,
            "carbohydrates": 55,
            "calories": 77,
            "price": 874,
            "image": "https://code.s3.yandex.net/react/code/sp_1.png",
            "image_mobile": "https://code.s3.yandex.net/react/code/sp_1-mobile.png",
            "image_large": "https://code.s3.yandex.net/react/code/sp_1-large.png",
            "__v": 0
        },
        {
            "_id": "61c0c5a71d1f82001bdaaa78",
            "name": "Кристаллы марсианских альфа-сахаридов",
            "type": "main",
            "proteins": 234,
            "fat": 432,
            "carbohydrates": 111,
            "calories": 189,
            "price": 762,
            "image": "https://code.s3.yandex.net/react/code/core.png",
            "image_mobile": "https://code.s3.yandex.net/react/code/core-mobile.png",
            "image_large": "https://code.s3.yandex.net/react/code/core-large.png",
            "__v": 0
        },
        {
            "_id": "61c0c5a71d1f82001bdaaa79",
            "name": "Мини-салат Экзо-Плантаго",
            "type": "main",
            "proteins": 1,
            "fat": 2,
            "carbohydrates": 3,
            "calories": 6,
            "price": 4400,
            "image": "https://code.s3.yandex.net/react/code/salad.png",
            "image_mobile": "https://code.s3.yandex.net/react/code/salad-mobile.png",
            "image_large": "https://code.s3.yandex.net/react/code/salad-large.png",
            "__v": 0
        },
        {
            "_id": "61c0c5a71d1f82001bdaaa7a",
            "name": "Сыр с астероидной плесенью",
            "type": "main",
            "proteins": 84,
            "fat": 48,
            "carbohydrates": 420,
            "calories": 3377,
            "price": 4142,
            "image": "https://code.s3.yandex.net/react/code/cheese.png",
            "image_mobile": "https://code.s3.yandex.net/react/code/cheese-mobile.png",
            "image_large": "https://code.s3.yandex.net/react/code/cheese-large.png",
            "__v": 0
        }
    ]
}
HTTP/1.1 200 OK
Server: nginx/1.24.0 (Ubuntu)
Date: Mon, 02 Feb 2026 20:03:17 GMT
Content-Type: application/json; charset=utf-8
Content-Length: 5957
Connection: keep-alive
X-Powered-By: Express
Access-Control-Allow-Origin: *
ETag: W/"1745-LHZ7D8kBZWcbCGljCoPXtjB5CeA"

{
    "success": true,
    "data": [
        {
            "_id": "61c0c5a71d1f82001bdaaa6d",
            "name": "Флюоресцентная булка R2-D3",
            "type": "bun",
            "proteins": 44,
            "fat": 26,
            "carbohydrates": 85,
            "calories": 643,
            "price": 988,
            "image": "https://code.s3.yandex.net/react/code/bun-01.png",
            "image_mobile": "https://code.s3.yandex.net/react/code/bun-01-mobile.png",
            "image_large": "https://code.s3.yandex.net/react/code/bun-01-large.png",
            "__v": 0
        },
        {
            "_id": "61c0c5a71d1f82001bdaaa6f",
            "name": "Мясо бессмертных моллюсков Protostomia",
            "type": "main",
            "proteins": 433,
            "fat": 244,
            "carbohydrates": 33,
            "calories": 420,
            "price": 1337,
            "image": "https://code.s3.yandex.net/react/code/meat-02.png",
            "image_mobile": "https://code.s3.yandex.net/react/code/meat-02-mobile.png",
            "image_large": "https://code.s3.yandex.net/react/code/meat-02-large.png",
            "__v": 0
        },
        {
            "_id": "61c0c5a71d1f82001bdaaa70",
            "name": "Говяжий метеорит (отбивная)",
            "type": "main",
            "proteins": 800,
            "fat": 800,
            "carbohydrates": 300,
            "calories": 2674,
            "price": 3000,
            "image": "https://code.s3.yandex.net/react/code/meat-04.png",
            "image_mobile": "https://code.s3.yandex.net/react/code/meat-04-mobile.png",
            "image_large": "https://code.s3.yandex.net/react/code/meat-04-large.png",
            "__v": 0
        },
        {
            "_id": "61c0c5a71d1f82001bdaaa71",
            "name": "Биокотлета из марсианской Магнолии",
            "type": "main",
            "proteins": 420,
            "fat": 142,
            "carbohydrates": 242,
            "calories": 4242,
            "price": 424,
            "image": "https://code.s3.yandex.net/react/code/meat-01.png",
            "image_mobile": "https://code.s3.yandex.net/react/code/meat-01-mobile.png",
            "image_large": "https://code.s3.yandex.net/react/code/meat-01-large.png",
            "__v": 0
        },
        {
            "_id": "61c0c5a71d1f82001bdaaa72",
            "name": "Соус Spicy-X",
            "type": "sauce",
            "proteins": 30,
            "fat": 20,
            "carbohydrates": 40,
            "calories": 30,
            "price": 90,
            "image": "https://code.s3.yandex.net/react/code/sauce-02.png",
            "image_mobile": "https://code.s3.yandex.net/react/code/sauce-02-mobile.png",
            "image_large": "https://code.s3.yandex.net/react/code/sauce-02-large.png",
            "__v": 0
        },
        {
            "_id": "61c0c5a71d1f82001bdaaa6e",
            "name": "Филе Люминесцентного тетраодонтимформа",
            "type": "main",
            "proteins": 44,
            "fat": 26,
            "carbohydrates": 85,
            "calories": 643,
            "price": 988,
            "image": "https://code.s3.yandex.net/react/code/meat-03.png",
            "image_mobile": "https://code.s3.yandex.net/react/code/meat-03-mobile.png",
            "image_large": "https://code.s3.yandex.net/react/code/meat-03-large.png",
            "__v": 0
        },
        {
            "_id": "61c0c5a71d1f82001bdaaa73",
            "name": "Соус фирменный Space Sauce",
            "type": "sauce",
            "proteins": 50,
            "fat": 22,
            "carbohydrates": 11,
            "calories": 14,
            "price": 80,
            "image": "https://code.s3.yandex.net/react/code/sauce-04.png",
            "image_mobile": "https://code.s3.yandex.net/react/code/sauce-04-mobile.png",
            "image_large": "https://code.s3.yandex.net/react/code/sauce-04-large.png",
            "__v": 0
        },
        {
            "_id": "61c0c5a71d1f82001bdaaa74",
            "name": "Соус традиционный галактический",
            "type": "sauce",
            "proteins": 42,
            "fat": 24,
            "carbohydrates": 42,
            "calories": 99,
            "price": 15,
            "image": "https://code.s3.yandex.net/react/code/sauce-03.png",
            "image_mobile": "https://code.s3.yandex.net/react/code/sauce-03-mobile.png",
            "image_large": "https://code.s3.yandex.net/react/code/sauce-03-large.png",
            "__v": 0
        },
        {
            "_id": "61c0c5a71d1f82001bdaaa6c",
            "name": "Краторная булка N-200i",
            "type": "bun",
            "proteins": 80,
            "fat": 24,
            "carbohydrates": 53,
            "calories": 420,
            "price": 1255,
            "image": "https://code.s3.yandex.net/react/code/bun-02.png",
            "image_mobile": "https://code.s3.yandex.net/react/code/bun-02-mobile.png",
            "image_large": "https://code.s3.yandex.net/react/code/bun-02-large.png",
            "__v": 0
        },
        {
            "_id": "61c0c5a71d1f82001bdaaa75",
            "name": "Соус с шипами Антарианского плоскоходца",
            "type": "sauce",
            "proteins": 101,
            "fat": 99,
            "carbohydrates": 100,
            "calories": 100,
            "price": 88,
            "image": "https://code.s3.yandex.net/react/code/sauce-01.png",
            "image_mobile": "https://code.s3.yandex.net/react/code/sauce-01-mobile.png",
            "image_large": "https://code.s3.yandex.net/react/code/sauce-01-large.png",
            "__v": 0
        },
        {
            "_id": "61c0c5a71d1f82001bdaaa76",
            "name": "Хрустящие минеральные кольца",
            "type": "main",
            "proteins": 808,
            "fat": 689,
            "carbohydrates": 609,
            "calories": 986,
            "price": 300,
            "image": "https://code.s3.yandex.net/react/code/mineral_rings.png",
            "image_mobile": "https://code.s3.yandex.net/react/code/mineral_rings-mobile.png",
            "image_large": "https://code.s3.yandex.net/react/code/mineral_rings-large.png",
            "__v": 0
        },
        {
            "_id": "61c0c5a71d1f82001bdaaa77",
            "name": "Плоды Фалленианского дерева",
            "type": "main",
            "proteins": 20,
            "fat": 5,
            "carbohydrates": 55,
            "calories": 77,
            "price": 874,
            "image": "https://code.s3.yandex.net/react/code/sp_1.png",
            "image_mobile": "https://code.s3.yandex.net/react/code/sp_1-mobile.png",
            "image_large": "https://code.s3.yandex.net/react/code/sp_1-large.png",
            "__v": 0
        },
        {
            "_id": "61c0c5a71d1f82001bdaaa78",
            "name": "Кристаллы марсианских альфа-сахаридов",
            "type": "main",
            "proteins": 234,
            "fat": 432,
            "carbohydrates": 111,
            "calories": 189,
            "price": 762,
            "image": "https://code.s3.yandex.net/react/code/core.png",
            "image_mobile": "https://code.s3.yandex.net/react/code/core-mobile.png",
            "image_large": "https://code.s3.yandex.net/react/code/core-large.png",
            "__v": 0
        },
        {
            "_id": "61c0c5a71d1f82001bdaaa79",
            "name": "Мини-салат Экзо-Плантаго",
            "type": "main",
            "proteins": 1,
            "fat": 2,
            "carbohydrates": 3,
            "calories": 6,
            "price": 4400,
            "image": "https://code.s3.yandex.net/react/code/salad.png",
            "image_mobile": "https://code.s3.yandex.net/react/code/salad-mobile.png",
            "image_large": "https://code.s3.yandex.net/react/code/salad-large.png",
            "__v": 0
        },
        {
            "_id": "61c0c5a71d1f82001bdaaa7a",
            "name": "Сыр с астероидной плесенью",
            "type": "main",
            "proteins": 84,
            "fat": 48,
            "carbohydrates": 420,
            "calories": 3377,
            "price": 4142,
            "image": "https://code.s3.yandex.net/react/code/cheese.png",
            "image_mobile": "https://code.s3.yandex.net/react/code/cheese-mobile.png",
            "image_large": "https://code.s3.yandex.net/react/code/cheese-large.png",
            "__v": 0
        }
    ]
}
HTTP/1.1 200 OK
Server: nginx/1.24.0 (Ubuntu)
Date: Mon, 02 Feb 2026 20:03:17 GMT
Content-Type: application/json; charset=utf-8
Content-Length: 5957
Connection: keep-alive
X-Powered-By: Express
Access-Control-Allow-Origin: *
ETag: W/"1745-LHZ7D8kBZWcbCGljCoPXtjB5CeA"

{
    "success": true,
    "data": [
        {
            "_id": "61c0c5a71d1f82001bdaaa6d",
            "name": "Флюоресцентная булка R2-D3",
            "type": "bun",
            "proteins": 44,
            "fat": 26,
            "carbohydrates": 85,
            "calories": 643,
            "price": 988,
            "image": "https://code.s3.yandex.net/react/code/bun-01.png",
            "image_mobile": "https://code.s3.yandex.net/react/code/bun-01-mobile.png",
            "image_large": "https://code.s3.yandex.net/react/code/bun-01-large.png",
            "__v": 0
        },
        {
            "_id": "61c0c5a71d1f82001bdaaa6f",
            "name": "Мясо бессмертных моллюсков Protostomia",
            "type": "main",
            "proteins": 433,
            "fat": 244,
            "carbohydrates": 33,
            "calories": 420,
            "price": 1337,
            "image": "https://code.s3.yandex.net/react/code/meat-02.png",
            "image_mobile": "https://code.s3.yandex.net/react/code/meat-02-mobile.png",
            "image_large": "https://code.s3.yandex.net/react/code/meat-02-large.png",
            "__v": 0
        },
        {
            "_id": "61c0c5a71d1f82001bdaaa70",
            "name": "Говяжий метеорит (отбивная)",
            "type": "main",
            "proteins": 800,
            "fat": 800,
            "carbohydrates": 300,
            "calories": 2674,
            "price": 3000,
            "image": "https://code.s3.yandex.net/react/code/meat-04.png",
            "image_mobile": "https://code.s3.yandex.net/react/code/meat-04-mobile.png",
            "image_large": "https://code.s3.yandex.net/react/code/meat-04-large.png",
            "__v": 0
        },
        {
            "_id": "61c0c5a71d1f82001bdaaa71",
            "name": "Биокотлета из марсианской Магнолии",
            "type": "main",
            "proteins": 420,
            "fat": 142,
            "carbohydrates": 242,
            "calories": 4242,
            "price": 424,
            "image": "https://code.s3.yandex.net/react/code/meat-01.png",
            "image_mobile": "https://code.s3.yandex.net/react/code/meat-01-mobile.png",
            "image_large": "https://code.s3.yandex.net/react/code/meat-01-large.png",
            "__v": 0
        },
        {
            "_id": "61c0c5a71d1f82001bdaaa72",
            "name": "Соус Spicy-X",
            "type": "sauce",
            "proteins": 30,
            "fat": 20,
            "carbohydrates": 40,
            "calories": 30,
            "price": 90,
            "image": "https://code.s3.yandex.net/react/code/sauce-02.png",
            "image_mobile": "https://code.s3.yandex.net/react/code/sauce-02-mobile.png",
            "image_large": "https://code.s3.yandex.net/react/code/sauce-02-large.png",
            "__v": 0
        },
        {
            "_id": "61c0c5a71d1f82001bdaaa6e",
            "name": "Филе Люминесцентного тетраодонтимформа",
            "type": "main",
            "proteins": 44,
            "fat": 26,
            "carbohydrates": 85,
            "calories": 643,
            "price": 988,
            "image": "https://code.s3.yandex.net/react/code/meat-03.png",
            "image_mobile": "https://code.s3.yandex.net/react/code/meat-03-mobile.png",
            "image_large": "https://code.s3.yandex.net/react/code/meat-03-large.png",
            "__v": 0
        },
        {
            "_id": "61c0c5a71d1f82001bdaaa73",
            "name": "Соус фирменный Space Sauce",
            "type": "sauce",
            "proteins": 50,
            "fat": 22,
            "carbohydrates": 11,
            "calories": 14,
            "price": 80,
            "image": "https://code.s3.yandex.net/react/code/sauce-04.png",
            "image_mobile": "https://code.s3.yandex.net/react/code/sauce-04-mobile.png",
            "image_large": "https://code.s3.yandex.net/react/code/sauce-04-large.png",
            "__v": 0
        },
        {
            "_id": "61c0c5a71d1f82001bdaaa74",
            "name": "Соус традиционный галактический",
            "type": "sauce",
            "proteins": 42,
            "fat": 24,
            "carbohydrates": 42,
            "calories": 99,
            "price": 15,
            "image": "https://code.s3.yandex.net/react/code/sauce-03.png",
            "image_mobile": "https://code.s3.yandex.net/react/code/sauce-03-mobile.png",
            "image_large": "https://code.s3.yandex.net/react/code/sauce-03-large.png",
            "__v": 0
        },
        {
            "_id": "61c0c5a71d1f82001bdaaa6c",
            "name": "Краторная булка N-200i",
            "type": "bun",
            "proteins": 80,
            "fat": 24,
            "carbohydrates": 53,
            "calories": 420,
            "price": 1255,
            "image": "https://code.s3.yandex.net/react/code/bun-02.png",
            "image_mobile": "https://code.s3.yandex.net/react/code/bun-02-mobile.png",
            "image_large": "https://code.s3.yandex.net/react/code/bun-02-large.png",
            "__v": 0
        },
        {
            "_id": "61c0c5a71d1f82001bdaaa75",
            "name": "Соус с шипами Антарианского плоскоходца",
            "type": "sauce",
            "proteins": 101,
            "fat": 99,
            "carbohydrates": 100,
            "calories": 100,
            "price": 88,
            "image": "https://code.s3.yandex.net/react/code/sauce-01.png",
            "image_mobile": "https://code.s3.yandex.net/react/code/sauce-01-mobile.png",
            "image_large": "https://code.s3.yandex.net/react/code/sauce-01-large.png",
            "__v": 0
        },
        {
            "_id": "61c0c5a71d1f82001bdaaa76",
            "name": "Хрустящие минеральные кольца",
            "type": "main",
            "proteins": 808,
            "fat": 689,
            "carbohydrates": 609,
            "calories": 986,
            "price": 300,
            "image": "https://code.s3.yandex.net/react/code/mineral_rings.png",
            "image_mobile": "https://code.s3.yandex.net/react/code/mineral_rings-mobile.png",
            "image_large": "https://code.s3.yandex.net/react/code/mineral_rings-large.png",
            "__v": 0
        },
        {
            "_id": "61c0c5a71d1f82001bdaaa77",
            "name": "Плоды Фалленианского дерева",
            "type": "main",
            "proteins": 20,
            "fat": 5,
            "carbohydrates": 55,
            "calories": 77,
            "price": 874,
            "image": "https://code.s3.yandex.net/react/code/sp_1.png",
            "image_mobile": "https://code.s3.yandex.net/react/code/sp_1-mobile.png",
            "image_large": "https://code.s3.yandex.net/react/code/sp_1-large.png",
            "__v": 0
        },
        {
            "_id": "61c0c5a71d1f82001bdaaa78",
            "name": "Кристаллы марсианских альфа-сахаридов",
            "type": "main",
            "proteins": 234,
            "fat": 432,
            "carbohydrates": 111,
            "calories": 189,
            "price": 762,
            "image": "https://code.s3.yandex.net/react/code/core.png",
            "image_mobile": "https://code.s3.yandex.net/react/code/core-mobile.png",
            "image_large": "https://code.s3.yandex.net/react/code/core-large.png",
            "__v": 0
        },
        {
            "_id": "61c0c5a71d1f82001bdaaa79",
            "name": "Мини-салат Экзо-Плантаго",
            "type": "main",
            "proteins": 1,
            "fat": 2,
            "carbohydrates": 3,
            "calories": 6,
            "price": 4400,
            "image": "https://code.s3.yandex.net/react/code/salad.png",
            "image_mobile": "https://code.s3.yandex.net/react/code/salad-mobile.png",
            "image_large": "https://code.s3.yandex.net/react/code/salad-large.png",
            "__v": 0
        },
        {
            "_id": "61c0c5a71d1f82001bdaaa7a",
            "name": "Сыр с астероидной плесенью",
            "type": "main",
            "proteins": 84,
            "fat": 48,
            "carbohydrates": 420,
            "calories": 3377,
            "price": 4142,
            "image": "https://code.s3.yandex.net/react/code/cheese.png",
            "image_mobile": "https://code.s3.yandex.net/react/code/cheese-mobile.png",
            "image_large": "https://code.s3.yandex.net/react/code/cheese-large.png",
            "__v": 0
        }
    ]
}
HTTP/1.1 200 OK
Server: nginx/1.24.0 (Ubuntu)
Date: Mon, 02 Feb 2026 20:03:17 GMT
Content-Type: application/json; charset=utf-8
Content-Length: 5957
Connection: keep-alive
X-Powered-By: Express
Access-Control-Allow-Origin: *
ETag: W/"1745-LHZ7D8kBZWcbCGljCoPXtjB5CeA"

{
    "success": true,
    "data": [
        {
            "_id": "61c0c5a71d1f82001bdaaa6d",
            "name": "Флюоресцентная булка R2-D3",
            "type": "bun",
            "proteins": 44,
            "fat": 26,
            "carbohydrates": 85,
            "calories": 643,
            "price": 988,
            "image": "https://code.s3.yandex.net/react/code/bun-01.png",
            "image_mobile": "https://code.s3.yandex.net/react/code/bun-01-mobile.png",
            "image_large": "https://code.s3.yandex.net/react/code/bun-01-large.png",
            "__v": 0
        },
        {
            "_id": "61c0c5a71d1f82001bdaaa6f",
            "name": "Мясо бессмертных моллюсков Protostomia",
            "type": "main",
            "proteins": 433,
            "fat": 244,
            "carbohydrates": 33,
            "calories": 420,
            "price": 1337,
            "image": "https://code.s3.yandex.net/react/code/meat-02.png",
            "image_mobile": "https://code.s3.yandex.net/react/code/meat-02-mobile.png",
            "image_large": "https://code.s3.yandex.net/react/code/meat-02-large.png",
            "__v": 0
        },
        {
            "_id": "61c0c5a71d1f82001bdaaa70",
            "name": "Говяжий метеорит (отбивная)",
            "type": "main",
            "proteins": 800,
            "fat": 800,
            "carbohydrates": 300,
            "calories": 2674,
            "price": 3000,
            "image": "https://code.s3.yandex.net/react/code/meat-04.png",
            "image_mobile": "https://code.s3.yandex.net/react/code/meat-04-mobile.png",
            "image_large": "https://code.s3.yandex.net/react/code/meat-04-large.png",
            "__v": 0
        },
        {
            "_id": "61c0c5a71d1f82001bdaaa71",
            "name": "Биокотлета из марсианской Магнолии",
            "type": "main",
            "proteins": 420,
            "fat": 142,
            "carbohydrates": 242,
            "calories": 4242,
            "price": 424,
            "image": "https://code.s3.yandex.net/react/code/meat-01.png",
            "image_mobile": "https://code.s3.yandex.net/react/code/meat-01-mobile.png",
            "image_large": "https://code.s3.yandex.net/react/code/meat-01-large.png",
            "__v": 0
        },
        {
            "_id": "61c0c5a71d1f82001bdaaa72",
            "name": "Соус Spicy-X",
            "type": "sauce",
            "proteins": 30,
            "fat": 20,
            "carbohydrates": 40,
            "calories": 30,
            "price": 90,
            "image": "https://code.s3.yandex.net/react/code/sauce-02.png",
            "image_mobile": "https://code.s3.yandex.net/react/code/sauce-02-mobile.png",
            "image_large": "https://code.s3.yandex.net/react/code/sauce-02-large.png",
            "__v": 0
        },
        {
            "_id": "61c0c5a71d1f82001bdaaa6e",
            "name": "Филе Люминесцентного тетраодонтимформа",
            "type": "main",
            "proteins": 44,
            "fat": 26,
            "carbohydrates": 85,
            "calories": 643,
            "price": 988,
            "image": "https://code.s3.yandex.net/react/code/meat-03.png",
            "image_mobile": "https://code.s3.yandex.net/react/code/meat-03-mobile.png",
            "image_large": "https://code.s3.yandex.net/react/code/meat-03-large.png",
            "__v": 0
        },
        {
            "_id": "61c0c5a71d1f82001bdaaa73",
            "name": "Соус фирменный Space Sauce",
            "type": "sauce",
            "proteins": 50,
            "fat": 22,
            "carbohydrates": 11,
            "calories": 14,
            "price": 80,
            "image": "https://code.s3.yandex.net/react/code/sauce-04.png",
            "image_mobile": "https://code.s3.yandex.net/react/code/sauce-04-mobile.png",
            "image_large": "https://code.s3.yandex.net/react/code/sauce-04-large.png",
            "__v": 0
        },
        {
            "_id": "61c0c5a71d1f82001bdaaa74",
            "name": "Соус традиционный галактический",
            "type": "sauce",
            "proteins": 42,
            "fat": 24,
            "carbohydrates": 42,
            "calories": 99,
            "price": 15,
            "image": "https://code.s3.yandex.net/react/code/sauce-03.png",
            "image_mobile": "https://code.s3.yandex.net/react/code/sauce-03-mobile.png",
            "image_large": "https://code.s3.yandex.net/react/code/sauce-03-large.png",
            "__v": 0
        },
        {
            "_id": "61c0c5a71d1f82001bdaaa6c",
            "name": "Краторная булка N-200i",
            "type": "bun",
            "proteins": 80,
            "fat": 24,
            "carbohydrates": 53,
            "calories": 420,
            "price": 1255,
            "image": "https://code.s3.yandex.net/react/code/bun-02.png",
            "image_mobile": "https://code.s3.yandex.net/react/code/bun-02-mobile.png",
            "image_large": "https://code.s3.yandex.net/react/code/bun-02-large.png",
            "__v": 0
        },
        {
            "_id": "61c0c5a71d1f82001bdaaa75",
            "name": "Соус с шипами Антарианского плоскоходца",
            "type": "sauce",
            "proteins": 101,
            "fat": 99,
            "carbohydrates": 100,
            "calories": 100,
            "price": 88,
            "image": "https://code.s3.yandex.net/react/code/sauce-01.png",
            "image_mobile": "https://code.s3.yandex.net/react/code/sauce-01-mobile.png",
            "image_large": "https://code.s3.yandex.net/react/code/sauce-01-large.png",
            "__v": 0
        },
        {
            "_id": "61c0c5a71d1f82001bdaaa76",
            "name": "Хрустящие минеральные кольца",
            "type": "main",
            "proteins": 808,
            "fat": 689,
            "carbohydrates": 609,
            "calories": 986,
            "price": 300,
            "image": "https://code.s3.yandex.net/react/code/mineral_rings.png",
            "image_mobile": "https://code.s3.yandex.net/react/code/mineral_rings-mobile.png",
            "image_large": "https://code.s3.yandex.net/react/code/mineral_rings-large.png",
            "__v": 0
        },
        {
            "_id": "61c0c5a71d1f82001bdaaa77",
            "name": "Плоды Фалленианского дерева",
            "type": "main",
            "proteins": 20,
            "fat": 5,
            "carbohydrates": 55,
            "calories": 77,
            "price": 874,
            "image": "https://code.s3.yandex.net/react/code/sp_1.png",
            "image_mobile": "https://code.s3.yandex.net/react/code/sp_1-mobile.png",
            "image_large": "https://code.s3.yandex.net/react/code/sp_1-large.png",
            "__v": 0
        },
        {
            "_id": "61c0c5a71d1f82001bdaaa78",
            "name": "Кристаллы марсианских альфа-сахаридов",
            "type": "main",
            "proteins": 234,
            "fat": 432,
            "carbohydrates": 111,
            "calories": 189,
            "price": 762,
            "image": "https://code.s3.yandex.net/react/code/core.png",
            "image_mobile": "https://code.s3.yandex.net/react/code/core-mobile.png",
            "image_large": "https://code.s3.yandex.net/react/code/core-large.png",
            "__v": 0
        },
        {
            "_id": "61c0c5a71d1f82001bdaaa79",
            "name": "Мини-салат Экзо-Плантаго",
            "type": "main",
            "proteins": 1,
            "fat": 2,
            "carbohydrates": 3,
            "calories": 6,
            "price": 4400,
            "image": "https://code.s3.yandex.net/react/code/salad.png",
            "image_mobile": "https://code.s3.yandex.net/react/code/salad-mobile.png",
            "image_large": "https://code.s3.yandex.net/react/code/salad-large.png",
            "__v": 0
        },
        {
            "_id": "61c0c5a71d1f82001bdaaa7a",
            "name": "Сыр с астероидной плесенью",
            "type": "main",
            "proteins": 84,
            "fat": 48,
            "carbohydrates": 420,
            "calories": 3377,
            "price": 4142,
            "image": "https://code.s3.yandex.net/react/code/cheese.png",
            "image_mobile": "https://code.s3.yandex.net/react/code/cheese-mobile.png",
            "image_large": "https://code.s3.yandex.net/react/code/cheese-large.png",
            "__v": 0
        }
    ]
}
HTTP/1.1 200 OK
Server: nginx/1.24.0 (Ubuntu)
Date: Mon, 02 Feb 2026 20:03:17 GMT
Content-Type: application/json; charset=utf-8
Content-Length: 5957
Connection: keep-alive
X-Powered-By: Express
Access-Control-Allow-Origin: *
ETag: W/"1745-LHZ7D8kBZWcbCGljCoPXtjB5CeA"

{
    "success": true,
    "data": [
        {
            "_id": "61c0c5a71d1f82001bdaaa6d",
            "name": "Флюоресцентная булка R2-D3",
            "type": "bun",
            "proteins": 44,
            "fat": 26,
            "carbohydrates": 85,
            "calories": 643,
            "price": 988,
            "image": "https://code.s3.yandex.net/react/code/bun-01.png",
            "image_mobile": "https://code.s3.yandex.net/react/code/bun-01-mobile.png",
            "image_large": "https://code.s3.yandex.net/react/code/bun-01-large.png",
            "__v": 0
        },
        {
            "_id": "61c0c5a71d1f82001bdaaa6f",
            "name": "Мясо бессмертных моллюсков Protostomia",
            "type": "main",
            "proteins": 433,
            "fat": 244,
            "carbohydrates": 33,
            "calories": 420,
            "price": 1337,
            "image": "https://code.s3.yandex.net/react/code/meat-02.png",
            "image_mobile": "https://code.s3.yandex.net/react/code/meat-02-mobile.png",
            "image_large": "https://code.s3.yandex.net/react/code/meat-02-large.png",
            "__v": 0
        },
        {
            "_id": "61c0c5a71d1f82001bdaaa70",
            "name": "Говяжий метеорит (отбивная)",
            "type": "main",
            "proteins": 800,
            "fat": 800,
            "carbohydrates": 300,
            "calories": 2674,
            "price": 3000,
            "image": "https://code.s3.yandex.net/react/code/meat-04.png",
            "image_mobile": "https://code.s3.yandex.net/react/code/meat-04-mobile.png",
            "image_large": "https://code.s3.yandex.net/react/code/meat-04-large.png",
            "__v": 0
        },
        {
            "_id": "61c0c5a71d1f82001bdaaa71",
            "name": "Биокотлета из марсианской Магнолии",
            "type": "main",
            "proteins": 420,
            "fat": 142,
            "carbohydrates": 242,
            "calories": 4242,
            "price": 424,
            "image": "https://code.s3.yandex.net/react/code/meat-01.png",
            "image_mobile": "https://code.s3.yandex.net/react/code/meat-01-mobile.png",
            "image_large": "https://code.s3.yandex.net/react/code/meat-01-large.png",
            "__v": 0
        },
        {
            "_id": "61c0c5a71d1f82001bdaaa72",
            "name": "Соус Spicy-X",
            "type": "sauce",
            "proteins": 30,
            "fat": 20,
            "carbohydrates": 40,
            "calories": 30,
            "price": 90,
            "image": "https://code.s3.yandex.net/react/code/sauce-02.png",
            "image_mobile": "https://code.s3.yandex.net/react/code/sauce-02-mobile.png",
            "image_large": "https://code.s3.yandex.net/react/code/sauce-02-large.png",
            "__v": 0
        },
        {
            "_id": "61c0c5a71d1f82001bdaaa6e",
            "name": "Филе Люминесцентного тетраодонтимформа",
            "type": "main",
            "proteins": 44,
            "fat": 26,
            "carbohydrates": 85,
            "calories": 643,
            "price": 988,
            "image": "https://code.s3.yandex.net/react/code/meat-03.png",
            "image_mobile": "https://code.s3.yandex.net/react/code/meat-03-mobile.png",
            "image_large": "https://code.s3.yandex.net/react/code/meat-03-large.png",
            "__v": 0
        },
        {
            "_id": "61c0c5a71d1f82001bdaaa73",
            "name": "Соус фирменный Space Sauce",
            "type": "sauce",
            "proteins": 50,
            "fat": 22,
            "carbohydrates": 11,
            "calories": 14,
            "price": 80,
            "image": "https://code.s3.yandex.net/react/code/sauce-04.png",
            "image_mobile": "https://code.s3.yandex.net/react/code/sauce-04-mobile.png",
            "image_large": "https://code.s3.yandex.net/react/code/sauce-04-large.png",
            "__v": 0
        },
        {
            "_id": "61c0c5a71d1f82001bdaaa74",
            "name": "Соус традиционный галактический",
            "type": "sauce",
            "proteins": 42,
            "fat": 24,
            "carbohydrates": 42,
            "calories": 99,
            "price": 15,
            "image": "https://code.s3.yandex.net/react/code/sauce-03.png",
            "image_mobile": "https://code.s3.yandex.net/react/code/sauce-03-mobile.png",
            "image_large": "https://code.s3.yandex.net/react/code/sauce-03-large.png",
            "__v": 0
        },
        {
            "_id": "61c0c5a71d1f82001bdaaa6c",
            "name": "Краторная булка N-200i",
            "type": "bun",
            "proteins": 80,
            "fat": 24,
            "carbohydrates": 53,
            "calories": 420,
            "price": 1255,
            "image": "https://code.s3.yandex.net/react/code/bun-02.png",
            "image_mobile": "https://code.s3.yandex.net/react/code/bun-02-mobile.png",
            "image_large": "https://code.s3.yandex.net/react/code/bun-02-large.png",
            "__v": 0
        },
        {
            "_id": "61c0c5a71d1f82001bdaaa75",
            "name": "Соус с шипами Антарианского плоскоходца",
            "type": "sauce",
            "proteins": 101,
            "fat": 99,
            "carbohydrates": 100,
            "calories": 100,
            "price": 88,
            "image": "https://code.s3.yandex.net/react/code/sauce-01.png",
            "image_mobile": "https://code.s3.yandex.net/react/code/sauce-01-mobile.png",
            "image_large": "https://code.s3.yandex.net/react/code/sauce-01-large.png",
            "__v": 0
        },
        {
            "_id": "61c0c5a71d1f82001bdaaa76",
            "name": "Хрустящие минеральные кольца",
            "type": "main",
            "proteins": 808,
            "fat": 689,
            "carbohydrates": 609,
            "calories": 986,
            "price": 300,
            "image": "https://code.s3.yandex.net/react/code/mineral_rings.png",
            "image_mobile": "https://code.s3.yandex.net/react/code/mineral_rings-mobile.png",
            "image_large": "https://code.s3.yandex.net/react/code/mineral_rings-large.png",
            "__v": 0
        },
        {
            "_id": "61c0c5a71d1f82001bdaaa77",
            "name": "Плоды Фалленианского дерева",
            "type": "main",
            "proteins": 20,
            "fat": 5,
            "carbohydrates": 55,
            "calories": 77,
            "price": 874,
            "image": "https://code.s3.yandex.net/react/code/sp_1.png",
            "image_mobile": "https://code.s3.yandex.net/react/code/sp_1-mobile.png",
            "image_large": "https://code.s3.yandex.net/react/code/sp_1-large.png",
            "__v": 0
        },
        {
            "_id": "61c0c5a71d1f82001bdaaa78",
            "name": "Кристаллы марсианских альфа-сахаридов",
            "type": "main",
            "proteins": 234,
            "fat": 432,
            "carbohydrates": 111,
            "calories": 189,
            "price": 762,
            "image": "https://code.s3.yandex.net/react/code/core.png",
            "image_mobile": "https://code.s3.yandex.net/react/code/core-mobile.png",
            "image_large": "https://code.s3.yandex.net/react/code/core-large.png",
            "__v": 0
        },
        {
            "_id": "61c0c5a71d1f82001bdaaa79",
            "name": "Мини-салат Экзо-Плантаго",
            "type": "main",
            "proteins": 1,
            "fat": 2,
            "carbohydrates": 3,
            "calories": 6,
            "price": 4400,
            "image": "https://code.s3.yandex.net/react/code/salad.png",
            "image_mobile": "https://code.s3.yandex.net/react/code/salad-mobile.png",
            "image_large": "https://code.s3.yandex.net/react/code/salad-large.png",
            "__v": 0
        },
        {
            "_id": "61c0c5a71d1f82001bdaaa7a",
            "name": "Сыр с астероидной плесенью",
            "type": "main",
            "proteins": 84,
            "fat": 48,
            "carbohydrates": 420,
            "calories": 3377,
            "price": 4142,
            "image": "https://code.s3.yandex.net/react/code/cheese.png",
            "image_mobile": "https://code.s3.yandex.net/react/code/cheese-mobile.png",
            "image_large": "https://code.s3.yandex.net/react/code/cheese-large.png",
            "__v": 0
        }
    ]
}
HTTP/1.1 200 OK
Server: nginx/1.24.0 (Ubuntu)
Date: Mon, 02 Feb 2026 20:03:17 GMT
Content-Type: application/json; charset=utf-8
Content-Length: 5957
Connection: keep-alive
X-Powered-By: Express
Access-Control-Allow-Origin: *
ETag: W/"1745-LHZ7D8kBZWcbCGljCoPXtjB5CeA"

{
    "success": true,
    "data": [
        {
            "_id": "61c0c5a71d1f82001bdaaa6d",
            "name": "Флюоресцентная булка R2-D3",
            "type": "bun",
            "proteins": 44,
            "fat": 26,
            "carbohydrates": 85,
            "calories": 643,
            "price": 988,
            "image": "https://code.s3.yandex.net/react/code/bun-01.png",
            "image_mobile": "https://code.s3.yandex.net/react/code/bun-01-mobile.png",
            "image_large": "https://code.s3.yandex.net/react/code/bun-01-large.png",
            "__v": 0
        },
        {
            "_id": "61c0c5a71d1f82001bdaaa6f",
            "name": "Мясо бессмертных моллюсков Protostomia",
            "type": "main",
            "proteins": 433,
            "fat": 244,
            "carbohydrates": 33,
            "calories": 420,
            "price": 1337,
            "image": "https://code.s3.yandex.net/react/code/meat-02.png",
            "image_mobile": "https://code.s3.yandex.net/react/code/meat-02-mobile.png",
            "image_large": "https://code.s3.yandex.net/react/code/meat-02-large.png",
            "__v": 0
        },
        {
            "_id": "61c0c5a71d1f82001bdaaa70",
            "name": "Говяжий метеорит (отбивная)",
            "type": "main",
            "proteins": 800,
            "fat": 800,
            "carbohydrates": 300,
            "calories": 2674,
            "price": 3000,
            "image": "https://code.s3.yandex.net/react/code/meat-04.png",
            "image_mobile": "https://code.s3.yandex.net/react/code/meat-04-mobile.png",
            "image_large": "https://code.s3.yandex.net/react/code/meat-04-large.png",
            "__v": 0
        },
        {
            "_id": "61c0c5a71d1f82001bdaaa71",
            "name": "Биокотлета из марсианской Магнолии",
            "type": "main",
            "proteins": 420,
            "fat": 142,
            "carbohydrates": 242,
            "calories": 4242,
            "price": 424,
            "image": "https://code.s3.yandex.net/react/code/meat-01.png",
            "image_mobile": "https://code.s3.yandex.net/react/code/meat-01-mobile.png",
            "image_large": "https://code.s3.yandex.net/react/code/meat-01-large.png",
            "__v": 0
        },
        {
            "_id": "61c0c5a71d1f82001bdaaa72",
            "name": "Соус Spicy-X",
            "type": "sauce",
            "proteins": 30,
            "fat": 20,
            "carbohydrates": 40,
            "calories": 30,
            "price": 90,
            "image": "https://code.s3.yandex.net/react/code/sauce-02.png",
            "image_mobile": "https://code.s3.yandex.net/react/code/sauce-02-mobile.png",
            "image_large": "https://code.s3.yandex.net/react/code/sauce-02-large.png",
            "__v": 0
        },
        {
            "_id": "61c0c5a71d1f82001bdaaa6e",
            "name": "Филе Люминесцентного тетраодонтимформа",
            "type": "main",
            "proteins": 44,
            "fat": 26,
            "carbohydrates": 85,
            "calories": 643,
            "price": 988,
            "image": "https://code.s3.yandex.net/react/code/meat-03.png",
            "image_mobile": "https://code.s3.yandex.net/react/code/meat-03-mobile.png",
            "image_large": "https://code.s3.yandex.net/react/code/meat-03-large.png",
            "__v": 0
        },
        {
            "_id": "61c0c5a71d1f82001bdaaa73",
            "name": "Соус фирменный Space Sauce",
            "type": "sauce",
            "proteins": 50,
            "fat": 22,
            "carbohydrates": 11,
            "calories": 14,
            "price": 80,
            "image": "https://code.s3.yandex.net/react/code/sauce-04.png",
            "image_mobile": "https://code.s3.yandex.net/react/code/sauce-04-mobile.png",
            "image_large": "https://code.s3.yandex.net/react/code/sauce-04-large.png",
            "__v": 0
        },
        {
            "_id": "61c0c5a71d1f82001bdaaa74",
            "name": "Соус традиционный галактический",
            "type": "sauce",
            "proteins": 42,
            "fat": 24,
            "carbohydrates": 42,
            "calories": 99,
            "price": 15,
            "image": "https://code.s3.yandex.net/react/code/sauce-03.png",
            "image_mobile": "https://code.s3.yandex.net/react/code/sauce-03-mobile.png",
            "image_large": "https://code.s3.yandex.net/react/code/sauce-03-large.png",
            "__v": 0
        },
        {
            "_id": "61c0c5a71d1f82001bdaaa6c",
            "name": "Краторная булка N-200i",
            "type": "bun",
            "proteins": 80,
            "fat": 24,
            "carbohydrates": 53,
            "calories": 420,
            "price": 1255,
            "image": "https://code.s3.yandex.net/react/code/bun-02.png",
            "image_mobile": "https://code.s3.yandex.net/react/code/bun-02-mobile.png",
            "image_large": "https://code.s3.yandex.net/react/code/bun-02-large.png",
            "__v": 0
        },
        {
            "_id": "61c0c5a71d1f82001bdaaa75",
            "name": "Соус с шипами Антарианского плоскоходца",
            "type": "sauce",
            "proteins": 101,
            "fat": 99,
            "carbohydrates": 100,
            "calories": 100,
            "price": 88,
            "image": "https://code.s3.yandex.net/react/code/sauce-01.png",
            "image_mobile": "https://code.s3.yandex.net/react/code/sauce-01-mobile.png",
            "image_large": "https://code.s3.yandex.net/react/code/sauce-01-large.png",
            "__v": 0
        },
        {
            "_id": "61c0c5a71d1f82001bdaaa76",
            "name": "Хрустящие минеральные кольца",
            "type": "main",
            "proteins": 808,
            "fat": 689,
            "carbohydrates": 609,
            "calories": 986,
            "price": 300,
            "image": "https://code.s3.yandex.net/react/code/mineral_rings.png",
            "image_mobile": "https://code.s3.yandex.net/react/code/mineral_rings-mobile.png",
            "image_large": "https://code.s3.yandex.net/react/code/mineral_rings-large.png",
            "__v": 0
        },
        {
            "_id": "61c0c5a71d1f82001bdaaa77",
            "name": "Плоды Фалленианского дерева",
            "type": "main",
            "proteins": 20,
            "fat": 5,
            "carbohydrates": 55,
            "calories": 77,
            "price": 874,
            "image": "https://code.s3.yandex.net/react/code/sp_1.png",
            "image_mobile": "https://code.s3.yandex.net/react/code/sp_1-mobile.png",
            "image_large": "https://code.s3.yandex.net/react/code/sp_1-large.png",
            "__v": 0
        },
        {
            "_id": "61c0c5a71d1f82001bdaaa78",
            "name": "Кристаллы марсианских альфа-сахаридов",
            "type": "main",
            "proteins": 234,
            "fat": 432,
            "carbohydrates": 111,
            "calories": 189,
            "price": 762,
            "image": "https://code.s3.yandex.net/react/code/core.png",
            "image_mobile": "https://code.s3.yandex.net/react/code/core-mobile.png",
            "image_large": "https://code.s3.yandex.net/react/code/core-large.png",
            "__v": 0
        },
        {
            "_id": "61c0c5a71d1f82001bdaaa79",
            "name": "Мини-салат Экзо-Плантаго",
            "type": "main",
            "proteins": 1,
            "fat": 2,
            "carbohydrates": 3,
            "calories": 6,
            "price": 4400,
            "image": "https://code.s3.yandex.net/react/code/salad.png",
            "image_mobile": "https://code.s3.yandex.net/react/code/salad-mobile.png",
            "image_large": "https://code.s3.yandex.net/react/code/salad-large.png",
            "__v": 0
        },
        {
            "_id": "61c0c5a71d1f82001bdaaa7a",
            "name": "Сыр с астероидной плесенью",
            "type": "main",
            "proteins": 84,
            "fat": 48,
            "carbohydrates": 420,
            "calories": 3377,
            "price": 4142,
            "image": "https://code.s3.yandex.net/react/code/cheese.png",
            "image_mobile": "https://code.s3.yandex.net/react/code/cheese-mobile.png",
            "image_large": "https://code.s3.yandex.net/react/code/cheese-large.png",
            "__v": 0
        }
    ]
}
HTTP/1.1 200 OK
Server: nginx/1.24.0 (Ubuntu)
Date: Mon, 02 Feb 2026 20:03:17 GMT
Content-Type: application/json; charset=utf-8
Content-Length: 5957
Connection: keep-alive
X-Powered-By: Express
Access-Control-Allow-Origin: *
ETag: W/"1745-LHZ7D8kBZWcbCGljCoPXtjB5CeA"

{
    "success": true,
    "data": [
        {
            "_id": "61c0c5a71d1f82001bdaaa6d",
            "name": "Флюоресцентная булка R2-D3",
            "type": "bun",
            "proteins": 44,
            "fat": 26,
            "carbohydrates": 85,
            "calories": 643,
            "price": 988,
            "image": "https://code.s3.yandex.net/react/code/bun-01.png",
            "image_mobile": "https://code.s3.yandex.net/react/code/bun-01-mobile.png",
            "image_large": "https://code.s3.yandex.net/react/code/bun-01-large.png",
            "__v": 0
        },
        {
            "_id": "61c0c5a71d1f82001bdaaa6f",
            "name": "Мясо бессмертных моллюсков Protostomia",
            "type": "main",
            "proteins": 433,
            "fat": 244,
            "carbohydrates": 33,
            "calories": 420,
            "price": 1337,
            "image": "https://code.s3.yandex.net/react/code/meat-02.png",
            "image_mobile": "https://code.s3.yandex.net/react/code/meat-02-mobile.png",
            "image_large": "https://code.s3.yandex.net/react/code/meat-02-large.png",
            "__v": 0
        },
        {
            "_id": "61c0c5a71d1f82001bdaaa70",
            "name": "Говяжий метеорит (отбивная)",
            "type": "main",
            "proteins": 800,
            "fat": 800,
            "carbohydrates": 300,
            "calories": 2674,
            "price": 3000,
            "image": "https://code.s3.yandex.net/react/code/meat-04.png",
            "image_mobile": "https://code.s3.yandex.net/react/code/meat-04-mobile.png",
            "image_large": "https://code.s3.yandex.net/react/code/meat-04-large.png",
            "__v": 0
        },
        {
            "_id": "61c0c5a71d1f82001bdaaa71",
            "name": "Биокотлета из марсианской Магнолии",
            "type": "main",
            "proteins": 420,
            "fat": 142,
            "carbohydrates": 242,
            "calories": 4242,
            "price": 424,
            "image": "https://code.s3.yandex.net/react/code/meat-01.png",
            "image_mobile": "https://code.s3.yandex.net/react/code/meat-01-mobile.png",
            "image_large": "https://code.s3.yandex.net/react/code/meat-01-large.png",
            "__v": 0
        },
        {
            "_id": "61c0c5a71d1f82001bdaaa72",
            "name": "Соус Spicy-X",
            "type": "sauce",
            "proteins": 30,
            "fat": 20,
            "carbohydrates": 40,
            "calories": 30,
            "price": 90,
            "image": "https://code.s3.yandex.net/react/code/sauce-02.png",
            "image_mobile": "https://code.s3.yandex.net/react/code/sauce-02-mobile.png",
            "image_large": "https://code.s3.yandex.net/react/code/sauce-02-large.png",
            "__v": 0
        },
        {
            "_id": "61c0c5a71d1f82001bdaaa6e",
            "name": "Филе Люминесцентного тетраодонтимформа",
            "type": "main",
            "proteins": 44,
            "fat": 26,
            "carbohydrates": 85,
            "calories": 643,
            "price": 988,
            "image": "https://code.s3.yandex.net/react/code/meat-03.png",
            "image_mobile": "https://code.s3.yandex.net/react/code/meat-03-mobile.png",
            "image_large": "https://code.s3.yandex.net/react/code/meat-03-large.png",
            "__v": 0
        },
        {
            "_id": "61c0c5a71d1f82001bdaaa73",
            "name": "Соус фирменный Space Sauce",
            "type": "sauce",
            "proteins": 50,
            "fat": 22,
            "carbohydrates": 11,
            "calories": 14,
            "price": 80,
            "image": "https://code.s3.yandex.net/react/code/sauce-04.png",
            "image_mobile": "https://code.s3.yandex.net/react/code/sauce-04-mobile.png",
            "image_large": "https://code.s3.yandex.net/react/code/sauce-04-large.png",
            "__v": 0
        },
        {
            "_id": "61c0c5a71d1f82001bdaaa74",
            "name": "Соус традиционный галактический",
            "type": "sauce",
            "proteins": 42,
            "fat": 24,
            "carbohydrates": 42,
            "calories": 99,
            "price": 15,
            "image": "https://code.s3.yandex.net/react/code/sauce-03.png",
            "image_mobile": "https://code.s3.yandex.net/react/code/sauce-03-mobile.png",
            "image_large": "https://code.s3.yandex.net/react/code/sauce-03-large.png",
            "__v": 0
        },
        {
            "_id": "61c0c5a71d1f82001bdaaa6c",
            "name": "Краторная булка N-200i",
            "type": "bun",
            "proteins": 80,
            "fat": 24,
            "carbohydrates": 53,
            "calories": 420,
            "price": 1255,
            "image": "https://code.s3.yandex.net/react/code/bun-02.png",
            "image_mobile": "https://code.s3.yandex.net/react/code/bun-02-mobile.png",
            "image_large": "https://code.s3.yandex.net/react/code/bun-02-large.png",
            "__v": 0
        },
        {
            "_id": "61c0c5a71d1f82001bdaaa75",
            "name": "Соус с шипами Антарианского плоскоходца",
            "type": "sauce",
            "proteins": 101,
            "fat": 99,
            "carbohydrates": 100,
            "calories": 100,
            "price": 88,
            "image": "https://code.s3.yandex.net/react/code/sauce-01.png",
            "image_mobile": "https://code.s3.yandex.net/react/code/sauce-01-mobile.png",
            "image_large": "https://code.s3.yandex.net/react/code/sauce-01-large.png",
            "__v": 0
        },
        {
            "_id": "61c0c5a71d1f82001bdaaa76",
            "name": "Хрустящие минеральные кольца",
            "type": "main",
            "proteins": 808,
            "fat": 689,
            "carbohydrates": 609,
            "calories": 986,
            "price": 300,
            "image": "https://code.s3.yandex.net/react/code/mineral_rings.png",
            "image_mobile": "https://code.s3.yandex.net/react/code/mineral_rings-mobile.png",
            "image_large": "https://code.s3.yandex.net/react/code/mineral_rings-large.png",
            "__v": 0
        },
        {
            "_id": "61c0c5a71d1f82001bdaaa77",
            "name": "Плоды Фалленианского дерева",
            "type": "main",
            "proteins": 20,
            "fat": 5,
            "carbohydrates": 55,
            "calories": 77,
            "price": 874,
            "image": "https://code.s3.yandex.net/react/code/sp_1.png",
            "image_mobile": "https://code.s3.yandex.net/react/code/sp_1-mobile.png",
            "image_large": "https://code.s3.yandex.net/react/code/sp_1-large.png",
            "__v": 0
        },
        {
            "_id": "61c0c5a71d1f82001bdaaa78",
            "name": "Кристаллы марсианских альфа-сахаридов",
            "type": "main",
            "proteins": 234,
            "fat": 432,
            "carbohydrates": 111,
            "calories": 189,
            "price": 762,
            "image": "https://code.s3.yandex.net/react/code/core.png",
            "image_mobile": "https://code.s3.yandex.net/react/code/core-mobile.png",
            "image_large": "https://code.s3.yandex.net/react/code/core-large.png",
            "__v": 0
        },
        {
            "_id": "61c0c5a71d1f82001bdaaa79",
            "name": "Мини-салат Экзо-Плантаго",
            "type": "main",
            "proteins": 1,
            "fat": 2,
            "carbohydrates": 3,
            "calories": 6,
            "price": 4400,
            "image": "https://code.s3.yandex.net/react/code/salad.png",
            "image_mobile": "https://code.s3.yandex.net/react/code/salad-mobile.png",
            "image_large": "https://code.s3.yandex.net/react/code/salad-large.png",
            "__v": 0
        },
        {
            "_id": "61c0c5a71d1f82001bdaaa7a",
            "name": "Сыр с астероидной плесенью",
            "type": "main",
            "proteins": 84,
            "fat": 48,
            "carbohydrates": 420,
            "calories": 3377,
            "price": 4142,
            "image": "https://code.s3.yandex.net/react/code/cheese.png",
            "image_mobile": "https://code.s3.yandex.net/react/code/cheese-mobile.png",
            "image_large": "https://code.s3.yandex.net/react/code/cheese-large.png",
            "__v": 0
        }
    ]
}
HTTP/1.1 200 OK
Server: nginx/1.24.0 (Ubuntu)
Date: Mon, 02 Feb 2026 20:03:17 GMT
Content-Type: application/json; charset=utf-8
Content-Length: 5957
Connection: keep-alive
X-Powered-By: Express
Access-Control-Allow-Origin: *
ETag: W/"1745-LHZ7D8kBZWcbCGljCoPXtjB5CeA"

{
    "success": true,
    "data": [
        {
            "_id": "61c0c5a71d1f82001bdaaa6d",
            "name": "Флюоресцентная булка R2-D3",
            "type": "bun",
            "proteins": 44,
            "fat": 26,
            "carbohydrates": 85,
            "calories": 643,
            "price": 988,
            "image": "https://code.s3.yandex.net/react/code/bun-01.png",
            "image_mobile": "https://code.s3.yandex.net/react/code/bun-01-mobile.png",
            "image_large": "https://code.s3.yandex.net/react/code/bun-01-large.png",
            "__v": 0
        },
        {
            "_id": "61c0c5a71d1f82001bdaaa6f",
            "name": "Мясо бессмертных моллюсков Protostomia",
            "type": "main",
            "proteins": 433,
            "fat": 244,
            "carbohydrates": 33,
            "calories": 420,
            "price": 1337,
            "image": "https://code.s3.yandex.net/react/code/meat-02.png",
            "image_mobile": "https://code.s3.yandex.net/react/code/meat-02-mobile.png",
            "image_large": "https://code.s3.yandex.net/react/code/meat-02-large.png",
            "__v": 0
        },
        {
            "_id": "61c0c5a71d1f82001bdaaa70",
            "name": "Говяжий метеорит (отбивная)",
            "type": "main",
            "proteins": 800,
            "fat": 800,
            "carbohydrates": 300,
            "calories": 2674,
            "price": 3000,
            "image": "https://code.s3.yandex.net/react/code/meat-04.png",
            "image_mobile": "https://code.s3.yandex.net/react/code/meat-04-mobile.png",
            "image_large": "https://code.s3.yandex.net/react/code/meat-04-large.png",
            "__v": 0
        },
        {
            "_id": "61c0c5a71d1f82001bdaaa71",
            "name": "Биокотлета из марсианской Магнолии",
            "type": "main",
            "proteins": 420,
            "fat": 142,
            "carbohydrates": 242,
            "calories": 4242,
            "price": 424,
            "image": "https://code.s3.yandex.net/react/code/meat-01.png",
            "image_mobile": "https://code.s3.yandex.net/react/code/meat-01-mobile.png",
            "image_large": "https://code.s3.yandex.net/react/code/meat-01-large.png",
            "__v": 0
        },
        {
            "_id": "61c0c5a71d1f82001bdaaa72",
            "name": "Соус Spicy-X",
            "type": "sauce",
            "proteins": 30,
            "fat": 20,
            "carbohydrates": 40,
            "calories": 30,
            "price": 90,
            "image": "https://code.s3.yandex.net/react/code/sauce-02.png",
            "image_mobile": "https://code.s3.yandex.net/react/code/sauce-02-mobile.png",
            "image_large": "https://code.s3.yandex.net/react/code/sauce-02-large.png",
            "__v": 0
        },
        {
            "_id": "61c0c5a71d1f82001bdaaa6e",
            "name": "Филе Люминесцентного тетраодонтимформа",
            "type": "main",
            "proteins": 44,
            "fat": 26,
            "carbohydrates": 85,
            "calories": 643,
            "price": 988,
            "image": "https://code.s3.yandex.net/react/code/meat-03.png",
            "image_mobile": "https://code.s3.yandex.net/react/code/meat-03-mobile.png",
            "image_large": "https://code.s3.yandex.net/react/code/meat-03-large.png",
            "__v": 0
        },
        {
            "_id": "61c0c5a71d1f82001bdaaa73",
            "name": "Соус фирменный Space Sauce",
            "type": "sauce",
            "proteins": 50,
            "fat": 22,
            "carbohydrates": 11,
            "calories": 14,
            "price": 80,
            "image": "https://code.s3.yandex.net/react/code/sauce-04.png",
            "image_mobile": "https://code.s3.yandex.net/react/code/sauce-04-mobile.png",
            "image_large": "https://code.s3.yandex.net/react/code/sauce-04-large.png",
            "__v": 0
        },
        {
            "_id": "61c0c5a71d1f82001bdaaa74",
            "name": "Соус традиционный галактический",
            "type": "sauce",
            "proteins": 42,
            "fat": 24,
            "carbohydrates": 42,
            "calories": 99,
            "price": 15,
            "image": "https://code.s3.yandex.net/react/code/sauce-03.png",
            "image_mobile": "https://code.s3.yandex.net/react/code/sauce-03-mobile.png",
            "image_large": "https://code.s3.yandex.net/react/code/sauce-03-large.png",
            "__v": 0
        },
        {
            "_id": "61c0c5a71d1f82001bdaaa6c",
            "name": "Краторная булка N-200i",
            "type": "bun",
            "proteins": 80,
            "fat": 24,
            "carbohydrates": 53,
            "calories": 420,
            "price": 1255,
            "image": "https://code.s3.yandex.net/react/code/bun-02.png",
            "image_mobile": "https://code.s3.yandex.net/react/code/bun-02-mobile.png",
            "image_large": "https://code.s3.yandex.net/react/code/bun-02-large.png",
            "__v": 0
        },
        {
            "_id": "61c0c5a71d1f82001bdaaa75",
            "name": "Соус с шипами Антарианского плоскоходца",
            "type": "sauce",
            "proteins": 101,
            "fat": 99,
            "carbohydrates": 100,
            "calories": 100,
            "price": 88,
            "image": "https://code.s3.yandex.net/react/code/sauce-01.png",
            "image_mobile": "https://code.s3.yandex.net/react/code/sauce-01-mobile.png",
            "image_large": "https://code.s3.yandex.net/react/code/sauce-01-large.png",
            "__v": 0
        },
        {
            "_id": "61c0c5a71d1f82001bdaaa76",
            "name": "Хрустящие минеральные кольца",
            "type": "main",
            "proteins": 808,
            "fat": 689,
            "carbohydrates": 609,
            "calories": 986,
            "price": 300,
            "image": "https://code.s3.yandex.net/react/code/mineral_rings.png",
            "image_mobile": "https://code.s3.yandex.net/react/code/mineral_rings-mobile.png",
            "image_large": "https://code.s3.yandex.net/react/code/mineral_rings-large.png",
            "__v": 0
        },
        {
            "_id": "61c0c5a71d1f82001bdaaa77",
            "name": "Плоды Фалленианского дерева",
            "type": "main",
            "proteins": 20,
            "fat": 5,
            "carbohydrates": 55,
            "calories": 77,
            "price": 874,
            "image": "https://code.s3.yandex.net/react/code/sp_1.png",
            "image_mobile": "https://code.s3.yandex.net/react/code/sp_1-mobile.png",
            "image_large": "https://code.s3.yandex.net/react/code/sp_1-large.png",
            "__v": 0
        },
        {
            "_id": "61c0c5a71d1f82001bdaaa78",
            "name": "Кристаллы марсианских альфа-сахаридов",
            "type": "main",
            "proteins": 234,
            "fat": 432,
            "carbohydrates": 111,
            "calories": 189,
            "price": 762,
            "image": "https://code.s3.yandex.net/react/code/core.png",
            "image_mobile": "https://code.s3.yandex.net/react/code/core-mobile.png",
            "image_large": "https://code.s3.yandex.net/react/code/core-large.png",
            "__v": 0
        },
        {
            "_id": "61c0c5a71d1f82001bdaaa79",
            "name": "Мини-салат Экзо-Плантаго",
            "type": "main",
            "proteins": 1,
            "fat": 2,
            "carbohydrates": 3,
            "calories": 6,
            "price": 4400,
            "image": "https://code.s3.yandex.net/react/code/salad.png",
            "image_mobile": "https://code.s3.yandex.net/react/code/salad-mobile.png",
            "image_large": "https://code.s3.yandex.net/react/code/salad-large.png",
            "__v": 0
        },
        {
            "_id": "61c0c5a71d1f82001bdaaa7a",
            "name": "Сыр с астероидной плесенью",
            "type": "main",
            "proteins": 84,
            "fat": 48,
            "carbohydrates": 420,
            "calories": 3377,
            "price": 4142,
            "image": "https://code.s3.yandex.net/react/code/cheese.png",
            "image_mobile": "https://code.s3.yandex.net/react/code/cheese-mobile.png",
            "image_large": "https://code.s3.yandex.net/react/code/cheese-large.png",
            "__v": 0
        }
    ]
}
HTTP/1.1 200 OK
Server: nginx/1.24.0 (Ubuntu)
Date: Mon, 02 Feb 2026 20:03:17 GMT
Content-Type: application/json; charset=utf-8
Content-Length: 5957
Connection: keep-alive
X-Powered-By: Express
Access-Control-Allow-Origin: *
ETag: W/"1745-LHZ7D8kBZWcbCGljCoPXtjB5CeA"

{
    "success": true,
    "data": [
        {
            "_id": "61c0c5a71d1f82001bdaaa6d",
            "name": "Флюоресцентная булка R2-D3",
            "type": "bun",
            "proteins": 44,
            "fat": 26,
            "carbohydrates": 85,
            "calories": 643,
            "price": 988,
            "image": "https://code.s3.yandex.net/react/code/bun-01.png",
            "image_mobile": "https://code.s3.yandex.net/react/code/bun-01-mobile.png",
            "image_large": "https://code.s3.yandex.net/react/code/bun-01-large.png",
            "__v": 0
        },
        {
            "_id": "61c0c5a71d1f82001bdaaa6f",
            "name": "Мясо бессмертных моллюсков Protostomia",
            "type": "main",
            "proteins": 433,
            "fat": 244,
            "carbohydrates": 33,
            "calories": 420,
            "price": 1337,
            "image": "https://code.s3.yandex.net/react/code/meat-02.png",
            "image_mobile": "https://code.s3.yandex.net/react/code/meat-02-mobile.png",
            "image_large": "https://code.s3.yandex.net/react/code/meat-02-large.png",
            "__v": 0
        },
        {
            "_id": "61c0c5a71d1f82001bdaaa70",
            "name": "Говяжий метеорит (отбивная)",
            "type": "main",
            "proteins": 800,
            "fat": 800,
            "carbohydrates": 300,
            "calories": 2674,
            "price": 3000,
            "image": "https://code.s3.yandex.net/react/code/meat-04.png",
            "image_mobile": "https://code.s3.yandex.net/react/code/meat-04-mobile.png",
            "image_large": "https://code.s3.yandex.net/react/code/meat-04-large.png",
            "__v": 0
        },
        {
            "_id": "61c0c5a71d1f82001bdaaa71",
            "name": "Биокотлета из марсианской Магнолии",
            "type": "main",
            "proteins": 420,
            "fat": 142,
            "carbohydrates": 242,
            "calories": 4242,
            "price": 424,
            "image": "https://code.s3.yandex.net/react/code/meat-01.png",
            "image_mobile": "https://code.s3.yandex.net/react/code/meat-01-mobile.png",
            "image_large": "https://code.s3.yandex.net/react/code/meat-01-large.png",
            "__v": 0
        },
        {
            "_id": "61c0c5a71d1f82001bdaaa72",
            "name": "Соус Spicy-X",
            "type": "sauce",
            "proteins": 30,
            "fat": 20,
            "carbohydrates": 40,
            "calories": 30,
            "price": 90,
            "image": "https://code.s3.yandex.net/react/code/sauce-02.png",
            "image_mobile": "https://code.s3.yandex.net/react/code/sauce-02-mobile.png",
            "image_large": "https://code.s3.yandex.net/react/code/sauce-02-large.png",
            "__v": 0
        },
        {
            "_id": "61c0c5a71d1f82001bdaaa6e",
            "name": "Филе Люминесцентного тетраодонтимформа",
            "type": "main",
            "proteins": 44,
            "fat": 26,
            "carbohydrates": 85,
            "calories": 643,
            "price": 988,
            "image": "https://code.s3.yandex.net/react/code/meat-03.png",
            "image_mobile": "https://code.s3.yandex.net/react/code/meat-03-mobile.png",
            "image_large": "https://code.s3.yandex.net/react/code/meat-03-large.png",
            "__v": 0
        },
        {
            "_id": "61c0c5a71d1f82001bdaaa73",
            "name": "Соус фирменный Space Sauce",
            "type": "sauce",
            "proteins": 50,
            "fat": 22,
            "carbohydrates": 11,
            "calories": 14,
            "price": 80,
            "image": "https://code.s3.yandex.net/react/code/sauce-04.png",
            "image_mobile": "https://code.s3.yandex.net/react/code/sauce-04-mobile.png",
            "image_large": "https://code.s3.yandex.net/react/code/sauce-04-large.png",
            "__v": 0
        },
        {
            "_id": "61c0c5a71d1f82001bdaaa74",
            "name": "Соус традиционный галактический",
            "type": "sauce",
            "proteins": 42,
            "fat": 24,
            "carbohydrates": 42,
            "calories": 99,
            "price": 15,
            "image": "https://code.s3.yandex.net/react/code/sauce-03.png",
            "image_mobile": "https://code.s3.yandex.net/react/code/sauce-03-mobile.png",
            "image_large": "https://code.s3.yandex.net/react/code/sauce-03-large.png",
            "__v": 0
        },
        {
            "_id": "61c0c5a71d1f82001bdaaa6c",
            "name": "Краторная булка N-200i",
            "type": "bun",
            "proteins": 80,
            "fat": 24,
            "carbohydrates": 53,
            "calories": 420,
            "price": 1255,
            "image": "https://code.s3.yandex.net/react/code/bun-02.png",
            "image_mobile": "https://code.s3.yandex.net/react/code/bun-02-mobile.png",
            "image_large": "https://code.s3.yandex.net/react/code/bun-02-large.png",
            "__v": 0
        },
        {
            "_id": "61c0c5a71d1f82001bdaaa75",
            "name": "Соус с шипами Антарианского плоскоходца",
            "type": "sauce",
            "proteins": 101,
            "fat": 99,
            "carbohydrates": 100,
            "calories": 100,
            "price": 88,
            "image": "https://code.s3.yandex.net/react/code/sauce-01.png",
            "image_mobile": "https://code.s3.yandex.net/react/code/sauce-01-mobile.png",
            "image_large": "https://code.s3.yandex.net/react/code/sauce-01-large.png",
            "__v": 0
        },
        {
            "_id": "61c0c5a71d1f82001bdaaa76",
            "name": "Хрустящие минеральные кольца",
            "type": "main",
            "proteins": 808,
            "fat": 689,
            "carbohydrates": 609,
            "calories": 986,
            "price": 300,
            "image": "https://code.s3.yandex.net/react/code/mineral_rings.png",
            "image_mobile": "https://code.s3.yandex.net/react/code/mineral_rings-mobile.png",
            "image_large": "https://code.s3.yandex.net/react/code/mineral_rings-large.png",
            "__v": 0
        },
        {
            "_id": "61c0c5a71d1f82001bdaaa77",
            "name": "Плоды Фалленианского дерева",
            "type": "main",
            "proteins": 20,
            "fat": 5,
            "carbohydrates": 55,
            "calories": 77,
            "price": 874,
            "image": "https://code.s3.yandex.net/react/code/sp_1.png",
            "image_mobile": "https://code.s3.yandex.net/react/code/sp_1-mobile.png",
            "image_large": "https://code.s3.yandex.net/react/code/sp_1-large.png",
            "__v": 0
        },
        {
            "_id": "61c0c5a71d1f82001bdaaa78",
            "name": "Кристаллы марсианских альфа-сахаридов",
            "type": "main",
            "proteins": 234,
            "fat": 432,
            "carbohydrates": 111,
            "calories": 189,
            "price": 762,
            "image": "https://code.s3.yandex.net/react/code/core.png",
            "image_mobile": "https://code.s3.yandex.net/react/code/core-mobile.png",
            "image_large": "https://code.s3.yandex.net/react/code/core-large.png",
            "__v": 0
        },
        {
            "_id": "61c0c5a71d1f82001bdaaa79",
            "name": "Мини-салат Экзо-Плантаго",
            "type": "main",
            "proteins": 1,
            "fat": 2,
            "carbohydrates": 3,
            "calories": 6,
            "price": 4400,
            "image": "https://code.s3.yandex.net/react/code/salad.png",
            "image_mobile": "https://code.s3.yandex.net/react/code/salad-mobile.png",
            "image_large": "https://code.s3.yandex.net/react/code/salad-large.png",
            "__v": 0
        },
        {
            "_id": "61c0c5a71d1f82001bdaaa7a",
            "name": "Сыр с астероидной плесенью",
            "type": "main",
            "proteins": 84,
            "fat": 48,
            "carbohydrates": 420,
            "calories": 3377,
            "price": 4142,
            "image": "https://code.s3.yandex.net/react/code/cheese.png",
            "image_mobile": "https://code.s3.yandex.net/react/code/cheese-mobile.png",
            "image_large": "https://code.s3.yandex.net/react/code/cheese-large.png",
            "__v": 0
        }
    ]
}
HTTP/1.1 200 OK
Server: nginx/1.24.0 (Ubuntu)
Date: Mon, 02 Feb 2026 20:03:17 GMT
Content-Type: application/json; charset=utf-8
Content-Length: 5957
Connection: keep-alive
X-Powered-By: Express
Access-Control-Allow-Origin: *
ETag: W/"1745-LHZ7D8kBZWcbCGljCoPXtjB5CeA"

{
    "success": true,
    "data": [
        {
            "_id": "61c0c5a71d1f82001bdaaa6d",
            "name": "Флюоресцентная булка R2-D3",
            "type": "bun",
            "proteins": 44,
            "fat": 26,
            "carbohydrates": 85,
            "calories": 643,
            "price": 988,
            "image": "https://code.s3.yandex.net/react/code/bun-01.png",
            "image_mobile": "https://code.s3.yandex.net/react/code/bun-01-mobile.png",
            "image_large": "https://code.s3.yandex.net/react/code/bun-01-large.png",
            "__v": 0
        },
        {
            "_id": "61c0c5a71d1f82001bdaaa6f",
            "name": "Мясо бессмертных моллюсков Protostomia",
            "type": "main",
            "proteins": 433,
            "fat": 244,
            "carbohydrates": 33,
            "calories": 420,
            "price": 1337,
            "image": "https://code.s3.yandex.net/react/code/meat-02.png",
            "image_mobile": "https://code.s3.yandex.net/react/code/meat-02-mobile.png",
            "image_large": "https://code.s3.yandex.net/react/code/meat-02-large.png",
            "__v": 0
        },
        {
            "_id": "61c0c5a71d1f82001bdaaa70",
            "name": "Говяжий метеорит (отбивная)",
            "type": "main",
            "proteins": 800,
            "fat": 800,
            "carbohydrates": 300,
            "calories": 2674,
            "price": 3000,
            "image": "https://code.s3.yandex.net/react/code/meat-04.png",
            "image_mobile": "https://code.s3.yandex.net/react/code/meat-04-mobile.png",
            "image_large": "https://code.s3.yandex.net/react/code/meat-04-large.png",
            "__v": 0
        },
        {
            "_id": "61c0c5a71d1f82001bdaaa71",
            "name": "Биокотлета из марсианской Магнолии",
            "type": "main",
            "proteins": 420,
            "fat": 142,
            "carbohydrates": 242,
            "calories": 4242,
            "price": 424,
            "image": "https://code.s3.yandex.net/react/code/meat-01.png",
            "image_mobile": "https://code.s3.yandex.net/react/code/meat-01-mobile.png",
            "image_large": "https://code.s3.yandex.net/react/code/meat-01-large.png",
            "__v": 0
        },
        {
            "_id": "61c0c5a71d1f82001bdaaa72",
            "name": "Соус Spicy-X",
            "type": "sauce",
            "proteins": 30,
            "fat": 20,
            "carbohydrates": 40,
            "calories": 30,
            "price": 90,
            "image": "https://code.s3.yandex.net/react/code/sauce-02.png",
            "image_mobile": "https://code.s3.yandex.net/react/code/sauce-02-mobile.png",
            "image_large": "https://code.s3.yandex.net/react/code/sauce-02-large.png",
            "__v": 0
        },
        {
            "_id": "61c0c5a71d1f82001bdaaa6e",
            "name": "Филе Люминесцентного тетраодонтимформа",
            "type": "main",
            "proteins": 44,
            "fat": 26,
            "carbohydrates": 85,
            "calories": 643,
            "price": 988,
            "image": "https://code.s3.yandex.net/react/code/meat-03.png",
            "image_mobile": "https://code.s3.yandex.net/react/code/meat-03-mobile.png",
            "image_large": "https://code.s3.yandex.net/react/code/meat-03-large.png",
            "__v": 0
        },
        {
            "_id": "61c0c5a71d1f82001bdaaa73",
            "name": "Соус фирменный Space Sauce",
            "type": "sauce",
            "proteins": 50,
            "fat": 22,
            "carbohydrates": 11,
            "calories": 14,
            "price": 80,
            "image": "https://code.s3.yandex.net/react/code/sauce-04.png",
            "image_mobile": "https://code.s3.yandex.net/react/code/sauce-04-mobile.png",
            "image_large": "https://code.s3.yandex.net/react/code/sauce-04-large.png",
            "__v": 0
        },
        {
            "_id": "61c0c5a71d1f82001bdaaa74",
            "name": "Соус традиционный галактический",
            "type": "sauce",
            "proteins": 42,
            "fat": 24,
            "carbohydrates": 42,
            "calories": 99,
            "price": 15,
            "image": "https://code.s3.yandex.net/react/code/sauce-03.png",
            "image_mobile": "https://code.s3.yandex.net/react/code/sauce-03-mobile.png",
            "image_large": "https://code.s3.yandex.net/react/code/sauce-03-large.png",
            "__v": 0
        },
        {
            "_id": "61c0c5a71d1f82001bdaaa6c",
            "name": "Краторная булка N-200i",
            "type": "bun",
            "proteins": 80,
            "fat": 24,
            "carbohydrates": 53,
            "calories": 420,
            "price": 1255,
            "image": "https://code.s3.yandex.net/react/code/bun-02.png",
            "image_mobile": "https://code.s3.yandex.net/react/code/bun-02-mobile.png",
            "image_large": "https://code.s3.yandex.net/react/code/bun-02-large.png",
            "__v": 0
        },
        {
            "_id": "61c0c5a71d1f82001bdaaa75",
            "name": "Соус с шипами Антарианского плоскоходца",
            "type": "sauce",
            "proteins": 101,
            "fat": 99,
            "carbohydrates": 100,
            "calories": 100,
            "price": 88,
            "image": "https://code.s3.yandex.net/react/code/sauce-01.png",
            "image_mobile": "https://code.s3.yandex.net/react/code/sauce-01-mobile.png",
            "image_large": "https://code.s3.yandex.net/react/code/sauce-01-large.png",
            "__v": 0
        },
        {
            "_id": "61c0c5a71d1f82001bdaaa76",
            "name": "Хрустящие минеральные кольца",
            "type": "main",
            "proteins": 808,
            "fat": 689,
            "carbohydrates": 609,
            "calories": 986,
            "price": 300,
            "image": "https://code.s3.yandex.net/react/code/mineral_rings.png",
            "image_mobile": "https://code.s3.yandex.net/react/code/mineral_rings-mobile.png",
            "image_large": "https://code.s3.yandex.net/react/code/mineral_rings-large.png",
            "__v": 0
        },
        {
            "_id": "61c0c5a71d1f82001bdaaa77",
            "name": "Плоды Фалленианского дерева",
            "type": "main",
            "proteins": 20,
            "fat": 5,
            "carbohydrates": 55,
            "calories": 77,
            "price": 874,
            "image": "https://code.s3.yandex.net/react/code/sp_1.png",
            "image_mobile": "https://code.s3.yandex.net/react/code/sp_1-mobile.png",
            "image_large": "https://code.s3.yandex.net/react/code/sp_1-large.png",
            "__v": 0
        },
        {
            "_id": "61c0c5a71d1f82001bdaaa78",
            "name": "Кристаллы марсианских альфа-сахаридов",
            "type": "main",
            "proteins": 234,
            "fat": 432,
            "carbohydrates": 111,
            "calories": 189,
            "price": 762,
            "image": "https://code.s3.yandex.net/react/code/core.png",
            "image_mobile": "https://code.s3.yandex.net/react/code/core-mobile.png",
            "image_large": "https://code.s3.yandex.net/react/code/core-large.png",
            "__v": 0
        },
        {
            "_id": "61c0c5a71d1f82001bdaaa79",
            "name": "Мини-салат Экзо-Плантаго",
            "type": "main",
            "proteins": 1,
            "fat": 2,
            "carbohydrates": 3,
            "calories": 6,
            "price": 4400,
            "image": "https://code.s3.yandex.net/react/code/salad.png",
            "image_mobile": "https://code.s3.yandex.net/react/code/salad-mobile.png",
            "image_large": "https://code.s3.yandex.net/react/code/salad-large.png",
            "__v": 0
        },
        {
            "_id": "61c0c5a71d1f82001bdaaa7a",
            "name": "Сыр с астероидной плесенью",
            "type": "main",
            "proteins": 84,
            "fat": 48,
            "carbohydrates": 420,
            "calories": 3377,
            "price": 4142,
            "image": "https://code.s3.yandex.net/react/code/cheese.png",
            "image_mobile": "https://code.s3.yandex.net/react/code/cheese-mobile.png",
            "image_large": "https://code.s3.yandex.net/react/code/cheese-large.png",
            "__v": 0
        }
    ]
}
HTTP/1.1 200 OK
Server: nginx/1.24.0 (Ubuntu)
Date: Mon, 02 Feb 2026 20:03:17 GMT
Content-Type: application/json; charset=utf-8
Content-Length: 5957
Connection: keep-alive
X-Powered-By: Express
Access-Control-Allow-Origin: *
ETag: W/"1745-LHZ7D8kBZWcbCGljCoPXtjB5CeA"

{
    "success": true,
    "data": [
        {
            "_id": "61c0c5a71d1f82001bdaaa6d",
            "name": "Флюоресцентная булка R2-D3",
            "type": "bun",
            "proteins": 44,
            "fat": 26,
            "carbohydrates": 85,
            "calories": 643,
            "price": 988,
            "image": "https://code.s3.yandex.net/react/code/bun-01.png",
            "image_mobile": "https://code.s3.yandex.net/react/code/bun-01-mobile.png",
            "image_large": "https://code.s3.yandex.net/react/code/bun-01-large.png",
            "__v": 0
        },
        {
            "_id": "61c0c5a71d1f82001bdaaa6f",
            "name": "Мясо бессмертных моллюсков Protostomia",
            "type": "main",
            "proteins": 433,
            "fat": 244,
            "carbohydrates": 33,
            "calories": 420,
            "price": 1337,
            "image": "https://code.s3.yandex.net/react/code/meat-02.png",
            "image_mobile": "https://code.s3.yandex.net/react/code/meat-02-mobile.png",
            "image_large": "https://code.s3.yandex.net/react/code/meat-02-large.png",
            "__v": 0
        },
        {
            "_id": "61c0c5a71d1f82001bdaaa70",
            "name": "Говяжий метеорит (отбивная)",
            "type": "main",
            "proteins": 800,
            "fat": 800,
            "carbohydrates": 300,
            "calories": 2674,
            "price": 3000,
            "image": "https://code.s3.yandex.net/react/code/meat-04.png",
            "image_mobile": "https://code.s3.yandex.net/react/code/meat-04-mobile.png",
            "image_large": "https://code.s3.yandex.net/react/code/meat-04-large.png",
            "__v": 0
        },
        {
            "_id": "61c0c5a71d1f82001bdaaa71",
            "name": "Биокотлета из марсианской Магнолии",
            "type": "main",
            "proteins": 420,
            "fat": 142,
            "carbohydrates": 242,
            "calories": 4242,
            "price": 424,
            "image": "https://code.s3.yandex.net/react/code/meat-01.png",
            "image_mobile": "https://code.s3.yandex.net/react/code/meat-01-mobile.png",
            "image_large": "https://code.s3.yandex.net/react/code/meat-01-large.png",
            "__v": 0
        },
        {
            "_id": "61c0c5a71d1f82001bdaaa72",
            "name": "Соус Spicy-X",
            "type": "sauce",
            "proteins": 30,
            "fat": 20,
            "carbohydrates": 40,
            "calories": 30,
            "price": 90,
            "image": "https://code.s3.yandex.net/react/code/sauce-02.png",
            "image_mobile": "https://code.s3.yandex.net/react/code/sauce-02-mobile.png",
            "image_large": "https://code.s3.yandex.net/react/code/sauce-02-large.png",
            "__v": 0
        },
        {
            "_id": "61c0c5a71d1f82001bdaaa6e",
            "name": "Филе Люминесцентного тетраодонтимформа",
            "type": "main",
            "proteins": 44,
            "fat": 26,
            "carbohydrates": 85,
            "calories": 643,
            "price": 988,
            "image": "https://code.s3.yandex.net/react/code/meat-03.png",
            "image_mobile": "https://code.s3.yandex.net/react/code/meat-03-mobile.png",
            "image_large": "https://code.s3.yandex.net/react/code/meat-03-large.png",
            "__v": 0
        },
        {
            "_id": "61c0c5a71d1f82001bdaaa73",
            "name": "Соус фирменный Space Sauce",
            "type": "sauce",
            "proteins": 50,
            "fat": 22,
            "carbohydrates": 11,
            "calories": 14,
            "price": 80,
            "image": "https://code.s3.yandex.net/react/code/sauce-04.png",
            "image_mobile": "https://code.s3.yandex.net/react/code/sauce-04-mobile.png",
            "image_large": "https://code.s3.yandex.net/react/code/sauce-04-large.png",
            "__v": 0
        },
        {
            "_id": "61c0c5a71d1f82001bdaaa74",
            "name": "Соус традиционный галактический",
            "type": "sauce",
            "proteins": 42,
            "fat": 24,
            "carbohydrates": 42,
            "calories": 99,
            "price": 15,
            "image": "https://code.s3.yandex.net/react/code/sauce-03.png",
            "image_mobile": "https://code.s3.yandex.net/react/code/sauce-03-mobile.png",
            "image_large": "https://code.s3.yandex.net/react/code/sauce-03-large.png",
            "__v": 0
        },
        {
            "_id": "61c0c5a71d1f82001bdaaa6c",
            "name": "Краторная булка N-200i",
            "type": "bun",
            "proteins": 80,
            "fat": 24,
            "carbohydrates": 53,
            "calories": 420,
            "price": 1255,
            "image": "https://code.s3.yandex.net/react/code/bun-02.png",
            "image_mobile": "https://code.s3.yandex.net/react/code/bun-02-mobile.png",
            "image_large": "https://code.s3.yandex.net/react/code/bun-02-large.png",
            "__v": 0
        },
        {
            "_id": "61c0c5a71d1f82001bdaaa75",
            "name": "Соус с шипами Антарианского плоскоходца",
            "type": "sauce",
            "proteins": 101,
            "fat": 99,
            "carbohydrates": 100,
            "calories": 100,
            "price": 88,
            "image": "https://code.s3.yandex.net/react/code/sauce-01.png",
            "image_mobile": "https://code.s3.yandex.net/react/code/sauce-01-mobile.png",
            "image_large": "https://code.s3.yandex.net/react/code/sauce-01-large.png",
            "__v": 0
        },
        {
            "_id": "61c0c5a71d1f82001bdaaa76",
            "name": "Хрустящие минеральные кольца",
            "type": "main",
            "proteins": 808,
            "fat": 689,
            "carbohydrates": 609,
            "calories": 986,
            "price": 300,
            "image": "https://code.s3.yandex.net/react/code/mineral_rings.png",
            "image_mobile": "https://code.s3.yandex.net/react/code/mineral_rings-mobile.png",
            "image_large": "https://code.s3.yandex.net/react/code/mineral_rings-large.png",
            "__v": 0
        },
        {
            "_id": "61c0c5a71d1f82001bdaaa77",
            "name": "Плоды Фалленианского дерева",
            "type": "main",
            "proteins": 20,
            "fat": 5,
            "carbohydrates": 55,
            "calories": 77,
            "price": 874,
            "image": "https://code.s3.yandex.net/react/code/sp_1.png",
            "image_mobile": "https://code.s3.yandex.net/react/code/sp_1-mobile.png",
            "image_large": "https://code.s3.yandex.net/react/code/sp_1-large.png",
            "__v": 0
        },
        {
            "_id": "61c0c5a71d1f82001bdaaa78",
            "name": "Кристаллы марсианских альфа-сахаридов",
            "type": "main",
            "proteins": 234,
            "fat": 432,
            "carbohydrates": 111,
            "calories": 189,
            "price": 762,
            "image": "https://code.s3.yandex.net/react/code/core.png",
            "image_mobile": "https://code.s3.yandex.net/react/code/core-mobile.png",
            "image_large": "https://code.s3.yandex.net/react/code/core-large.png",
            "__v": 0
        },
        {
            "_id": "61c0c5a71d1f82001bdaaa79",
            "name": "Мини-салат Экзо-Плантаго",
            "type": "main",
            "proteins": 1,
            "fat": 2,
            "carbohydrates": 3,
            "calories": 6,
            "price": 4400,
            "image": "https://code.s3.yandex.net/react/code/salad.png",
            "image_mobile": "https://code.s3.yandex.net/react/code/salad-mobile.png",
            "image_large": "https://code.s3.yandex.net/react/code/salad-large.png",
            "__v": 0
        },
        {
            "_id": "61c0c5a71d1f82001bdaaa7a",
            "name": "Сыр с астероидной плесенью",
            "type": "main",
            "proteins": 84,
            "fat": 48,
            "carbohydrates": 420,
            "calories": 3377,
            "price": 4142,
            "image": "https://code.s3.yandex.net/react/code/cheese.png",
            "image_mobile": "https://code.s3.yandex.net/react/code/cheese-mobile.png",
            "image_large": "https://code.s3.yandex.net/react/code/cheese-large.png",
            "__v": 0
        }
    ]
}
HTTP/1.1 200 OK
Server: nginx/1.24.0 (Ubuntu)
Date: Mon, 02 Feb 2026 20:03:17 GMT
Content-Type: application/json; charset=utf-8
Content-Length: 5957
Connection: keep-alive
X-Powered-By: Express
Access-Control-Allow-Origin: *
ETag: W/"1745-LHZ7D8kBZWcbCGljCoPXtjB5CeA"

{
    "success": true,
    "data": [
        {
            "_id": "61c0c5a71d1f82001bdaaa6d",
            "name": "Флюоресцентная булка R2-D3",
            "type": "bun",
            "proteins": 44,
            "fat": 26,
            "carbohydrates": 85,
            "calories": 643,
            "price": 988,
            "image": "https://code.s3.yandex.net/react/code/bun-01.png",
            "image_mobile": "https://code.s3.yandex.net/react/code/bun-01-mobile.png",
            "image_large": "https://code.s3.yandex.net/react/code/bun-01-large.png",
            "__v": 0
        },
        {
            "_id": "61c0c5a71d1f82001bdaaa6f",
            "name": "Мясо бессмертных моллюсков Protostomia",
            "type": "main",
            "proteins": 433,
            "fat": 244,
            "carbohydrates": 33,
            "calories": 420,
            "price": 1337,
            "image": "https://code.s3.yandex.net/react/code/meat-02.png",
            "image_mobile": "https://code.s3.yandex.net/react/code/meat-02-mobile.png",
            "image_large": "https://code.s3.yandex.net/react/code/meat-02-large.png",
            "__v": 0
        },
        {
            "_id": "61c0c5a71d1f82001bdaaa70",
            "name": "Говяжий метеорит (отбивная)",
            "type": "main",
            "proteins": 800,
            "fat": 800,
            "carbohydrates": 300,
            "calories": 2674,
            "price": 3000,
            "image": "https://code.s3.yandex.net/react/code/meat-04.png",
            "image_mobile": "https://code.s3.yandex.net/react/code/meat-04-mobile.png",
            "image_large": "https://code.s3.yandex.net/react/code/meat-04-large.png",
            "__v": 0
        },
        {
            "_id": "61c0c5a71d1f82001bdaaa71",
            "name": "Биокотлета из марсианской Магнолии",
            "type": "main",
            "proteins": 420,
            "fat": 142,
            "carbohydrates": 242,
            "calories": 4242,
            "price": 424,
            "image": "https://code.s3.yandex.net/react/code/meat-01.png",
            "image_mobile": "https://code.s3.yandex.net/react/code/meat-01-mobile.png",
            "image_large": "https://code.s3.yandex.net/react/code/meat-01-large.png",
            "__v": 0
        },
        {
            "_id": "61c0c5a71d1f82001bdaaa72",
            "name": "Соус Spicy-X",
            "type": "sauce",
            "proteins": 30,
            "fat": 20,
            "carbohydrates": 40,
            "calories": 30,
            "price": 90,
            "image": "https://code.s3.yandex.net/react/code/sauce-02.png",
            "image_mobile": "https://code.s3.yandex.net/react/code/sauce-02-mobile.png",
            "image_large": "https://code.s3.yandex.net/react/code/sauce-02-large.png",
            "__v": 0
        },
        {
            "_id": "61c0c5a71d1f82001bdaaa6e",
            "name": "Филе Люминесцентного тетраодонтимформа",
            "type": "main",
            "proteins": 44,
            "fat": 26,
            "carbohydrates": 85,
            "calories": 643,
            "price": 988,
            "image": "https://code.s3.yandex.net/react/code/meat-03.png",
            "image_mobile": "https://code.s3.yandex.net/react/code/meat-03-mobile.png",
            "image_large": "https://code.s3.yandex.net/react/code/meat-03-large.png",
            "__v": 0
        },
        {
            "_id": "61c0c5a71d1f82001bdaaa73",
            "name": "Соус фирменный Space Sauce",
            "type": "sauce",
            "proteins": 50,
            "fat": 22,
            "carbohydrates": 11,
            "calories": 14,
            "price": 80,
            "image": "https://code.s3.yandex.net/react/code/sauce-04.png",
            "image_mobile": "https://code.s3.yandex.net/react/code/sauce-04-mobile.png",
            "image_large": "https://code.s3.yandex.net/react/code/sauce-04-large.png",
            "__v": 0
        },
        {
            "_id": "61c0c5a71d1f82001bdaaa74",
            "name": "Соус традиционный галактический",
            "type": "sauce",
            "proteins": 42,
            "fat": 24,
            "carbohydrates": 42,
            "calories": 99,
            "price": 15,
            "image": "https://code.s3.yandex.net/react/code/sauce-03.png",
            "image_mobile": "https://code.s3.yandex.net/react/code/sauce-03-mobile.png",
            "image_large": "https://code.s3.yandex.net/react/code/sauce-03-large.png",
            "__v": 0
        },
        {
            "_id": "61c0c5a71d1f82001bdaaa6c",
            "name": "Краторная булка N-200i",
            "type": "bun",
            "proteins": 80,
            "fat": 24,
            "carbohydrates": 53,
            "calories": 420,
            "price": 1255,
            "image": "https://code.s3.yandex.net/react/code/bun-02.png",
            "image_mobile": "https://code.s3.yandex.net/react/code/bun-02-mobile.png",
            "image_large": "https://code.s3.yandex.net/react/code/bun-02-large.png",
            "__v": 0
        },
        {
            "_id": "61c0c5a71d1f82001bdaaa75",
            "name": "Соус с шипами Антарианского плоскоходца",
            "type": "sauce",
            "proteins": 101,
            "fat": 99,
            "carbohydrates": 100,
            "calories": 100,
            "price": 88,
            "image": "https://code.s3.yandex.net/react/code/sauce-01.png",
            "image_mobile": "https://code.s3.yandex.net/react/code/sauce-01-mobile.png",
            "image_large": "https://code.s3.yandex.net/react/code/sauce-01-large.png",
            "__v": 0
        },
        {
            "_id": "61c0c5a71d1f82001bdaaa76",
            "name": "Хрустящие минеральные кольца",
            "type": "main",
            "proteins": 808,
            "fat": 689,
            "carbohydrates": 609,
            "calories": 986,
            "price": 300,
            "image": "https://code.s3.yandex.net/react/code/mineral_rings.png",
            "image_mobile": "https://code.s3.yandex.net/react/code/mineral_rings-mobile.png",
            "image_large": "https://code.s3.yandex.net/react/code/mineral_rings-large.png",
            "__v": 0
        },
        {
            "_id": "61c0c5a71d1f82001bdaaa77",
            "name": "Плоды Фалленианского дерева",
            "type": "main",
            "proteins": 20,
            "fat": 5,
            "carbohydrates": 55,
            "calories": 77,
            "price": 874,
            "image": "https://code.s3.yandex.net/react/code/sp_1.png",
            "image_mobile": "https://code.s3.yandex.net/react/code/sp_1-mobile.png",
            "image_large": "https://code.s3.yandex.net/react/code/sp_1-large.png",
            "__v": 0
        },
        {
            "_id": "61c0c5a71d1f82001bdaaa78",
            "name": "Кристаллы марсианских альфа-сахаридов",
            "type": "main",
            "proteins": 234,
            "fat": 432,
            "carbohydrates": 111,
            "calories": 189,
            "price": 762,
            "image": "https://code.s3.yandex.net/react/code/core.png",
            "image_mobile": "https://code.s3.yandex.net/react/code/core-mobile.png",
            "image_large": "https://code.s3.yandex.net/react/code/core-large.png",
            "__v": 0
        },
        {
            "_id": "61c0c5a71d1f82001bdaaa79",
            "name": "Мини-салат Экзо-Плантаго",
            "type": "main",
            "proteins": 1,
            "fat": 2,
            "carbohydrates": 3,
            "calories": 6,
            "price": 4400,
            "image": "https://code.s3.yandex.net/react/code/salad.png",
            "image_mobile": "https://code.s3.yandex.net/react/code/salad-mobile.png",
            "image_large": "https://code.s3.yandex.net/react/code/salad-large.png",
            "__v": 0
        },
        {
            "_id": "61c0c5a71d1f82001bdaaa7a",
            "name": "Сыр с астероидной плесенью",
            "type": "main",
            "proteins": 84,
            "fat": 48,
            "carbohydrates": 420,
            "calories": 3377,
            "price": 4142,
            "image": "https://code.s3.yandex.net/react/code/cheese.png",
            "image_mobile": "https://code.s3.yandex.net/react/code/cheese-mobile.png",
            "image_large": "https://code.s3.yandex.net/react/code/cheese-large.png",
            "__v": 0
        }
    ]
}
HTTP/1.1 200 OK
Server: nginx/1.24.0 (Ubuntu)
Date: Mon, 02 Feb 2026 20:03:17 GMT
Content-Type: application/json; charset=utf-8
Content-Length: 5957
Connection: keep-alive
X-Powered-By: Express
Access-Control-Allow-Origin: *
ETag: W/"1745-LHZ7D8kBZWcbCGljCoPXtjB5CeA"

{
    "success": true,
    "data": [
        {
            "_id": "61c0c5a71d1f82001bdaaa6d",
            "name": "Флюоресцентная булка R2-D3",
            "type": "bun",
            "proteins": 44,
            "fat": 26,
            "carbohydrates": 85,
            "calories": 643,
            "price": 988,
            "image": "https://code.s3.yandex.net/react/code/bun-01.png",
            "image_mobile": "https://code.s3.yandex.net/react/code/bun-01-mobile.png",
            "image_large": "https://code.s3.yandex.net/react/code/bun-01-large.png",
            "__v": 0
        },
        {
            "_id": "61c0c5a71d1f82001bdaaa6f",
            "name": "Мясо бессмертных моллюсков Protostomia",
            "type": "main",
            "proteins": 433,
            "fat": 244,
            "carbohydrates": 33,
            "calories": 420,
            "price": 1337,
            "image": "https://code.s3.yandex.net/react/code/meat-02.png",
            "image_mobile": "https://code.s3.yandex.net/react/code/meat-02-mobile.png",
            "image_large": "https://code.s3.yandex.net/react/code/meat-02-large.png",
            "__v": 0
        },
        {
            "_id": "61c0c5a71d1f82001bdaaa70",
            "name": "Говяжий метеорит (отбивная)",
            "type": "main",
            "proteins": 800,
            "fat": 800,
            "carbohydrates": 300,
            "calories": 2674,
            "price": 3000,
            "image": "https://code.s3.yandex.net/react/code/meat-04.png",
            "image_mobile": "https://code.s3.yandex.net/react/code/meat-04-mobile.png",
            "image_large": "https://code.s3.yandex.net/react/code/meat-04-large.png",
            "__v": 0
        },
        {
            "_id": "61c0c5a71d1f82001bdaaa71",
            "name": "Биокотлета из марсианской Магнолии",
            "type": "main",
            "proteins": 420,
            "fat": 142,
            "carbohydrates": 242,
            "calories": 4242,
            "price": 424,
            "image": "https://code.s3.yandex.net/react/code/meat-01.png",
            "image_mobile": "https://code.s3.yandex.net/react/code/meat-01-mobile.png",
            "image_large": "https://code.s3.yandex.net/react/code/meat-01-large.png",
            "__v": 0
        },
        {
            "_id": "61c0c5a71d1f82001bdaaa72",
            "name": "Соус Spicy-X",
            "type": "sauce",
            "proteins": 30,
            "fat": 20,
            "carbohydrates": 40,
            "calories": 30,
            "price": 90,
            "image": "https://code.s3.yandex.net/react/code/sauce-02.png",
            "image_mobile": "https://code.s3.yandex.net/react/code/sauce-02-mobile.png",
            "image_large": "https://code.s3.yandex.net/react/code/sauce-02-large.png",
            "__v": 0
        },
        {
            "_id": "61c0c5a71d1f82001bdaaa6e",
            "name": "Филе Люминесцентного тетраодонтимформа",
            "type": "main",
            "proteins": 44,
            "fat": 26,
            "carbohydrates": 85,
            "calories": 643,
            "price": 988,
            "image": "https://code.s3.yandex.net/react/code/meat-03.png",
            "image_mobile": "https://code.s3.yandex.net/react/code/meat-03-mobile.png",
            "image_large": "https://code.s3.yandex.net/react/code/meat-03-large.png",
            "__v": 0
        },
        {
            "_id": "61c0c5a71d1f82001bdaaa73",
            "name": "Соус фирменный Space Sauce",
            "type": "sauce",
            "proteins": 50,
            "fat": 22,
            "carbohydrates": 11,
            "calories": 14,
            "price": 80,
            "image": "https://code.s3.yandex.net/react/code/sauce-04.png",
            "image_mobile": "https://code.s3.yandex.net/react/code/sauce-04-mobile.png",
            "image_large": "https://code.s3.yandex.net/react/code/sauce-04-large.png",
            "__v": 0
        },
        {
            "_id": "61c0c5a71d1f82001bdaaa74",
            "name": "Соус традиционный галактический",
            "type": "sauce",
            "proteins": 42,
            "fat": 24,
            "carbohydrates": 42,
            "calories": 99,
            "price": 15,
            "image": "https://code.s3.yandex.net/react/code/sauce-03.png",
            "image_mobile": "https://code.s3.yandex.net/react/code/sauce-03-mobile.png",
            "image_large": "https://code.s3.yandex.net/react/code/sauce-03-large.png",
            "__v": 0
        },
        {
            "_id": "61c0c5a71d1f82001bdaaa6c",
            "name": "Краторная булка N-200i",
            "type": "bun",
            "proteins": 80,
            "fat": 24,
            "carbohydrates": 53,
            "calories": 420,
            "price": 1255,
            "image": "https://code.s3.yandex.net/react/code/bun-02.png",
            "image_mobile": "https://code.s3.yandex.net/react/code/bun-02-mobile.png",
            "image_large": "https://code.s3.yandex.net/react/code/bun-02-large.png",
            "__v": 0
        },
        {
            "_id": "61c0c5a71d1f82001bdaaa75",
            "name": "Соус с шипами Антарианского плоскоходца",
            "type": "sauce",
            "proteins": 101,
            "fat": 99,
            "carbohydrates": 100,
            "calories": 100,
            "price": 88,
            "image": "https://code.s3.yandex.net/react/code/sauce-01.png",
            "image_mobile": "https://code.s3.yandex.net/react/code/sauce-01-mobile.png",
            "image_large": "https://code.s3.yandex.net/react/code/sauce-01-large.png",
            "__v": 0
        },
        {
            "_id": "61c0c5a71d1f82001bdaaa76",
            "name": "Хрустящие минеральные кольца",
            "type": "main",
            "proteins": 808,
            "fat": 689,
            "carbohydrates": 609,
            "calories": 986,
            "price": 300,
            "image": "https://code.s3.yandex.net/react/code/mineral_rings.png",
            "image_mobile": "https://code.s3.yandex.net/react/code/mineral_rings-mobile.png",
            "image_large": "https://code.s3.yandex.net/react/code/mineral_rings-large.png",
            "__v": 0
        },
        {
            "_id": "61c0c5a71d1f82001bdaaa77",
            "name": "Плоды Фалленианского дерева",
            "type": "main",
            "proteins": 20,
            "fat": 5,
            "carbohydrates": 55,
            "calories": 77,
            "price": 874,
            "image": "https://code.s3.yandex.net/react/code/sp_1.png",
            "image_mobile": "https://code.s3.yandex.net/react/code/sp_1-mobile.png",
            "image_large": "https://code.s3.yandex.net/react/code/sp_1-large.png",
            "__v": 0
        },
        {
            "_id": "61c0c5a71d1f82001bdaaa78",
            "name": "Кристаллы марсианских альфа-сахаридов",
            "type": "main",
            "proteins": 234,
            "fat": 432,
            "carbohydrates": 111,
            "calories": 189,
            "price": 762,
            "image": "https://code.s3.yandex.net/react/code/core.png",
            "image_mobile": "https://code.s3.yandex.net/react/code/core-mobile.png",
            "image_large": "https://code.s3.yandex.net/react/code/core-large.png",
            "__v": 0
        },
        {
            "_id": "61c0c5a71d1f82001bdaaa79",
            "name": "Мини-салат Экзо-Плантаго",
            "type": "main",
            "proteins": 1,
            "fat": 2,
            "carbohydrates": 3,
            "calories": 6,
            "price": 4400,
            "image": "https://code.s3.yandex.net/react/code/salad.png",
            "image_mobile": "https://code.s3.yandex.net/react/code/salad-mobile.png",
            "image_large": "https://code.s3.yandex.net/react/code/salad-large.png",
            "__v": 0
        },
        {
            "_id": "61c0c5a71d1f82001bdaaa7a",
            "name": "Сыр с астероидной плесенью",
            "type": "main",
            "proteins": 84,
            "fat": 48,
            "carbohydrates": 420,
            "calories": 3377,
            "price": 4142,
            "image": "https://code.s3.yandex.net/react/code/cheese.png",
            "image_mobile": "https://code.s3.yandex.net/react/code/cheese-mobile.png",
            "image_large": "https://code.s3.yandex.net/react/code/cheese-large.png",
            "__v": 0
        }
    ]
}
HTTP/1.1 200 OK
Server: nginx/1.24.0 (Ubuntu)
Date: Mon, 02 Feb 2026 20:03:17 GMT
Content-Type: application/json; charset=utf-8
Content-Length: 5957
Connection: keep-alive
X-Powered-By: Express
Access-Control-Allow-Origin: *
ETag: W/"1745-LHZ7D8kBZWcbCGljCoPXtjB5CeA"

{
    "success": true,
    "data": [
        {
            "_id": "61c0c5a71d1f82001bdaaa6d",
            "name": "Флюоресцентная булка R2-D3",
            "type": "bun",
            "proteins": 44,
            "fat": 26,
            "carbohydrates": 85,
            "calories": 643,
            "price": 988,
            "image": "https://code.s3.yandex.net/react/code/bun-01.png",
            "image_mobile": "https://code.s3.yandex.net/react/code/bun-01-mobile.png",
            "image_large": "https://code.s3.yandex.net/react/code/bun-01-large.png",
            "__v": 0
        },
        {
            "_id": "61c0c5a71d1f82001bdaaa6f",
            "name": "Мясо бессмертных моллюсков Protostomia",
            "type": "main",
            "proteins": 433,
            "fat": 244,
            "carbohydrates": 33,
            "calories": 420,
            "price": 1337,
            "image": "https://code.s3.yandex.net/react/code/meat-02.png",
            "image_mobile": "https://code.s3.yandex.net/react/code/meat-02-mobile.png",
            "image_large": "https://code.s3.yandex.net/react/code/meat-02-large.png",
            "__v": 0
        },
        {
            "_id": "61c0c5a71d1f82001bdaaa70",
            "name": "Говяжий метеорит (отбивная)",
            "type": "main",
            "proteins": 800,
            "fat": 800,
            "carbohydrates": 300,
            "calories": 2674,
            "price": 3000,
            "image": "https://code.s3.yandex.net/react/code/meat-04.png",
            "image_mobile": "https://code.s3.yandex.net/react/code/meat-04-mobile.png",
            "image_large": "https://code.s3.yandex.net/react/code/meat-04-large.png",
            "__v": 0
        },
        {
            "_id": "61c0c5a71d1f82001bdaaa71",
            "name": "Биокотлета из марсианской Магнолии",
            "type": "main",
            "proteins": 420,
            "fat": 142,
            "carbohydrates": 242,
            "calories": 4242,
            "price": 424,
            "image": "https://code.s3.yandex.net/react/code/meat-01.png",
            "image_mobile": "https://code.s3.yandex.net/react/code/meat-01-mobile.png",
            "image_large": "https://code.s3.yandex.net/react/code/meat-01-large.png",
            "__v": 0
        },
        {
            "_id": "61c0c5a71d1f82001bdaaa72",
            "name": "Соус Spicy-X",
            "type": "sauce",
            "proteins": 30,
            "fat": 20,
            "carbohydrates": 40,
            "calories": 30,
            "price": 90,
            "image": "https://code.s3.yandex.net/react/code/sauce-02.png",
            "image_mobile": "https://code.s3.yandex.net/react/code/sauce-02-mobile.png",
            "image_large": "https://code.s3.yandex.net/react/code/sauce-02-large.png",
            "__v": 0
        },
        {
            "_id": "61c0c5a71d1f82001bdaaa6e",
            "name": "Филе Люминесцентного тетраодонтимформа",
            "type": "main",
            "proteins": 44,
            "fat": 26,
            "carbohydrates": 85,
            "calories": 643,
            "price": 988,
            "image": "https://code.s3.yandex.net/react/code/meat-03.png",
            "image_mobile": "https://code.s3.yandex.net/react/code/meat-03-mobile.png",
            "image_large": "https://code.s3.yandex.net/react/code/meat-03-large.png",
            "__v": 0
        },
        {
            "_id": "61c0c5a71d1f82001bdaaa73",
            "name": "Соус фирменный Space Sauce",
            "type": "sauce",
            "proteins": 50,
            "fat": 22,
            "carbohydrates": 11,
            "calories": 14,
            "price": 80,
            "image": "https://code.s3.yandex.net/react/code/sauce-04.png",
            "image_mobile": "https://code.s3.yandex.net/react/code/sauce-04-mobile.png",
            "image_large": "https://code.s3.yandex.net/react/code/sauce-04-large.png",
            "__v": 0
        },
        {
            "_id": "61c0c5a71d1f82001bdaaa74",
            "name": "Соус традиционный галактический",
            "type": "sauce",
            "proteins": 42,
            "fat": 24,
            "carbohydrates": 42,
            "calories": 99,
            "price": 15,
            "image": "https://code.s3.yandex.net/react/code/sauce-03.png",
            "image_mobile": "https://code.s3.yandex.net/react/code/sauce-03-mobile.png",
            "image_large": "https://code.s3.yandex.net/react/code/sauce-03-large.png",
            "__v": 0
        },
        {
            "_id": "61c0c5a71d1f82001bdaaa6c",
            "name": "Краторная булка N-200i",
            "type": "bun",
            "proteins": 80,
            "fat": 24,
            "carbohydrates": 53,
            "calories": 420,
            "price": 1255,
            "image": "https://code.s3.yandex.net/react/code/bun-02.png",
            "image_mobile": "https://code.s3.yandex.net/react/code/bun-02-mobile.png",
            "image_large": "https://code.s3.yandex.net/react/code/bun-02-large.png",
            "__v": 0
        },
        {
            "_id": "61c0c5a71d1f82001bdaaa75",
            "name": "Соус с шипами Антарианского плоскоходца",
            "type": "sauce",
            "proteins": 101,
            "fat": 99,
            "carbohydrates": 100,
            "calories": 100,
            "price": 88,
            "image": "https://code.s3.yandex.net/react/code/sauce-01.png",
            "image_mobile": "https://code.s3.yandex.net/react/code/sauce-01-mobile.png",
            "image_large": "https://code.s3.yandex.net/react/code/sauce-01-large.png",
            "__v": 0
        },
        {
            "_id": "61c0c5a71d1f82001bdaaa76",
            "name": "Хрустящие минеральные кольца",
            "type": "main",
            "proteins": 808,
            "fat": 689,
            "carbohydrates": 609,
            "calories": 986,
            "price": 300,
            "image": "https://code.s3.yandex.net/react/code/mineral_rings.png",
            "image_mobile": "https://code.s3.yandex.net/react/code/mineral_rings-mobile.png",
            "image_large": "https://code.s3.yandex.net/react/code/mineral_rings-large.png",
            "__v": 0
        },
        {
            "_id": "61c0c5a71d1f82001bdaaa77",
            "name": "Плоды Фалленианского дерева",
            "type": "main",
            "proteins": 20,
            "fat": 5,
            "carbohydrates": 55,
            "calories": 77,
            "price": 874,
            "image": "https://code.s3.yandex.net/react/code/sp_1.png",
            "image_mobile": "https://code.s3.yandex.net/react/code/sp_1-mobile.png",
            "image_large": "https://code.s3.yandex.net/react/code/sp_1-large.png",
            "__v": 0
        },
        {
            "_id": "61c0c5a71d1f82001bdaaa78",
            "name": "Кристаллы марсианских альфа-сахаридов",
            "type": "main",
            "proteins": 234,
            "fat": 432,
            "carbohydrates": 111,
            "calories": 189,
            "price": 762,
            "image": "https://code.s3.yandex.net/react/code/core.png",
            "image_mobile": "https://code.s3.yandex.net/react/code/core-mobile.png",
            "image_large": "https://code.s3.yandex.net/react/code/core-large.png",
            "__v": 0
        },
        {
            "_id": "61c0c5a71d1f82001bdaaa79",
            "name": "Мини-салат Экзо-Плантаго",
            "type": "main",
            "proteins": 1,
            "fat": 2,
            "carbohydrates": 3,
            "calories": 6,
            "price": 4400,
            "image": "https://code.s3.yandex.net/react/code/salad.png",
            "image_mobile": "https://code.s3.yandex.net/react/code/salad-mobile.png",
            "image_large": "https://code.s3.yandex.net/react/code/salad-large.png",
            "__v": 0
        },
        {
            "_id": "61c0c5a71d1f82001bdaaa7a",
            "name": "Сыр с астероидной плесенью",
            "type": "main",
            "proteins": 84,
            "fat": 48,
            "carbohydrates": 420,
            "calories": 3377,
            "price": 4142,
            "image": "https://code.s3.yandex.net/react/code/cheese.png",
            "image_mobile": "https://code.s3.yandex.net/react/code/cheese-mobile.png",
            "image_large": "https://code.s3.yandex.net/react/code/cheese-large.png",
            "__v": 0
        }
    ]
}
HTTP/1.1 200 OK
Server: nginx/1.24.0 (Ubuntu)
Date: Mon, 02 Feb 2026 20:03:17 GMT
Content-Type: application/json; charset=utf-8
Content-Length: 5957
Connection: keep-alive
X-Powered-By: Express
Access-Control-Allow-Origin: *
ETag: W/"1745-LHZ7D8kBZWcbCGljCoPXtjB5CeA"

{
    "success": true,
    "data": [
        {
            "_id": "61c0c5a71d1f82001bdaaa6d",
            "name": "Флюоресцентная булка R2-D3",
            "type": "bun",
            "proteins": 44,
            "fat": 26,
            "carbohydrates": 85,
            "calories": 643,
            "price": 988,
            "image": "https://code.s3.yandex.net/react/code/bun-01.png",
            "image_mobile": "https://code.s3.yandex.net/react/code/bun-01-mobile.png",
            "image_large": "https://code.s3.yandex.net/react/code/bun-01-large.png",
            "__v": 0
        },
        {
            "_id": "61c0c5a71d1f82001bdaaa6f",
            "name": "Мясо бессмертных моллюсков Protostomia",
            "type": "main",
            "proteins": 433,
            "fat": 244,
            "carbohydrates": 33,
            "calories": 420,
            "price": 1337,
            "image": "https://code.s3.yandex.net/react/code/meat-02.png",
            "image_mobile": "https://code.s3.yandex.net/react/code/meat-02-mobile.png",
            "image_large": "https://code.s3.yandex.net/react/code/meat-02-large.png",
            "__v": 0
        },
        {
            "_id": "61c0c5a71d1f82001bdaaa70",
            "name": "Говяжий метеорит (отбивная)",
            "type": "main",
            "proteins": 800,
            "fat": 800,
            "carbohydrates": 300,
            "calories": 2674,
            "price": 3000,
            "image": "https://code.s3.yandex.net/react/code/meat-04.png",
            "image_mobile": "https://code.s3.yandex.net/react/code/meat-04-mobile.png",
            "image_large": "https://code.s3.yandex.net/react/code/meat-04-large.png",
            "__v": 0
        },
        {
            "_id": "61c0c5a71d1f82001bdaaa71",
            "name": "Биокотлета из марсианской Магнолии",
            "type": "main",
            "proteins": 420,
            "fat": 142,
            "carbohydrates": 242,
            "calories": 4242,
            "price": 424,
            "image": "https://code.s3.yandex.net/react/code/meat-01.png",
            "image_mobile": "https://code.s3.yandex.net/react/code/meat-01-mobile.png",
            "image_large": "https://code.s3.yandex.net/react/code/meat-01-large.png",
            "__v": 0
        },
        {
            "_id": "61c0c5a71d1f82001bdaaa72",
            "name": "Соус Spicy-X",
            "type": "sauce",
            "proteins": 30,
            "fat": 20,
            "carbohydrates": 40,
            "calories": 30,
            "price": 90,
            "image": "https://code.s3.yandex.net/react/code/sauce-02.png",
            "image_mobile": "https://code.s3.yandex.net/react/code/sauce-02-mobile.png",
            "image_large": "https://code.s3.yandex.net/react/code/sauce-02-large.png",
            "__v": 0
        },
        {
            "_id": "61c0c5a71d1f82001bdaaa6e",
            "name": "Филе Люминесцентного тетраодонтимформа",
            "type": "main",
            "proteins": 44,
            "fat": 26,
            "carbohydrates": 85,
            "calories": 643,
            "price": 988,
            "image": "https://code.s3.yandex.net/react/code/meat-03.png",
            "image_mobile": "https://code.s3.yandex.net/react/code/meat-03-mobile.png",
            "image_large": "https://code.s3.yandex.net/react/code/meat-03-large.png",
            "__v": 0
        },
        {
            "_id": "61c0c5a71d1f82001bdaaa73",
            "name": "Соус фирменный Space Sauce",
            "type": "sauce",
            "proteins": 50,
            "fat": 22,
            "carbohydrates": 11,
            "calories": 14,
            "price": 80,
            "image": "https://code.s3.yandex.net/react/code/sauce-04.png",
            "image_mobile": "https://code.s3.yandex.net/react/code/sauce-04-mobile.png",
            "image_large": "https://code.s3.yandex.net/react/code/sauce-04-large.png",
            "__v": 0
        },
        {
            "_id": "61c0c5a71d1f82001bdaaa74",
            "name": "Соус традиционный галактический",
            "type": "sauce",
            "proteins": 42,
            "fat": 24,
            "carbohydrates": 42,
            "calories": 99,
            "price": 15,
            "image": "https://code.s3.yandex.net/react/code/sauce-03.png",
            "image_mobile": "https://code.s3.yandex.net/react/code/sauce-03-mobile.png",
            "image_large": "https://code.s3.yandex.net/react/code/sauce-03-large.png",
            "__v": 0
        },
        {
            "_id": "61c0c5a71d1f82001bdaaa6c",
            "name": "Краторная булка N-200i",
            "type": "bun",
            "proteins": 80,
            "fat": 24,
            "carbohydrates": 53,
            "calories": 420,
            "price": 1255,
            "image": "https://code.s3.yandex.net/react/code/bun-02.png",
            "image_mobile": "https://code.s3.yandex.net/react/code/bun-02-mobile.png",
            "image_large": "https://code.s3.yandex.net/react/code/bun-02-large.png",
            "__v": 0
        },
        {
            "_id": "61c0c5a71d1f82001bdaaa75",
            "name": "Соус с шипами Антарианского плоскоходца",
            "type": "sauce",
            "proteins": 101,
            "fat": 99,
            "carbohydrates": 100,
            "calories": 100,
            "price": 88,
            "image": "https://code.s3.yandex.net/react/code/sauce-01.png",
            "image_mobile": "https://code.s3.yandex.net/react/code/sauce-01-mobile.png",
            "image_large": "https://code.s3.yandex.net/react/code/sauce-01-large.png",
            "__v": 0
        },
        {
            "_id": "61c0c5a71d1f82001bdaaa76",
            "name": "Хрустящие минеральные кольца",
            "type": "main",
            "proteins": 808,
            "fat": 689,
            "carbohydrates": 609,
            "calories": 986,
            "price": 300,
            "image": "https://code.s3.yandex.net/react/code/mineral_rings.png",
            "image_mobile": "https://code.s3.yandex.net/react/code/mineral_rings-mobile.png",
            "image_large": "https://code.s3.yandex.net/react/code/mineral_rings-large.png",
            "__v": 0
        },
        {
            "_id": "61c0c5a71d1f82001bdaaa77",
            "name": "Плоды Фалленианского дерева",
            "type": "main",
            "proteins": 20,
            "fat": 5,
            "carbohydrates": 55,
            "calories": 77,
            "price": 874,
            "image": "https://code.s3.yandex.net/react/code/sp_1.png",
            "image_mobile": "https://code.s3.yandex.net/react/code/sp_1-mobile.png",
            "image_large": "https://code.s3.yandex.net/react/code/sp_1-large.png",
            "__v": 0
        },
        {
            "_id": "61c0c5a71d1f82001bdaaa78",
            "name": "Кристаллы марсианских альфа-сахаридов",
            "type": "main",
            "proteins": 234,
            "fat": 432,
            "carbohydrates": 111,
            "calories": 189,
            "price": 762,
            "image": "https://code.s3.yandex.net/react/code/core.png",
            "image_mobile": "https://code.s3.yandex.net/react/code/core-mobile.png",
            "image_large": "https://code.s3.yandex.net/react/code/core-large.png",
            "__v": 0
        },
        {
            "_id": "61c0c5a71d1f82001bdaaa79",
            "name": "Мини-салат Экзо-Плантаго",
            "type": "main",
            "proteins": 1,
            "fat": 2,
            "carbohydrates": 3,
            "calories": 6,
            "price": 4400,
            "image": "https://code.s3.yandex.net/react/code/salad.png",
            "image_mobile": "https://code.s3.yandex.net/react/code/salad-mobile.png",
            "image_large": "https://code.s3.yandex.net/react/code/salad-large.png",
            "__v": 0
        },
        {
            "_id": "61c0c5a71d1f82001bdaaa7a",
            "name": "Сыр с астероидной плесенью",
            "type": "main",
            "proteins": 84,
            "fat": 48,
            "carbohydrates": 420,
            "calories": 3377,
            "price": 4142,
            "image": "https://code.s3.yandex.net/react/code/cheese.png",
            "image_mobile": "https://code.s3.yandex.net/react/code/cheese-mobile.png",
            "image_large": "https://code.s3.yandex.net/react/code/cheese-large.png",
            "__v": 0
        }
    ]
}
HTTP/1.1 200 OK
Server: nginx/1.24.0 (Ubuntu)
Date: Mon, 02 Feb 2026 20:03:17 GMT
Content-Type: application/json; charset=utf-8
Content-Length: 5957
Connection: keep-alive
X-Powered-By: Express
Access-Control-Allow-Origin: *
ETag: W/"1745-LHZ7D8kBZWcbCGljCoPXtjB5CeA"

{
    "success": true,
    "data": [
        {
            "_id": "61c0c5a71d1f82001bdaaa6d",
            "name": "Флюоресцентная булка R2-D3",
            "type": "bun",
            "proteins": 44,
            "fat": 26,
            "carbohydrates": 85,
            "calories": 643,
            "price": 988,
            "image": "https://code.s3.yandex.net/react/code/bun-01.png",
            "image_mobile": "https://code.s3.yandex.net/react/code/bun-01-mobile.png",
            "image_large": "https://code.s3.yandex.net/react/code/bun-01-large.png",
            "__v": 0
        },
        {
            "_id": "61c0c5a71d1f82001bdaaa6f",
            "name": "Мясо бессмертных моллюсков Protostomia",
            "type": "main",
            "proteins": 433,
            "fat": 244,
            "carbohydrates": 33,
            "calories": 420,
            "price": 1337,
            "image": "https://code.s3.yandex.net/react/code/meat-02.png",
            "image_mobile": "https://code.s3.yandex.net/react/code/meat-02-mobile.png",
            "image_large": "https://code.s3.yandex.net/react/code/meat-02-large.png",
            "__v": 0
        },
        {
            "_id": "61c0c5a71d1f82001bdaaa70",
            "name": "Говяжий метеорит (отбивная)",
            "type": "main",
            "proteins": 800,
            "fat": 800,
            "carbohydrates": 300,
            "calories": 2674,
            "price": 3000,
            "image": "https://code.s3.yandex.net/react/code/meat-04.png",
            "image_mobile": "https://code.s3.yandex.net/react/code/meat-04-mobile.png",
            "image_large": "https://code.s3.yandex.net/react/code/meat-04-large.png",
            "__v": 0
        },
        {
            "_id": "61c0c5a71d1f82001bdaaa71",
            "name": "Биокотлета из марсианской Магнолии",
            "type": "main",
            "proteins": 420,
            "fat": 142,
            "carbohydrates": 242,
            "calories": 4242,
            "price": 424,
            "image": "https://code.s3.yandex.net/react/code/meat-01.png",
            "image_mobile": "https://code.s3.yandex.net/react/code/meat-01-mobile.png",
            "image_large": "https://code.s3.yandex.net/react/code/meat-01-large.png",
            "__v": 0
        },
        {
            "_id": "61c0c5a71d1f82001bdaaa72",
            "name": "Соус Spicy-X",
            "type": "sauce",
            "proteins": 30,
            "fat": 20,
            "carbohydrates": 40,
            "calories": 30,
            "price": 90,
            "image": "https://code.s3.yandex.net/react/code/sauce-02.png",
            "image_mobile": "https://code.s3.yandex.net/react/code/sauce-02-mobile.png",
            "image_large": "https://code.s3.yandex.net/react/code/sauce-02-large.png",
            "__v": 0
        },
        {
            "_id": "61c0c5a71d1f82001bdaaa6e",
            "name": "Филе Люминесцентного тетраодонтимформа",
            "type": "main",
            "proteins": 44,
            "fat": 26,
            "carbohydrates": 85,
            "calories": 643,
            "price": 988,
            "image": "https://code.s3.yandex.net/react/code/meat-03.png",
            "image_mobile": "https://code.s3.yandex.net/react/code/meat-03-mobile.png",
            "image_large": "https://code.s3.yandex.net/react/code/meat-03-large.png",
            "__v": 0
        },
        {
            "_id": "61c0c5a71d1f82001bdaaa73",
            "name": "Соус фирменный Space Sauce",
            "type": "sauce",
            "proteins": 50,
            "fat": 22,
            "carbohydrates": 11,
            "calories": 14,
            "price": 80,
            "image": "https://code.s3.yandex.net/react/code/sauce-04.png",
            "image_mobile": "https://code.s3.yandex.net/react/code/sauce-04-mobile.png",
            "image_large": "https://code.s3.yandex.net/react/code/sauce-04-large.png",
            "__v": 0
        },
        {
            "_id": "61c0c5a71d1f82001bdaaa74",
            "name": "Соус традиционный галактический",
            "type": "sauce",
            "proteins": 42,
            "fat": 24,
            "carbohydrates": 42,
            "calories": 99,
            "price": 15,
            "image": "https://code.s3.yandex.net/react/code/sauce-03.png",
            "image_mobile": "https://code.s3.yandex.net/react/code/sauce-03-mobile.png",
            "image_large": "https://code.s3.yandex.net/react/code/sauce-03-large.png",
            "__v": 0
        },
        {
            "_id": "61c0c5a71d1f82001bdaaa6c",
            "name": "Краторная булка N-200i",
            "type": "bun",
            "proteins": 80,
            "fat": 24,
            "carbohydrates": 53,
            "calories": 420,
            "price": 1255,
            "image": "https://code.s3.yandex.net/react/code/bun-02.png",
            "image_mobile": "https://code.s3.yandex.net/react/code/bun-02-mobile.png",
            "image_large": "https://code.s3.yandex.net/react/code/bun-02-large.png",
            "__v": 0
        },
        {
            "_id": "61c0c5a71d1f82001bdaaa75",
            "name": "Соус с шипами Антарианского плоскоходца",
            "type": "sauce",
            "proteins": 101,
            "fat": 99,
            "carbohydrates": 100,
            "calories": 100,
            "price": 88,
            "image": "https://code.s3.yandex.net/react/code/sauce-01.png",
            "image_mobile": "https://code.s3.yandex.net/react/code/sauce-01-mobile.png",
            "image_large": "https://code.s3.yandex.net/react/code/sauce-01-large.png",
            "__v": 0
        },
        {
            "_id": "61c0c5a71d1f82001bdaaa76",
            "name": "Хрустящие минеральные кольца",
            "type": "main",
            "proteins": 808,
            "fat": 689,
            "carbohydrates": 609,
            "calories": 986,
            "price": 300,
            "image": "https://code.s3.yandex.net/react/code/mineral_rings.png",
            "image_mobile": "https://code.s3.yandex.net/react/code/mineral_rings-mobile.png",
            "image_large": "https://code.s3.yandex.net/react/code/mineral_rings-large.png",
            "__v": 0
        },
        {
            "_id": "61c0c5a71d1f82001bdaaa77",
            "name": "Плоды Фалленианского дерева",
            "type": "main",
            "proteins": 20,
            "fat": 5,
            "carbohydrates": 55,
            "calories": 77,
            "price": 874,
            "image": "https://code.s3.yandex.net/react/code/sp_1.png",
            "image_mobile": "https://code.s3.yandex.net/react/code/sp_1-mobile.png",
            "image_large": "https://code.s3.yandex.net/react/code/sp_1-large.png",
            "__v": 0
        },
        {
            "_id": "61c0c5a71d1f82001bdaaa78",
            "name": "Кристаллы марсианских альфа-сахаридов",
            "type": "main",
            "proteins": 234,
            "fat": 432,
            "carbohydrates": 111,
            "calories": 189,
            "price": 762,
            "image": "https://code.s3.yandex.net/react/code/core.png",
            "image_mobile": "https://code.s3.yandex.net/react/code/core-mobile.png",
            "image_large": "https://code.s3.yandex.net/react/code/core-large.png",
            "__v": 0
        },
        {
            "_id": "61c0c5a71d1f82001bdaaa79",
            "name": "Мини-салат Экзо-Плантаго",
            "type": "main",
            "proteins": 1,
            "fat": 2,
            "carbohydrates": 3,
            "calories": 6,
            "price": 4400,
            "image": "https://code.s3.yandex.net/react/code/salad.png",
            "image_mobile": "https://code.s3.yandex.net/react/code/salad-mobile.png",
            "image_large": "https://code.s3.yandex.net/react/code/salad-large.png",
            "__v": 0
        },
        {
            "_id": "61c0c5a71d1f82001bdaaa7a",
            "name": "Сыр с астероидной плесенью",
            "type": "main",
            "proteins": 84,
            "fat": 48,
            "carbohydrates": 420,
            "calories": 3377,
            "price": 4142,
            "image": "https://code.s3.yandex.net/react/code/cheese.png",
            "image_mobile": "https://code.s3.yandex.net/react/code/cheese-mobile.png",
            "image_large": "https://code.s3.yandex.net/react/code/cheese-large.png",
            "__v": 0
        }
    ]
}
HTTP/1.1 200 OK
Server: nginx/1.24.0 (Ubuntu)
Date: Mon, 02 Feb 2026 20:03:17 GMT
Content-Type: application/json; charset=utf-8
Content-Length: 5957
Connection: keep-alive
X-Powered-By: Express
Access-Control-Allow-Origin: *
ETag: W/"1745-LHZ7D8kBZWcbCGljCoPXtjB5CeA"

{
    "success": true,
    "data": [
        {
            "_id": "61c0c5a71d1f82001bdaaa6d",
            "name": "Флюоресцентная булка R2-D3",
            "type": "bun",
            "proteins": 44,
            "fat": 26,
            "carbohydrates": 85,
            "calories": 643,
            "price": 988,
            "image": "https://code.s3.yandex.net/react/code/bun-01.png",
            "image_mobile": "https://code.s3.yandex.net/react/code/bun-01-mobile.png",
            "image_large": "https://code.s3.yandex.net/react/code/bun-01-large.png",
            "__v": 0
        },
        {
            "_id": "61c0c5a71d1f82001bdaaa6f",
            "name": "Мясо бессмертных моллюсков Protostomia",
            "type": "main",
            "proteins": 433,
            "fat": 244,
            "carbohydrates": 33,
            "calories": 420,
            "price": 1337,
            "image": "https://code.s3.yandex.net/react/code/meat-02.png",
            "image_mobile": "https://code.s3.yandex.net/react/code/meat-02-mobile.png",
            "image_large": "https://code.s3.yandex.net/react/code/meat-02-large.png",
            "__v": 0
        },
        {
            "_id": "61c0c5a71d1f82001bdaaa70",
            "name": "Говяжий метеорит (отбивная)",
            "type": "main",
            "proteins": 800,
            "fat": 800,
            "carbohydrates": 300,
            "calories": 2674,
            "price": 3000,
            "image": "https://code.s3.yandex.net/react/code/meat-04.png",
            "image_mobile": "https://code.s3.yandex.net/react/code/meat-04-mobile.png",
            "image_large": "https://code.s3.yandex.net/react/code/meat-04-large.png",
            "__v": 0
        },
        {
            "_id": "61c0c5a71d1f82001bdaaa71",
            "name": "Биокотлета из марсианской Магнолии",
            "type": "main",
            "proteins": 420,
            "fat": 142,
            "carbohydrates": 242,
            "calories": 4242,
            "price": 424,
            "image": "https://code.s3.yandex.net/react/code/meat-01.png",
            "image_mobile": "https://code.s3.yandex.net/react/code/meat-01-mobile.png",
            "image_large": "https://code.s3.yandex.net/react/code/meat-01-large.png",
            "__v": 0
        },
        {
            "_id": "61c0c5a71d1f82001bdaaa72",
            "name": "Соус Spicy-X",
            "type": "sauce",
            "proteins": 30,
            "fat": 20,
            "carbohydrates": 40,
            "calories": 30,
            "price": 90,
            "image": "https://code.s3.yandex.net/react/code/sauce-02.png",
            "image_mobile": "https://code.s3.yandex.net/react/code/sauce-02-mobile.png",
            "image_large": "https://code.s3.yandex.net/react/code/sauce-02-large.png",
            "__v": 0
        },
        {
            "_id": "61c0c5a71d1f82001bdaaa6e",
            "name": "Филе Люминесцентного тетраодонтимформа",
            "type": "main",
            "proteins": 44,
            "fat": 26,
            "carbohydrates": 85,
            "calories": 643,
            "price": 988,
            "image": "https://code.s3.yandex.net/react/code/meat-03.png",
            "image_mobile": "https://code.s3.yandex.net/react/code/meat-03-mobile.png",
            "image_large": "https://code.s3.yandex.net/react/code/meat-03-large.png",
            "__v": 0
        },
        {
            "_id": "61c0c5a71d1f82001bdaaa73",
            "name": "Соус фирменный Space Sauce",
            "type": "sauce",
            "proteins": 50,
            "fat": 22,
            "carbohydrates": 11,
            "calories": 14,
            "price": 80,
            "image": "https://code.s3.yandex.net/react/code/sauce-04.png",
            "image_mobile": "https://code.s3.yandex.net/react/code/sauce-04-mobile.png",
            "image_large": "https://code.s3.yandex.net/react/code/sauce-04-large.png",
            "__v": 0
        },
        {
            "_id": "61c0c5a71d1f82001bdaaa74",
            "name": "Соус традиционный галактический",
            "type": "sauce",
            "proteins": 42,
            "fat": 24,
            "carbohydrates": 42,
            "calories": 99,
            "price": 15,
            "image": "https://code.s3.yandex.net/react/code/sauce-03.png",
            "image_mobile": "https://code.s3.yandex.net/react/code/sauce-03-mobile.png",
            "image_large": "https://code.s3.yandex.net/react/code/sauce-03-large.png",
            "__v": 0
        },
        {
            "_id": "61c0c5a71d1f82001bdaaa6c",
            "name": "Краторная булка N-200i",
            "type": "bun",
            "proteins": 80,
            "fat": 24,
            "carbohydrates": 53,
            "calories": 420,
            "price": 1255,
            "image": "https://code.s3.yandex.net/react/code/bun-02.png",
            "image_mobile": "https://code.s3.yandex.net/react/code/bun-02-mobile.png",
            "image_large": "https://code.s3.yandex.net/react/code/bun-02-large.png",
            "__v": 0
        },
        {
            "_id": "61c0c5a71d1f82001bdaaa75",
            "name": "Соус с шипами Антарианского плоскоходца",
            "type": "sauce",
            "proteins": 101,
            "fat": 99,
            "carbohydrates": 100,
            "calories": 100,
            "price": 88,
            "image": "https://code.s3.yandex.net/react/code/sauce-01.png",
            "image_mobile": "https://code.s3.yandex.net/react/code/sauce-01-mobile.png",
            "image_large": "https://code.s3.yandex.net/react/code/sauce-01-large.png",
            "__v": 0
        },
        {
            "_id": "61c0c5a71d1f82001bdaaa76",
            "name": "Хрустящие минеральные кольца",
            "type": "main",
            "proteins": 808,
            "fat": 689,
            "carbohydrates": 609,
            "calories": 986,
            "price": 300,
            "image": "https://code.s3.yandex.net/react/code/mineral_rings.png",
            "image_mobile": "https://code.s3.yandex.net/react/code/mineral_rings-mobile.png",
            "image_large": "https://code.s3.yandex.net/react/code/mineral_rings-large.png",
            "__v": 0
        },
        {
            "_id": "61c0c5a71d1f82001bdaaa77",
            "name": "Плоды Фалленианского дерева",
            "type": "main",
            "proteins": 20,
            "fat": 5,
            "carbohydrates": 55,
            "calories": 77,
            "price": 874,
            "image": "https://code.s3.yandex.net/react/code/sp_1.png",
            "image_mobile": "https://code.s3.yandex.net/react/code/sp_1-mobile.png",
            "image_large": "https://code.s3.yandex.net/react/code/sp_1-large.png",
            "__v": 0
        },
        {
            "_id": "61c0c5a71d1f82001bdaaa78",
            "name": "Кристаллы марсианских альфа-сахаридов",
            "type": "main",
            "proteins": 234,
            "fat": 432,
            "carbohydrates": 111,
            "calories": 189,
            "price": 762,
            "image": "https://code.s3.yandex.net/react/code/core.png",
            "image_mobile": "https://code.s3.yandex.net/react/code/core-mobile.png",
            "image_large": "https://code.s3.yandex.net/react/code/core-large.png",
            "__v": 0
        },
        {
            "_id": "61c0c5a71d1f82001bdaaa79",
            "name": "Мини-салат Экзо-Плантаго",
            "type": "main",
            "proteins": 1,
            "fat": 2,
            "carbohydrates": 3,
            "calories": 6,
            "price": 4400,
            "image": "https://code.s3.yandex.net/react/code/salad.png",
            "image_mobile": "https://code.s3.yandex.net/react/code/salad-mobile.png",
            "image_large": "https://code.s3.yandex.net/react/code/salad-large.png",
            "__v": 0
        },
        {
            "_id": "61c0c5a71d1f82001bdaaa7a",
            "name": "Сыр с астероидной плесенью",
            "type": "main",
            "proteins": 84,
            "fat": 48,
            "carbohydrates": 420,
            "calories": 3377,
            "price": 4142,
            "image": "https://code.s3.yandex.net/react/code/cheese.png",
            "image_mobile": "https://code.s3.yandex.net/react/code/cheese-mobile.png",
            "image_large": "https://code.s3.yandex.net/react/code/cheese-large.png",
            "__v": 0
        }
    ]
}
HTTP/1.1 200 OK
Server: nginx/1.24.0 (Ubuntu)
Date: Mon, 02 Feb 2026 20:03:17 GMT
Content-Type: application/json; charset=utf-8
Content-Length: 5957
Connection: keep-alive
X-Powered-By: Express
Access-Control-Allow-Origin: *
ETag: W/"1745-LHZ7D8kBZWcbCGljCoPXtjB5CeA"

{
    "success": true,
    "data": [
        {
            "_id": "61c0c5a71d1f82001bdaaa6d",
            "name": "Флюоресцентная булка R2-D3",
            "type": "bun",
            "proteins": 44,
            "fat": 26,
            "carbohydrates": 85,
            "calories": 643,
            "price": 988,
            "image": "https://code.s3.yandex.net/react/code/bun-01.png",
            "image_mobile": "https://code.s3.yandex.net/react/code/bun-01-mobile.png",
            "image_large": "https://code.s3.yandex.net/react/code/bun-01-large.png",
            "__v": 0
        },
        {
            "_id": "61c0c5a71d1f82001bdaaa6f",
            "name": "Мясо бессмертных моллюсков Protostomia",
            "type": "main",
            "proteins": 433,
            "fat": 244,
            "carbohydrates": 33,
            "calories": 420,
            "price": 1337,
            "image": "https://code.s3.yandex.net/react/code/meat-02.png",
            "image_mobile": "https://code.s3.yandex.net/react/code/meat-02-mobile.png",
            "image_large": "https://code.s3.yandex.net/react/code/meat-02-large.png",
            "__v": 0
        },
        {
            "_id": "61c0c5a71d1f82001bdaaa70",
            "name": "Говяжий метеорит (отбивная)",
            "type": "main",
            "proteins": 800,
            "fat": 800,
            "carbohydrates": 300,
            "calories": 2674,
            "price": 3000,
            "image": "https://code.s3.yandex.net/react/code/meat-04.png",
            "image_mobile": "https://code.s3.yandex.net/react/code/meat-04-mobile.png",
            "image_large": "https://code.s3.yandex.net/react/code/meat-04-large.png",
            "__v": 0
        },
        {
            "_id": "61c0c5a71d1f82001bdaaa71",
            "name": "Биокотлета из марсианской Магнолии",
            "type": "main",
            "proteins": 420,
            "fat": 142,
            "carbohydrates": 242,
            "calories": 4242,
            "price": 424,
            "image": "https://code.s3.yandex.net/react/code/meat-01.png",
            "image_mobile": "https://code.s3.yandex.net/react/code/meat-01-mobile.png",
            "image_large": "https://code.s3.yandex.net/react/code/meat-01-large.png",
            "__v": 0
        },
        {
            "_id": "61c0c5a71d1f82001bdaaa72",
            "name": "Соус Spicy-X",
            "type": "sauce",
            "proteins": 30,
            "fat": 20,
            "carbohydrates": 40,
            "calories": 30,
            "price": 90,
            "image": "https://code.s3.yandex.net/react/code/sauce-02.png",
            "image_mobile": "https://code.s3.yandex.net/react/code/sauce-02-mobile.png",
            "image_large": "https://code.s3.yandex.net/react/code/sauce-02-large.png",
            "__v": 0
        },
        {
            "_id": "61c0c5a71d1f82001bdaaa6e",
            "name": "Филе Люминесцентного тетраодонтимформа",
            "type": "main",
            "proteins": 44,
            "fat": 26,
            "carbohydrates": 85,
            "calories": 643,
            "price": 988,
            "image": "https://code.s3.yandex.net/react/code/meat-03.png",
            "image_mobile": "https://code.s3.yandex.net/react/code/meat-03-mobile.png",
            "image_large": "https://code.s3.yandex.net/react/code/meat-03-large.png",
            "__v": 0
        },
        {
            "_id": "61c0c5a71d1f82001bdaaa73",
            "name": "Соус фирменный Space Sauce",
            "type": "sauce",
            "proteins": 50,
            "fat": 22,
            "carbohydrates": 11,
            "calories": 14,
            "price": 80,
            "image": "https://code.s3.yandex.net/react/code/sauce-04.png",
            "image_mobile": "https://code.s3.yandex.net/react/code/sauce-04-mobile.png",
            "image_large": "https://code.s3.yandex.net/react/code/sauce-04-large.png",
            "__v": 0
        },
        {
            "_id": "61c0c5a71d1f82001bdaaa74",
            "name": "Соус традиционный галактический",
            "type": "sauce",
            "proteins": 42,
            "fat": 24,
            "carbohydrates": 42,
            "calories": 99,
            "price": 15,
            "image": "https://code.s3.yandex.net/react/code/sauce-03.png",
            "image_mobile": "https://code.s3.yandex.net/react/code/sauce-03-mobile.png",
            "image_large": "https://code.s3.yandex.net/react/code/sauce-03-large.png",
            "__v": 0
        },
        {
            "_id": "61c0c5a71d1f82001bdaaa6c",
            "name": "Краторная булка N-200i",
            "type": "bun",
            "proteins": 80,
            "fat": 24,
            "carbohydrates": 53,
            "calories": 420,
            "price": 1255,
            "image": "https://code.s3.yandex.net/react/code/bun-02.png",
            "image_mobile": "https://code.s3.yandex.net/react/code/bun-02-mobile.png",
            "image_large": "https://code.s3.yandex.net/react/code/bun-02-large.png",
            "__v": 0
        },
        {
            "_id": "61c0c5a71d1f82001bdaaa75",
            "name": "Соус с шипами Антарианского плоскоходца",
            "type": "sauce",
            "proteins": 101,
            "fat": 99,
            "carbohydrates": 100,
            "calories": 100,
            "price": 88,
            "image": "https://code.s3.yandex.net/react/code/sauce-01.png",
            "image_mobile": "https://code.s3.yandex.net/react/code/sauce-01-mobile.png",
            "image_large": "https://code.s3.yandex.net/react/code/sauce-01-large.png",
            "__v": 0
        },
        {
            "_id": "61c0c5a71d1f82001bdaaa76",
            "name": "Хрустящие минеральные кольца",
            "type": "main",
            "proteins": 808,
            "fat": 689,
            "carbohydrates": 609,
            "calories": 986,
            "price": 300,
            "image": "https://code.s3.yandex.net/react/code/mineral_rings.png",
            "image_mobile": "https://code.s3.yandex.net/react/code/mineral_rings-mobile.png",
            "image_large": "https://code.s3.yandex.net/react/code/mineral_rings-large.png",
            "__v": 0
        },
        {
            "_id": "61c0c5a71d1f82001bdaaa77",
            "name": "Плоды Фалленианского дерева",
            "type": "main",
            "proteins": 20,
            "fat": 5,
            "carbohydrates": 55,
            "calories": 77,
            "price": 874,
            "image": "https://code.s3.yandex.net/react/code/sp_1.png",
            "image_mobile": "https://code.s3.yandex.net/react/code/sp_1-mobile.png",
            "image_large": "https://code.s3.yandex.net/react/code/sp_1-large.png",
            "__v": 0
        },
        {
            "_id": "61c0c5a71d1f82001bdaaa78",
            "name": "Кристаллы марсианских альфа-сахаридов",
            "type": "main",
            "proteins": 234,
            "fat": 432,
            "carbohydrates": 111,
            "calories": 189,
            "price": 762,
            "image": "https://code.s3.yandex.net/react/code/core.png",
            "image_mobile": "https://code.s3.yandex.net/react/code/core-mobile.png",
            "image_large": "https://code.s3.yandex.net/react/code/core-large.png",
            "__v": 0
        },
        {
            "_id": "61c0c5a71d1f82001bdaaa79",
            "name": "Мини-салат Экзо-Плантаго",
            "type": "main",
            "proteins": 1,
            "fat": 2,
            "carbohydrates": 3,
            "calories": 6,
            "price": 4400,
            "image": "https://code.s3.yandex.net/react/code/salad.png",
            "image_mobile": "https://code.s3.yandex.net/react/code/salad-mobile.png",
            "image_large": "https://code.s3.yandex.net/react/code/salad-large.png",
            "__v": 0
        },
        {
            "_id": "61c0c5a71d1f82001bdaaa7a",
            "name": "Сыр с астероидной плесенью",
            "type": "main",
            "proteins": 84,
            "fat": 48,
            "carbohydrates": 420,
            "calories": 3377,
            "price": 4142,
            "image": "https://code.s3.yandex.net/react/code/cheese.png",
            "image_mobile": "https://code.s3.yandex.net/react/code/cheese-mobile.png",
            "image_large": "https://code.s3.yandex.net/react/code/cheese-large.png",
            "__v": 0
        }
    ]
}
HTTP/1.1 200 OK
Server: nginx/1.24.0 (Ubuntu)
Date: Mon, 02 Feb 2026 20:03:17 GMT
Content-Type: application/json; charset=utf-8
Content-Length: 5957
Connection: keep-alive
X-Powered-By: Express
Access-Control-Allow-Origin: *
ETag: W/"1745-LHZ7D8kBZWcbCGljCoPXtjB5CeA"

{
    "success": true,
    "data": [
        {
            "_id": "61c0c5a71d1f82001bdaaa6d",
            "name": "Флюоресцентная булка R2-D3",
            "type": "bun",
            "proteins": 44,
            "fat": 26,
            "carbohydrates": 85,
            "calories": 643,
            "price": 988,
            "image": "https://code.s3.yandex.net/react/code/bun-01.png",
            "image_mobile": "https://code.s3.yandex.net/react/code/bun-01-mobile.png",
            "image_large": "https://code.s3.yandex.net/react/code/bun-01-large.png",
            "__v": 0
        },
        {
            "_id": "61c0c5a71d1f82001bdaaa6f",
            "name": "Мясо бессмертных моллюсков Protostomia",
            "type": "main",
            "proteins": 433,
            "fat": 244,
            "carbohydrates": 33,
            "calories": 420,
            "price": 1337,
            "image": "https://code.s3.yandex.net/react/code/meat-02.png",
            "image_mobile": "https://code.s3.yandex.net/react/code/meat-02-mobile.png",
            "image_large": "https://code.s3.yandex.net/react/code/meat-02-large.png",
            "__v": 0
        },
        {
            "_id": "61c0c5a71d1f82001bdaaa70",
            "name": "Говяжий метеорит (отбивная)",
            "type": "main",
            "proteins": 800,
            "fat": 800,
            "carbohydrates": 300,
            "calories": 2674,
            "price": 3000,
            "image": "https://code.s3.yandex.net/react/code/meat-04.png",
            "image_mobile": "https://code.s3.yandex.net/react/code/meat-04-mobile.png",
            "image_large": "https://code.s3.yandex.net/react/code/meat-04-large.png",
            "__v": 0
        },
        {
            "_id": "61c0c5a71d1f82001bdaaa71",
            "name": "Биокотлета из марсианской Магнолии",
            "type": "main",
            "proteins": 420,
            "fat": 142,
            "carbohydrates": 242,
            "calories": 4242,
            "price": 424,
            "image": "https://code.s3.yandex.net/react/code/meat-01.png",
            "image_mobile": "https://code.s3.yandex.net/react/code/meat-01-mobile.png",
            "image_large": "https://code.s3.yandex.net/react/code/meat-01-large.png",
            "__v": 0
        },
        {
            "_id": "61c0c5a71d1f82001bdaaa72",
            "name": "Соус Spicy-X",
            "type": "sauce",
            "proteins": 30,
            "fat": 20,
            "carbohydrates": 40,
            "calories": 30,
            "price": 90,
            "image": "https://code.s3.yandex.net/react/code/sauce-02.png",
            "image_mobile": "https://code.s3.yandex.net/react/code/sauce-02-mobile.png",
            "image_large": "https://code.s3.yandex.net/react/code/sauce-02-large.png",
            "__v": 0
        },
        {
            "_id": "61c0c5a71d1f82001bdaaa6e",
            "name": "Филе Люминесцентного тетраодонтимформа",
            "type": "main",
            "proteins": 44,
            "fat": 26,
            "carbohydrates": 85,
            "calories": 643,
            "price": 988,
            "image": "https://code.s3.yandex.net/react/code/meat-03.png",
            "image_mobile": "https://code.s3.yandex.net/react/code/meat-03-mobile.png",
            "image_large": "https://code.s3.yandex.net/react/code/meat-03-large.png",
            "__v": 0
        },
        {
            "_id": "61c0c5a71d1f82001bdaaa73",
            "name": "Соус фирменный Space Sauce",
            "type": "sauce",
            "proteins": 50,
            "fat": 22,
            "carbohydrates": 11,
            "calories": 14,
            "price": 80,
            "image": "https://code.s3.yandex.net/react/code/sauce-04.png",
            "image_mobile": "https://code.s3.yandex.net/react/code/sauce-04-mobile.png",
            "image_large": "https://code.s3.yandex.net/react/code/sauce-04-large.png",
            "__v": 0
        },
        {
            "_id": "61c0c5a71d1f82001bdaaa74",
            "name": "Соус традиционный галактический",
            "type": "sauce",
            "proteins": 42,
            "fat": 24,
            "carbohydrates": 42,
            "calories": 99,
            "price": 15,
            "image": "https://code.s3.yandex.net/react/code/sauce-03.png",
            "image_mobile": "https://code.s3.yandex.net/react/code/sauce-03-mobile.png",
            "image_large": "https://code.s3.yandex.net/react/code/sauce-03-large.png",
            "__v": 0
        },
        {
            "_id": "61c0c5a71d1f82001bdaaa6c",
            "name": "Краторная булка N-200i",
            "type": "bun",
            "proteins": 80,
            "fat": 24,
            "carbohydrates": 53,
            "calories": 420,
            "price": 1255,
            "image": "https://code.s3.yandex.net/react/code/bun-02.png",
            "image_mobile": "https://code.s3.yandex.net/react/code/bun-02-mobile.png",
            "image_large": "https://code.s3.yandex.net/react/code/bun-02-large.png",
            "__v": 0
        },
        {
            "_id": "61c0c5a71d1f82001bdaaa75",
            "name": "Соус с шипами Антарианского плоскоходца",
            "type": "sauce",
            "proteins": 101,
            "fat": 99,
            "carbohydrates": 100,
            "calories": 100,
            "price": 88,
            "image": "https://code.s3.yandex.net/react/code/sauce-01.png",
            "image_mobile": "https://code.s3.yandex.net/react/code/sauce-01-mobile.png",
            "image_large": "https://code.s3.yandex.net/react/code/sauce-01-large.png",
            "__v": 0
        },
        {
            "_id": "61c0c5a71d1f82001bdaaa76",
            "name": "Хрустящие минеральные кольца",
            "type": "main",
            "proteins": 808,
            "fat": 689,
            "carbohydrates": 609,
            "calories": 986,
            "price": 300,
            "image": "https://code.s3.yandex.net/react/code/mineral_rings.png",
            "image_mobile": "https://code.s3.yandex.net/react/code/mineral_rings-mobile.png",
            "image_large": "https://code.s3.yandex.net/react/code/mineral_rings-large.png",
            "__v": 0
        },
        {
            "_id": "61c0c5a71d1f82001bdaaa77",
            "name": "Плоды Фалленианского дерева",
            "type": "main",
            "proteins": 20,
            "fat": 5,
            "carbohydrates": 55,
            "calories": 77,
            "price": 874,
            "image": "https://code.s3.yandex.net/react/code/sp_1.png",
            "image_mobile": "https://code.s3.yandex.net/react/code/sp_1-mobile.png",
            "image_large": "https://code.s3.yandex.net/react/code/sp_1-large.png",
            "__v": 0
        },
        {
            "_id": "61c0c5a71d1f82001bdaaa78",
            "name": "Кристаллы марсианских альфа-сахаридов",
            "type": "main",
            "proteins": 234,
            "fat": 432,
            "carbohydrates": 111,
            "calories": 189,
            "price": 762,
            "image": "https://code.s3.yandex.net/react/code/core.png",
            "image_mobile": "https://code.s3.yandex.net/react/code/core-mobile.png",
            "image_large": "https://code.s3.yandex.net/react/code/core-large.png",
            "__v": 0
        },
        {
            "_id": "61c0c5a71d1f82001bdaaa79",
            "name": "Мини-салат Экзо-Плантаго",
            "type": "main",
            "proteins": 1,
            "fat": 2,
            "carbohydrates": 3,
            "calories": 6,
            "price": 4400,
            "image": "https://code.s3.yandex.net/react/code/salad.png",
            "image_mobile": "https://code.s3.yandex.net/react/code/salad-mobile.png",
            "image_large": "https://code.s3.yandex.net/react/code/salad-large.png",
            "__v": 0
        },
        {
            "_id": "61c0c5a71d1f82001bdaaa7a",
            "name": "Сыр с астероидной плесенью",
            "type": "main",
            "proteins": 84,
            "fat": 48,
            "carbohydrates": 420,
            "calories": 3377,
            "price": 4142,
            "image": "https://code.s3.yandex.net/react/code/cheese.png",
            "image_mobile": "https://code.s3.yandex.net/react/code/cheese-mobile.png",
            "image_large": "https://code.s3.yandex.net/react/code/cheese-large.png",
            "__v": 0
        }
    ]
}
HTTP/1.1 200 OK
Server: nginx/1.24.0 (Ubuntu)
Date: Mon, 02 Feb 2026 20:03:17 GMT
Content-Type: application/json; charset=utf-8
Content-Length: 5957
Connection: keep-alive
X-Powered-By: Express
Access-Control-Allow-Origin: *
ETag: W/"1745-LHZ7D8kBZWcbCGljCoPXtjB5CeA"

{
    "success": true,
    "data": [
        {
            "_id": "61c0c5a71d1f82001bdaaa6d",
            "name": "Флюоресцентная булка R2-D3",
            "type": "bun",
            "proteins": 44,
            "fat": 26,
            "carbohydrates": 85,
            "calories": 643,
            "price": 988,
            "image": "https://code.s3.yandex.net/react/code/bun-01.png",
            "image_mobile": "https://code.s3.yandex.net/react/code/bun-01-mobile.png",
            "image_large": "https://code.s3.yandex.net/react/code/bun-01-large.png",
            "__v": 0
        },
        {
            "_id": "61c0c5a71d1f82001bdaaa6f",
            "name": "Мясо бессмертных моллюсков Protostomia",
            "type": "main",
            "proteins": 433,
            "fat": 244,
            "carbohydrates": 33,
            "calories": 420,
            "price": 1337,
            "image": "https://code.s3.yandex.net/react/code/meat-02.png",
            "image_mobile": "https://code.s3.yandex.net/react/code/meat-02-mobile.png",
            "image_large": "https://code.s3.yandex.net/react/code/meat-02-large.png",
            "__v": 0
        },
        {
            "_id": "61c0c5a71d1f82001bdaaa70",
            "name": "Говяжий метеорит (отбивная)",
            "type": "main",
            "proteins": 800,
            "fat": 800,
            "carbohydrates": 300,
            "calories": 2674,
            "price": 3000,
            "image": "https://code.s3.yandex.net/react/code/meat-04.png",
            "image_mobile": "https://code.s3.yandex.net/react/code/meat-04-mobile.png",
            "image_large": "https://code.s3.yandex.net/react/code/meat-04-large.png",
            "__v": 0
        },
        {
            "_id": "61c0c5a71d1f82001bdaaa71",
            "name": "Биокотлета из марсианской Магнолии",
            "type": "main",
            "proteins": 420,
            "fat": 142,
            "carbohydrates": 242,
            "calories": 4242,
            "price": 424,
            "image": "https://code.s3.yandex.net/react/code/meat-01.png",
            "image_mobile": "https://code.s3.yandex.net/react/code/meat-01-mobile.png",
            "image_large": "https://code.s3.yandex.net/react/code/meat-01-large.png",
            "__v": 0
        },
        {
            "_id": "61c0c5a71d1f82001bdaaa72",
            "name": "Соус Spicy-X",
            "type": "sauce",
            "proteins": 30,
            "fat": 20,
            "carbohydrates": 40,
            "calories": 30,
            "price": 90,
            "image": "https://code.s3.yandex.net/react/code/sauce-02.png",
            "image_mobile": "https://code.s3.yandex.net/react/code/sauce-02-mobile.png",
            "image_large": "https://code.s3.yandex.net/react/code/sauce-02-large.png",
            "__v": 0
        },
        {
            "_id": "61c0c5a71d1f82001bdaaa6e",
            "name": "Филе Люминесцентного тетраодонтимформа",
            "type": "main",
            "proteins": 44,
            "fat": 26,
            "carbohydrates": 85,
            "calories": 643,
            "price": 988,
            "image": "https://code.s3.yandex.net/react/code/meat-03.png",
            "image_mobile": "https://code.s3.yandex.net/react/code/meat-03-mobile.png",
            "image_large": "https://code.s3.yandex.net/react/code/meat-03-large.png",
            "__v": 0
        },
        {
            "_id": "61c0c5a71d1f82001bdaaa73",
            "name": "Соус фирменный Space Sauce",
            "type": "sauce",
            "proteins": 50,
            "fat": 22,
            "carbohydrates": 11,
            "calories": 14,
            "price": 80,
            "image": "https://code.s3.yandex.net/react/code/sauce-04.png",
            "image_mobile": "https://code.s3.yandex.net/react/code/sauce-04-mobile.png",
            "image_large": "https://code.s3.yandex.net/react/code/sauce-04-large.png",
            "__v": 0
        },
        {
            "_id": "61c0c5a71d1f82001bdaaa74",
            "name": "Соус традиционный галактический",
            "type": "sauce",
            "proteins": 42,
            "fat": 24,
            "carbohydrates": 42,
            "calories": 99,
            "price": 15,
            "image": "https://code.s3.yandex.net/react/code/sauce-03.png",
            "image_mobile": "https://code.s3.yandex.net/react/code/sauce-03-mobile.png",
            "image_large": "https://code.s3.yandex.net/react/code/sauce-03-large.png",
            "__v": 0
        },
        {
            "_id": "61c0c5a71d1f82001bdaaa6c",
            "name": "Краторная булка N-200i",
            "type": "bun",
            "proteins": 80,
            "fat": 24,
            "carbohydrates": 53,
            "calories": 420,
            "price": 1255,
            "image": "https://code.s3.yandex.net/react/code/bun-02.png",
            "image_mobile": "https://code.s3.yandex.net/react/code/bun-02-mobile.png",
            "image_large": "https://code.s3.yandex.net/react/code/bun-02-large.png",
            "__v": 0
        },
        {
            "_id": "61c0c5a71d1f82001bdaaa75",
            "name": "Соус с шипами Антарианского плоскоходца",
            "type": "sauce",
            "proteins": 101,
            "fat": 99,
            "carbohydrates": 100,
            "calories": 100,
            "price": 88,
            "image": "https://code.s3.yandex.net/react/code/sauce-01.png",
            "image_mobile": "https://code.s3.yandex.net/react/code/sauce-01-mobile.png",
            "image_large": "https://code.s3.yandex.net/react/code/sauce-01-large.png",
            "__v": 0
        },
        {
            "_id": "61c0c5a71d1f82001bdaaa76",
            "name": "Хрустящие минеральные кольца",
            "type": "main",
            "proteins": 808,
            "fat": 689,
            "carbohydrates": 609,
            "calories": 986,
            "price": 300,
            "image": "https://code.s3.yandex.net/react/code/mineral_rings.png",
            "image_mobile": "https://code.s3.yandex.net/react/code/mineral_rings-mobile.png",
            "image_large": "https://code.s3.yandex.net/react/code/mineral_rings-large.png",
            "__v": 0
        },
        {
            "_id": "61c0c5a71d1f82001bdaaa77",
            "name": "Плоды Фалленианского дерева",
            "type": "main",
            "proteins": 20,
            "fat": 5,
            "carbohydrates": 55,
            "calories": 77,
            "price": 874,
            "image": "https://code.s3.yandex.net/react/code/sp_1.png",
            "image_mobile": "https://code.s3.yandex.net/react/code/sp_1-mobile.png",
            "image_large": "https://code.s3.yandex.net/react/code/sp_1-large.png",
            "__v": 0
        },
        {
            "_id": "61c0c5a71d1f82001bdaaa78",
            "name": "Кристаллы марсианских альфа-сахаридов",
            "type": "main",
            "proteins": 234,
            "fat": 432,
            "carbohydrates": 111,
            "calories": 189,
            "price": 762,
            "image": "https://code.s3.yandex.net/react/code/core.png",
            "image_mobile": "https://code.s3.yandex.net/react/code/core-mobile.png",
            "image_large": "https://code.s3.yandex.net/react/code/core-large.png",
            "__v": 0
        },
        {
            "_id": "61c0c5a71d1f82001bdaaa79",
            "name": "Мини-салат Экзо-Плантаго",
            "type": "main",
            "proteins": 1,
            "fat": 2,
            "carbohydrates": 3,
            "calories": 6,
            "price": 4400,
            "image": "https://code.s3.yandex.net/react/code/salad.png",
            "image_mobile": "https://code.s3.yandex.net/react/code/salad-mobile.png",
            "image_large": "https://code.s3.yandex.net/react/code/salad-large.png",
            "__v": 0
        },
        {
            "_id": "61c0c5a71d1f82001bdaaa7a",
            "name": "Сыр с астероидной плесенью",
            "type": "main",
            "proteins": 84,
            "fat": 48,
            "carbohydrates": 420,
            "calories": 3377,
            "price": 4142,
            "image": "https://code.s3.yandex.net/react/code/cheese.png",
            "image_mobile": "https://code.s3.yandex.net/react/code/cheese-mobile.png",
            "image_large": "https://code.s3.yandex.net/react/code/cheese-large.png",
            "__v": 0
        }
    ]
}
Найдено ингредиентов: 15
Request method:	POST
Request URI:	https://stellarburgers.education-services.ru/api/orders
Proxy:			<none>
Request params:	<none>
Query params:	<none>
Form params:	<none>
Path params:	<none>
Headers:		Accept=*/*
				Content-Type=application/json
Cookies:		<none>
Multiparts:		<none>
Body:
{
    "ingredients": [
        "61c0c5a71d1f82001bdaaa6d"
    ]
}
Request method:	POST
Request URI:	https://stellarburgers.education-services.ru/api/orders
Proxy:			<none>
Request params:	<none>
Query params:	<none>
Form params:	<none>
Path params:	<none>
Headers:		Accept=*/*
				Content-Type=application/json
Cookies:		<none>
Multiparts:		<none>
Body:
{
    "ingredients": [
        "61c0c5a71d1f82001bdaaa6d"
    ]
}
Request method:	POST
Request URI:	https://stellarburgers.education-services.ru/api/orders
Proxy:			<none>
Request params:	<none>
Query params:	<none>
Form params:	<none>
Path params:	<none>
Headers:		Accept=*/*
				Content-Type=application/json
Cookies:		<none>
Multiparts:		<none>
Body:
{
    "ingredients": [
        "61c0c5a71d1f82001bdaaa6d"
    ]
}
Request method:	POST
Request URI:	https://stellarburgers.education-services.ru/api/orders
Proxy:			<none>
Request params:	<none>
Query params:	<none>
Form params:	<none>
Path params:	<none>
Headers:		Accept=*/*
				Content-Type=application/json
Cookies:		<none>
Multiparts:		<none>
Body:
{
    "ingredients": [
        "61c0c5a71d1f82001bdaaa6d"
    ]
}
Request method:	POST
Request URI:	https://stellarburgers.education-services.ru/api/orders
Proxy:			<none>
Request params:	<none>
Query params:	<none>
Form params:	<none>
Path params:	<none>
Headers:		Accept=*/*
				Content-Type=application/json
Cookies:		<none>
Multiparts:		<none>
Body:
{
    "ingredients": [
        "61c0c5a71d1f82001bdaaa6d"
    ]
}
Request method:	POST
Request URI:	https://stellarburgers.education-services.ru/api/orders
Proxy:			<none>
Request params:	<none>
Query params:	<none>
Form params:	<none>
Path params:	<none>
Headers:		Accept=*/*
				Content-Type=application/json
Cookies:		<none>
Multiparts:		<none>
Body:
{
    "ingredients": [
        "61c0c5a71d1f82001bdaaa6d"
    ]
}
Request method:	POST
Request URI:	https://stellarburgers.education-services.ru/api/orders
Proxy:			<none>
Request params:	<none>
Query params:	<none>
Form params:	<none>
Path params:	<none>
Headers:		Accept=*/*
				Content-Type=application/json
Cookies:		<none>
Multiparts:		<none>
Body:
{
    "ingredients": [
        "61c0c5a71d1f82001bdaaa6d"
    ]
}
Request method:	POST
Request URI:	https://stellarburgers.education-services.ru/api/orders
Proxy:			<none>
Request params:	<none>
Query params:	<none>
Form params:	<none>
Path params:	<none>
Headers:		Accept=*/*
				Content-Type=application/json
Cookies:		<none>
Multiparts:		<none>
Body:
{
    "ingredients": [
        "61c0c5a71d1f82001bdaaa6d"
    ]
}
Request method:	POST
Request URI:	https://stellarburgers.education-services.ru/api/orders
Proxy:			<none>
Request params:	<none>
Query params:	<none>
Form params:	<none>
Path params:	<none>
Headers:		Accept=*/*
				Content-Type=application/json
Cookies:		<none>
Multiparts:		<none>
Body:
{
    "ingredients": [
        "61c0c5a71d1f82001bdaaa6d"
    ]
}
Request method:	POST
Request URI:	https://stellarburgers.education-services.ru/api/orders
Proxy:			<none>
Request params:	<none>
Query params:	<none>
Form params:	<none>
Path params:	<none>
Headers:		Accept=*/*
				Content-Type=application/json
Cookies:		<none>
Multiparts:		<none>
Body:
{
    "ingredients": [
        "61c0c5a71d1f82001bdaaa6d"
    ]
}
Request method:	POST
Request URI:	https://stellarburgers.education-services.ru/api/orders
Proxy:			<none>
Request params:	<none>
Query params:	<none>
Form params:	<none>
Path params:	<none>
Headers:		Accept=*/*
				Content-Type=application/json
Cookies:		<none>
Multiparts:		<none>
Body:
{
    "ingredients": [
        "61c0c5a71d1f82001bdaaa6d"
    ]
}
Request method:	POST
Request URI:	https://stellarburgers.education-services.ru/api/orders
Proxy:			<none>
Request params:	<none>
Query params:	<none>
Form params:	<none>
Path params:	<none>
Headers:		Accept=*/*
				Content-Type=application/json
Cookies:		<none>
Multiparts:		<none>
Body:
{
    "ingredients": [
        "61c0c5a71d1f82001bdaaa6d"
    ]
}
Request method:	POST
Request URI:	https://stellarburgers.education-services.ru/api/orders
Proxy:			<none>
Request params:	<none>
Query params:	<none>
Form params:	<none>
Path params:	<none>
Headers:		Accept=*/*
				Content-Type=application/json
Cookies:		<none>
Multiparts:		<none>
Body:
{
    "ingredients": [
        "61c0c5a71d1f82001bdaaa6d"
    ]
}
Request method:	POST
Request URI:	https://stellarburgers.education-services.ru/api/orders
Proxy:			<none>
Request params:	<none>
Query params:	<none>
Form params:	<none>
Path params:	<none>
Headers:		Accept=*/*
				Content-Type=application/json
Cookies:		<none>
Multiparts:		<none>
Body:
{
    "ingredients": [
        "61c0c5a71d1f82001bdaaa6d"
    ]
}
Request method:	POST
Request URI:	https://stellarburgers.education-services.ru/api/orders
Proxy:			<none>
Request params:	<none>
Query params:	<none>
Form params:	<none>
Path params:	<none>
Headers:		Accept=*/*
				Content-Type=application/json
Cookies:		<none>
Multiparts:		<none>
Body:
{
    "ingredients": [
        "61c0c5a71d1f82001bdaaa6d"
    ]
}
Request method:	POST
Request URI:	https://stellarburgers.education-services.ru/api/orders
Proxy:			<none>
Request params:	<none>
Query params:	<none>
Form params:	<none>
Path params:	<none>
Headers:		Accept=*/*
				Content-Type=application/json
Cookies:		<none>
Multiparts:		<none>
Body:
{
    "ingredients": [
        "61c0c5a71d1f82001bdaaa6d"
    ]
}
Request method:	POST
Request URI:	https://stellarburgers.education-services.ru/api/orders
Proxy:			<none>
Request params:	<none>
Query params:	<none>
Form params:	<none>
Path params:	<none>
Headers:		Accept=*/*
				Content-Type=application/json
Cookies:		<none>
Multiparts:		<none>
Body:
{
    "ingredients": [
        "61c0c5a71d1f82001bdaaa6d"
    ]
}
Request method:	POST
Request URI:	https://stellarburgers.education-services.ru/api/orders
Proxy:			<none>
Request params:	<none>
Query params:	<none>
Form params:	<none>
Path params:	<none>
Headers:		Accept=*/*
				Content-Type=application/json
Cookies:		<none>
Multiparts:		<none>
Body:
{
    "ingredients": [
        "61c0c5a71d1f82001bdaaa6d"
    ]
}
Request method:	POST
Request URI:	https://stellarburgers.education-services.ru/api/orders
Proxy:			<none>
Request params:	<none>
Query params:	<none>
Form params:	<none>
Path params:	<none>
Headers:		Accept=*/*
				Content-Type=application/json
Cookies:		<none>
Multiparts:		<none>
Body:
{
    "ingredients": [
        "61c0c5a71d1f82001bdaaa6d"
    ]
}
Request method:	POST
Request URI:	https://stellarburgers.education-services.ru/api/orders
Proxy:			<none>
Request params:	<none>
Query params:	<none>
Form params:	<none>
Path params:	<none>
Headers:		Accept=*/*
				Content-Type=application/json
Cookies:		<none>
Multiparts:		<none>
Body:
{
    "ingredients": [
        "61c0c5a71d1f82001bdaaa6d"
    ]
}
Request method:	POST
Request URI:	https://stellarburgers.education-services.ru/api/orders
Proxy:			<none>
Request params:	<none>
Query params:	<none>
Form params:	<none>
Path params:	<none>
Headers:		Accept=*/*
				Content-Type=application/json
Cookies:		<none>
Multiparts:		<none>
Body:
{
    "ingredients": [
        "61c0c5a71d1f82001bdaaa6d"
    ]
}
Request method:	POST
Request URI:	https://stellarburgers.education-services.ru/api/orders
Proxy:			<none>
Request params:	<none>
Query params:	<none>
Form params:	<none>
Path params:	<none>
Headers:		Accept=*/*
				Content-Type=application/json
Cookies:		<none>
Multiparts:		<none>
Body:
{
    "ingredients": [
        "61c0c5a71d1f82001bdaaa6d"
    ]
}
Request method:	POST
Request URI:	https://stellarburgers.education-services.ru/api/orders
Proxy:			<none>
Request params:	<none>
Query params:	<none>
Form params:	<none>
Path params:	<none>
Headers:		Accept=*/*
				Content-Type=application/json
Cookies:		<none>
Multiparts:		<none>
Body:
{
    "ingredients": [
        "61c0c5a71d1f82001bdaaa6d"
    ]
}
Request method:	POST
Request URI:	https://stellarburgers.education-services.ru/api/orders
Proxy:			<none>
Request params:	<none>
Query params:	<none>
Form params:	<none>
Path params:	<none>
Headers:		Accept=*/*
				Content-Type=application/json
Cookies:		<none>
Multiparts:		<none>
Body:
{
    "ingredients": [
        "61c0c5a71d1f82001bdaaa6d"
    ]
}
Request method:	POST
Request URI:	https://stellarburgers.education-services.ru/api/orders
Proxy:			<none>
Request params:	<none>
Query params:	<none>
Form params:	<none>
Path params:	<none>
Headers:		Accept=*/*
				Content-Type=application/json
Cookies:		<none>
Multiparts:		<none>
Body:
{
    "ingredients": [
        "61c0c5a71d1f82001bdaaa6d"
    ]
}
Request method:	POST
Request URI:	https://stellarburgers.education-services.ru/api/orders
Proxy:			<none>
Request params:	<none>
Query params:	<none>
Form params:	<none>
Path params:	<none>
Headers:		Accept=*/*
				Content-Type=application/json
Cookies:		<none>
Multiparts:		<none>
Body:
{
    "ingredients": [
        "61c0c5a71d1f82001bdaaa6d"
    ]
}
Request method:	POST
Request URI:	https://stellarburgers.education-services.ru/api/orders
Proxy:			<none>
Request params:	<none>
Query params:	<none>
Form params:	<none>
Path params:	<none>
Headers:		Accept=*/*
				Content-Type=application/json
Cookies:		<none>
Multiparts:		<none>
Body:
{
    "ingredients": [
        "61c0c5a71d1f82001bdaaa6d"
    ]
}
Request method:	POST
Request URI:	https://stellarburgers.education-services.ru/api/orders
Proxy:			<none>
Request params:	<none>
Query params:	<none>
Form params:	<none>
Path params:	<none>
Headers:		Accept=*/*
				Content-Type=application/json
Cookies:		<none>
Multiparts:		<none>
Body:
{
    "ingredients": [
        "61c0c5a71d1f82001bdaaa6d"
    ]
}
HTTP/1.1 200 OK
Server: nginx/1.24.0 (Ubuntu)
Date: Mon, 02 Feb 2026 20:03:17 GMT
Content-Type: application/json; charset=utf-8
Content-Length: 91
Connection: keep-alive
X-Powered-By: Express
Access-Control-Allow-Origin: *
ETag: W/"5b-F/bIp8ehBRxnx0udHcfpcj5MU/o"

{
    "success": true,
    "name": "Флюоресцентный бургер",
    "order": {
        "number": 3878
    }
}
HTTP/1.1 200 OK
Server: nginx/1.24.0 (Ubuntu)
Date: Mon, 02 Feb 2026 20:03:17 GMT
Content-Type: application/json; charset=utf-8
Content-Length: 91
Connection: keep-alive
X-Powered-By: Express
Access-Control-Allow-Origin: *
ETag: W/"5b-F/bIp8ehBRxnx0udHcfpcj5MU/o"

{
    "success": true,
    "name": "Флюоресцентный бургер",
    "order": {
        "number": 3878
    }
}
HTTP/1.1 200 OK
Server: nginx/1.24.0 (Ubuntu)
Date: Mon, 02 Feb 2026 20:03:17 GMT
Content-Type: application/json; charset=utf-8
Content-Length: 91
Connection: keep-alive
X-Powered-By: Express
Access-Control-Allow-Origin: *
ETag: W/"5b-F/bIp8ehBRxnx0udHcfpcj5MU/o"

{
    "success": true,
    "name": "Флюоресцентный бургер",
    "order": {
        "number": 3878
    }
}
HTTP/1.1 200 OK
Server: nginx/1.24.0 (Ubuntu)
Date: Mon, 02 Feb 2026 20:03:17 GMT
Content-Type: application/json; charset=utf-8
Content-Length: 91
Connection: keep-alive
X-Powered-By: Express
Access-Control-Allow-Origin: *
ETag: W/"5b-F/bIp8ehBRxnx0udHcfpcj5MU/o"

{
    "success": true,
    "name": "Флюоресцентный бургер",
    "order": {
        "number": 3878
    }
}
HTTP/1.1 200 OK
Server: nginx/1.24.0 (Ubuntu)
Date: Mon, 02 Feb 2026 20:03:17 GMT
Content-Type: application/json; charset=utf-8
Content-Length: 91
Connection: keep-alive
X-Powered-By: Express
Access-Control-Allow-Origin: *
ETag: W/"5b-F/bIp8ehBRxnx0udHcfpcj5MU/o"

{
    "success": true,
    "name": "Флюоресцентный бургер",
    "order": {
        "number": 3878
    }
}
HTTP/1.1 200 OK
Server: nginx/1.24.0 (Ubuntu)
Date: Mon, 02 Feb 2026 20:03:17 GMT
Content-Type: application/json; charset=utf-8
Content-Length: 91
Connection: keep-alive
X-Powered-By: Express
Access-Control-Allow-Origin: *
ETag: W/"5b-F/bIp8ehBRxnx0udHcfpcj5MU/o"

{
    "success": true,
    "name": "Флюоресцентный бургер",
    "order": {
        "number": 3878
    }
}
HTTP/1.1 200 OK
Server: nginx/1.24.0 (Ubuntu)
Date: Mon, 02 Feb 2026 20:03:17 GMT
Content-Type: application/json; charset=utf-8
Content-Length: 91
Connection: keep-alive
X-Powered-By: Express
Access-Control-Allow-Origin: *
ETag: W/"5b-F/bIp8ehBRxnx0udHcfpcj5MU/o"

{
    "success": true,
    "name": "Флюоресцентный бургер",
    "order": {
        "number": 3878
    }
}
HTTP/1.1 200 OK
Server: nginx/1.24.0 (Ubuntu)
Date: Mon, 02 Feb 2026 20:03:17 GMT
Content-Type: application/json; charset=utf-8
Content-Length: 91
Connection: keep-alive
X-Powered-By: Express
Access-Control-Allow-Origin: *
ETag: W/"5b-F/bIp8ehBRxnx0udHcfpcj5MU/o"

{
    "success": true,
    "name": "Флюоресцентный бургер",
    "order": {
        "number": 3878
    }
}
HTTP/1.1 200 OK
Server: nginx/1.24.0 (Ubuntu)
Date: Mon, 02 Feb 2026 20:03:17 GMT
Content-Type: application/json; charset=utf-8
Content-Length: 91
Connection: keep-alive
X-Powered-By: Express
Access-Control-Allow-Origin: *
ETag: W/"5b-F/bIp8ehBRxnx0udHcfpcj5MU/o"

{
    "success": true,
    "name": "Флюоресцентный бургер",
    "order": {
        "number": 3878
    }
}
HTTP/1.1 200 OK
Server: nginx/1.24.0 (Ubuntu)
Date: Mon, 02 Feb 2026 20:03:17 GMT
Content-Type: application/json; charset=utf-8
Content-Length: 91
Connection: keep-alive
X-Powered-By: Express
Access-Control-Allow-Origin: *
ETag: W/"5b-F/bIp8ehBRxnx0udHcfpcj5MU/o"

{
    "success": true,
    "name": "Флюоресцентный бургер",
    "order": {
        "number": 3878
    }
}
HTTP/1.1 200 OK
Server: nginx/1.24.0 (Ubuntu)
Date: Mon, 02 Feb 2026 20:03:17 GMT
Content-Type: application/json; charset=utf-8
Content-Length: 91
Connection: keep-alive
X-Powered-By: Express
Access-Control-Allow-Origin: *
ETag: W/"5b-F/bIp8ehBRxnx0udHcfpcj5MU/o"

{
    "success": true,
    "name": "Флюоресцентный бургер",
    "order": {
        "number": 3878
    }
}
HTTP/1.1 200 OK
Server: nginx/1.24.0 (Ubuntu)
Date: Mon, 02 Feb 2026 20:03:17 GMT
Content-Type: application/json; charset=utf-8
Content-Length: 91
Connection: keep-alive
X-Powered-By: Express
Access-Control-Allow-Origin: *
ETag: W/"5b-F/bIp8ehBRxnx0udHcfpcj5MU/o"

{
    "success": true,
    "name": "Флюоресцентный бургер",
    "order": {
        "number": 3878
    }
}
HTTP/1.1 200 OK
Server: nginx/1.24.0 (Ubuntu)
Date: Mon, 02 Feb 2026 20:03:17 GMT
Content-Type: application/json; charset=utf-8
Content-Length: 91
Connection: keep-alive
X-Powered-By: Express
Access-Control-Allow-Origin: *
ETag: W/"5b-F/bIp8ehBRxnx0udHcfpcj5MU/o"

{
    "success": true,
    "name": "Флюоресцентный бургер",
    "order": {
        "number": 3878
    }
}
HTTP/1.1 200 OK
Server: nginx/1.24.0 (Ubuntu)
Date: Mon, 02 Feb 2026 20:03:17 GMT
Content-Type: application/json; charset=utf-8
Content-Length: 91
Connection: keep-alive
X-Powered-By: Express
Access-Control-Allow-Origin: *
ETag: W/"5b-F/bIp8ehBRxnx0udHcfpcj5MU/o"

{
    "success": true,
    "name": "Флюоресцентный бургер",
    "order": {
        "number": 3878
    }
}
HTTP/1.1 200 OK
Server: nginx/1.24.0 (Ubuntu)
Date: Mon, 02 Feb 2026 20:03:17 GMT
Content-Type: application/json; charset=utf-8
Content-Length: 91
Connection: keep-alive
X-Powered-By: Express
Access-Control-Allow-Origin: *
ETag: W/"5b-F/bIp8ehBRxnx0udHcfpcj5MU/o"

{
    "success": true,
    "name": "Флюоресцентный бургер",
    "order": {
        "number": 3878
    }
}
HTTP/1.1 200 OK
Server: nginx/1.24.0 (Ubuntu)
Date: Mon, 02 Feb 2026 20:03:17 GMT
Content-Type: application/json; charset=utf-8
Content-Length: 91
Connection: keep-alive
X-Powered-By: Express
Access-Control-Allow-Origin: *
ETag: W/"5b-F/bIp8ehBRxnx0udHcfpcj5MU/o"

{
    "success": true,
    "name": "Флюоресцентный бургер",
    "order": {
        "number": 3878
    }
}
HTTP/1.1 200 OK
Server: nginx/1.24.0 (Ubuntu)
Date: Mon, 02 Feb 2026 20:03:17 GMT
Content-Type: application/json; charset=utf-8
Content-Length: 91
Connection: keep-alive
X-Powered-By: Express
Access-Control-Allow-Origin: *
ETag: W/"5b-F/bIp8ehBRxnx0udHcfpcj5MU/o"

{
    "success": true,
    "name": "Флюоресцентный бургер",
    "order": {
        "number": 3878
    }
}
HTTP/1.1 200 OK
Server: nginx/1.24.0 (Ubuntu)
Date: Mon, 02 Feb 2026 20:03:17 GMT
Content-Type: application/json; charset=utf-8
Content-Length: 91
Connection: keep-alive
X-Powered-By: Express
Access-Control-Allow-Origin: *
ETag: W/"5b-F/bIp8ehBRxnx0udHcfpcj5MU/o"

{
    "success": true,
    "name": "Флюоресцентный бургер",
    "order": {
        "number": 3878
    }
}
HTTP/1.1 200 OK
Server: nginx/1.24.0 (Ubuntu)
Date: Mon, 02 Feb 2026 20:03:17 GMT
Content-Type: application/json; charset=utf-8
Content-Length: 91
Connection: keep-alive
X-Powered-By: Express
Access-Control-Allow-Origin: *
ETag: W/"5b-F/bIp8ehBRxnx0udHcfpcj5MU/o"

{
    "success": true,
    "name": "Флюоресцентный бургер",
    "order": {
        "number": 3878
    }
}
HTTP/1.1 200 OK
Server: nginx/1.24.0 (Ubuntu)
Date: Mon, 02 Feb 2026 20:03:17 GMT
Content-Type: application/json; charset=utf-8
Content-Length: 91
Connection: keep-alive
X-Powered-By: Express
Access-Control-Allow-Origin: *
ETag: W/"5b-F/bIp8ehBRxnx0udHcfpcj5MU/o"

{
    "success": true,
    "name": "Флюоресцентный бургер",
    "order": {
        "number": 3878
    }
}
HTTP/1.1 200 OK
Server: nginx/1.24.0 (Ubuntu)
Date: Mon, 02 Feb 2026 20:03:17 GMT
Content-Type: application/json; charset=utf-8
Content-Length: 91
Connection: keep-alive
X-Powered-By: Express
Access-Control-Allow-Origin: *
ETag: W/"5b-F/bIp8ehBRxnx0udHcfpcj5MU/o"

{
    "success": true,
    "name": "Флюоресцентный бургер",
    "order": {
        "number": 3878
    }
}
HTTP/1.1 200 OK
Server: nginx/1.24.0 (Ubuntu)
Date: Mon, 02 Feb 2026 20:03:17 GMT
Content-Type: application/json; charset=utf-8
Content-Length: 91
Connection: keep-alive
X-Powered-By: Express
Access-Control-Allow-Origin: *
ETag: W/"5b-F/bIp8ehBRxnx0udHcfpcj5MU/o"

{
    "success": true,
    "name": "Флюоресцентный бургер",
    "order": {
        "number": 3878
    }
}
HTTP/1.1 200 OK
Server: nginx/1.24.0 (Ubuntu)
Date: Mon, 02 Feb 2026 20:03:17 GMT
Content-Type: application/json; charset=utf-8
Content-Length: 91
Connection: keep-alive
X-Powered-By: Express
Access-Control-Allow-Origin: *
ETag: W/"5b-F/bIp8ehBRxnx0udHcfpcj5MU/o"

{
    "success": true,
    "name": "Флюоресцентный бургер",
    "order": {
        "number": 3878
    }
}
HTTP/1.1 200 OK
Server: nginx/1.24.0 (Ubuntu)
Date: Mon, 02 Feb 2026 20:03:17 GMT
Content-Type: application/json; charset=utf-8
Content-Length: 91
Connection: keep-alive
X-Powered-By: Express
Access-Control-Allow-Origin: *
ETag: W/"5b-F/bIp8ehBRxnx0udHcfpcj5MU/o"

{
    "success": true,
    "name": "Флюоресцентный бургер",
    "order": {
        "number": 3878
    }
}
HTTP/1.1 200 OK
Server: nginx/1.24.0 (Ubuntu)
Date: Mon, 02 Feb 2026 20:03:17 GMT
Content-Type: application/json; charset=utf-8
Content-Length: 91
Connection: keep-alive
X-Powered-By: Express
Access-Control-Allow-Origin: *
ETag: W/"5b-F/bIp8ehBRxnx0udHcfpcj5MU/o"

{
    "success": true,
    "name": "Флюоресцентный бургер",
    "order": {
        "number": 3878
    }
}
HTTP/1.1 200 OK
Server: nginx/1.24.0 (Ubuntu)
Date: Mon, 02 Feb 2026 20:03:17 GMT
Content-Type: application/json; charset=utf-8
Content-Length: 91
Connection: keep-alive
X-Powered-By: Express
Access-Control-Allow-Origin: *
ETag: W/"5b-F/bIp8ehBRxnx0udHcfpcj5MU/o"

{
    "success": true,
    "name": "Флюоресцентный бургер",
    "order": {
        "number": 3878
    }
}
HTTP/1.1 200 OK
Server: nginx/1.24.0 (Ubuntu)
Date: Mon, 02 Feb 2026 20:03:17 GMT
Content-Type: application/json; charset=utf-8
Content-Length: 91
Connection: keep-alive
X-Powered-By: Express
Access-Control-Allow-Origin: *
ETag: W/"5b-F/bIp8ehBRxnx0udHcfpcj5MU/o"

{
    "success": true,
    "name": "Флюоресцентный бургер",
    "order": {
        "number": 3878
    }
}
HTTP/1.1 200 OK
Server: nginx/1.24.0 (Ubuntu)
Date: Mon, 02 Feb 2026 20:03:17 GMT
Content-Type: application/json; charset=utf-8
Content-Length: 91
Connection: keep-alive
X-Powered-By: Express
Access-Control-Allow-Origin: *
ETag: W/"5b-F/bIp8ehBRxnx0udHcfpcj5MU/o"

{
    "success": true,
    "name": "Флюоресцентный бургер",
    "order": {
        "number": 3878
    }
}
Заказ без авторизации создан: 3878
Request method:	DELETE
Request URI:	https://stellarburgers.education-services.ru/api/auth/user
Proxy:			<none>
Request params:	<none>
Query params:	<none>
Form params:	<none>
Path params:	<none>
Headers:		Authorization=Bearer eyJhbGciOiJIUzI1NiIsInR5cCI6IkpXVCJ9.eyJpZCI6IjY5ODEwMzA1OTg0MjcwMDAxYmU0MmQ3NyIsImlhdCI6MTc3MDA2MjU5NywiZXhwIjoxNzcwMDYzNzk3fQ.0dbeszjfJcgectVtpgLkjK3iDxEOGojUeUZrlErH_TE
				Accept=*/*
Cookies:		<none>
Multiparts:		<none>
Body:			<none>
Request method:	DELETE
Request URI:	https://stellarburgers.education-services.ru/api/auth/user
Proxy:			<none>
Request params:	<none>
Query params:	<none>
Form params:	<none>
Path params:	<none>
Headers:		Authorization=Bearer eyJhbGciOiJIUzI1NiIsInR5cCI6IkpXVCJ9.eyJpZCI6IjY5ODEwMzA1OTg0MjcwMDAxYmU0MmQ3NyIsImlhdCI6MTc3MDA2MjU5NywiZXhwIjoxNzcwMDYzNzk3fQ.0dbeszjfJcgectVtpgLkjK3iDxEOGojUeUZrlErH_TE
				Accept=*/*
Cookies:		<none>
Multiparts:		<none>
Body:			<none>
Request method:	DELETE
Request URI:	https://stellarburgers.education-services.ru/api/auth/user
Proxy:			<none>
Request params:	<none>
Query params:	<none>
Form params:	<none>
Path params:	<none>
Headers:		Authorization=Bearer eyJhbGciOiJIUzI1NiIsInR5cCI6IkpXVCJ9.eyJpZCI6IjY5ODEwMzA1OTg0MjcwMDAxYmU0MmQ3NyIsImlhdCI6MTc3MDA2MjU5NywiZXhwIjoxNzcwMDYzNzk3fQ.0dbeszjfJcgectVtpgLkjK3iDxEOGojUeUZrlErH_TE
				Accept=*/*
Cookies:		<none>
Multiparts:		<none>
Body:			<none>
Request method:	DELETE
Request URI:	https://stellarburgers.education-services.ru/api/auth/user
Proxy:			<none>
Request params:	<none>
Query params:	<none>
Form params:	<none>
Path params:	<none>
Headers:		Authorization=Bearer eyJhbGciOiJIUzI1NiIsInR5cCI6IkpXVCJ9.eyJpZCI6IjY5ODEwMzA1OTg0MjcwMDAxYmU0MmQ3NyIsImlhdCI6MTc3MDA2MjU5NywiZXhwIjoxNzcwMDYzNzk3fQ.0dbeszjfJcgectVtpgLkjK3iDxEOGojUeUZrlErH_TE
				Accept=*/*
Cookies:		<none>
Multiparts:		<none>
Body:			<none>
Request method:	DELETE
Request URI:	https://stellarburgers.education-services.ru/api/auth/user
Proxy:			<none>
Request params:	<none>
Query params:	<none>
Form params:	<none>
Path params:	<none>
Headers:		Authorization=Bearer eyJhbGciOiJIUzI1NiIsInR5cCI6IkpXVCJ9.eyJpZCI6IjY5ODEwMzA1OTg0MjcwMDAxYmU0MmQ3NyIsImlhdCI6MTc3MDA2MjU5NywiZXhwIjoxNzcwMDYzNzk3fQ.0dbeszjfJcgectVtpgLkjK3iDxEOGojUeUZrlErH_TE
				Accept=*/*
Cookies:		<none>
Multiparts:		<none>
Body:			<none>
Request method:	DELETE
Request URI:	https://stellarburgers.education-services.ru/api/auth/user
Proxy:			<none>
Request params:	<none>
Query params:	<none>
Form params:	<none>
Path params:	<none>
Headers:		Authorization=Bearer eyJhbGciOiJIUzI1NiIsInR5cCI6IkpXVCJ9.eyJpZCI6IjY5ODEwMzA1OTg0MjcwMDAxYmU0MmQ3NyIsImlhdCI6MTc3MDA2MjU5NywiZXhwIjoxNzcwMDYzNzk3fQ.0dbeszjfJcgectVtpgLkjK3iDxEOGojUeUZrlErH_TE
				Accept=*/*
Cookies:		<none>
Multiparts:		<none>
Body:			<none>
Request method:	DELETE
Request URI:	https://stellarburgers.education-services.ru/api/auth/user
Proxy:			<none>
Request params:	<none>
Query params:	<none>
Form params:	<none>
Path params:	<none>
Headers:		Authorization=Bearer eyJhbGciOiJIUzI1NiIsInR5cCI6IkpXVCJ9.eyJpZCI6IjY5ODEwMzA1OTg0MjcwMDAxYmU0MmQ3NyIsImlhdCI6MTc3MDA2MjU5NywiZXhwIjoxNzcwMDYzNzk3fQ.0dbeszjfJcgectVtpgLkjK3iDxEOGojUeUZrlErH_TE
				Accept=*/*
Cookies:		<none>
Multiparts:		<none>
Body:			<none>
Request method:	DELETE
Request URI:	https://stellarburgers.education-services.ru/api/auth/user
Proxy:			<none>
Request params:	<none>
Query params:	<none>
Form params:	<none>
Path params:	<none>
Headers:		Authorization=Bearer eyJhbGciOiJIUzI1NiIsInR5cCI6IkpXVCJ9.eyJpZCI6IjY5ODEwMzA1OTg0MjcwMDAxYmU0MmQ3NyIsImlhdCI6MTc3MDA2MjU5NywiZXhwIjoxNzcwMDYzNzk3fQ.0dbeszjfJcgectVtpgLkjK3iDxEOGojUeUZrlErH_TE
				Accept=*/*
Cookies:		<none>
Multiparts:		<none>
Body:			<none>
Request method:	DELETE
Request URI:	https://stellarburgers.education-services.ru/api/auth/user
Proxy:			<none>
Request params:	<none>
Query params:	<none>
Form params:	<none>
Path params:	<none>
Headers:		Authorization=Bearer eyJhbGciOiJIUzI1NiIsInR5cCI6IkpXVCJ9.eyJpZCI6IjY5ODEwMzA1OTg0MjcwMDAxYmU0MmQ3NyIsImlhdCI6MTc3MDA2MjU5NywiZXhwIjoxNzcwMDYzNzk3fQ.0dbeszjfJcgectVtpgLkjK3iDxEOGojUeUZrlErH_TE
				Accept=*/*
Cookies:		<none>
Multiparts:		<none>
Body:			<none>
Request method:	DELETE
Request URI:	https://stellarburgers.education-services.ru/api/auth/user
Proxy:			<none>
Request params:	<none>
Query params:	<none>
Form params:	<none>
Path params:	<none>
Headers:		Authorization=Bearer eyJhbGciOiJIUzI1NiIsInR5cCI6IkpXVCJ9.eyJpZCI6IjY5ODEwMzA1OTg0MjcwMDAxYmU0MmQ3NyIsImlhdCI6MTc3MDA2MjU5NywiZXhwIjoxNzcwMDYzNzk3fQ.0dbeszjfJcgectVtpgLkjK3iDxEOGojUeUZrlErH_TE
				Accept=*/*
Cookies:		<none>
Multiparts:		<none>
Body:			<none>
Request method:	DELETE
Request URI:	https://stellarburgers.education-services.ru/api/auth/user
Proxy:			<none>
Request params:	<none>
Query params:	<none>
Form params:	<none>
Path params:	<none>
Headers:		Authorization=Bearer eyJhbGciOiJIUzI1NiIsInR5cCI6IkpXVCJ9.eyJpZCI6IjY5ODEwMzA1OTg0MjcwMDAxYmU0MmQ3NyIsImlhdCI6MTc3MDA2MjU5NywiZXhwIjoxNzcwMDYzNzk3fQ.0dbeszjfJcgectVtpgLkjK3iDxEOGojUeUZrlErH_TE
				Accept=*/*
Cookies:		<none>
Multiparts:		<none>
Body:			<none>
Request method:	DELETE
Request URI:	https://stellarburgers.education-services.ru/api/auth/user
Proxy:			<none>
Request params:	<none>
Query params:	<none>
Form params:	<none>
Path params:	<none>
Headers:		Authorization=Bearer eyJhbGciOiJIUzI1NiIsInR5cCI6IkpXVCJ9.eyJpZCI6IjY5ODEwMzA1OTg0MjcwMDAxYmU0MmQ3NyIsImlhdCI6MTc3MDA2MjU5NywiZXhwIjoxNzcwMDYzNzk3fQ.0dbeszjfJcgectVtpgLkjK3iDxEOGojUeUZrlErH_TE
				Accept=*/*
Cookies:		<none>
Multiparts:		<none>
Body:			<none>
Request method:	DELETE
Request URI:	https://stellarburgers.education-services.ru/api/auth/user
Proxy:			<none>
Request params:	<none>
Query params:	<none>
Form params:	<none>
Path params:	<none>
Headers:		Authorization=Bearer eyJhbGciOiJIUzI1NiIsInR5cCI6IkpXVCJ9.eyJpZCI6IjY5ODEwMzA1OTg0MjcwMDAxYmU0MmQ3NyIsImlhdCI6MTc3MDA2MjU5NywiZXhwIjoxNzcwMDYzNzk3fQ.0dbeszjfJcgectVtpgLkjK3iDxEOGojUeUZrlErH_TE
				Accept=*/*
Cookies:		<none>
Multiparts:		<none>
Body:			<none>
Request method:	DELETE
Request URI:	https://stellarburgers.education-services.ru/api/auth/user
Proxy:			<none>
Request params:	<none>
Query params:	<none>
Form params:	<none>
Path params:	<none>
Headers:		Authorization=Bearer eyJhbGciOiJIUzI1NiIsInR5cCI6IkpXVCJ9.eyJpZCI6IjY5ODEwMzA1OTg0MjcwMDAxYmU0MmQ3NyIsImlhdCI6MTc3MDA2MjU5NywiZXhwIjoxNzcwMDYzNzk3fQ.0dbeszjfJcgectVtpgLkjK3iDxEOGojUeUZrlErH_TE
				Accept=*/*
Cookies:		<none>
Multiparts:		<none>
Body:			<none>
Request method:	DELETE
Request URI:	https://stellarburgers.education-services.ru/api/auth/user
Proxy:			<none>
Request params:	<none>
Query params:	<none>
Form params:	<none>
Path params:	<none>
Headers:		Authorization=Bearer eyJhbGciOiJIUzI1NiIsInR5cCI6IkpXVCJ9.eyJpZCI6IjY5ODEwMzA1OTg0MjcwMDAxYmU0MmQ3NyIsImlhdCI6MTc3MDA2MjU5NywiZXhwIjoxNzcwMDYzNzk3fQ.0dbeszjfJcgectVtpgLkjK3iDxEOGojUeUZrlErH_TE
				Accept=*/*
Cookies:		<none>
Multiparts:		<none>
Body:			<none>
Request method:	DELETE
Request URI:	https://stellarburgers.education-services.ru/api/auth/user
Proxy:			<none>
Request params:	<none>
Query params:	<none>
Form params:	<none>
Path params:	<none>
Headers:		Authorization=Bearer eyJhbGciOiJIUzI1NiIsInR5cCI6IkpXVCJ9.eyJpZCI6IjY5ODEwMzA1OTg0MjcwMDAxYmU0MmQ3NyIsImlhdCI6MTc3MDA2MjU5NywiZXhwIjoxNzcwMDYzNzk3fQ.0dbeszjfJcgectVtpgLkjK3iDxEOGojUeUZrlErH_TE
				Accept=*/*
Cookies:		<none>
Multiparts:		<none>
Body:			<none>
Request method:	DELETE
Request URI:	https://stellarburgers.education-services.ru/api/auth/user
Proxy:			<none>
Request params:	<none>
Query params:	<none>
Form params:	<none>
Path params:	<none>
Headers:		Authorization=Bearer eyJhbGciOiJIUzI1NiIsInR5cCI6IkpXVCJ9.eyJpZCI6IjY5ODEwMzA1OTg0MjcwMDAxYmU0MmQ3NyIsImlhdCI6MTc3MDA2MjU5NywiZXhwIjoxNzcwMDYzNzk3fQ.0dbeszjfJcgectVtpgLkjK3iDxEOGojUeUZrlErH_TE
				Accept=*/*
Cookies:		<none>
Multiparts:		<none>
Body:			<none>
Request method:	DELETE
Request URI:	https://stellarburgers.education-services.ru/api/auth/user
Proxy:			<none>
Request params:	<none>
Query params:	<none>
Form params:	<none>
Path params:	<none>
Headers:		Authorization=Bearer eyJhbGciOiJIUzI1NiIsInR5cCI6IkpXVCJ9.eyJpZCI6IjY5ODEwMzA1OTg0MjcwMDAxYmU0MmQ3NyIsImlhdCI6MTc3MDA2MjU5NywiZXhwIjoxNzcwMDYzNzk3fQ.0dbeszjfJcgectVtpgLkjK3iDxEOGojUeUZrlErH_TE
				Accept=*/*
Cookies:		<none>
Multiparts:		<none>
Body:			<none>
Request method:	DELETE
Request URI:	https://stellarburgers.education-services.ru/api/auth/user
Proxy:			<none>
Request params:	<none>
Query params:	<none>
Form params:	<none>
Path params:	<none>
Headers:		Authorization=Bearer eyJhbGciOiJIUzI1NiIsInR5cCI6IkpXVCJ9.eyJpZCI6IjY5ODEwMzA1OTg0MjcwMDAxYmU0MmQ3NyIsImlhdCI6MTc3MDA2MjU5NywiZXhwIjoxNzcwMDYzNzk3fQ.0dbeszjfJcgectVtpgLkjK3iDxEOGojUeUZrlErH_TE
				Accept=*/*
Cookies:		<none>
Multiparts:		<none>
Body:			<none>
Request method:	DELETE
Request URI:	https://stellarburgers.education-services.ru/api/auth/user
Proxy:			<none>
Request params:	<none>
Query params:	<none>
Form params:	<none>
Path params:	<none>
Headers:		Authorization=Bearer eyJhbGciOiJIUzI1NiIsInR5cCI6IkpXVCJ9.eyJpZCI6IjY5ODEwMzA1OTg0MjcwMDAxYmU0MmQ3NyIsImlhdCI6MTc3MDA2MjU5NywiZXhwIjoxNzcwMDYzNzk3fQ.0dbeszjfJcgectVtpgLkjK3iDxEOGojUeUZrlErH_TE
				Accept=*/*
Cookies:		<none>
Multiparts:		<none>
Body:			<none>
Request method:	DELETE
Request URI:	https://stellarburgers.education-services.ru/api/auth/user
Proxy:			<none>
Request params:	<none>
Query params:	<none>
Form params:	<none>
Path params:	<none>
Headers:		Authorization=Bearer eyJhbGciOiJIUzI1NiIsInR5cCI6IkpXVCJ9.eyJpZCI6IjY5ODEwMzA1OTg0MjcwMDAxYmU0MmQ3NyIsImlhdCI6MTc3MDA2MjU5NywiZXhwIjoxNzcwMDYzNzk3fQ.0dbeszjfJcgectVtpgLkjK3iDxEOGojUeUZrlErH_TE
				Accept=*/*
Cookies:		<none>
Multiparts:		<none>
Body:			<none>
Request method:	DELETE
Request URI:	https://stellarburgers.education-services.ru/api/auth/user
Proxy:			<none>
Request params:	<none>
Query params:	<none>
Form params:	<none>
Path params:	<none>
Headers:		Authorization=Bearer eyJhbGciOiJIUzI1NiIsInR5cCI6IkpXVCJ9.eyJpZCI6IjY5ODEwMzA1OTg0MjcwMDAxYmU0MmQ3NyIsImlhdCI6MTc3MDA2MjU5NywiZXhwIjoxNzcwMDYzNzk3fQ.0dbeszjfJcgectVtpgLkjK3iDxEOGojUeUZrlErH_TE
				Accept=*/*
Cookies:		<none>
Multiparts:		<none>
Body:			<none>
Request method:	DELETE
Request URI:	https://stellarburgers.education-services.ru/api/auth/user
Proxy:			<none>
Request params:	<none>
Query params:	<none>
Form params:	<none>
Path params:	<none>
Headers:		Authorization=Bearer eyJhbGciOiJIUzI1NiIsInR5cCI6IkpXVCJ9.eyJpZCI6IjY5ODEwMzA1OTg0MjcwMDAxYmU0MmQ3NyIsImlhdCI6MTc3MDA2MjU5NywiZXhwIjoxNzcwMDYzNzk3fQ.0dbeszjfJcgectVtpgLkjK3iDxEOGojUeUZrlErH_TE
				Accept=*/*
Cookies:		<none>
Multiparts:		<none>
Body:			<none>
Request method:	DELETE
Request URI:	https://stellarburgers.education-services.ru/api/auth/user
Proxy:			<none>
Request params:	<none>
Query params:	<none>
Form params:	<none>
Path params:	<none>
Headers:		Authorization=Bearer eyJhbGciOiJIUzI1NiIsInR5cCI6IkpXVCJ9.eyJpZCI6IjY5ODEwMzA1OTg0MjcwMDAxYmU0MmQ3NyIsImlhdCI6MTc3MDA2MjU5NywiZXhwIjoxNzcwMDYzNzk3fQ.0dbeszjfJcgectVtpgLkjK3iDxEOGojUeUZrlErH_TE
				Accept=*/*
Cookies:		<none>
Multiparts:		<none>
Body:			<none>
Request method:	DELETE
Request URI:	https://stellarburgers.education-services.ru/api/auth/user
Proxy:			<none>
Request params:	<none>
Query params:	<none>
Form params:	<none>
Path params:	<none>
Headers:		Authorization=Bearer eyJhbGciOiJIUzI1NiIsInR5cCI6IkpXVCJ9.eyJpZCI6IjY5ODEwMzA1OTg0MjcwMDAxYmU0MmQ3NyIsImlhdCI6MTc3MDA2MjU5NywiZXhwIjoxNzcwMDYzNzk3fQ.0dbeszjfJcgectVtpgLkjK3iDxEOGojUeUZrlErH_TE
				Accept=*/*
Cookies:		<none>
Multiparts:		<none>
Body:			<none>
Request method:	DELETE
Request URI:	https://stellarburgers.education-services.ru/api/auth/user
Proxy:			<none>
Request params:	<none>
Query params:	<none>
Form params:	<none>
Path params:	<none>
Headers:		Authorization=Bearer eyJhbGciOiJIUzI1NiIsInR5cCI6IkpXVCJ9.eyJpZCI6IjY5ODEwMzA1OTg0MjcwMDAxYmU0MmQ3NyIsImlhdCI6MTc3MDA2MjU5NywiZXhwIjoxNzcwMDYzNzk3fQ.0dbeszjfJcgectVtpgLkjK3iDxEOGojUeUZrlErH_TE
				Accept=*/*
Cookies:		<none>
Multiparts:		<none>
Body:			<none>
Request method:	DELETE
Request URI:	https://stellarburgers.education-services.ru/api/auth/user
Proxy:			<none>
Request params:	<none>
Query params:	<none>
Form params:	<none>
Path params:	<none>
Headers:		Authorization=Bearer eyJhbGciOiJIUzI1NiIsInR5cCI6IkpXVCJ9.eyJpZCI6IjY5ODEwMzA1OTg0MjcwMDAxYmU0MmQ3NyIsImlhdCI6MTc3MDA2MjU5NywiZXhwIjoxNzcwMDYzNzk3fQ.0dbeszjfJcgectVtpgLkjK3iDxEOGojUeUZrlErH_TE
				Accept=*/*
Cookies:		<none>
Multiparts:		<none>
Body:			<none>
Request method:	DELETE
Request URI:	https://stellarburgers.education-services.ru/api/auth/user
Proxy:			<none>
Request params:	<none>
Query params:	<none>
Form params:	<none>
Path params:	<none>
Headers:		Authorization=Bearer eyJhbGciOiJIUzI1NiIsInR5cCI6IkpXVCJ9.eyJpZCI6IjY5ODEwMzA1OTg0MjcwMDAxYmU0MmQ3NyIsImlhdCI6MTc3MDA2MjU5NywiZXhwIjoxNzcwMDYzNzk3fQ.0dbeszjfJcgectVtpgLkjK3iDxEOGojUeUZrlErH_TE
				Accept=*/*
Cookies:		<none>
Multiparts:		<none>
Body:			<none>
HTTP/1.1 202 Accepted
Server: nginx/1.24.0 (Ubuntu)
Date: Mon, 02 Feb 2026 20:03:18 GMT
Content-Type: application/json; charset=utf-8
Content-Length: 54
Connection: keep-alive
X-Powered-By: Express
Access-Control-Allow-Origin: *
ETag: W/"36-hDmZnQ3Ou/ynnqAeC6TYmyseuzY"

{
    "success": true,
    "message": "User successfully removed"
}
HTTP/1.1 202 Accepted
Server: nginx/1.24.0 (Ubuntu)
Date: Mon, 02 Feb 2026 20:03:18 GMT
Content-Type: application/json; charset=utf-8
Content-Length: 54
Connection: keep-alive
X-Powered-By: Express
Access-Control-Allow-Origin: *
ETag: W/"36-hDmZnQ3Ou/ynnqAeC6TYmyseuzY"

{
    "success": true,
    "message": "User successfully removed"
}
HTTP/1.1 202 Accepted
Server: nginx/1.24.0 (Ubuntu)
Date: Mon, 02 Feb 2026 20:03:18 GMT
Content-Type: application/json; charset=utf-8
Content-Length: 54
Connection: keep-alive
X-Powered-By: Express
Access-Control-Allow-Origin: *
ETag: W/"36-hDmZnQ3Ou/ynnqAeC6TYmyseuzY"

{
    "success": true,
    "message": "User successfully removed"
}
HTTP/1.1 202 Accepted
Server: nginx/1.24.0 (Ubuntu)
Date: Mon, 02 Feb 2026 20:03:18 GMT
Content-Type: application/json; charset=utf-8
Content-Length: 54
Connection: keep-alive
X-Powered-By: Express
Access-Control-Allow-Origin: *
ETag: W/"36-hDmZnQ3Ou/ynnqAeC6TYmyseuzY"

{
    "success": true,
    "message": "User successfully removed"
}
HTTP/1.1 202 Accepted
Server: nginx/1.24.0 (Ubuntu)
Date: Mon, 02 Feb 2026 20:03:18 GMT
Content-Type: application/json; charset=utf-8
Content-Length: 54
Connection: keep-alive
X-Powered-By: Express
Access-Control-Allow-Origin: *
ETag: W/"36-hDmZnQ3Ou/ynnqAeC6TYmyseuzY"

{
    "success": true,
    "message": "User successfully removed"
}
HTTP/1.1 202 Accepted
Server: nginx/1.24.0 (Ubuntu)
Date: Mon, 02 Feb 2026 20:03:18 GMT
Content-Type: application/json; charset=utf-8
Content-Length: 54
Connection: keep-alive
X-Powered-By: Express
Access-Control-Allow-Origin: *
ETag: W/"36-hDmZnQ3Ou/ynnqAeC6TYmyseuzY"

{
    "success": true,
    "message": "User successfully removed"
}
HTTP/1.1 202 Accepted
Server: nginx/1.24.0 (Ubuntu)
Date: Mon, 02 Feb 2026 20:03:18 GMT
Content-Type: application/json; charset=utf-8
Content-Length: 54
Connection: keep-alive
X-Powered-By: Express
Access-Control-Allow-Origin: *
ETag: W/"36-hDmZnQ3Ou/ynnqAeC6TYmyseuzY"

{
    "success": true,
    "message": "User successfully removed"
}
HTTP/1.1 202 Accepted
Server: nginx/1.24.0 (Ubuntu)
Date: Mon, 02 Feb 2026 20:03:18 GMT
Content-Type: application/json; charset=utf-8
Content-Length: 54
Connection: keep-alive
X-Powered-By: Express
Access-Control-Allow-Origin: *
ETag: W/"36-hDmZnQ3Ou/ynnqAeC6TYmyseuzY"

{
    "success": true,
    "message": "User successfully removed"
}
HTTP/1.1 202 Accepted
Server: nginx/1.24.0 (Ubuntu)
Date: Mon, 02 Feb 2026 20:03:18 GMT
Content-Type: application/json; charset=utf-8
Content-Length: 54
Connection: keep-alive
X-Powered-By: Express
Access-Control-Allow-Origin: *
ETag: W/"36-hDmZnQ3Ou/ynnqAeC6TYmyseuzY"

{
    "success": true,
    "message": "User successfully removed"
}
HTTP/1.1 202 Accepted
Server: nginx/1.24.0 (Ubuntu)
Date: Mon, 02 Feb 2026 20:03:18 GMT
Content-Type: application/json; charset=utf-8
Content-Length: 54
Connection: keep-alive
X-Powered-By: Express
Access-Control-Allow-Origin: *
ETag: W/"36-hDmZnQ3Ou/ynnqAeC6TYmyseuzY"

{
    "success": true,
    "message": "User successfully removed"
}
HTTP/1.1 202 Accepted
Server: nginx/1.24.0 (Ubuntu)
Date: Mon, 02 Feb 2026 20:03:18 GMT
Content-Type: application/json; charset=utf-8
Content-Length: 54
Connection: keep-alive
X-Powered-By: Express
Access-Control-Allow-Origin: *
ETag: W/"36-hDmZnQ3Ou/ynnqAeC6TYmyseuzY"

{
    "success": true,
    "message": "User successfully removed"
}
HTTP/1.1 202 Accepted
Server: nginx/1.24.0 (Ubuntu)
Date: Mon, 02 Feb 2026 20:03:18 GMT
Content-Type: application/json; charset=utf-8
Content-Length: 54
Connection: keep-alive
X-Powered-By: Express
Access-Control-Allow-Origin: *
ETag: W/"36-hDmZnQ3Ou/ynnqAeC6TYmyseuzY"

{
    "success": true,
    "message": "User successfully removed"
}
HTTP/1.1 202 Accepted
Server: nginx/1.24.0 (Ubuntu)
Date: Mon, 02 Feb 2026 20:03:18 GMT
Content-Type: application/json; charset=utf-8
Content-Length: 54
Connection: keep-alive
X-Powered-By: Express
Access-Control-Allow-Origin: *
ETag: W/"36-hDmZnQ3Ou/ynnqAeC6TYmyseuzY"

{
    "success": true,
    "message": "User successfully removed"
}
HTTP/1.1 202 Accepted
Server: nginx/1.24.0 (Ubuntu)
Date: Mon, 02 Feb 2026 20:03:18 GMT
Content-Type: application/json; charset=utf-8
Content-Length: 54
Connection: keep-alive
X-Powered-By: Express
Access-Control-Allow-Origin: *
ETag: W/"36-hDmZnQ3Ou/ynnqAeC6TYmyseuzY"

{
    "success": true,
    "message": "User successfully removed"
}
HTTP/1.1 202 Accepted
Server: nginx/1.24.0 (Ubuntu)
Date: Mon, 02 Feb 2026 20:03:18 GMT
Content-Type: application/json; charset=utf-8
Content-Length: 54
Connection: keep-alive
X-Powered-By: Express
Access-Control-Allow-Origin: *
ETag: W/"36-hDmZnQ3Ou/ynnqAeC6TYmyseuzY"

{
    "success": true,
    "message": "User successfully removed"
}
HTTP/1.1 202 Accepted
Server: nginx/1.24.0 (Ubuntu)
Date: Mon, 02 Feb 2026 20:03:18 GMT
Content-Type: application/json; charset=utf-8
Content-Length: 54
Connection: keep-alive
X-Powered-By: Express
Access-Control-Allow-Origin: *
ETag: W/"36-hDmZnQ3Ou/ynnqAeC6TYmyseuzY"

{
    "success": true,
    "message": "User successfully removed"
}
HTTP/1.1 202 Accepted
Server: nginx/1.24.0 (Ubuntu)
Date: Mon, 02 Feb 2026 20:03:18 GMT
Content-Type: application/json; charset=utf-8
Content-Length: 54
Connection: keep-alive
X-Powered-By: Express
Access-Control-Allow-Origin: *
ETag: W/"36-hDmZnQ3Ou/ynnqAeC6TYmyseuzY"

{
    "success": true,
    "message": "User successfully removed"
}
HTTP/1.1 202 Accepted
Server: nginx/1.24.0 (Ubuntu)
Date: Mon, 02 Feb 2026 20:03:18 GMT
Content-Type: application/json; charset=utf-8
Content-Length: 54
Connection: keep-alive
X-Powered-By: Express
Access-Control-Allow-Origin: *
ETag: W/"36-hDmZnQ3Ou/ynnqAeC6TYmyseuzY"

{
    "success": true,
    "message": "User successfully removed"
}
HTTP/1.1 202 Accepted
Server: nginx/1.24.0 (Ubuntu)
Date: Mon, 02 Feb 2026 20:03:18 GMT
Content-Type: application/json; charset=utf-8
Content-Length: 54
Connection: keep-alive
X-Powered-By: Express
Access-Control-Allow-Origin: *
ETag: W/"36-hDmZnQ3Ou/ynnqAeC6TYmyseuzY"

{
    "success": true,
    "message": "User successfully removed"
}
HTTP/1.1 202 Accepted
Server: nginx/1.24.0 (Ubuntu)
Date: Mon, 02 Feb 2026 20:03:18 GMT
Content-Type: application/json; charset=utf-8
Content-Length: 54
Connection: keep-alive
X-Powered-By: Express
Access-Control-Allow-Origin: *
ETag: W/"36-hDmZnQ3Ou/ynnqAeC6TYmyseuzY"

{
    "success": true,
    "message": "User successfully removed"
}
HTTP/1.1 202 Accepted
Server: nginx/1.24.0 (Ubuntu)
Date: Mon, 02 Feb 2026 20:03:18 GMT
Content-Type: application/json; charset=utf-8
Content-Length: 54
Connection: keep-alive
X-Powered-By: Express
Access-Control-Allow-Origin: *
ETag: W/"36-hDmZnQ3Ou/ynnqAeC6TYmyseuzY"

{
    "success": true,
    "message": "User successfully removed"
}
HTTP/1.1 202 Accepted
Server: nginx/1.24.0 (Ubuntu)
Date: Mon, 02 Feb 2026 20:03:18 GMT
Content-Type: application/json; charset=utf-8
Content-Length: 54
Connection: keep-alive
X-Powered-By: Express
Access-Control-Allow-Origin: *
ETag: W/"36-hDmZnQ3Ou/ynnqAeC6TYmyseuzY"

{
    "success": true,
    "message": "User successfully removed"
}
HTTP/1.1 202 Accepted
Server: nginx/1.24.0 (Ubuntu)
Date: Mon, 02 Feb 2026 20:03:18 GMT
Content-Type: application/json; charset=utf-8
Content-Length: 54
Connection: keep-alive
X-Powered-By: Express
Access-Control-Allow-Origin: *
ETag: W/"36-hDmZnQ3Ou/ynnqAeC6TYmyseuzY"

{
    "success": true,
    "message": "User successfully removed"
}
HTTP/1.1 202 Accepted
Server: nginx/1.24.0 (Ubuntu)
Date: Mon, 02 Feb 2026 20:03:18 GMT
Content-Type: application/json; charset=utf-8
Content-Length: 54
Connection: keep-alive
X-Powered-By: Express
Access-Control-Allow-Origin: *
ETag: W/"36-hDmZnQ3Ou/ynnqAeC6TYmyseuzY"

{
    "success": true,
    "message": "User successfully removed"
}
HTTP/1.1 202 Accepted
Server: nginx/1.24.0 (Ubuntu)
Date: Mon, 02 Feb 2026 20:03:18 GMT
Content-Type: application/json; charset=utf-8
Content-Length: 54
Connection: keep-alive
X-Powered-By: Express
Access-Control-Allow-Origin: *
ETag: W/"36-hDmZnQ3Ou/ynnqAeC6TYmyseuzY"

{
    "success": true,
    "message": "User successfully removed"
}
HTTP/1.1 202 Accepted
Server: nginx/1.24.0 (Ubuntu)
Date: Mon, 02 Feb 2026 20:03:18 GMT
Content-Type: application/json; charset=utf-8
Content-Length: 54
Connection: keep-alive
X-Powered-By: Express
Access-Control-Allow-Origin: *
ETag: W/"36-hDmZnQ3Ou/ynnqAeC6TYmyseuzY"

{
    "success": true,
    "message": "User successfully removed"
}
HTTP/1.1 202 Accepted
Server: nginx/1.24.0 (Ubuntu)
Date: Mon, 02 Feb 2026 20:03:18 GMT
Content-Type: application/json; charset=utf-8
Content-Length: 54
Connection: keep-alive
X-Powered-By: Express
Access-Control-Allow-Origin: *
ETag: W/"36-hDmZnQ3Ou/ynnqAeC6TYmyseuzY"

{
    "success": true,
    "message": "User successfully removed"
}
HTTP/1.1 202 Accepted
Server: nginx/1.24.0 (Ubuntu)
Date: Mon, 02 Feb 2026 20:03:18 GMT
Content-Type: application/json; charset=utf-8
Content-Length: 54
Connection: keep-alive
X-Powered-By: Express
Access-Control-Allow-Origin: *
ETag: W/"36-hDmZnQ3Ou/ynnqAeC6TYmyseuzY"

{
    "success": true,
    "message": "User successfully removed"
}
[INFO] Tests run: 4, Failures: 0, Errors: 0, Skipped: 0, Time elapsed: 6.926 s - in com.stellarburgers.api.OrderCreationTest
[INFO] 
[INFO] Results:
[INFO] 
[INFO] Tests run: 14, Failures: 0, Errors: 0, Skipped: 0
[INFO] 
[INFO] ------------------------------------------------------------------------
[INFO] BUILD SUCCESS
[INFO] ------------------------------------------------------------------------
[INFO] Total time:  19.283 s
[INFO] Finished at: 2026-02-02T23:03:18+03:00
[INFO] ------------------------------------------------------------------------
